66.0 APEX_CODE,DEBUG;APEX_PROFILING,INFO
Execute Anonymous: // 1. BUSCA O PRODUTO E O PEDIDO QUE VOCÊ CRIOU MANUALMENTE
Execute Anonymous: Product2 prod = [SELECT Id, ProductHierarchy__c FROM Product2 WHERE Name = 'GenWatt Diesel 1000kW' LIMIT 1];
Execute Anonymous: Order ped = [SELECT Id, AccountId, City__c, State__c, DistributionCenter__c, Pricebook2Id 
Execute Anonymous:              FROM Order WHERE OrderNumber = '00000100' LIMIT 1]; // Usei o número do seu print!
Execute Anonymous: 
Execute Anonymous: // Busca o preço de tabela (PBE) para não dar erro de Insert
Execute Anonymous: PricebookEntry pbe = [SELECT Id, UnitPrice FROM PricebookEntry 
Execute Anonymous:                       WHERE Product2Id = :prod.Id AND Pricebook2Id = :ped.Pricebook2Id LIMIT 1];
Execute Anonymous: 
Execute Anonymous: Account acc = [SELECT Id, AccountGroup__c FROM Account WHERE Id = :ped.AccountId];
Execute Anonymous: 
Execute Anonymous: // 2. LIMPEZA E CRIAÇÃO DAS MARGENS DE TESTE (CENÁRIO DE CONFLITO)
Execute Anonymous: delete [SELECT Id FROM Margem__c WHERE Product__c = :prod.Id OR ProductHierarchy__c = :prod.ProductHierarchy__c];
Execute Anonymous: 
Execute Anonymous: List<Margem__c> margens = new List<Margem__c>();
Execute Anonymous: 
Execute Anonymous: // Nível Super Específico (Produto + Conta + Cidade) -> 45%
Execute Anonymous: margens.add(new Margem__c(
Execute Anonymous:     Product__c = prod.Id, 
Execute Anonymous:     Account__c = acc.Id, 
Execute Anonymous:     City__c = ped.City__c, 
Execute Anonymous:     DistributionCenter__c = ped.DistributionCenter__c, 
Execute Anonymous:     MarginValuePercent__c = 45, 
Execute Anonymous:     Status__c = 'Approved'
Execute Anonymous: ));
Execute Anonymous: 
Execute Anonymous: // Nível Geral (Hierarquia do Produto) -> 10%
Execute Anonymous: margens.add(new Margem__c(
Execute Anonymous:     ProductHierarchy__c = prod.ProductHierarchy__c, 
Execute Anonymous:     DistributionCenter__c = ped.DistributionCenter__c,
Execute Anonymous:     MarginValuePercent__c = 10, 
Execute Anonymous:     Status__c = 'Approved'
Execute Anonymous: ));
Execute Anonymous: 
Execute Anonymous: insert margens;
Execute Anonymous: 
Execute Anonymous: // 3. INSERÇÃO DO ITEM VIA CÓDIGO (Para provar a automação)
Execute Anonymous: OrderItem novoItem = new OrderItem(
Execute Anonymous:     OrderId = ped.Id, 
Execute Anonymous:     Product2Id = prod.Id, 
Execute Anonymous:     PricebookEntryId = pbe.Id,
Execute Anonymous:     Quantity = 1, 
Execute Anonymous:     UnitPrice = pbe.UnitPrice
Execute Anonymous: );
Execute Anonymous: insert novoItem;
Execute Anonymous: 
Execute Anonymous: // 4. VERIFICAÇÃO FINAL
Execute Anonymous: OrderItem result = [SELECT MarginPercentage__c, UnitPrice, FreightValue__c FROM OrderItem WHERE Id = :novoItem.Id];
Execute Anonymous: 
Execute Anonymous: System.debug('--- 🏆 VALIDAÇÃO DOS 18 NÍVEIS ---');
Execute Anonymous: System.debug('Margem aplicada (Esperado 45%): ' + result.MarginPercentage__c + '%');
Execute Anonymous: System.debug('Preço Final Calculado: R$ ' + result.UnitPrice);
Execute Anonymous: 
Execute Anonymous: if(result.MarginPercentage__c == 45) {
Execute Anonymous:     System.debug('✅ CRITÉRIO DE ACEITE 1 ATENDIDO: O sistema priorizou a margem mais específica!');
Execute Anonymous: }
11:15:12.147 (147701900)|USER_INFO|[EXTERNAL]|005g80000010N45|sabrina.jesus@resourceful-moose-fmmd11.com|(GMT-03:00) Brasilia Standard Time (America/Sao_Paulo)|GMT-03:00
11:15:12.147 (147735772)|EXECUTION_STARTED
11:15:12.147 (147752458)|CODE_UNIT_STARTED|[EXTERNAL]|execute_anonymous_apex
11:15:12.147 (380613746)|CODE_UNIT_STARTED|[EXTERNAL]|Flow:01Ig8000000dEr7
11:15:12.147 (380682325)|CODE_UNIT_FINISHED|Flow:01Ig8000000dEr7
11:15:12.147 (1020614727)|CODE_UNIT_STARTED|[EXTERNAL]|Flow:01Ig8000000dEr7
11:15:12.147 (1135651126)|CODE_UNIT_FINISHED|Flow:01Ig8000000dEr7
11:15:13.154 (1154298153)|CODE_UNIT_STARTED|[EXTERNAL]|Validation:Margem:new
11:15:13.154 (1154405201)|CODE_UNIT_FINISHED|Validation:Margem:new
11:15:13.154 (1154418395)|CODE_UNIT_STARTED|[EXTERNAL]|Validation:Margem:new
11:15:13.154 (1154471535)|CODE_UNIT_FINISHED|Validation:Margem:new
11:15:13.154 (1191558158)|CODE_UNIT_STARTED|[EXTERNAL]|Flow:01Ig8000000dEr7
11:15:13.154 (1191637070)|CODE_UNIT_FINISHED|Flow:01Ig8000000dEr7
11:15:13.154 (1191698981)|CODE_UNIT_STARTED|[EXTERNAL]|Flow:01Ig8000000dEr7
11:15:13.154 (1191707453)|CODE_UNIT_FINISHED|Flow:01Ig8000000dEr7
11:15:13.154 (1194886346)|EXCEPTION_THROWN|[35]|System.DmlException: Insert failed. First exception on row 1; first error: FIELD_CUSTOM_VALIDATION_EXCEPTION, Você deve informar um Produto OU uma Hierarquia de Produto, mas nunca os dois ao mesmo tempo ou nenhum deles.: []
11:15:13.154 (1196727202)|FATAL_ERROR|System.DmlException: Insert failed. First exception on row 1; first error: FIELD_CUSTOM_VALIDATION_EXCEPTION, Você deve informar um Produto OU uma Hierarquia de Produto, mas nunca os dois ao mesmo tempo ou nenhum deles.: []

AnonymousBlock: line 35, column 1
11:15:13.196 (1196760719)|CUMULATIVE_LIMIT_USAGE
11:15:13.196 (1196760719)|LIMIT_USAGE_FOR_NS|(default)|
  Number of SOQL queries: 5 out of 100
  Number of query rows: 5 out of 50000
  Number of SOSL queries: 0 out of 20
  Number of DML statements: 2 out of 150
  Number of Publish Immediate DML: 0 out of 150
  Number of DML rows: 3 out of 10000
  Maximum CPU time: 0 out of 10000
  Maximum heap size: 0 out of 6000000
  Number of callouts: 0 out of 100
  Number of Email Invocations: 0 out of 10
  Number of future calls: 0 out of 50
  Number of queueable jobs added to the queue: 0 out of 50
  Number of Mobile Apex push calls: 0 out of 10

11:15:13.196 (1196760719)|CUMULATIVE_LIMIT_USAGE_END

11:15:13.154 (1196850496)|CODE_UNIT_FINISHED|execute_anonymous_apex
11:15:13.154 (1196864943)|EXECUTION_FINISHED
