66.0 APEX_CODE,DEBUG;APEX_PROFILING,INFO
Execute Anonymous: Id idP = [SELECT Id FROM Product2 WHERE Name = 'Colheitadeira S700' LIMIT 1].Id;
Execute Anonymous: Id idC = [SELECT Id FROM City__c WHERE Name = 'São Bernardo Do Campo' LIMIT 1].Id;
Execute Anonymous: Id idE = [SELECT Id FROM State__c WHERE Name = 'São Paulo' LIMIT 1].Id;
Execute Anonymous: Id idPa = [SELECT Id FROM Country__c WHERE Name = 'Brasil' LIMIT 1].Id;
Execute Anonymous: Id idD = [SELECT Id FROM DistributionCenter__c LIMIT 1].Id;
Execute Anonymous: // Pegando o outro estado para não dar duplicidade na chave do Flow
Execute Anonymous: Id idOutroE = [SELECT Id FROM State__c WHERE Name != 'São Paulo' LIMIT 1].Id; 
Execute Anonymous: 
Execute Anonymous: delete [SELECT Id FROM Freight__c WHERE Product__c = :idP];
Execute Anonymous: 
Execute Anonymous: // 1. Cidade (Chave: Prod_SBC)
Execute Anonymous: Freight__c fCid = new Freight__c(Product__c=idP, City__c=idC, State__c=idE, DistributionCenter__c=idD, FreightValue__c=450, Status__c='Approved'); 
Execute Anonymous: // 2. Estado (Chave: Prod_SP)
Execute Anonymous: Freight__c fEst = new Freight__c(Product__c=idP, State__c=idE, DistributionCenter__c=idD, FreightValue__c=1200, Status__c='Approved'); 
Execute Anonymous: // 3. País (Chave: Prod_PR - Usando PR para o Flow entender que é outra rota)
Execute Anonymous: Freight__c fPai = new Freight__c(Product__c=idP, Country__c=idPa, State__c=idOutroE, DistributionCenter__c=idD, FreightValue__c=2500, Status__c='Approved'); 
Execute Anonymous: 
Execute Anonymous: insert new List<Freight__c>{fCid, fEst, fPai};
Execute Anonymous: 
Execute Anonymous: System.debug('>>> BUSCA 1 (ESPECÍFICO): R$ ' + [SELECT FreightValue__c FROM Freight__c WHERE Id = :fCid.Id].FreightValue__c);
Execute Anonymous: 
Execute Anonymous: delete fCid;
Execute Anonymous: System.debug('>>> BUSCA 2 (MÉDIO): R$ ' + [SELECT FreightValue__c FROM Freight__c WHERE Id = :fEst.Id].FreightValue__c);
Execute Anonymous: 
Execute Anonymous: delete fEst;
Execute Anonymous: System.debug('>>> BUSCA 3 (GERAL): R$ ' + [SELECT FreightValue__c FROM Freight__c WHERE Id = :fPai.Id].FreightValue__c);
14:48:45.46 (46559532)|USER_INFO|[EXTERNAL]|005g80000010N45|sabrina.jesus@resourceful-moose-fmmd11.com|(GMT-03:00) Brasilia Standard Time (America/Sao_Paulo)|GMT-03:00
14:48:45.46 (46587244)|EXECUTION_STARTED
14:48:45.46 (46622539)|CODE_UNIT_STARTED|[EXTERNAL]|execute_anonymous_apex
14:48:45.46 (118601823)|FATAL_ERROR|System.QueryException: List has no rows for assignment to SObject

AnonymousBlock: line 7, column 1
14:48:45.118 (118663024)|CUMULATIVE_LIMIT_USAGE
14:48:45.118 (118663024)|LIMIT_USAGE_FOR_NS|(default)|
  Number of SOQL queries: 6 out of 100
  Number of query rows: 5 out of 50000
  Number of SOSL queries: 0 out of 20
  Number of DML statements: 0 out of 150
  Number of Publish Immediate DML: 0 out of 150
  Number of DML rows: 0 out of 10000
  Maximum CPU time: 0 out of 10000
  Maximum heap size: 0 out of 6000000
  Number of callouts: 0 out of 100
  Number of Email Invocations: 0 out of 10
  Number of future calls: 0 out of 50
  Number of queueable jobs added to the queue: 0 out of 50
  Number of Mobile Apex push calls: 0 out of 10

14:48:45.118 (118663024)|CUMULATIVE_LIMIT_USAGE_END

14:48:45.46 (118749374)|CODE_UNIT_FINISHED|execute_anonymous_apex
14:48:45.46 (118771294)|EXECUTION_FINISHED
