66.0 APEX_CODE,DEBUG;APEX_PROFILING,INFO
Execute Anonymous: // 1. Criar os Produtos (se ainda não existirem)
Execute Anonymous: List<Product2> prods = new List<Product2>();
Execute Anonymous: prods.add(new Product2(Name = 'Colheitadeira S700', ProductionCost__c = 50000, UniqueCode__c = 'PROD_S700'));
Execute Anonymous: prods.add(new Product2(Name = 'Trator 7J', ProductionCost__c = 30000, UniqueCode__c = 'PROD_7J'));
Execute Anonymous: upsert prods UniqueCode__c;
Execute Anonymous: 
Execute Anonymous: // 2. Pegar os IDs dos Produtos e de um CD/Estado (Ajuste os IDs conforme sua Org)
Execute Anonymous: Id idS700 = [SELECT Id FROM Product2 WHERE Name = 'Colheitadeira S700' LIMIT 1].Id;
Execute Anonymous: Id idTrator = [SELECT Id FROM Product2 WHERE Name = 'Trator 7J' LIMIT 1].Id;
Execute Anonymous: 
Execute Anonymous: // 3. Criar a lista de Impostos para teste
Execute Anonymous: List<Tax__c> impostosParaInserir = new List<Tax__c>();
Execute Anonymous: 
Execute Anonymous: // Imposto 1: Colheitadeira em SP
Execute Anonymous: impostosParaInserir.add(new Tax__c(
Execute Anonymous:     Product__c = idS700,
Execute Anonymous:     State__c = 'a04g8000000QmaTAAS', // <-- COLOQUE O ID DO REGISTRO DE ESTADO AQUI
Execute Anonymous:     DistributionCenter__c = 'a04g8000000QmaTAAS', // <-- COLOQUE O ID DO REGISTRO DE CD AQUI
Execute Anonymous:     TaxRate__c = 12.0,
Execute Anonymous:     Status__c = 'Aprovado'
Execute Anonymous: ));
Execute Anonymous: 
Execute Anonymous: // Imposto 2: Trator em SP
Execute Anonymous: impostosParaInserir.add(new Tax__c(
Execute Anonymous:     Product__c = idTrator,
Execute Anonymous:     State__c = 'a04g8000000QmaTAAS', 
Execute Anonymous:     DistributionCenter__c = 'a04g8000000QmaTAAS',
Execute Anonymous:     TaxRate__c = 8.0,
Execute Anonymous:     Status__c = 'Aprovado'
Execute Anonymous: ));
Execute Anonymous: 
Execute Anonymous: try {
Execute Anonymous:     insert impostosParaInserir;
Execute Anonymous:     System.debug('✅ Sucesso: Impostos criados! O Flow preencheu o TaxCode automaticamente.');
Execute Anonymous: } catch (Exception e) {
Execute Anonymous:     System.debug('❌ Erro de Duplicidade ou Validação: ' + e.getMessage());
Execute Anonymous: }
11:17:17.53 (53905921)|USER_INFO|[EXTERNAL]|005g80000010N45|sabrina.jesus@resourceful-moose-fmmd11.com|(GMT-03:00) Brasilia Standard Time (America/Sao_Paulo)|GMT-03:00
11:17:17.53 (53932185)|EXECUTION_STARTED
11:17:17.53 (53950706)|CODE_UNIT_STARTED|[EXTERNAL]|execute_anonymous_apex
11:17:17.53 (121139722)|EXCEPTION_THROWN|[33]|System.DmlException: Insert failed. First exception on row 0; first error: FIELD_INTEGRITY_EXCEPTION, DistributionCenter: id value of incorrect type: a04g8000000QmaTAAS: [DistributionCenter__c]
11:17:17.53 (121825566)|USER_DEBUG|[36]|DEBUG|❌ Erro de Duplicidade ou Validação: Insert failed. First exception on row 0; first error: FIELD_INTEGRITY_EXCEPTION, DistributionCenter: id value of incorrect type: a04g8000000QmaTAAS: [DistributionCenter__c]
11:17:17.159 (159048113)|CUMULATIVE_LIMIT_USAGE
11:17:17.159 (159048113)|LIMIT_USAGE_FOR_NS|(default)|
  Number of SOQL queries: 2 out of 100
  Number of query rows: 2 out of 50000
  Number of SOSL queries: 0 out of 20
  Number of DML statements: 2 out of 150
  Number of Publish Immediate DML: 0 out of 150
  Number of DML rows: 4 out of 10000
  Maximum CPU time: 0 out of 10000
  Maximum heap size: 0 out of 6000000
  Number of callouts: 0 out of 100
  Number of Email Invocations: 0 out of 10
  Number of future calls: 0 out of 50
  Number of queueable jobs added to the queue: 0 out of 50
  Number of Mobile Apex push calls: 0 out of 10

11:17:17.159 (159048113)|CUMULATIVE_LIMIT_USAGE_END

11:17:17.53 (159117830)|CODE_UNIT_FINISHED|execute_anonymous_apex
11:17:17.53 (159146457)|EXECUTION_FINISHED
