66.0 APEX_CODE,DEBUG;APEX_PROFILING,INFO
Execute Anonymous: // 1. DADOS REAIS
Execute Anonymous: Order ped = [SELECT Id, AccountId, City__c, State__c, Country__c, DistributionCenter__c 
Execute Anonymous:              FROM Order WHERE OrderNumber = '00000100' LIMIT 1];
Execute Anonymous: OrderItem item = [SELECT Id, Product2Id FROM OrderItem 
Execute Anonymous:                  WHERE OrderId = :ped.Id AND Product2.Name LIKE '%Colheitadeira%' LIMIT 1];
Execute Anonymous: 
Execute Anonymous: // 2. LIMPEZA
Execute Anonymous: delete [SELECT Id FROM Margem__c WHERE Product__c = :item.Product2Id];
Execute Anonymous: delete [SELECT Id FROM Freight__c WHERE Product__c = :item.Product2Id];
Execute Anonymous: 
Execute Anonymous: // 3. CRIAÇÃO DA MARGEM (45%) - Usando o padrão de Underline da sua classe
Execute Anonymous: insert new Margem__c(
Execute Anonymous:     Product__c = item.Product2Id,
Execute Anonymous:     Account__c = ped.AccountId,
Execute Anonymous:     City__c = ped.City__c,
Execute Anonymous:     State__c = ped.State__c,
Execute Anonymous:     DistributionCenter__c = ped.DistributionCenter__c,
Execute Anonymous:     MarginValuePercent__c = 45,
Execute Anonymous:     Status__c = 'Approved'
Execute Anonymous: );
Execute Anonymous: 
Execute Anonymous: // 4. CRIAÇÃO DO FRETE (R$ 50,00) - Usando o padrão SEM Underline da sua classe
Execute Anonymous: insert new Freight__c(
Execute Anonymous:     Product__c = item.Product2Id,
Execute Anonymous:     State__c = ped.State__c,
Execute Anonymous:     City__c = ped.City__c,
Execute Anonymous:     DistributionCenter__c = ped.DistributionCenter__c,
Execute Anonymous:     FreightValue__c = 50.00,
Execute Anonymous:     Status__c = 'Approved'
Execute Anonymous: );
Execute Anonymous: 
Execute Anonymous: // 5. O PULO DO GATO: Vamos debugar o que a Trigger está vendo!
Execute Anonymous: update item;
Execute Anonymous: 
Execute Anonymous: // 6. VERIFICAÇÃO FINAL
Execute Anonymous: OrderItem res = [SELECT MarginPercentage__c, FreightValue__c, UnitPrice FROM OrderItem WHERE Id = :item.Id];
Execute Anonymous: 
Execute Anonymous: System.debug('--- 🏁 RESULTADO FINAL ---');
Execute Anonymous: System.debug('ID Produto: ' + item.Product2Id);
Execute Anonymous: System.debug('ID Cidade: ' + ped.City__c);
Execute Anonymous: System.debug('ID CD: ' + ped.DistributionCenter__c);
Execute Anonymous: System.debug('Margem no Item: ' + res.MarginPercentage__c + '%');
Execute Anonymous: System.debug('Frete no Item: R$ ' + res.FreightValue__c);
Execute Anonymous: System.debug('Preço: R$ ' + res.UnitPrice);
13:58:09.42 (42208598)|USER_INFO|[EXTERNAL]|005g80000010N45|sabrina.jesus@resourceful-moose-fmmd11.com|(GMT-03:00) Brasilia Standard Time (America/Sao_Paulo)|GMT-03:00
13:58:09.42 (42238694)|EXECUTION_STARTED
13:58:09.42 (42257904)|CODE_UNIT_STARTED|[EXTERNAL]|execute_anonymous_apex
13:58:09.42 (112501898)|CODE_UNIT_STARTED|[EXTERNAL]|Flow:01Ig8000000dEr7
13:58:09.42 (112532443)|CODE_UNIT_FINISHED|Flow:01Ig8000000dEr7
13:58:09.42 (319573782)|CODE_UNIT_STARTED|[EXTERNAL]|Flow:01Ig8000000duwn
13:58:09.42 (319616220)|CODE_UNIT_FINISHED|Flow:01Ig8000000duwn
13:58:09.42 (381642488)|CODE_UNIT_STARTED|[EXTERNAL]|Flow:01Ig8000000dEr7
13:58:09.42 (394473457)|CODE_UNIT_FINISHED|Flow:01Ig8000000dEr7
13:58:09.42 (410674106)|CODE_UNIT_STARTED|[EXTERNAL]|Validation:Margem:new
13:58:09.42 (410782220)|CODE_UNIT_FINISHED|Validation:Margem:new
13:58:09.42 (429078593)|CODE_UNIT_STARTED|[EXTERNAL]|Flow:01Ig8000000dEr7
13:58:09.42 (429102928)|CODE_UNIT_FINISHED|Flow:01Ig8000000dEr7
13:58:09.42 (429129828)|CODE_UNIT_STARTED|[EXTERNAL]|Flow:01Ig8000000dEr7
13:58:09.42 (429136525)|CODE_UNIT_FINISHED|Flow:01Ig8000000dEr7
13:58:09.42 (437594198)|CODE_UNIT_STARTED|[EXTERNAL]|Flow:01Ig8000000duwn
13:58:09.42 (442240741)|CODE_UNIT_FINISHED|Flow:01Ig8000000duwn
13:58:09.42 (451329625)|CODE_UNIT_STARTED|[EXTERNAL]|Validation:Freight:new
13:58:09.42 (451397383)|CODE_UNIT_FINISHED|Validation:Freight:new
13:58:09.42 (465513809)|CODE_UNIT_STARTED|[EXTERNAL]|Flow:01Ig8000000duwn
13:58:09.42 (465536417)|CODE_UNIT_FINISHED|Flow:01Ig8000000duwn
13:58:09.42 (465565537)|CODE_UNIT_STARTED|[EXTERNAL]|Flow:01Ig8000000duwn
13:58:09.42 (465571360)|CODE_UNIT_FINISHED|Flow:01Ig8000000duwn
13:58:09.42 (598761406)|USER_DEBUG|[38]|DEBUG|--- 🏁 RESULTADO FINAL ---
13:58:09.42 (598867981)|USER_DEBUG|[39]|DEBUG|ID Produto: 01tg8000000nFcDAAU
13:58:09.42 (598889465)|USER_DEBUG|[40]|DEBUG|ID Cidade: a05g8000001KAc9AAG
13:58:09.42 (598902821)|USER_DEBUG|[41]|DEBUG|ID CD: a06g8000000wkLpAAI
13:58:09.42 (598917891)|USER_DEBUG|[42]|DEBUG|Margem no Item: null%
13:58:09.42 (598928853)|USER_DEBUG|[43]|DEBUG|Frete no Item: R$ null
13:58:09.42 (598992443)|USER_DEBUG|[44]|DEBUG|Preço: R$ 100.00
13:58:09.642 (642033909)|CUMULATIVE_LIMIT_USAGE
13:58:09.642 (642033909)|LIMIT_USAGE_FOR_NS|(default)|
  Number of SOQL queries: 5 out of 100
  Number of query rows: 5 out of 50000
  Number of SOSL queries: 0 out of 20
  Number of DML statements: 5 out of 150
  Number of Publish Immediate DML: 0 out of 150
  Number of DML rows: 5 out of 10000
  Maximum CPU time: 95 out of 10000
  Maximum heap size: 0 out of 6000000
  Number of callouts: 0 out of 100
  Number of Email Invocations: 0 out of 10
  Number of future calls: 0 out of 50
  Number of queueable jobs added to the queue: 0 out of 50
  Number of Mobile Apex push calls: 0 out of 10

13:58:09.642 (642033909)|CUMULATIVE_LIMIT_USAGE_END

13:58:09.42 (642116356)|CODE_UNIT_FINISHED|execute_anonymous_apex
13:58:09.42 (642139501)|EXECUTION_FINISHED
