65.0 APEX_CODE,FINEST;APEX_PROFILING,INFO;CALLOUT,INFO;DATA_ACCESS,INFO;DB,INFO;NBA,INFO;SYSTEM,DEBUG;VALIDATION,INFO;VISUALFORCE,INFO;WAVE,INFO;WORKFLOW,INFO
11:40:42.0 (973297)|USER_INFO|[EXTERNAL]|005g80000010N45|sabrina.jesus@resourceful-moose-fmmd11.com|(GMT-03:00) Brasilia Standard Time (America/Sao_Paulo)|GMT-03:00
11:40:42.0 (1031031)|EXECUTION_STARTED
11:40:42.0 (1048491)|CODE_UNIT_STARTED|[EXTERNAL]|Flow:01Ig8000000dEr7
11:40:42.124 (124183073)|FLOW_CREATE_INTERVIEW_BEGIN|00Dg8000001b33B|300g800000D1TN3|301g8000005zlOv
11:40:42.124 (124359320)|FLOW_CREATE_INTERVIEW_END|8756f785851751f0f89c70e1125c19d4c4dc295-7e24|Duplicidade Margem
11:40:42.124 (124369542)|FLOW_CREATE_INTERVIEW_END|8757f785851751f0f89c70e1125c19d4c4dc295-7e25|Duplicidade Margem
11:40:42.124 (124372818)|FLOW_CREATE_INTERVIEW_END|8758f785851751f0f89c70e1125c19d4c4dc295-7e26|Duplicidade Margem
11:40:42.124 (124375618)|FLOW_CREATE_INTERVIEW_END|8759f785851751f0f89c70e1125c19d4c4dc295-7e27|Duplicidade Margem
11:40:42.124 (124910411)|FLOW_START_INTERVIEWS_BEGIN|4
11:40:42.124 (125013081)|FLOW_START_INTERVIEW_BEGIN|8756f785851751f0f89c70e1125c19d4c4dc295-7e24|Duplicidade Margem
11:40:42.124 (136000822)|FLOW_START_INTERVIEW_END|8756f785851751f0f89c70e1125c19d4c4dc295-7e24|Duplicidade Margem
11:40:42.124 (136037441)|FLOW_START_INTERVIEW_BEGIN|8757f785851751f0f89c70e1125c19d4c4dc295-7e25|Duplicidade Margem
11:40:42.124 (136219733)|FLOW_START_INTERVIEW_END|8757f785851751f0f89c70e1125c19d4c4dc295-7e25|Duplicidade Margem
11:40:42.124 (136228426)|FLOW_START_INTERVIEW_BEGIN|8758f785851751f0f89c70e1125c19d4c4dc295-7e26|Duplicidade Margem
11:40:42.124 (136280779)|FLOW_START_INTERVIEW_END|8758f785851751f0f89c70e1125c19d4c4dc295-7e26|Duplicidade Margem
11:40:42.124 (136287735)|FLOW_START_INTERVIEW_BEGIN|8759f785851751f0f89c70e1125c19d4c4dc295-7e27|Duplicidade Margem
11:40:42.124 (136334189)|FLOW_START_INTERVIEW_END|8759f785851751f0f89c70e1125c19d4c4dc295-7e27|Duplicidade Margem
11:40:42.124 (139968860)|FLOW_START_INTERVIEWS_END|4
11:40:42.124 (140382984)|FLOW_INTERVIEW_FINISHED|8756f785851751f0f89c70e1125c19d4c4dc295-7e24|Duplicidade Margem
11:40:42.124 (140397504)|FLOW_INTERVIEW_FINISHED|8757f785851751f0f89c70e1125c19d4c4dc295-7e25|Duplicidade Margem
11:40:42.124 (140401451)|FLOW_INTERVIEW_FINISHED|8758f785851751f0f89c70e1125c19d4c4dc295-7e26|Duplicidade Margem
11:40:42.124 (140404984)|FLOW_INTERVIEW_FINISHED|8759f785851751f0f89c70e1125c19d4c4dc295-7e27|Duplicidade Margem
11:40:42.0 (141868655)|CODE_UNIT_FINISHED|Flow:01Ig8000000dEr7
11:40:42.0 (141886690)|EXECUTION_FINISHED
