65.0 APEX_CODE,FINEST;APEX_PROFILING,INFO;CALLOUT,INFO;DATA_ACCESS,INFO;DB,INFO;NBA,INFO;SYSTEM,DEBUG;VALIDATION,INFO;VISUALFORCE,INFO;WAVE,INFO;WORKFLOW,INFO
11:40:43.0 (128822)|USER_INFO|[EXTERNAL]|005g80000010N45|sabrina.jesus@resourceful-moose-fmmd11.com|(GMT-03:00) Brasilia Standard Time (America/Sao_Paulo)|GMT-03:00
11:40:43.0 (163342)|EXECUTION_STARTED
11:40:43.0 (170201)|CODE_UNIT_STARTED|[EXTERNAL]|Validation:Margem:new
11:40:43.0 (193490)|VALIDATION_RULE|03dg8000000hqEf|obrigatorio_conta_ou_accountGroup
11:40:43.0 (475852)|VALIDATION_FORMULA|OR(
    AND(ISBLANK(Account__c), ISBLANK(AccountGroup__c)),
    AND(NOT(ISBLANK(Account__c)), NOT(ISBLANK(AccountGroup__c)))
)|Account__c=null , AccountGroup__c=a02g8000002871Z
11:40:43.0 (483094)|VALIDATION_PASS
11:40:43.0 (484261)|VALIDATION_RULE|03dg8000000V50D|Required_Product_or_Hierarchy
11:40:43.0 (558817)|VALIDATION_FORMULA|OR(
    AND(ISBLANK(Product__c), ISBLANK(ProductHierarchy__c)),
    AND(NOT(ISBLANK(Product__c)), NOT(ISBLANK(ProductHierarchy__c)))
)|ProductHierarchy__c=a01g8000007otrh , Product__c=null
11:40:43.0 (561598)|VALIDATION_PASS
11:40:43.0 (569553)|CODE_UNIT_FINISHED|Validation:Margem:new
11:40:43.0 (574853)|EXECUTION_FINISHED
11:40:43.0 (618921)|USER_INFO|[EXTERNAL]|005g80000010N45|sabrina.jesus@resourceful-moose-fmmd11.com|(GMT-03:00) Brasilia Standard Time (America/Sao_Paulo)|GMT-03:00
11:40:43.0 (624554)|EXECUTION_STARTED
11:40:43.0 (626844)|CODE_UNIT_STARTED|[EXTERNAL]|Validation:Margem:new
11:40:43.0 (631533)|VALIDATION_RULE|03dg8000000hqEf|obrigatorio_conta_ou_accountGroup
11:40:43.0 (723398)|VALIDATION_FORMULA|OR(
    AND(ISBLANK(Account__c), ISBLANK(AccountGroup__c)),
    AND(NOT(ISBLANK(Account__c)), NOT(ISBLANK(AccountGroup__c)))
)|Account__c=001g8000005VaOH , AccountGroup__c=null
11:40:43.0 (725899)|VALIDATION_PASS
11:40:43.0 (726629)|VALIDATION_RULE|03dg8000000V50D|Required_Product_or_Hierarchy
11:40:43.0 (784933)|VALIDATION_FORMULA|OR(
    AND(ISBLANK(Product__c), ISBLANK(ProductHierarchy__c)),
    AND(NOT(ISBLANK(Product__c)), NOT(ISBLANK(ProductHierarchy__c)))
)|ProductHierarchy__c=a01g8000007otrj , Product__c=null
11:40:43.0 (787148)|VALIDATION_PASS
11:40:43.0 (788563)|CODE_UNIT_FINISHED|Validation:Margem:new
11:40:43.0 (790207)|EXECUTION_FINISHED
11:40:43.0 (805236)|USER_INFO|[EXTERNAL]|005g80000010N45|sabrina.jesus@resourceful-moose-fmmd11.com|(GMT-03:00) Brasilia Standard Time (America/Sao_Paulo)|GMT-03:00
11:40:43.0 (808809)|EXECUTION_STARTED
11:40:43.0 (809668)|CODE_UNIT_STARTED|[EXTERNAL]|Validation:Margem:new
11:40:43.0 (812316)|VALIDATION_RULE|03dg8000000hqEf|obrigatorio_conta_ou_accountGroup
11:40:43.0 (871208)|VALIDATION_FORMULA|OR(
    AND(ISBLANK(Account__c), ISBLANK(AccountGroup__c)),
    AND(NOT(ISBLANK(Account__c)), NOT(ISBLANK(AccountGroup__c)))
)|Account__c=001g8000005VaOH , AccountGroup__c=null
11:40:43.0 (873508)|VALIDATION_PASS
11:40:43.0 (873947)|VALIDATION_RULE|03dg8000000V50D|Required_Product_or_Hierarchy
11:40:43.0 (928884)|VALIDATION_FORMULA|OR(
    AND(ISBLANK(Product__c), ISBLANK(ProductHierarchy__c)),
    AND(NOT(ISBLANK(Product__c)), NOT(ISBLANK(ProductHierarchy__c)))
)|ProductHierarchy__c=null , Product__c=01tg8000001BArc
11:40:43.0 (930973)|VALIDATION_PASS
11:40:43.0 (932221)|CODE_UNIT_FINISHED|Validation:Margem:new
11:40:43.0 (933242)|EXECUTION_FINISHED
11:40:43.0 (944767)|USER_INFO|[EXTERNAL]|005g80000010N45|sabrina.jesus@resourceful-moose-fmmd11.com|(GMT-03:00) Brasilia Standard Time (America/Sao_Paulo)|GMT-03:00
11:40:43.0 (947750)|EXECUTION_STARTED
11:40:43.0 (948479)|CODE_UNIT_STARTED|[EXTERNAL]|Validation:Margem:new
11:40:43.0 (950574)|VALIDATION_RULE|03dg8000000hqEf|obrigatorio_conta_ou_accountGroup
11:40:43.0 (1007736)|VALIDATION_FORMULA|OR(
    AND(ISBLANK(Account__c), ISBLANK(AccountGroup__c)),
    AND(NOT(ISBLANK(Account__c)), NOT(ISBLANK(AccountGroup__c)))
)|Account__c=null , AccountGroup__c=a02g8000002871Z
11:40:43.0 (1010193)|VALIDATION_PASS
11:40:43.0 (1010676)|VALIDATION_RULE|03dg8000000V50D|Required_Product_or_Hierarchy
11:40:43.0 (1070875)|VALIDATION_FORMULA|OR(
    AND(ISBLANK(Product__c), ISBLANK(ProductHierarchy__c)),
    AND(NOT(ISBLANK(Product__c)), NOT(ISBLANK(ProductHierarchy__c)))
)|ProductHierarchy__c=a01g8000007otrq , Product__c=null
11:40:43.0 (1073161)|VALIDATION_PASS
11:40:43.0 (1074329)|CODE_UNIT_FINISHED|Validation:Margem:new
11:40:43.0 (1075624)|EXECUTION_FINISHED
11:40:43.32 (32894187)|USER_INFO|[EXTERNAL]|005g80000010N45|sabrina.jesus@resourceful-moose-fmmd11.com|(GMT-03:00) Brasilia Standard Time (America/Sao_Paulo)|GMT-03:00
11:40:43.32 (32912689)|EXECUTION_STARTED
11:40:43.32 (32919290)|CODE_UNIT_STARTED|[EXTERNAL]|Flow:01Ig8000000dEr7
11:40:43.32 (32931448)|CODE_UNIT_FINISHED|Flow:01Ig8000000dEr7
11:40:43.32 (32935512)|EXECUTION_FINISHED
11:40:43.32 (32977173)|USER_INFO|[EXTERNAL]|005g80000010N45|sabrina.jesus@resourceful-moose-fmmd11.com|(GMT-03:00) Brasilia Standard Time (America/Sao_Paulo)|GMT-03:00
11:40:43.32 (32980965)|EXECUTION_STARTED
11:40:43.32 (32981662)|CODE_UNIT_STARTED|[EXTERNAL]|Flow:01Ig8000000dEr7
11:40:43.32 (32988673)|CODE_UNIT_FINISHED|Flow:01Ig8000000dEr7
11:40:43.32 (32989918)|EXECUTION_FINISHED
