65.0 APEX_CODE,FINEST;APEX_PROFILING,INFO;CALLOUT,INFO;DATA_ACCESS,INFO;DB,INFO;NBA,INFO;SYSTEM,DEBUG;VALIDATION,INFO;VISUALFORCE,INFO;WAVE,INFO;WORKFLOW,INFO
11:41:08.1 (1273076)|USER_INFO|[EXTERNAL]|005g80000010N45|sabrina.jesus@resourceful-moose-fmmd11.com|(GMT-03:00) Brasilia Standard Time (America/Sao_Paulo)|GMT-03:00
11:41:08.1 (1309834)|EXECUTION_STARTED
11:41:08.1 (1317856)|CODE_UNIT_STARTED|[EXTERNAL]|Flow:01Ig8000000duwn
11:41:08.143 (143057671)|FLOW_CREATE_INTERVIEW_BEGIN|00Dg8000001b33B|300g800000CuE4d|301g8000005xXl5
11:41:08.143 (143270712)|FLOW_CREATE_INTERVIEW_END|2989598054375dc9c3a964d6117d19d4e30da5c-2f4a|Duplicidade frete
11:41:08.143 (143277865)|FLOW_CREATE_INTERVIEW_END|2990598054375dc9c3a964d6117d19d4e30da5c-2f49|Duplicidade frete
11:41:08.143 (143281838)|FLOW_CREATE_INTERVIEW_END|2991598054375dc9c3a964d6117d19d4e30da5c-2f48|Duplicidade frete
11:41:08.143 (143285288)|FLOW_CREATE_INTERVIEW_END|2992598054375dc9c3a964d6117d19d4e30da5c-2f47|Duplicidade frete
11:41:08.144 (144018688)|FLOW_START_INTERVIEWS_BEGIN|4
11:41:08.144 (144148594)|FLOW_START_INTERVIEW_BEGIN|2989598054375dc9c3a964d6117d19d4e30da5c-2f4a|Duplicidade frete
11:41:08.144 (167429838)|FLOW_START_INTERVIEW_END|2989598054375dc9c3a964d6117d19d4e30da5c-2f4a|Duplicidade frete
11:41:08.144 (167516167)|FLOW_START_INTERVIEW_BEGIN|2990598054375dc9c3a964d6117d19d4e30da5c-2f49|Duplicidade frete
11:41:08.144 (167823522)|FLOW_START_INTERVIEW_END|2990598054375dc9c3a964d6117d19d4e30da5c-2f49|Duplicidade frete
11:41:08.144 (167838929)|FLOW_START_INTERVIEW_BEGIN|2991598054375dc9c3a964d6117d19d4e30da5c-2f48|Duplicidade frete
11:41:08.144 (167907852)|FLOW_START_INTERVIEW_END|2991598054375dc9c3a964d6117d19d4e30da5c-2f48|Duplicidade frete
11:41:08.144 (167916606)|FLOW_START_INTERVIEW_BEGIN|2992598054375dc9c3a964d6117d19d4e30da5c-2f47|Duplicidade frete
11:41:08.144 (167967936)|FLOW_START_INTERVIEW_END|2992598054375dc9c3a964d6117d19d4e30da5c-2f47|Duplicidade frete
11:41:08.144 (171673759)|FLOW_START_INTERVIEWS_END|4
11:41:08.144 (172393610)|FLOW_INTERVIEW_FINISHED|2989598054375dc9c3a964d6117d19d4e30da5c-2f4a|Duplicidade frete
11:41:08.144 (172414217)|FLOW_INTERVIEW_FINISHED|2990598054375dc9c3a964d6117d19d4e30da5c-2f49|Duplicidade frete
11:41:08.144 (172419032)|FLOW_INTERVIEW_FINISHED|2991598054375dc9c3a964d6117d19d4e30da5c-2f48|Duplicidade frete
11:41:08.144 (172423145)|FLOW_INTERVIEW_FINISHED|2992598054375dc9c3a964d6117d19d4e30da5c-2f47|Duplicidade frete
11:41:08.1 (174084866)|CODE_UNIT_FINISHED|Flow:01Ig8000000duwn
11:41:08.1 (174100035)|EXECUTION_FINISHED
