65.0 APEX_CODE,FINEST;APEX_PROFILING,INFO;CALLOUT,INFO;DATA_ACCESS,INFO;DB,INFO;NBA,INFO;SYSTEM,DEBUG;VALIDATION,INFO;VISUALFORCE,INFO;WAVE,INFO;WORKFLOW,INFO
11:41:51.0 (157306)|USER_INFO|[EXTERNAL]|005g80000010N45|sabrina.jesus@resourceful-moose-fmmd11.com|(GMT-03:00) Brasilia Standard Time (America/Sao_Paulo)|GMT-03:00
11:41:51.0 (205024)|EXECUTION_STARTED
11:41:51.0 (212210)|CODE_UNIT_STARTED|[EXTERNAL]|Validation:Tax:new
11:41:51.0 (234802)|VALIDATION_RULE|03dg8000000V8kT|Campos_Obrigatorios_Imposto
11:41:51.0 (686264)|VALIDATION_FORMULA|OR(
ISBLANK(Product__c),
ISBLANK(DistributionCenter__c),
ISBLANK(State__c)
)|DistributionCenter__c=a06g8000000wkLp , Product__c=01tg8000001BArV , State__c=a04g8000000QmaT
11:41:51.0 (696365)|VALIDATION_PASS
11:41:51.0 (698718)|VALIDATION_RULE|03dg8000000ZDAT|Produto_OU_Hierarquia
11:41:51.0 (857294)|VALIDATION_FORMULA|( ISBLANK(Product__c) && ISBLANK(ProductHierarchy__c) )
&#124;&#124;
( NOT(ISBLANK(Product__c)) && NOT(ISBLANK(ProductHierarchy__c)) )|Product__c=01tg8000001BArV , ProductHierarchy__c=null
11:41:51.0 (861489)|VALIDATION_PASS
11:41:51.0 (870956)|CODE_UNIT_FINISHED|Validation:Tax:new
11:41:51.0 (877507)|EXECUTION_FINISHED
11:41:51.0 (958206)|USER_INFO|[EXTERNAL]|005g80000010N45|sabrina.jesus@resourceful-moose-fmmd11.com|(GMT-03:00) Brasilia Standard Time (America/Sao_Paulo)|GMT-03:00
11:41:51.0 (981444)|EXECUTION_STARTED
11:41:51.0 (985408)|CODE_UNIT_STARTED|[EXTERNAL]|Validation:Tax:new
11:41:51.0 (993198)|VALIDATION_RULE|03dg8000000V8kT|Campos_Obrigatorios_Imposto
11:41:51.0 (1114330)|VALIDATION_FORMULA|OR(
ISBLANK(Product__c),
ISBLANK(DistributionCenter__c),
ISBLANK(State__c)
)|DistributionCenter__c=a06g8000000wkLp , Product__c=01tg8000001BArX , State__c=a04g8000000QmaT
11:41:51.0 (1117722)|VALIDATION_PASS
11:41:51.0 (1118797)|VALIDATION_RULE|03dg8000000ZDAT|Produto_OU_Hierarquia
11:41:51.0 (1194749)|VALIDATION_FORMULA|( ISBLANK(Product__c) && ISBLANK(ProductHierarchy__c) )
&#124;&#124;
( NOT(ISBLANK(Product__c)) && NOT(ISBLANK(ProductHierarchy__c)) )|Product__c=01tg8000001BArX , ProductHierarchy__c=null
11:41:51.0 (1197902)|VALIDATION_PASS
11:41:51.0 (1200098)|CODE_UNIT_FINISHED|Validation:Tax:new
11:41:51.0 (1222128)|EXECUTION_FINISHED
11:41:51.1 (1251833)|USER_INFO|[EXTERNAL]|005g80000010N45|sabrina.jesus@resourceful-moose-fmmd11.com|(GMT-03:00) Brasilia Standard Time (America/Sao_Paulo)|GMT-03:00
11:41:51.1 (1257203)|EXECUTION_STARTED
11:41:51.1 (1258945)|CODE_UNIT_STARTED|[EXTERNAL]|Validation:Tax:new
11:41:51.1 (1263138)|VALIDATION_RULE|03dg8000000V8kT|Campos_Obrigatorios_Imposto
11:41:51.1 (1351019)|VALIDATION_FORMULA|OR(
ISBLANK(Product__c),
ISBLANK(DistributionCenter__c),
ISBLANK(State__c)
)|DistributionCenter__c=a06g8000000wkLp , Product__c=01tg8000001BArc , State__c=a04g8000000QmaT
11:41:51.1 (1353923)|VALIDATION_PASS
11:41:51.1 (1354436)|VALIDATION_RULE|03dg8000000ZDAT|Produto_OU_Hierarquia
11:41:51.1 (1455082)|VALIDATION_FORMULA|( ISBLANK(Product__c) && ISBLANK(ProductHierarchy__c) )
&#124;&#124;
( NOT(ISBLANK(Product__c)) && NOT(ISBLANK(ProductHierarchy__c)) )|Product__c=01tg8000001BArc , ProductHierarchy__c=null
11:41:51.1 (1458345)|VALIDATION_PASS
11:41:51.1 (1460071)|CODE_UNIT_FINISHED|Validation:Tax:new
11:41:51.1 (1462229)|EXECUTION_FINISHED
11:41:51.1 (1482609)|USER_INFO|[EXTERNAL]|005g80000010N45|sabrina.jesus@resourceful-moose-fmmd11.com|(GMT-03:00) Brasilia Standard Time (America/Sao_Paulo)|GMT-03:00
11:41:51.1 (1486929)|EXECUTION_STARTED
11:41:51.1 (1488153)|CODE_UNIT_STARTED|[EXTERNAL]|Validation:Tax:new
11:41:51.1 (1491203)|VALIDATION_RULE|03dg8000000V8kT|Campos_Obrigatorios_Imposto
11:41:51.1 (1588084)|VALIDATION_FORMULA|OR(
ISBLANK(Product__c),
ISBLANK(DistributionCenter__c),
ISBLANK(State__c)
)|DistributionCenter__c=a06g8000000wkLp , Product__c=01tg8000001BArW , State__c=a04g8000000Vm3Z
11:41:51.1 (1591158)|VALIDATION_PASS
11:41:51.1 (1591691)|VALIDATION_RULE|03dg8000000ZDAT|Produto_OU_Hierarquia
11:41:51.1 (1659904)|VALIDATION_FORMULA|( ISBLANK(Product__c) && ISBLANK(ProductHierarchy__c) )
&#124;&#124;
( NOT(ISBLANK(Product__c)) && NOT(ISBLANK(ProductHierarchy__c)) )|Product__c=01tg8000001BArW , ProductHierarchy__c=null
11:41:51.1 (1662580)|VALIDATION_PASS
11:41:51.1 (1664036)|CODE_UNIT_FINISHED|Validation:Tax:new
11:41:51.1 (1665528)|EXECUTION_FINISHED
11:41:51.36 (36550158)|USER_INFO|[EXTERNAL]|005g80000010N45|sabrina.jesus@resourceful-moose-fmmd11.com|(GMT-03:00) Brasilia Standard Time (America/Sao_Paulo)|GMT-03:00
11:41:51.36 (36578124)|EXECUTION_STARTED
11:41:51.36 (36585218)|CODE_UNIT_STARTED|[EXTERNAL]|Flow:01Ig8000000dte9
11:41:51.36 (36633089)|CODE_UNIT_FINISHED|Flow:01Ig8000000dte9
11:41:51.36 (36638333)|EXECUTION_FINISHED
11:41:51.36 (36709933)|USER_INFO|[EXTERNAL]|005g80000010N45|sabrina.jesus@resourceful-moose-fmmd11.com|(GMT-03:00) Brasilia Standard Time (America/Sao_Paulo)|GMT-03:00
11:41:51.36 (36715746)|EXECUTION_STARTED
11:41:51.36 (36717225)|CODE_UNIT_STARTED|[EXTERNAL]|Flow:01Ig8000000dte9
11:41:51.36 (36727919)|CODE_UNIT_FINISHED|Flow:01Ig8000000dte9
11:41:51.36 (36729295)|EXECUTION_FINISHED
