66.0 APEX_CODE,FINEST;APEX_PROFILING,INFO;CALLOUT,INFO;DATA_ACCESS,INFO;DB,INFO;NBA,INFO;SYSTEM,DEBUG;VALIDATION,INFO;VISUALFORCE,INFO;WAVE,INFO;WORKFLOW,INFO
11:41:08.1 (1023280)|USER_INFO|[EXTERNAL]|005g80000010N45|sabrina.jesus@resourceful-moose-fmmd11.com|(GMT-03:00) Brasilia Standard Time (America/Sao_Paulo)|GMT-03:00
11:41:08.1 (1119574)|EXECUTION_STARTED
11:41:08.1 (1145821)|CODE_UNIT_STARTED|[EXTERNAL]|TRIGGERS
11:41:08.1 (1182278)|CODE_UNIT_STARTED|[EXTERNAL]|01qg8000000GdOn|OrderTrigger on Order trigger event BeforeDelete|__sfdc_trigger/OrderTrigger
11:41:08.1 (1242455)|HEAP_ALLOCATE|[EXTERNAL]|Bytes:8
11:41:08.1 (2849873)|HEAP_ALLOCATE|[95]|Bytes:3
11:41:08.1 (2940423)|HEAP_ALLOCATE|[100]|Bytes:152
11:41:08.1 (3002055)|HEAP_ALLOCATE|[417]|Bytes:408
11:41:08.1 (3032642)|HEAP_ALLOCATE|[430]|Bytes:408
11:41:08.1 (3075590)|HEAP_ALLOCATE|[317]|Bytes:6
11:41:08.1 (3104415)|HEAP_ALLOCATE|[EXTERNAL]|Bytes:4
11:41:08.1 (3150323)|VARIABLE_SCOPE_BEGIN|[1]|this|OrderTrigger|true|false
11:41:08.1 (3325644)|VARIABLE_ASSIGNMENT|[1]|this|{}|0x7a3b61a2
11:41:08.1 (3383917)|HEAP_ALLOCATE|[EXTERNAL]|Bytes:4
11:41:08.1 (3394296)|VARIABLE_SCOPE_BEGIN|[1]|this|OrderTrigger|true|false
11:41:08.1 (3415793)|VARIABLE_ASSIGNMENT|[1]|this|{}|0x7a3b61a2
11:41:08.1 (3449668)|STATEMENT_EXECUTE|[1]
11:41:08.1 (3453860)|STATEMENT_EXECUTE|[2]
11:41:08.1 (8668330)|VARIABLE_SCOPE_BEGIN|[63]|TriggerHandler.BYPASS_ALL_ALIAS|String|false|true
11:41:08.1 (8691528)|VARIABLE_SCOPE_BEGIN|[839]|TriggerHandler.ERROR_TRIGGERCONTEXT|String|false|true
11:41:08.1 (8746427)|VARIABLE_SCOPE_BEGIN|[26]|TriggerHandler.bypassedHandlers|Set<String>|true|true
11:41:08.1 (8758375)|VARIABLE_SCOPE_BEGIN|[32]|TriggerHandler.globalBypass|Boolean|false|true
11:41:08.1 (8996373)|VARIABLE_SCOPE_BEGIN|[20]|TriggerHandler.loopCountMap|Map<String,TriggerHandler.LoopCount>|true|true
11:41:08.1 (9026253)|VARIABLE_SCOPE_BEGIN|[44]|TriggerHandler.showDebug|Boolean|false|true
11:41:08.1 (9033477)|VARIABLE_SCOPE_BEGIN|[38]|TriggerHandler.showLimits|Boolean|false|true
11:41:08.1 (9064849)|HEAP_ALLOCATE|[2]|Bytes:16
11:41:08.1 (9138404)|METHOD_ENTRY|[1]|01pg8000001LXzh|OrderHandler.OrderHandler()
11:41:08.1 (9161961)|STATEMENT_EXECUTE|[1]
11:41:08.1 (9173820)|STATEMENT_EXECUTE|[1]
11:41:08.1 (9192727)|METHOD_EXIT|[1]|OrderHandler
11:41:08.1 (9297774)|HEAP_ALLOCATE|[2]|Bytes:32
11:41:08.1 (9337867)|CONSTRUCTOR_ENTRY|[2]|01pg8000001LXzh|<init>()|OrderHandler
11:41:08.1 (9404490)|VARIABLE_SCOPE_BEGIN|[8]|this|OrderHandler|true|false
11:41:08.1 (9541999)|VARIABLE_ASSIGNMENT|[8]|this|{}|0x52d063f6
11:41:08.1 (9559394)|STATEMENT_EXECUTE|[1]
11:41:08.1 (9563340)|STATEMENT_EXECUTE|[3]
11:41:08.1 (9566624)|STATEMENT_EXECUTE|[4]
11:41:08.1 (9569728)|STATEMENT_EXECUTE|[5]
11:41:08.1 (9572731)|STATEMENT_EXECUTE|[6]
11:41:08.1 (9576641)|STATEMENT_EXECUTE|[9]
11:41:08.1 (9583772)|HEAP_ALLOCATE|[9]|Bytes:12
11:41:08.1 (9600294)|HEAP_ALLOCATE|[9]|Bytes:33
11:41:08.1 (9607191)|HEAP_ALLOCATE|[9]|Bytes:166
11:41:08.1 (9613292)|HEAP_ALLOCATE|[9]|Bytes:55
11:41:08.1 (9617446)|HEAP_ALLOCATE|[9]|Bytes:9
11:41:08.1 (9675964)|VARIABLE_ASSIGNMENT|[9]|TriggerHandler.BYPASS_ALL_ALIAS|"BypassAll"
11:41:08.1 (9679507)|HEAP_ALLOCATE|[9]|Bytes:51
11:41:08.1 (9691087)|VARIABLE_ASSIGNMENT|[9]|TriggerHandler.ERROR_TRIGGERCONTEXT|"Trigger handler call (31 more) ..."
11:41:08.1 (9713291)|METHOD_ENTRY|[15]|01pg80000019iSf|TriggerHandler.TriggerHandler()
11:41:08.1 (9720354)|STATEMENT_EXECUTE|[15]
11:41:08.1 (9725778)|STATEMENT_EXECUTE|[15]
11:41:08.1 (9728185)|STATEMENT_EXECUTE|[66]
11:41:08.1 (9730214)|STATEMENT_EXECUTE|[67]
11:41:08.1 (9744247)|HEAP_ALLOCATE|[67]|Bytes:4
11:41:08.1 (9800793)|VARIABLE_ASSIGNMENT|[67]|TriggerHandler.loopCountMap|{}|0x2ab1a837
11:41:08.1 (9805848)|STATEMENT_EXECUTE|[68]
11:41:08.1 (9813746)|HEAP_ALLOCATE|[68]|Bytes:4
11:41:08.1 (9900913)|VARIABLE_ASSIGNMENT|[68]|TriggerHandler.bypassedHandlers|[]|0x7b2fb144
11:41:08.1 (9906144)|STATEMENT_EXECUTE|[69]
11:41:08.1 (9924416)|HEAP_ALLOCATE|[68]|Bytes:5
11:41:08.1 (9978090)|HEAP_ALLOCATE|[74]|Bytes:5
11:41:08.1 (9990045)|HEAP_ALLOCATE|[82]|Bytes:7
11:41:08.1 (10435063)|HEAP_ALLOCATE|[69]|Bytes:5
11:41:08.1 (10472486)|VARIABLE_ASSIGNMENT|[69]|TriggerHandler.globalBypass|false
11:41:08.1 (10486871)|STATEMENT_EXECUTE|[70]
11:41:08.1 (10492056)|HEAP_ALLOCATE|[70]|Bytes:5
11:41:08.1 (10503036)|VARIABLE_ASSIGNMENT|[70]|TriggerHandler.showLimits|false
11:41:08.1 (10507750)|STATEMENT_EXECUTE|[71]
11:41:08.1 (10510315)|HEAP_ALLOCATE|[71]|Bytes:5
11:41:08.1 (10519061)|VARIABLE_ASSIGNMENT|[71]|TriggerHandler.showDebug|false
11:41:08.1 (10523261)|STATEMENT_EXECUTE|[755]
11:41:08.1 (10525759)|STATEMENT_EXECUTE|[832]
11:41:08.1 (10536025)|METHOD_EXIT|[15]|TriggerHandler
11:41:08.1 (10555589)|CONSTRUCTOR_ENTRY|[9]|01pg80000019iSf|<init>(String)|TriggerHandler
11:41:08.1 (10660568)|VARIABLE_SCOPE_BEGIN|[107]|this|TriggerHandler|true|false
11:41:08.1 (10722028)|VARIABLE_ASSIGNMENT|[107]|this|{}|0x52d063f6
11:41:08.1 (10732386)|VARIABLE_SCOPE_BEGIN|[107]|handlerName|String|false|false
11:41:08.1 (10745182)|VARIABLE_ASSIGNMENT|[107]|handlerName|"OrderHandler"
11:41:08.1 (10752689)|STATEMENT_EXECUTE|[15]
11:41:08.1 (10755911)|STATEMENT_EXECUTE|[50]
11:41:08.1 (10758207)|STATEMENT_EXECUTE|[57]
11:41:08.1 (10760602)|STATEMENT_EXECUTE|[671]
11:41:08.1 (10767647)|HEAP_ALLOCATE|[108]|Bytes:6
11:41:08.1 (11435104)|STATEMENT_EXECUTE|[107]
11:41:08.1 (11439540)|STATEMENT_EXECUTE|[108]
11:41:08.1 (11477008)|STATEMENT_EXECUTE|[109]
11:41:08.1 (11518990)|METHOD_ENTRY|[109]|01pg80000019iSf|TriggerHandler.setTriggerContext()
11:41:08.1 (11563155)|VARIABLE_SCOPE_BEGIN|[565]|this|TriggerHandler|true|false
11:41:08.1 (11628892)|VARIABLE_ASSIGNMENT|[565]|this|{"handlerName":"OrderHandler"}|0x52d063f6
11:41:08.1 (11639443)|STATEMENT_EXECUTE|[565]
11:41:08.1 (11641814)|STATEMENT_EXECUTE|[566]
11:41:08.1 (11741788)|HEAP_ALLOCATE|[566]|Bytes:16
11:41:08.1 (11780120)|METHOD_ENTRY|[566]|01pg80000019iSf|TriggerHandler.setTriggerContext(System.TriggerOperation, Boolean)
11:41:08.1 (11790861)|VARIABLE_SCOPE_BEGIN|[582]|this|TriggerHandler|true|false
11:41:08.1 (11829093)|VARIABLE_ASSIGNMENT|[582]|this|{"handlerName":"OrderHandler"}|0x52d063f6
11:41:08.1 (11837725)|VARIABLE_SCOPE_BEGIN|[582]|opType|System.TriggerOperation|true|false
11:41:08.1 (11862432)|VARIABLE_ASSIGNMENT|[582]|opType|"BEFORE_DELETE"|0x16ab1753
11:41:08.1 (11875380)|VARIABLE_SCOPE_BEGIN|[582]|testMode|Boolean|false|false
11:41:08.1 (11886015)|VARIABLE_ASSIGNMENT|[582]|testMode|false
11:41:08.1 (11893871)|STATEMENT_EXECUTE|[582]
11:41:08.1 (11915058)|STATEMENT_EXECUTE|[586]
11:41:08.1 (11917568)|STATEMENT_EXECUTE|[587]
11:41:08.1 (11922758)|HEAP_ALLOCATE|[587]|Bytes:5
11:41:08.1 (11937020)|STATEMENT_EXECUTE|[590]
11:41:08.1 (11939368)|STATEMENT_EXECUTE|[592]
11:41:08.1 (11961380)|HEAP_ALLOCATE|[592]|Bytes:16
11:41:08.1 (11973748)|STATEMENT_EXECUTE|[595]
11:41:08.1 (11997194)|VARIABLE_SCOPE_BEGIN|[595]|context|String|false|false
11:41:08.1 (12018417)|VARIABLE_ASSIGNMENT|[595]|context|"BEFORE_DELETE"
11:41:08.1 (12023184)|STATEMENT_EXECUTE|[597]
11:41:08.1 (12028179)|HEAP_ALLOCATE|[598]|Bytes:13
11:41:08.1 (12079614)|HEAP_ALLOCATE|[601]|Bytes:13
11:41:08.1 (12095030)|HEAP_ALLOCATE|[604]|Bytes:13
11:41:08.1 (12109358)|STATEMENT_EXECUTE|[604]
11:41:08.1 (12112124)|STATEMENT_EXECUTE|[605]
11:41:08.1 (12124283)|METHOD_EXIT|[566]|01pg80000019iSf|TriggerHandler.setTriggerContext(System.TriggerOperation, Boolean)
11:41:08.1 (12128805)|METHOD_EXIT|[109]|01pg80000019iSf|TriggerHandler.setTriggerContext()
11:41:08.1 (12140080)|CONSTRUCTOR_EXIT|[9]|01pg80000019iSf|<init>(String)|TriggerHandler
11:41:08.1 (12146323)|STATEMENT_EXECUTE|[8]
11:41:08.1 (12148757)|STATEMENT_EXECUTE|[10]
11:41:08.1 (12175994)|VARIABLE_ASSIGNMENT|[10]|this.newRecords|null|0x52d063f6
11:41:08.1 (12180507)|STATEMENT_EXECUTE|[11]
11:41:08.1 (15776958)|VARIABLE_ASSIGNMENT|[11]|this.oldRecords|[{"Status":"Draft","LastModifiedDate":"2026-04-30T14:31:49.000Z","Country__c":"a03g8000004x8aeAAA","IsDeleted":false,"AccountId":"001g800000DSnO5AAL","FreightType__c":"CIF","OrderNumber":"00000134","TotalAmount":2460541.90,"StatusCode":"Draft","PaymentCondition__c":"a07g8000004MONnAAO","IsReductionOrder":false,"SystemModstamp":"2026-04-30T14:31:49.000Z","City__c":"a05g8000001KAc9AAG","OwnerId":"005g80000010N45AAE","CreatedById":"005g80000010N45AAE","DistributionCenter__c":"a06g8000000wkLpAAI","CreatedDate":"2026-04-30T14:31:48.000Z","Pricebook2Id":"01sg80000015mKTAAY","ExternalId__c":"order002","Id":"801g800000DSnO6AAL","LastModifiedById":"005g80000010N45AAE","State__c":"a04g8000000QmaTAAS","EffectiveDate":"2026-04-27T00:00:00.000Z"}]|0x52d063f6
11:41:08.1 (15839856)|STATEMENT_EXECUTE|[12]
11:41:08.1 (15926153)|VARIABLE_ASSIGNMENT|[12]|this.newRecordsMap|null|0x52d063f6
11:41:08.1 (15933753)|STATEMENT_EXECUTE|[13]
11:41:08.1 (16691175)|VARIABLE_ASSIGNMENT|[13]|this.oldRecordsMap|{"801g800000DSnO6AAL":{"Status":"Draft","LastModifiedDate":"2026-04-30T14:31:49.000Z","Country__c":"a03g8000004x8aeAAA","IsDeleted":false,"AccountId":"001g800000DSnO5AAL","FreightType__c":"CIF","OrderNumber":"00000134","TotalAmount":2460541.90,"StatusCode":"Draft","PaymentCondition__c":"a07g8000004MONnAAO","IsReductionOrder":false,"SystemModstamp":"2026-04-30T14:31:49.000Z","City__c":"a05g8000001KAc9AAG","OwnerId":"005g80000010N45AAE","CreatedById":"005g80000010N45AAE","DistributionCenter__c":"a06g8000000wkLpAAI","CreatedDate":"2026-04-30T14:31:48.000Z","Pricebook2Id":"01sg80000015mKTAAY","ExternalId__c":"order002","Id":"801g800000DSnO6AAL","LastModifiedById":"005g80000010N45AAE","State__c":"a04g8000000QmaTAAS","EffectiveDate":"2026-04-27T00:00:00.000Z"}}|0x52d063f6
11:41:08.1 (16717539)|CONSTRUCTOR_EXIT|[2]|01pg8000001LXzh|<init>()|OrderHandler
11:41:08.1 (16766888)|METHOD_ENTRY|[2]|01pg80000019iSf|TriggerHandler.run()
11:41:08.1 (16790292)|VARIABLE_SCOPE_BEGIN|[120]|this|TriggerHandler|true|false
11:41:08.1 (16882393)|VARIABLE_ASSIGNMENT|[120]|this|{"oldRecords":"0x7b043f2f","oldRecordsMap":"0x13e6b3ae","handlerName":"OrderHandler","isTriggerExecuting":true,"triggerEvent":"0x16ab1753"}|0x52d063f6
11:41:08.1 (16896123)|STATEMENT_EXECUTE|[120]
11:41:08.1 (16905673)|METHOD_ENTRY|[121]|01pg80000019iSf|TriggerHandler.validateRun()
11:41:08.1 (16934270)|VARIABLE_SCOPE_BEGIN|[661]|this|TriggerHandler|true|false
11:41:08.1 (16989476)|VARIABLE_ASSIGNMENT|[661]|this|{"oldRecords":"0x7b043f2f","oldRecordsMap":"0x13e6b3ae","handlerName":"OrderHandler","isTriggerExecuting":true,"triggerEvent":"0x16ab1753"}|0x52d063f6
11:41:08.1 (16999247)|STATEMENT_EXECUTE|[661]
11:41:08.1 (17012832)|STATEMENT_EXECUTE|[662]
11:41:08.1 (17019383)|STATEMENT_EXECUTE|[665]
11:41:08.1 (17033399)|METHOD_ENTRY|[665]|01pg80000019iSf|TriggerHandler.getHandlerName()
11:41:08.1 (17058112)|VARIABLE_SCOPE_BEGIN|[680]|this|TriggerHandler|true|false
11:41:08.1 (17095499)|VARIABLE_ASSIGNMENT|[680]|this|{"oldRecords":"0x7b043f2f","oldRecordsMap":"0x13e6b3ae","handlerName":"OrderHandler","isTriggerExecuting":true,"triggerEvent":"0x16ab1753"}|0x52d063f6
11:41:08.1 (17103861)|STATEMENT_EXECUTE|[680]
11:41:08.1 (17152595)|STATEMENT_EXECUTE|[681]
11:41:08.1 (17155324)|STATEMENT_EXECUTE|[684]
11:41:08.1 (17161315)|METHOD_EXIT|[665]|01pg80000019iSf|TriggerHandler.getHandlerName()
11:41:08.1 (17189517)|METHOD_EXIT|[121]|01pg80000019iSf|TriggerHandler.validateRun()
11:41:08.1 (17194724)|STATEMENT_EXECUTE|[121]
11:41:08.1 (17200149)|METHOD_ENTRY|[126]|01pg80000019iSf|TriggerHandler.incrementCheckLoopCount()
11:41:08.1 (17213300)|VARIABLE_SCOPE_BEGIN|[634]|this|TriggerHandler|true|false
11:41:08.1 (17254340)|VARIABLE_ASSIGNMENT|[634]|this|{"oldRecords":"0x7b043f2f","oldRecordsMap":"0x13e6b3ae","handlerName":"OrderHandler","isTriggerExecuting":true,"triggerEvent":"0x16ab1753"}|0x52d063f6
11:41:08.1 (17262509)|STATEMENT_EXECUTE|[634]
11:41:08.1 (17266135)|STATEMENT_EXECUTE|[635]
11:41:08.1 (17271417)|METHOD_ENTRY|[635]|01pg80000019iSf|TriggerHandler.getHandlerName()
11:41:08.1 (17280228)|VARIABLE_SCOPE_BEGIN|[680]|this|TriggerHandler|true|false
11:41:08.1 (17921517)|VARIABLE_ASSIGNMENT|[680]|this|{"oldRecords":"0x7b043f2f","oldRecordsMap":"0x13e6b3ae","handlerName":"OrderHandler","isTriggerExecuting":true,"triggerEvent":"0x16ab1753"}|0x52d063f6
11:41:08.1 (17937476)|STATEMENT_EXECUTE|[680]
11:41:08.1 (17961892)|STATEMENT_EXECUTE|[681]
11:41:08.1 (17964598)|STATEMENT_EXECUTE|[684]
11:41:08.1 (17971898)|METHOD_EXIT|[635]|01pg80000019iSf|TriggerHandler.getHandlerName()
11:41:08.1 (17984807)|VARIABLE_SCOPE_BEGIN|[635]|handlerName|String|false|false
11:41:08.1 (17999905)|VARIABLE_ASSIGNMENT|[635]|handlerName|"OrderHandler"
11:41:08.1 (18081117)|STATEMENT_EXECUTE|[636]
11:41:08.1 (18085424)|STATEMENT_EXECUTE|[649]
11:41:08.1 (18092437)|METHOD_EXIT|[126]|01pg80000019iSf|TriggerHandler.incrementCheckLoopCount()
11:41:08.1 (18101552)|STATEMENT_EXECUTE|[126]
11:41:08.1 (18107263)|STATEMENT_EXECUTE|[130]
11:41:08.1 (18110132)|STATEMENT_EXECUTE|[135]
11:41:08.1 (18227432)|STATEMENT_EXECUTE|[142]
11:41:08.1 (18229939)|STATEMENT_EXECUTE|[143]
11:41:08.1 (18243288)|METHOD_ENTRY|[143]|01pg8000001LXzh|OrderHandler.beforeDelete()
11:41:08.1 (18265100)|VARIABLE_SCOPE_BEGIN|[25]|this|OrderHandler|true|false
11:41:08.1 (18367933)|VARIABLE_ASSIGNMENT|[25]|this|{"oldRecords":"0x7b043f2f","oldRecordsMap":"0x13e6b3ae","handlerName":"OrderHandler","isTriggerExecuting":true,"triggerEvent":"0x16ab1753"}|0x52d063f6
11:41:08.1 (18380796)|STATEMENT_EXECUTE|[25]
11:41:08.1 (18383672)|STATEMENT_EXECUTE|[26]
11:41:08.1 (18393700)|METHOD_ENTRY|[26]|01pg8000001LXzh|OrderHandler.checkActiveOrder()
11:41:08.1 (18412835)|VARIABLE_SCOPE_BEGIN|[30]|this|OrderHandler|true|false
11:41:08.1 (18570548)|VARIABLE_ASSIGNMENT|[30]|this|{"oldRecords":"0x7b043f2f","oldRecordsMap":"0x13e6b3ae","handlerName":"OrderHandler","isTriggerExecuting":true,"triggerEvent":"0x16ab1753"}|0x52d063f6
11:41:08.1 (18583106)|STATEMENT_EXECUTE|[30]
11:41:08.1 (18586308)|STATEMENT_EXECUTE|[31]
11:41:08.1 (18702093)|VARIABLE_SCOPE_BEGIN|[31]|listaParaValidar|List<Order>|true|false
11:41:08.1 (18717649)|VARIABLE_ASSIGNMENT|[31]|listaParaValidar|null|
11:41:08.1 (18741891)|STATEMENT_EXECUTE|[33]
11:41:08.1 (18745386)|STATEMENT_EXECUTE|[34]
11:41:08.1 (19390389)|VARIABLE_ASSIGNMENT|[34]|listaParaValidar|[{"Status":"Draft","LastModifiedDate":"2026-04-30T14:31:49.000Z","Country__c":"a03g8000004x8aeAAA","IsDeleted":false,"AccountId":"001g800000DSnO5AAL","FreightType__c":"CIF","OrderNumber":"00000134","TotalAmount":2460541.90,"StatusCode":"Draft","PaymentCondition__c":"a07g8000004MONnAAO","IsReductionOrder":false,"SystemModstamp":"2026-04-30T14:31:49.000Z","City__c":"a05g8000001KAc9AAG","OwnerId":"005g80000010N45AAE","CreatedById":"005g80000010N45AAE","DistributionCenter__c":"a06g8000000wkLpAAI","CreatedDate":"2026-04-30T14:31:48.000Z","Pricebook2Id":"01sg80000015mKTAAY","ExternalId__c":"order002","Id":"801g800000DSnO6AAL","LastModifiedById":"005g80000010N45AAE","State__c":"a04g8000000QmaTAAS","EffectiveDate":"2026-04-27T00:00:00.000Z"}]|0x7b043f2f
11:41:08.1 (19742256)|HEAP_ALLOCATE|[40]|Bytes:5
11:41:08.1 (19825982)|VARIABLE_SCOPE_BEGIN|[40]|pedido|Order|true|false
11:41:08.1 (20467847)|VARIABLE_ASSIGNMENT|[40]|pedido|{"Status":"Draft","LastModifiedDate":"2026-04-30T14:31:49.000Z","Country__c":"a03g8000004x8aeAAA","IsDeleted":false,"AccountId":"001g800000DSnO5AAL","FreightType__c":"CIF","OrderNumber":"00000134","TotalAmount":2460541.90,"StatusCode":"Draft","PaymentCondition__c":"a07g8000004MONnAAO","IsReductionOrder":false,"SystemModstamp":"2026-04-30T14:31:49.000Z","City__c":"a05g8000001KAc9AAG","OwnerId":"005g80000010N45AAE","CreatedById":"005g80000010N45AAE","DistributionCenter__c":"a06g8000000wkLpAAI","CreatedDate":"2026-04-30T14:31:48.000Z","Pricebook2Id":"01sg80000015mKTAAY","ExternalId__c":"order002","Id":"801g800000DSnO6AAL","LastModifiedById":"005g80000010N45AAE","State__c":"a04g8000000QmaTAAS","EffectiveDate":"2026-04-27T00:00:00.000Z"}|0x179ab978
11:41:08.1 (20582745)|STATEMENT_EXECUTE|[40]
11:41:08.1 (20592811)|STATEMENT_EXECUTE|[42]
11:41:08.1 (20742275)|VARIABLE_SCOPE_BEGIN|[42]|pedidoAntigo|Order|true|false
11:41:08.1 (21221159)|VARIABLE_ASSIGNMENT|[42]|pedidoAntigo|{"Status":"Draft","LastModifiedDate":"2026-04-30T14:31:49.000Z","Country__c":"a03g8000004x8aeAAA","IsDeleted":false,"AccountId":"001g800000DSnO5AAL","FreightType__c":"CIF","OrderNumber":"00000134","TotalAmount":2460541.90,"StatusCode":"Draft","PaymentCondition__c":"a07g8000004MONnAAO","IsReductionOrder":false,"SystemModstamp":"2026-04-30T14:31:49.000Z","City__c":"a05g8000001KAc9AAG","OwnerId":"005g80000010N45AAE","CreatedById":"005g80000010N45AAE","DistributionCenter__c":"a06g8000000wkLpAAI","CreatedDate":"2026-04-30T14:31:48.000Z","Pricebook2Id":"01sg80000015mKTAAY","ExternalId__c":"order002","Id":"801g800000DSnO6AAL","LastModifiedById":"005g80000010N45AAE","State__c":"a04g8000000QmaTAAS","EffectiveDate":"2026-04-27T00:00:00.000Z"}|0x179ab978
11:41:08.1 (21236656)|STATEMENT_EXECUTE|[45]
11:41:08.1 (21260690)|VARIABLE_SCOPE_BEGIN|[45]|validacaoStatus|String|false|false
11:41:08.1 (21274160)|VARIABLE_ASSIGNMENT|[45]|validacaoStatus|"Draft"
11:41:08.1 (21297845)|HEAP_ALLOCATE|[40]|Bytes:5
11:41:08.1 (21323210)|VARIABLE_ASSIGNMENT|[40]|pedido|null|
11:41:08.1 (21333273)|METHOD_EXIT|[26]|01pg8000001LXzh|OrderHandler.checkActiveOrder()
11:41:08.1 (21339235)|METHOD_EXIT|[143]|01pg8000001LXzh|OrderHandler.beforeDelete()
11:41:08.1 (21344683)|STATEMENT_EXECUTE|[158]
11:41:08.1 (21358119)|METHOD_ENTRY|[158]|01pg80000019iSf|TriggerHandler.andFinally()
11:41:08.1 (21390200)|VARIABLE_SCOPE_BEGIN|[746]|this|TriggerHandler|true|false
11:41:08.1 (21510305)|VARIABLE_ASSIGNMENT|[746]|this|{"oldRecords":"0x7b043f2f","oldRecordsMap":"0x13e6b3ae","handlerName":"OrderHandler","isTriggerExecuting":true,"triggerEvent":"0x16ab1753"}|0x52d063f6
11:41:08.1 (21519833)|STATEMENT_EXECUTE|[746]
11:41:08.1 (21525000)|METHOD_EXIT|[158]|01pg80000019iSf|TriggerHandler.andFinally()
11:41:08.1 (21532595)|STATEMENT_EXECUTE|[160]
11:41:08.1 (21536571)|STATEMENT_EXECUTE|[176]
11:41:08.1 (21540218)|METHOD_EXIT|[2]|01pg80000019iSf|TriggerHandler.run()
11:41:08.21 (21560183)|CUMULATIVE_LIMIT_USAGE
11:41:08.21 (21560183)|LIMIT_USAGE_FOR_NS|(default)|
  Number of SOQL queries: 0 out of 100
  Number of query rows: 0 out of 50000
  Number of SOSL queries: 0 out of 20
  Number of DML statements: 0 out of 150
  Number of Publish Immediate DML: 0 out of 150
  Number of DML rows: 0 out of 10000
  Maximum CPU time: 0 out of 10000
  Maximum heap size: 0 out of 6000000
  Number of callouts: 0 out of 100
  Number of Email Invocations: 0 out of 10
  Number of future calls: 0 out of 50
  Number of queueable jobs added to the queue: 0 out of 50
  Number of Mobile Apex push calls: 0 out of 10

11:41:08.21 (21560183)|CUMULATIVE_LIMIT_USAGE_END

11:41:08.1 (21776920)|CODE_UNIT_FINISHED|OrderTrigger on Order trigger event BeforeDelete|__sfdc_trigger/OrderTrigger
11:41:08.1 (250955855)|CODE_UNIT_STARTED|[EXTERNAL]|01qg8000000Fou9|OrdemItemTrigger on OrderItem trigger event BeforeDelete|__sfdc_trigger/OrdemItemTrigger
11:41:08.1 (251023599)|HEAP_ALLOCATE|[EXTERNAL]|Bytes:12
11:41:08.1 (251387363)|HEAP_ALLOCATE|[EXTERNAL]|Bytes:4
11:41:08.1 (251503385)|VARIABLE_SCOPE_BEGIN|[1]|this|OrdemItemTrigger|true|false
11:41:08.1 (251637953)|VARIABLE_ASSIGNMENT|[1]|this|{}|0x6b04656d
11:41:08.1 (251688632)|HEAP_ALLOCATE|[EXTERNAL]|Bytes:4
11:41:08.1 (251700092)|VARIABLE_SCOPE_BEGIN|[1]|this|OrdemItemTrigger|true|false
11:41:08.1 (251719438)|VARIABLE_ASSIGNMENT|[1]|this|{}|0x6b04656d
11:41:08.1 (251744209)|STATEMENT_EXECUTE|[1]
11:41:08.1 (251958715)|STATEMENT_EXECUTE|[2]
11:41:08.1 (254489737)|HEAP_ALLOCATE|[2]|Bytes:21
11:41:08.1 (254518563)|HEAP_ALLOCATE|[2]|Bytes:6
11:41:08.1 (254560410)|METHOD_ENTRY|[1]|01pg8000001EZwd|OrdemItemHandler.OrdemItemHandler()
11:41:08.1 (254603280)|STATEMENT_EXECUTE|[1]
11:41:08.1 (254614030)|STATEMENT_EXECUTE|[1]
11:41:08.1 (254622210)|METHOD_EXIT|[1]|OrdemItemHandler
11:41:08.1 (254921671)|HEAP_ALLOCATE|[2]|Bytes:32
11:41:08.1 (254983819)|CONSTRUCTOR_ENTRY|[2]|01pg8000001EZwd|<init>()|OrdemItemHandler
11:41:08.1 (255066241)|VARIABLE_SCOPE_BEGIN|[9]|this|OrdemItemHandler|true|false
11:41:08.1 (255177899)|VARIABLE_ASSIGNMENT|[9]|this|{}|0x48a0d705
11:41:08.1 (255195044)|STATEMENT_EXECUTE|[1]
11:41:08.1 (255197363)|STATEMENT_EXECUTE|[3]
11:41:08.1 (255199311)|STATEMENT_EXECUTE|[4]
11:41:08.1 (255200926)|STATEMENT_EXECUTE|[5]
11:41:08.1 (255202376)|STATEMENT_EXECUTE|[6]
11:41:08.1 (255204011)|STATEMENT_EXECUTE|[10]
11:41:08.1 (255210481)|HEAP_ALLOCATE|[10]|Bytes:16
11:41:08.1 (255225117)|CONSTRUCTOR_ENTRY|[10]|01pg80000019iSf|<init>(String)|TriggerHandler
11:41:08.1 (255265662)|VARIABLE_SCOPE_BEGIN|[107]|this|TriggerHandler|true|false
11:41:08.1 (255293225)|VARIABLE_ASSIGNMENT|[107]|this|{}|0x48a0d705
11:41:08.1 (255457501)|VARIABLE_SCOPE_BEGIN|[107]|handlerName|String|false|false
11:41:08.1 (255476664)|VARIABLE_ASSIGNMENT|[107]|handlerName|"OrderItemHandler"
11:41:08.1 (255484017)|STATEMENT_EXECUTE|[15]
11:41:08.1 (255492946)|STATEMENT_EXECUTE|[50]
11:41:08.1 (255495136)|STATEMENT_EXECUTE|[57]
11:41:08.1 (255497540)|STATEMENT_EXECUTE|[671]
11:41:08.1 (255530809)|STATEMENT_EXECUTE|[107]
11:41:08.1 (255533179)|STATEMENT_EXECUTE|[108]
11:41:08.1 (255543248)|STATEMENT_EXECUTE|[109]
11:41:08.1 (255560037)|METHOD_ENTRY|[109]|01pg80000019iSf|TriggerHandler.setTriggerContext()
11:41:08.1 (255570945)|VARIABLE_SCOPE_BEGIN|[565]|this|TriggerHandler|true|false
11:41:08.1 (255927211)|VARIABLE_ASSIGNMENT|[565]|this|{"handlerName":"OrderItemHandler"}|0x48a0d705
11:41:08.1 (255934398)|STATEMENT_EXECUTE|[565]
11:41:08.1 (255936056)|STATEMENT_EXECUTE|[566]
11:41:08.1 (255999511)|HEAP_ALLOCATE|[566]|Bytes:16
11:41:08.1 (256021858)|METHOD_ENTRY|[566]|01pg80000019iSf|TriggerHandler.setTriggerContext(System.TriggerOperation, Boolean)
11:41:08.1 (256029488)|VARIABLE_SCOPE_BEGIN|[582]|this|TriggerHandler|true|false
11:41:08.1 (256055384)|VARIABLE_ASSIGNMENT|[582]|this|{"handlerName":"OrderItemHandler"}|0x48a0d705
11:41:08.1 (256061269)|VARIABLE_SCOPE_BEGIN|[582]|opType|System.TriggerOperation|true|false
11:41:08.1 (256079350)|VARIABLE_ASSIGNMENT|[582]|opType|"BEFORE_DELETE"|0x16ab1753
11:41:08.1 (256089701)|VARIABLE_SCOPE_BEGIN|[582]|testMode|Boolean|false|false
11:41:08.1 (256098689)|VARIABLE_ASSIGNMENT|[582]|testMode|false
11:41:08.1 (256104496)|STATEMENT_EXECUTE|[582]
11:41:08.1 (256113260)|STATEMENT_EXECUTE|[586]
11:41:08.1 (256114606)|STATEMENT_EXECUTE|[587]
11:41:08.1 (256117863)|HEAP_ALLOCATE|[587]|Bytes:5
11:41:08.1 (256338786)|STATEMENT_EXECUTE|[590]
11:41:08.1 (256358604)|STATEMENT_EXECUTE|[592]
11:41:08.1 (256375947)|HEAP_ALLOCATE|[592]|Bytes:16
11:41:08.1 (256406455)|STATEMENT_EXECUTE|[595]
11:41:08.1 (256649722)|VARIABLE_SCOPE_BEGIN|[595]|context|String|false|false
11:41:08.1 (256694429)|VARIABLE_ASSIGNMENT|[595]|context|"BEFORE_DELETE"
11:41:08.1 (256698343)|STATEMENT_EXECUTE|[597]
11:41:08.1 (256734176)|STATEMENT_EXECUTE|[604]
11:41:08.1 (256735641)|STATEMENT_EXECUTE|[605]
11:41:08.1 (256765379)|METHOD_EXIT|[566]|01pg80000019iSf|TriggerHandler.setTriggerContext(System.TriggerOperation, Boolean)
11:41:08.1 (256769628)|METHOD_EXIT|[109]|01pg80000019iSf|TriggerHandler.setTriggerContext()
11:41:08.1 (256781359)|CONSTRUCTOR_EXIT|[10]|01pg80000019iSf|<init>(String)|TriggerHandler
11:41:08.1 (256786744)|STATEMENT_EXECUTE|[9]
11:41:08.1 (256788461)|STATEMENT_EXECUTE|[11]
11:41:08.1 (256813950)|VARIABLE_ASSIGNMENT|[11]|this.newRecords|null|0x48a0d705
11:41:08.1 (256817546)|STATEMENT_EXECUTE|[12]
11:41:08.1 (269381874)|VARIABLE_ASSIGNMENT|[12]|this.oldRecords|[{"LastModifiedDate":"2026-04-30T14:31:20.000Z","DiscountPercentage__c":-0.104397826675968695966313739297976,"DiscountValue__c":-127614.40,"FinalPrice__c":1222385.60,"ListPrice":1350000.00,"AvailableQuantity":2.00,"PriceWithoutMargin__c":1062944.00,"FreightValue__c":800.00,"CreatedById":"005g80000010N45AAE","MarginPercentage__c":15.00,"Product_Code_Display__c":"P003","IsDeleted":false,"Quantity":2.00,"TaxPercentage__c":18.00,"OrderId":"801g800000DSRXTAA5","OrderItemNumber":"0000000169","SystemModstamp":"2026-04-30T14:31:20.000Z","UnitPrice":1222385.60,"Product2Id":"01tg8000001BArVAAW","ProductionCost__c":900000.00,"PricebookEntryId":"01ug8000000XnbRAAS","TotalPrice":2444771.20,"CreatedDate":"2026-04-30T14:31:20.000Z","Id":"802g8000003YDqjAAG","LastModifiedById":"005g80000010N45AAE"},{"LastModifiedDate":"2026-04-30T14:31:20.000Z","DiscountPercentage__c":-0.236470163023835340219521010481462,"DiscountValue__c":-3729.30,"FinalPrice__c":15770.70,"ListPrice":19500.00,"AvailableQuantity":1.00,"PriceWithoutMargin__c":14337.00,"FreightValue__c":150.00,"CreatedById":"005g80000010N45AAE","MarginPercentage__c":10.00,"Product_Code_Display__c":"P010","IsDeleted":false,"Quantity":1.00,"TaxPercentage__c":18.00,"OrderId":"801g800000DSRXTAA5","OrderItemNumber":"0000000170","SystemModstamp":"2026-04-30T14:31:20.000Z","UnitPrice":15770.70,"Product2Id":"01tg8000001BArcAAG","ProductionCost__c":12000.00,"PricebookEntryId":"01ug8000000XoZ7AAK","TotalPrice":15770.70,"CreatedDate":"2026-04-30T14:31:20.000Z","Id":"802g8000003YDqkAAG","LastModifiedById":"005g80000010N45AAE"}]|0x48a0d705
11:41:08.1 (269446823)|STATEMENT_EXECUTE|[13]
11:41:08.1 (269516624)|VARIABLE_ASSIGNMENT|[13]|this.newRecordsMap|null|0x48a0d705
11:41:08.1 (269521717)|STATEMENT_EXECUTE|[14]
11:41:08.1 (270216469)|VARIABLE_ASSIGNMENT|[14]|this.oldRecordsMap|{"802g8000003YDqjAAG":{"LastModifiedDate":"2026-04-30T14:31:20.000Z","DiscountPercentage__c":-0.104397826675968695966313739297976,"DiscountValue__c":-127614.40,"FinalPrice__c":1222385.60,"ListPrice":1350000.00,"AvailableQuantity":2.00,"PriceWithoutMargin__c":1062944.00,"FreightValue__c":800.00,"CreatedById":"005g80000010N45AAE","MarginPercentage__c":15.00,"Product_Code_Display__c":"P003","IsDeleted":false,"Quantity":2.00,"TaxPercentage__c":18.00,"OrderId":"801g800000DSRXTAA5","OrderItemNumber":"0000000169","SystemModstamp":"2026-04-30T14:31:20.000Z","UnitPrice":1222385.60,"Product2Id":"01tg8000001BArVAAW","ProductionCost__c":900000.00,"PricebookEntryId":"01ug8000000XnbRAAS","TotalPrice":2444771.20,"CreatedDate":"2026-04-30T14:31:20.000Z","Id":"802g8000003YDqjAAG","LastModifiedById":"005g80000010N45AAE"},"802g8000003YDqkAAG":{"LastModifiedDate":"2026-04-30T14:31:20.000Z","DiscountPercentage__c":-0.236470163023835340219521010481462,"DiscountValue__c":-3729.30,"FinalPrice__c":15770.70,"ListPrice":19500.00,"AvailableQuantity":1.00,"PriceWithoutMargin__c":14337.00,"FreightValue__c":150.00,"CreatedById":"005g80000010N45AAE","MarginPercentage__c":10.00,"Product_Code_Display__c":"P010","IsDeleted":false,"Quantity":1.00,"TaxPercentage__c":18.00,"OrderId":"801g800000DSRXTAA5","OrderItemNumber":"0000000170","SystemModstamp":"2026-04-30T14:31:20.000Z","UnitPrice":15770.70,"Product2Id":"01tg8000001BArcAAG","ProductionCost__c":12000.00,"PricebookEntryId":"01ug8000000XoZ7AAK","TotalPrice":15770.70,"CreatedDate":"2026-04-30T14:31:20.000Z","Id":"802g8000003YDqkAAG","LastModifiedById":"005g80000010N45AAE"}}|0x48a0d705
11:41:08.1 (270250747)|CONSTRUCTOR_EXIT|[2]|01pg8000001EZwd|<init>()|OrdemItemHandler
11:41:08.1 (270292144)|METHOD_ENTRY|[2]|01pg80000019iSf|TriggerHandler.run()
11:41:08.1 (270350787)|VARIABLE_SCOPE_BEGIN|[120]|this|TriggerHandler|true|false
11:41:08.1 (270715743)|VARIABLE_ASSIGNMENT|[120]|this|{"oldRecords":"0x7aabe101","oldRecordsMap":"0x117c5d63","handlerName":"OrderItemHandler","isTriggerExecuting":true,"triggerEvent":"0x16ab1753"}|0x48a0d705
11:41:08.1 (270728644)|STATEMENT_EXECUTE|[120]
11:41:08.1 (270736918)|METHOD_ENTRY|[121]|01pg80000019iSf|TriggerHandler.validateRun()
11:41:08.1 (270746858)|VARIABLE_SCOPE_BEGIN|[661]|this|TriggerHandler|true|false
11:41:08.1 (270958753)|VARIABLE_ASSIGNMENT|[661]|this|{"oldRecords":"0x7aabe101","oldRecordsMap":"0x117c5d63","handlerName":"OrderItemHandler","isTriggerExecuting":true,"triggerEvent":"0x16ab1753"}|0x48a0d705
11:41:08.1 (270965763)|STATEMENT_EXECUTE|[661]
11:41:08.1 (270975273)|STATEMENT_EXECUTE|[662]
11:41:08.1 (270977042)|STATEMENT_EXECUTE|[665]
11:41:08.1 (270985553)|METHOD_ENTRY|[665]|01pg80000019iSf|TriggerHandler.getHandlerName()
11:41:08.1 (270992505)|VARIABLE_SCOPE_BEGIN|[680]|this|TriggerHandler|true|false
11:41:08.1 (271024010)|VARIABLE_ASSIGNMENT|[680]|this|{"oldRecords":"0x7aabe101","oldRecordsMap":"0x117c5d63","handlerName":"OrderItemHandler","isTriggerExecuting":true,"triggerEvent":"0x16ab1753"}|0x48a0d705
11:41:08.1 (271037477)|STATEMENT_EXECUTE|[680]
11:41:08.1 (271066975)|STATEMENT_EXECUTE|[681]
11:41:08.1 (271068498)|STATEMENT_EXECUTE|[684]
11:41:08.1 (271073097)|METHOD_EXIT|[665]|01pg80000019iSf|TriggerHandler.getHandlerName()
11:41:08.1 (271091874)|METHOD_EXIT|[121]|01pg80000019iSf|TriggerHandler.validateRun()
11:41:08.1 (271095309)|STATEMENT_EXECUTE|[121]
11:41:08.1 (271099251)|METHOD_ENTRY|[126]|01pg80000019iSf|TriggerHandler.incrementCheckLoopCount()
11:41:08.1 (271109428)|VARIABLE_SCOPE_BEGIN|[634]|this|TriggerHandler|true|false
11:41:08.1 (271136633)|VARIABLE_ASSIGNMENT|[634]|this|{"oldRecords":"0x7aabe101","oldRecordsMap":"0x117c5d63","handlerName":"OrderItemHandler","isTriggerExecuting":true,"triggerEvent":"0x16ab1753"}|0x48a0d705
11:41:08.1 (271142299)|STATEMENT_EXECUTE|[634]
11:41:08.1 (271143791)|STATEMENT_EXECUTE|[635]
11:41:08.1 (271147678)|METHOD_ENTRY|[635]|01pg80000019iSf|TriggerHandler.getHandlerName()
11:41:08.1 (271153131)|VARIABLE_SCOPE_BEGIN|[680]|this|TriggerHandler|true|false
11:41:08.1 (271174401)|VARIABLE_ASSIGNMENT|[680]|this|{"oldRecords":"0x7aabe101","oldRecordsMap":"0x117c5d63","handlerName":"OrderItemHandler","isTriggerExecuting":true,"triggerEvent":"0x16ab1753"}|0x48a0d705
11:41:08.1 (271178800)|STATEMENT_EXECUTE|[680]
11:41:08.1 (271187789)|STATEMENT_EXECUTE|[681]
11:41:08.1 (271188948)|STATEMENT_EXECUTE|[684]
11:41:08.1 (271190987)|METHOD_EXIT|[635]|01pg80000019iSf|TriggerHandler.getHandlerName()
11:41:08.1 (271194028)|VARIABLE_SCOPE_BEGIN|[635]|handlerName|String|false|false
11:41:08.1 (271210998)|VARIABLE_ASSIGNMENT|[635]|handlerName|"OrderItemHandler"
11:41:08.1 (271223053)|STATEMENT_EXECUTE|[636]
11:41:08.1 (271224383)|STATEMENT_EXECUTE|[649]
11:41:08.1 (271226586)|METHOD_EXIT|[126]|01pg80000019iSf|TriggerHandler.incrementCheckLoopCount()
11:41:08.1 (271229957)|STATEMENT_EXECUTE|[126]
11:41:08.1 (271233256)|STATEMENT_EXECUTE|[130]
11:41:08.1 (271234398)|STATEMENT_EXECUTE|[135]
11:41:08.1 (271296048)|STATEMENT_EXECUTE|[142]
11:41:08.1 (271297368)|STATEMENT_EXECUTE|[143]
11:41:08.1 (271307522)|METHOD_ENTRY|[143]|01pg8000001EZwd|OrdemItemHandler.beforeDelete()
11:41:08.1 (271320863)|VARIABLE_SCOPE_BEGIN|[30]|this|OrdemItemHandler|true|false
11:41:08.1 (271361018)|VARIABLE_ASSIGNMENT|[30]|this|{"oldRecords":"0x7aabe101","oldRecordsMap":"0x117c5d63","handlerName":"OrderItemHandler","isTriggerExecuting":true,"triggerEvent":"0x16ab1753"}|0x48a0d705
11:41:08.1 (271389437)|STATEMENT_EXECUTE|[30]
11:41:08.1 (271391913)|STATEMENT_EXECUTE|[31]
11:41:08.1 (271402212)|METHOD_ENTRY|[31]|01pg8000001EZwd|OrdemItemHandler.checkActiveOrderItem()
11:41:08.1 (271447541)|VARIABLE_SCOPE_BEGIN|[181]|this|OrdemItemHandler|true|false
11:41:08.1 (271647183)|VARIABLE_ASSIGNMENT|[181]|this|{"oldRecords":"0x7aabe101","oldRecordsMap":"0x117c5d63","handlerName":"OrderItemHandler","isTriggerExecuting":true,"triggerEvent":"0x16ab1753"}|0x48a0d705
11:41:08.1 (271654489)|STATEMENT_EXECUTE|[181]
11:41:08.1 (271656016)|STATEMENT_EXECUTE|[182]
11:41:08.1 (271691494)|VARIABLE_SCOPE_BEGIN|[182]|listaParaValidar|List<OrderItem>|true|false
11:41:08.1 (271704158)|VARIABLE_ASSIGNMENT|[182]|listaParaValidar|null|
11:41:08.1 (271707741)|STATEMENT_EXECUTE|[183]
11:41:08.1 (271729602)|HEAP_ALLOCATE|[183]|Bytes:4
11:41:08.1 (271775307)|VARIABLE_SCOPE_BEGIN|[183]|idOrders|Set<Id>|true|false
11:41:08.1 (271813041)|VARIABLE_ASSIGNMENT|[183]|idOrders|[]|0x4fafb608
11:41:08.1 (271816968)|STATEMENT_EXECUTE|[184]
11:41:08.1 (271827813)|HEAP_ALLOCATE|[184]|Bytes:4
11:41:08.1 (271837607)|VARIABLE_SCOPE_BEGIN|[184]|idMapOrders|Map<Id,Order>|true|false
11:41:08.1 (271851779)|VARIABLE_ASSIGNMENT|[184]|idMapOrders|{}|0x15a275a3
11:41:08.1 (271864986)|STATEMENT_EXECUTE|[186]
11:41:08.1 (271866554)|STATEMENT_EXECUTE|[187]
11:41:08.1 (272712225)|VARIABLE_ASSIGNMENT|[187]|listaParaValidar|[{"LastModifiedDate":"2026-04-30T14:31:20.000Z","DiscountPercentage__c":-0.104397826675968695966313739297976,"DiscountValue__c":-127614.40,"FinalPrice__c":1222385.60,"ListPrice":1350000.00,"AvailableQuantity":2.00,"PriceWithoutMargin__c":1062944.00,"FreightValue__c":800.00,"CreatedById":"005g80000010N45AAE","MarginPercentage__c":15.00,"Product_Code_Display__c":"P003","IsDeleted":false,"Quantity":2.00,"TaxPercentage__c":18.00,"OrderId":"801g800000DSRXTAA5","OrderItemNumber":"0000000169","SystemModstamp":"2026-04-30T14:31:20.000Z","UnitPrice":1222385.60,"Product2Id":"01tg8000001BArVAAW","ProductionCost__c":900000.00,"PricebookEntryId":"01ug8000000XnbRAAS","TotalPrice":2444771.20,"CreatedDate":"2026-04-30T14:31:20.000Z","Id":"802g8000003YDqjAAG","LastModifiedById":"005g80000010N45AAE"},{"LastModifiedDate":"2026-04-30T14:31:20.000Z","DiscountPercentage__c":-0.236470163023835340219521010481462,"DiscountValue__c":-3729.30,"FinalPrice__c":15770.70,"ListPrice":19500.00,"AvailableQuantity":1.00,"PriceWithoutMargin__c":14337.00,"FreightValue__c":150.00,"CreatedById":"005g80000010N45AAE","MarginPercentage__c":10.00,"Product_Code_Display__c":"P010","IsDeleted":false,"Quantity":1.00,"TaxPercentage__c":18.00,"OrderId":"801g800000DSRXTAA5","OrderItemNumber":"0000000170","SystemModstamp":"2026-04-30T14:31:20.000Z","UnitPrice":15770.70,"Product2Id":"01tg8000001BArcAAG","ProductionCost__c":12000.00,"PricebookEntryId":"01ug8000000XoZ7AAK","TotalPrice":15770.70,"CreatedDate":"2026-04-30T14:31:20.000Z","Id":"802g8000003YDqkAAG","LastModifiedById":"005g80000010N45AAE"}]|0x7aabe101
11:41:08.1 (272925824)|HEAP_ALLOCATE|[192]|Bytes:5
11:41:08.1 (272999346)|VARIABLE_SCOPE_BEGIN|[192]|ot|OrderItem|true|false
11:41:08.1 (273354342)|VARIABLE_ASSIGNMENT|[192]|ot|{"LastModifiedDate":"2026-04-30T14:31:20.000Z","DiscountPercentage__c":-0.104397826675968695966313739297976,"DiscountValue__c":-127614.40,"FinalPrice__c":1222385.60,"ListPrice":1350000.00,"AvailableQuantity":2.00,"PriceWithoutMargin__c":1062944.00,"FreightValue__c":800.00,"CreatedById":"005g80000010N45AAE","MarginPercentage__c":15.00,"Product_Code_Display__c":"P003","IsDeleted":false,"Quantity":2.00,"TaxPercentage__c":18.00,"OrderId":"801g800000DSRXTAA5","OrderItemNumber":"0000000169","SystemModstamp":"2026-04-30T14:31:20.000Z","UnitPrice":1222385.60,"Product2Id":"01tg8000001BArVAAW","ProductionCost__c":900000.00,"PricebookEntryId":"01ug8000000XnbRAAS","TotalPrice":2444771.20,"CreatedDate":"2026-04-30T14:31:20.000Z","Id":"802g8000003YDqjAAG","LastModifiedById":"005g80000010N45AAE"}|0x36d96f4b
11:41:08.1 (273370193)|STATEMENT_EXECUTE|[192]
11:41:08.1 (273372189)|STATEMENT_EXECUTE|[193]
11:41:08.1 (273431647)|HEAP_ALLOCATE|[EXTERNAL]|Bytes:4
11:41:08.1 (273446837)|HEAP_ALLOCATE|[192]|Bytes:5
11:41:08.1 (273459790)|VARIABLE_SCOPE_BEGIN|[192]|ot|OrderItem|true|false
11:41:08.1 (273785967)|VARIABLE_ASSIGNMENT|[192]|ot|{"LastModifiedDate":"2026-04-30T14:31:20.000Z","DiscountPercentage__c":-0.236470163023835340219521010481462,"DiscountValue__c":-3729.30,"FinalPrice__c":15770.70,"ListPrice":19500.00,"AvailableQuantity":1.00,"PriceWithoutMargin__c":14337.00,"FreightValue__c":150.00,"CreatedById":"005g80000010N45AAE","MarginPercentage__c":10.00,"Product_Code_Display__c":"P010","IsDeleted":false,"Quantity":1.00,"TaxPercentage__c":18.00,"OrderId":"801g800000DSRXTAA5","OrderItemNumber":"0000000170","SystemModstamp":"2026-04-30T14:31:20.000Z","UnitPrice":15770.70,"Product2Id":"01tg8000001BArcAAG","ProductionCost__c":12000.00,"PricebookEntryId":"01ug8000000XoZ7AAK","TotalPrice":15770.70,"CreatedDate":"2026-04-30T14:31:20.000Z","Id":"802g8000003YDqkAAG","LastModifiedById":"005g80000010N45AAE"}|0x34880140
11:41:08.1 (273797353)|STATEMENT_EXECUTE|[192]
11:41:08.1 (273798753)|STATEMENT_EXECUTE|[193]
11:41:08.1 (273806894)|HEAP_ALLOCATE|[EXTERNAL]|Bytes:4
11:41:08.1 (273815157)|HEAP_ALLOCATE|[192]|Bytes:5
11:41:08.1 (273830429)|VARIABLE_ASSIGNMENT|[192]|ot|null|
11:41:08.1 (273834685)|STATEMENT_EXECUTE|[196]
11:41:08.1 (275818724)|HEAP_ALLOCATE|[196]|Bytes:1
11:41:08.1 (275866885)|METHOD_ENTRY|[1]|01pg8000001w1Md|OrderSelector.OrderSelector()
11:41:08.1 (275875201)|STATEMENT_EXECUTE|[1]
11:41:08.1 (275882209)|STATEMENT_EXECUTE|[1]
11:41:08.1 (275889536)|METHOD_EXIT|[1]|OrderSelector
11:41:08.1 (275920336)|METHOD_ENTRY|[196]|01pg8000001w1Md|OrderSelector.getOrdersByIds(Set<Id>)
11:41:08.1 (276028450)|VARIABLE_SCOPE_BEGIN|[2]|ids|Set<Id>|true|false
11:41:08.1 (276077951)|VARIABLE_ASSIGNMENT|[2]|ids|["801g800000DSRXTAA5"]|0x4fafb608
11:41:08.1 (276084791)|STATEMENT_EXECUTE|[2]
11:41:08.1 (276086123)|STATEMENT_EXECUTE|[3]
11:41:08.1 (276098792)|HEAP_ALLOCATE|[3]|Bytes:4
11:41:08.1 (276106441)|HEAP_ALLOCATE|[3]|Bytes:113
11:41:08.1 (276116276)|HEAP_ALLOCATE|[3]|Bytes:4
11:41:08.1 (276125805)|HEAP_ALLOCATE|[3]|Bytes:7
11:41:08.1 (276900375)|SOQL_EXECUTE_BEGIN|[3]|Aggregations:0|SELECT Id, DistributionCenter__c, State__c, City__c, Country__c, AccountId, Status FROM Order WHERE Id = :tmpVar1
11:41:08.1 (284760908)|SOQL_EXECUTE_END|[3]|Rows:1
11:41:08.1 (284800465)|HEAP_ALLOCATE|[3]|Bytes:8
11:41:08.1 (284818663)|HEAP_ALLOCATE|[3]|Bytes:209
11:41:08.1 (284872628)|HEAP_ALLOCATE|[3]|Bytes:8
11:41:08.1 (284916027)|HEAP_ALLOCATE|[3]|Bytes:32
11:41:08.1 (284936538)|HEAP_ALLOCATE|[3]|Bytes:4
11:41:08.1 (284961630)|METHOD_EXIT|[196]|01pg8000001w1Md|OrderSelector.getOrdersByIds(Set<Id>)
11:41:08.1 (285131127)|VARIABLE_ASSIGNMENT|[196]|idMapOrders|{"801g800000DSRXTAA5":{"Status":"Draft","City__c":"a05g8000001KAc9AAG","Country__c":"a03g8000004x8aeAAA","AccountId":"001g800000DSRXSAA5","DistributionCenter__c":"a06g8000000wkLpAAI","Id":"801g800000DSRXTAA5","State__c":"a04g8000000QmaTAAS"}}|0x3c5e2a4e
11:41:08.1 (285223161)|HEAP_ALLOCATE|[198]|Bytes:5
11:41:08.1 (285247847)|VARIABLE_SCOPE_BEGIN|[198]|ot|OrderItem|true|false
11:41:08.1 (285758574)|VARIABLE_ASSIGNMENT|[198]|ot|{"LastModifiedDate":"2026-04-30T14:31:20.000Z","DiscountPercentage__c":-0.104397826675968695966313739297976,"DiscountValue__c":-127614.40,"FinalPrice__c":1222385.60,"ListPrice":1350000.00,"AvailableQuantity":2.00,"PriceWithoutMargin__c":1062944.00,"FreightValue__c":800.00,"CreatedById":"005g80000010N45AAE","MarginPercentage__c":15.00,"Product_Code_Display__c":"P003","IsDeleted":false,"Quantity":2.00,"TaxPercentage__c":18.00,"OrderId":"801g800000DSRXTAA5","OrderItemNumber":"0000000169","SystemModstamp":"2026-04-30T14:31:20.000Z","UnitPrice":1222385.60,"Product2Id":"01tg8000001BArVAAW","ProductionCost__c":900000.00,"PricebookEntryId":"01ug8000000XnbRAAS","TotalPrice":2444771.20,"CreatedDate":"2026-04-30T14:31:20.000Z","Id":"802g8000003YDqjAAG","LastModifiedById":"005g80000010N45AAE"}|0x36d96f4b
11:41:08.1 (285780935)|STATEMENT_EXECUTE|[198]
11:41:08.1 (285783055)|STATEMENT_EXECUTE|[199]
11:41:08.1 (285839659)|VARIABLE_SCOPE_BEGIN|[199]|pedido|Order|true|false
11:41:08.1 (285899773)|VARIABLE_ASSIGNMENT|[199]|pedido|{"Status":"Draft","City__c":"a05g8000001KAc9AAG","Country__c":"a03g8000004x8aeAAA","AccountId":"001g800000DSRXSAA5","DistributionCenter__c":"a06g8000000wkLpAAI","Id":"801g800000DSRXTAA5","State__c":"a04g8000000QmaTAAS"}|0x4c5e2ff9
11:41:08.1 (285915703)|HEAP_ALLOCATE|[200]|Bytes:5
11:41:08.1 (285945966)|STATEMENT_EXECUTE|[200]
11:41:08.1 (285956375)|HEAP_ALLOCATE|[198]|Bytes:5
11:41:08.1 (285978750)|VARIABLE_SCOPE_BEGIN|[198]|ot|OrderItem|true|false
11:41:08.1 (286372373)|VARIABLE_ASSIGNMENT|[198]|ot|{"LastModifiedDate":"2026-04-30T14:31:20.000Z","DiscountPercentage__c":-0.236470163023835340219521010481462,"DiscountValue__c":-3729.30,"FinalPrice__c":15770.70,"ListPrice":19500.00,"AvailableQuantity":1.00,"PriceWithoutMargin__c":14337.00,"FreightValue__c":150.00,"CreatedById":"005g80000010N45AAE","MarginPercentage__c":10.00,"Product_Code_Display__c":"P010","IsDeleted":false,"Quantity":1.00,"TaxPercentage__c":18.00,"OrderId":"801g800000DSRXTAA5","OrderItemNumber":"0000000170","SystemModstamp":"2026-04-30T14:31:20.000Z","UnitPrice":15770.70,"Product2Id":"01tg8000001BArcAAG","ProductionCost__c":12000.00,"PricebookEntryId":"01ug8000000XoZ7AAK","TotalPrice":15770.70,"CreatedDate":"2026-04-30T14:31:20.000Z","Id":"802g8000003YDqkAAG","LastModifiedById":"005g80000010N45AAE"}|0x34880140
11:41:08.1 (286385482)|STATEMENT_EXECUTE|[198]
11:41:08.1 (286387168)|STATEMENT_EXECUTE|[199]
11:41:08.1 (286404964)|VARIABLE_SCOPE_BEGIN|[199]|pedido|Order|true|false
11:41:08.1 (286451410)|VARIABLE_ASSIGNMENT|[199]|pedido|{"Status":"Draft","City__c":"a05g8000001KAc9AAG","Country__c":"a03g8000004x8aeAAA","AccountId":"001g800000DSRXSAA5","DistributionCenter__c":"a06g8000000wkLpAAI","Id":"801g800000DSRXTAA5","State__c":"a04g8000000QmaTAAS"}|0x4c5e2ff9
11:41:08.1 (286465637)|STATEMENT_EXECUTE|[200]
11:41:08.1 (286473439)|HEAP_ALLOCATE|[198]|Bytes:5
11:41:08.1 (286502880)|VARIABLE_ASSIGNMENT|[198]|ot|null|
11:41:08.1 (286511430)|METHOD_EXIT|[31]|01pg8000001EZwd|OrdemItemHandler.checkActiveOrderItem()
11:41:08.1 (286518095)|METHOD_EXIT|[143]|01pg8000001EZwd|OrdemItemHandler.beforeDelete()
11:41:08.1 (286522318)|STATEMENT_EXECUTE|[158]
11:41:08.1 (286532274)|METHOD_ENTRY|[158]|01pg80000019iSf|TriggerHandler.andFinally()
11:41:08.1 (286555154)|VARIABLE_SCOPE_BEGIN|[746]|this|TriggerHandler|true|false
11:41:08.1 (286640548)|VARIABLE_ASSIGNMENT|[746]|this|{"oldRecords":"0x7aabe101","oldRecordsMap":"0x117c5d63","handlerName":"OrderItemHandler","isTriggerExecuting":true,"triggerEvent":"0x16ab1753"}|0x48a0d705
11:41:08.1 (286647609)|STATEMENT_EXECUTE|[746]
11:41:08.1 (286650263)|METHOD_EXIT|[158]|01pg80000019iSf|TriggerHandler.andFinally()
11:41:08.1 (286654637)|STATEMENT_EXECUTE|[160]
11:41:08.1 (286657777)|STATEMENT_EXECUTE|[176]
11:41:08.1 (286661140)|METHOD_EXIT|[2]|01pg80000019iSf|TriggerHandler.run()
11:41:08.286 (286670793)|CUMULATIVE_LIMIT_USAGE
11:41:08.286 (286670793)|LIMIT_USAGE_FOR_NS|(default)|
  Number of SOQL queries: 1 out of 100
  Number of query rows: 1 out of 50000
  Number of SOSL queries: 0 out of 20
  Number of DML statements: 0 out of 150
  Number of Publish Immediate DML: 0 out of 150
  Number of DML rows: 0 out of 10000
  Maximum CPU time: 0 out of 10000
  Maximum heap size: 0 out of 6000000
  Number of callouts: 0 out of 100
  Number of Email Invocations: 0 out of 10
  Number of future calls: 0 out of 50
  Number of queueable jobs added to the queue: 0 out of 50
  Number of Mobile Apex push calls: 0 out of 10

11:41:08.286 (286670793)|CUMULATIVE_LIMIT_USAGE_END

11:41:08.1 (286851286)|CODE_UNIT_FINISHED|OrdemItemTrigger on OrderItem trigger event BeforeDelete|__sfdc_trigger/OrdemItemTrigger
11:41:08.1 (342365975)|CODE_UNIT_STARTED|[EXTERNAL]|01qg8000000GdOn|OrderTrigger on Order trigger event BeforeUpdate|__sfdc_trigger/OrderTrigger
11:41:08.1 (342428796)|HEAP_ALLOCATE|[EXTERNAL]|Bytes:8
11:41:08.1 (342496180)|HEAP_ALLOCATE|[EXTERNAL]|Bytes:8
11:41:08.1 (342578957)|HEAP_ALLOCATE|[EXTERNAL]|Bytes:4
11:41:08.1 (342693580)|VARIABLE_SCOPE_BEGIN|[1]|this|OrderTrigger|true|false
11:41:08.1 (342799270)|VARIABLE_ASSIGNMENT|[1]|this|{}|0x5c43e5e
11:41:08.1 (342828654)|HEAP_ALLOCATE|[EXTERNAL]|Bytes:4
11:41:08.1 (342836651)|VARIABLE_SCOPE_BEGIN|[1]|this|OrderTrigger|true|false
11:41:08.1 (342853280)|VARIABLE_ASSIGNMENT|[1]|this|{}|0x5c43e5e
11:41:08.1 (342870099)|STATEMENT_EXECUTE|[1]
11:41:08.1 (342909003)|STATEMENT_EXECUTE|[2]
11:41:08.1 (342916353)|HEAP_ALLOCATE|[2]|Bytes:32
11:41:08.1 (342941571)|CONSTRUCTOR_ENTRY|[2]|01pg8000001LXzh|<init>()|OrderHandler
11:41:08.1 (342954120)|VARIABLE_SCOPE_BEGIN|[8]|this|OrderHandler|true|false
11:41:08.1 (343002053)|VARIABLE_ASSIGNMENT|[8]|this|{}|0x5bf2f7d7
11:41:08.1 (343007509)|STATEMENT_EXECUTE|[1]
11:41:08.1 (343008648)|STATEMENT_EXECUTE|[3]
11:41:08.1 (343009797)|STATEMENT_EXECUTE|[4]
11:41:08.1 (343010753)|STATEMENT_EXECUTE|[5]
11:41:08.1 (343011570)|STATEMENT_EXECUTE|[6]
11:41:08.1 (343012657)|STATEMENT_EXECUTE|[9]
11:41:08.1 (343027130)|CONSTRUCTOR_ENTRY|[9]|01pg80000019iSf|<init>(String)|TriggerHandler
11:41:08.1 (343033573)|VARIABLE_SCOPE_BEGIN|[107]|this|TriggerHandler|true|false
11:41:08.1 (343054118)|VARIABLE_ASSIGNMENT|[107]|this|{}|0x5bf2f7d7
11:41:08.1 (343059447)|VARIABLE_SCOPE_BEGIN|[107]|handlerName|String|false|false
11:41:08.1 (343072775)|VARIABLE_ASSIGNMENT|[107]|handlerName|"OrderHandler"
11:41:08.1 (343076368)|STATEMENT_EXECUTE|[15]
11:41:08.1 (343077584)|STATEMENT_EXECUTE|[50]
11:41:08.1 (343078598)|STATEMENT_EXECUTE|[57]
11:41:08.1 (343079963)|STATEMENT_EXECUTE|[671]
11:41:08.1 (343104440)|STATEMENT_EXECUTE|[107]
11:41:08.1 (343105468)|STATEMENT_EXECUTE|[108]
11:41:08.1 (343114670)|STATEMENT_EXECUTE|[109]
11:41:08.1 (343128762)|METHOD_ENTRY|[109]|01pg80000019iSf|TriggerHandler.setTriggerContext()
11:41:08.1 (343164958)|VARIABLE_SCOPE_BEGIN|[565]|this|TriggerHandler|true|false
11:41:08.1 (343224698)|VARIABLE_ASSIGNMENT|[565]|this|{"handlerName":"OrderHandler"}|0x5bf2f7d7
11:41:08.1 (343231310)|STATEMENT_EXECUTE|[565]
11:41:08.1 (343232258)|STATEMENT_EXECUTE|[566]
11:41:08.1 (343299948)|HEAP_ALLOCATE|[566]|Bytes:16
11:41:08.1 (343316458)|METHOD_ENTRY|[566]|01pg80000019iSf|TriggerHandler.setTriggerContext(System.TriggerOperation, Boolean)
11:41:08.1 (343322460)|VARIABLE_SCOPE_BEGIN|[582]|this|TriggerHandler|true|false
11:41:08.1 (343343876)|VARIABLE_ASSIGNMENT|[582]|this|{"handlerName":"OrderHandler"}|0x5bf2f7d7
11:41:08.1 (343349094)|VARIABLE_SCOPE_BEGIN|[582]|opType|System.TriggerOperation|true|false
11:41:08.1 (343376968)|VARIABLE_ASSIGNMENT|[582]|opType|"BEFORE_UPDATE"|0x672418fb
11:41:08.1 (343387613)|VARIABLE_SCOPE_BEGIN|[582]|testMode|Boolean|false|false
11:41:08.1 (343396763)|VARIABLE_ASSIGNMENT|[582]|testMode|false
11:41:08.1 (343400871)|STATEMENT_EXECUTE|[582]
11:41:08.1 (343408809)|STATEMENT_EXECUTE|[586]
11:41:08.1 (343409697)|STATEMENT_EXECUTE|[587]
11:41:08.1 (343413250)|HEAP_ALLOCATE|[587]|Bytes:5
11:41:08.1 (343421243)|STATEMENT_EXECUTE|[590]
11:41:08.1 (343422137)|STATEMENT_EXECUTE|[592]
11:41:08.1 (343436386)|HEAP_ALLOCATE|[592]|Bytes:16
11:41:08.1 (343443332)|STATEMENT_EXECUTE|[595]
11:41:08.1 (343459590)|VARIABLE_SCOPE_BEGIN|[595]|context|String|false|false
11:41:08.1 (343477396)|VARIABLE_ASSIGNMENT|[595]|context|"BEFORE_UPDATE"
11:41:08.1 (343480049)|STATEMENT_EXECUTE|[597]
11:41:08.1 (343508116)|STATEMENT_EXECUTE|[601]
11:41:08.1 (343509442)|STATEMENT_EXECUTE|[602]
11:41:08.1 (343520929)|METHOD_EXIT|[566]|01pg80000019iSf|TriggerHandler.setTriggerContext(System.TriggerOperation, Boolean)
11:41:08.1 (343524220)|METHOD_EXIT|[109]|01pg80000019iSf|TriggerHandler.setTriggerContext()
11:41:08.1 (343532824)|CONSTRUCTOR_EXIT|[9]|01pg80000019iSf|<init>(String)|TriggerHandler
11:41:08.1 (343536318)|STATEMENT_EXECUTE|[8]
11:41:08.1 (343537219)|STATEMENT_EXECUTE|[10]
11:41:08.1 (344258270)|VARIABLE_ASSIGNMENT|[10]|this.newRecords|[{"Status":"Draft","LastModifiedDate":"2026-04-30T14:31:20.000Z","Country__c":"a03g8000004x8aeAAA","IsDeleted":false,"AccountId":"001g800000DSRXSAA5","FreightType__c":"CIF","OrderNumber":"00000133","TotalAmount":0.00,"StatusCode":"Draft","PaymentCondition__c":"a07g8000004MONnAAO","IsReductionOrder":false,"SystemModstamp":"2026-04-30T14:31:20.000Z","City__c":"a05g8000001KAc9AAG","OwnerId":"005g80000010N45AAE","CreatedById":"005g80000010N45AAE","DistributionCenter__c":"a06g8000000wkLpAAI","CreatedDate":"2026-04-30T14:31:20.000Z","Pricebook2Id":"01sg80000015mKTAAY","Id":"801g800000DSRXTAA5","LastModifiedById":"005g80000010N45AAE","State__c":"a04g8000000QmaTAAS","EffectiveDate":"2026-04-27T00:00:00.000Z"}]|0x5bf2f7d7
11:41:08.1 (344273146)|STATEMENT_EXECUTE|[11]
11:41:08.1 (344917541)|VARIABLE_ASSIGNMENT|[11]|this.oldRecords|[{"Status":"Draft","LastModifiedDate":"2026-04-30T14:31:20.000Z","Country__c":"a03g8000004x8aeAAA","IsDeleted":false,"AccountId":"001g800000DSRXSAA5","FreightType__c":"CIF","OrderNumber":"00000133","TotalAmount":2460541.90,"StatusCode":"Draft","PaymentCondition__c":"a07g8000004MONnAAO","IsReductionOrder":false,"SystemModstamp":"2026-04-30T14:31:20.000Z","City__c":"a05g8000001KAc9AAG","OwnerId":"005g80000010N45AAE","CreatedById":"005g80000010N45AAE","DistributionCenter__c":"a06g8000000wkLpAAI","CreatedDate":"2026-04-30T14:31:20.000Z","Pricebook2Id":"01sg80000015mKTAAY","Id":"801g800000DSRXTAA5","LastModifiedById":"005g80000010N45AAE","State__c":"a04g8000000QmaTAAS","EffectiveDate":"2026-04-27T00:00:00.000Z"}]|0x5bf2f7d7
11:41:08.1 (344928631)|STATEMENT_EXECUTE|[12]
11:41:08.1 (345294248)|VARIABLE_ASSIGNMENT|[12]|this.newRecordsMap|{"801g800000DSRXTAA5":{"Status":"Draft","LastModifiedDate":"2026-04-30T14:31:20.000Z","Country__c":"a03g8000004x8aeAAA","IsDeleted":false,"AccountId":"001g800000DSRXSAA5","FreightType__c":"CIF","OrderNumber":"00000133","TotalAmount":0.00,"StatusCode":"Draft","PaymentCondition__c":"a07g8000004MONnAAO","IsReductionOrder":false,"SystemModstamp":"2026-04-30T14:31:20.000Z","City__c":"a05g8000001KAc9AAG","OwnerId":"005g80000010N45AAE","CreatedById":"005g80000010N45AAE","DistributionCenter__c":"a06g8000000wkLpAAI","CreatedDate":"2026-04-30T14:31:20.000Z","Pricebook2Id":"01sg80000015mKTAAY","Id":"801g800000DSRXTAA5","LastModifiedById":"005g80000010N45AAE","State__c":"a04g8000000QmaTAAS","EffectiveDate":"2026-04-27T00:00:00.000Z"}}|0x5bf2f7d7
11:41:08.1 (345304653)|STATEMENT_EXECUTE|[13]
11:41:08.1 (345619589)|VARIABLE_ASSIGNMENT|[13]|this.oldRecordsMap|{"801g800000DSRXTAA5":{"Status":"Draft","LastModifiedDate":"2026-04-30T14:31:20.000Z","Country__c":"a03g8000004x8aeAAA","IsDeleted":false,"AccountId":"001g800000DSRXSAA5","FreightType__c":"CIF","OrderNumber":"00000133","TotalAmount":2460541.90,"StatusCode":"Draft","PaymentCondition__c":"a07g8000004MONnAAO","IsReductionOrder":false,"SystemModstamp":"2026-04-30T14:31:20.000Z","City__c":"a05g8000001KAc9AAG","OwnerId":"005g80000010N45AAE","CreatedById":"005g80000010N45AAE","DistributionCenter__c":"a06g8000000wkLpAAI","CreatedDate":"2026-04-30T14:31:20.000Z","Pricebook2Id":"01sg80000015mKTAAY","Id":"801g800000DSRXTAA5","LastModifiedById":"005g80000010N45AAE","State__c":"a04g8000000QmaTAAS","EffectiveDate":"2026-04-27T00:00:00.000Z"}}|0x5bf2f7d7
11:41:08.1 (345640660)|CONSTRUCTOR_EXIT|[2]|01pg8000001LXzh|<init>()|OrderHandler
11:41:08.1 (345653798)|METHOD_ENTRY|[2]|01pg80000019iSf|TriggerHandler.run()
11:41:08.1 (345667980)|VARIABLE_SCOPE_BEGIN|[120]|this|TriggerHandler|true|false
11:41:08.1 (345756758)|VARIABLE_ASSIGNMENT|[120]|this|{"newRecords":"0x7517c14f","newRecordsMap":"0x5105277d","oldRecords":"0x1d853ec5","oldRecordsMap":"0x5aa11e4e","handlerName":"OrderHandler","isTriggerExecuting":true,"triggerEvent":"0x672418fb"}|0x5bf2f7d7
11:41:08.1 (345763591)|STATEMENT_EXECUTE|[120]
11:41:08.1 (345769786)|METHOD_ENTRY|[121]|01pg80000019iSf|TriggerHandler.validateRun()
11:41:08.1 (345776286)|VARIABLE_SCOPE_BEGIN|[661]|this|TriggerHandler|true|false
11:41:08.1 (345801571)|VARIABLE_ASSIGNMENT|[661]|this|{"newRecords":"0x7517c14f","newRecordsMap":"0x5105277d","oldRecords":"0x1d853ec5","oldRecordsMap":"0x5aa11e4e","handlerName":"OrderHandler","isTriggerExecuting":true,"triggerEvent":"0x672418fb"}|0x5bf2f7d7
11:41:08.1 (345806858)|STATEMENT_EXECUTE|[661]
11:41:08.1 (345813000)|STATEMENT_EXECUTE|[662]
11:41:08.1 (345814163)|STATEMENT_EXECUTE|[665]
11:41:08.1 (345821983)|METHOD_ENTRY|[665]|01pg80000019iSf|TriggerHandler.getHandlerName()
11:41:08.1 (345827288)|VARIABLE_SCOPE_BEGIN|[680]|this|TriggerHandler|true|false
11:41:08.1 (345849951)|VARIABLE_ASSIGNMENT|[680]|this|{"newRecords":"0x7517c14f","newRecordsMap":"0x5105277d","oldRecords":"0x1d853ec5","oldRecordsMap":"0x5aa11e4e","handlerName":"OrderHandler","isTriggerExecuting":true,"triggerEvent":"0x672418fb"}|0x5bf2f7d7
11:41:08.1 (345854638)|STATEMENT_EXECUTE|[680]
11:41:08.1 (345876458)|STATEMENT_EXECUTE|[681]
11:41:08.1 (345877595)|STATEMENT_EXECUTE|[684]
11:41:08.1 (345880720)|METHOD_EXIT|[665]|01pg80000019iSf|TriggerHandler.getHandlerName()
11:41:08.1 (345898822)|METHOD_EXIT|[121]|01pg80000019iSf|TriggerHandler.validateRun()
11:41:08.1 (345901715)|STATEMENT_EXECUTE|[121]
11:41:08.1 (345905483)|METHOD_ENTRY|[126]|01pg80000019iSf|TriggerHandler.incrementCheckLoopCount()
11:41:08.1 (345911030)|VARIABLE_SCOPE_BEGIN|[634]|this|TriggerHandler|true|false
11:41:08.1 (346343918)|VARIABLE_ASSIGNMENT|[634]|this|{"newRecords":"0x7517c14f","newRecordsMap":"0x5105277d","oldRecords":"0x1d853ec5","oldRecordsMap":"0x5aa11e4e","handlerName":"OrderHandler","isTriggerExecuting":true,"triggerEvent":"0x672418fb"}|0x5bf2f7d7
11:41:08.1 (346352227)|STATEMENT_EXECUTE|[634]
11:41:08.1 (346353291)|STATEMENT_EXECUTE|[635]
11:41:08.1 (346358699)|METHOD_ENTRY|[635]|01pg80000019iSf|TriggerHandler.getHandlerName()
11:41:08.1 (346364523)|VARIABLE_SCOPE_BEGIN|[680]|this|TriggerHandler|true|false
11:41:08.1 (346388202)|VARIABLE_ASSIGNMENT|[680]|this|{"newRecords":"0x7517c14f","newRecordsMap":"0x5105277d","oldRecords":"0x1d853ec5","oldRecordsMap":"0x5aa11e4e","handlerName":"OrderHandler","isTriggerExecuting":true,"triggerEvent":"0x672418fb"}|0x5bf2f7d7
11:41:08.1 (346392508)|STATEMENT_EXECUTE|[680]
11:41:08.1 (346425904)|STATEMENT_EXECUTE|[681]
11:41:08.1 (346427018)|STATEMENT_EXECUTE|[684]
11:41:08.1 (346429385)|METHOD_EXIT|[635]|01pg80000019iSf|TriggerHandler.getHandlerName()
11:41:08.1 (346432660)|VARIABLE_SCOPE_BEGIN|[635]|handlerName|String|false|false
11:41:08.1 (346446182)|VARIABLE_ASSIGNMENT|[635]|handlerName|"OrderHandler"
11:41:08.1 (346459257)|STATEMENT_EXECUTE|[636]
11:41:08.1 (346460320)|STATEMENT_EXECUTE|[649]
11:41:08.1 (346462903)|METHOD_EXIT|[126]|01pg80000019iSf|TriggerHandler.incrementCheckLoopCount()
11:41:08.1 (346466000)|STATEMENT_EXECUTE|[126]
11:41:08.1 (346468396)|STATEMENT_EXECUTE|[130]
11:41:08.1 (346469261)|STATEMENT_EXECUTE|[135]
11:41:08.1 (346522253)|STATEMENT_EXECUTE|[139]
11:41:08.1 (346523356)|STATEMENT_EXECUTE|[140]
11:41:08.1 (346540303)|METHOD_ENTRY|[140]|01pg8000001LXzh|OrderHandler.beforeUpdate()
11:41:08.1 (346579571)|VARIABLE_SCOPE_BEGIN|[16]|this|OrderHandler|true|false
11:41:08.1 (346607844)|VARIABLE_ASSIGNMENT|[16]|this|{"newRecords":"0x7517c14f","newRecordsMap":"0x5105277d","oldRecords":"0x1d853ec5","oldRecordsMap":"0x5aa11e4e","handlerName":"OrderHandler","isTriggerExecuting":true,"triggerEvent":"0x672418fb"}|0x5bf2f7d7
11:41:08.1 (346613413)|STATEMENT_EXECUTE|[16]
11:41:08.1 (346614335)|STATEMENT_EXECUTE|[17]
11:41:08.1 (346622253)|METHOD_ENTRY|[17]|01pg8000001LXzh|OrderHandler.checkActiveOrder()
11:41:08.1 (346636320)|VARIABLE_SCOPE_BEGIN|[30]|this|OrderHandler|true|false
11:41:08.1 (346659591)|VARIABLE_ASSIGNMENT|[30]|this|{"newRecords":"0x7517c14f","newRecordsMap":"0x5105277d","oldRecords":"0x1d853ec5","oldRecordsMap":"0x5aa11e4e","handlerName":"OrderHandler","isTriggerExecuting":true,"triggerEvent":"0x672418fb"}|0x5bf2f7d7
11:41:08.1 (346665294)|STATEMENT_EXECUTE|[30]
11:41:08.1 (346666208)|STATEMENT_EXECUTE|[31]
11:41:08.1 (346669136)|VARIABLE_SCOPE_BEGIN|[31]|listaParaValidar|List<Order>|true|false
11:41:08.1 (346679034)|VARIABLE_ASSIGNMENT|[31]|listaParaValidar|null|
11:41:08.1 (346687222)|STATEMENT_EXECUTE|[35]
11:41:08.1 (346688220)|STATEMENT_EXECUTE|[36]
11:41:08.1 (347147095)|VARIABLE_ASSIGNMENT|[36]|listaParaValidar|[{"Status":"Draft","LastModifiedDate":"2026-04-30T14:31:20.000Z","Country__c":"a03g8000004x8aeAAA","IsDeleted":false,"AccountId":"001g800000DSRXSAA5","FreightType__c":"CIF","OrderNumber":"00000133","TotalAmount":0.00,"StatusCode":"Draft","PaymentCondition__c":"a07g8000004MONnAAO","IsReductionOrder":false,"SystemModstamp":"2026-04-30T14:31:20.000Z","City__c":"a05g8000001KAc9AAG","OwnerId":"005g80000010N45AAE","CreatedById":"005g80000010N45AAE","DistributionCenter__c":"a06g8000000wkLpAAI","CreatedDate":"2026-04-30T14:31:20.000Z","Pricebook2Id":"01sg80000015mKTAAY","Id":"801g800000DSRXTAA5","LastModifiedById":"005g80000010N45AAE","State__c":"a04g8000000QmaTAAS","EffectiveDate":"2026-04-27T00:00:00.000Z"}]|0x7517c14f
11:41:08.1 (347189805)|HEAP_ALLOCATE|[40]|Bytes:5
11:41:08.1 (347212578)|HEAP_ALLOCATE|[40]|Bytes:4
11:41:08.1 (347222453)|VARIABLE_SCOPE_BEGIN|[40]|pedido|Order|true|false
11:41:08.1 (347632008)|VARIABLE_ASSIGNMENT|[40]|pedido|{"Status":"Draft","LastModifiedDate":"2026-04-30T14:31:20.000Z","Country__c":"a03g8000004x8aeAAA","IsDeleted":false,"AccountId":"001g800000DSRXSAA5","FreightType__c":"CIF","OrderNumber":"00000133","TotalAmount":0.00,"StatusCode":"Draft","PaymentCondition__c":"a07g8000004MONnAAO","IsReductionOrder":false,"SystemModstamp":"2026-04-30T14:31:20.000Z","City__c":"a05g8000001KAc9AAG","OwnerId":"005g80000010N45AAE","CreatedById":"005g80000010N45AAE","DistributionCenter__c":"a06g8000000wkLpAAI","CreatedDate":"2026-04-30T14:31:20.000Z","Pricebook2Id":"01sg80000015mKTAAY","Id":"801g800000DSRXTAA5","LastModifiedById":"005g80000010N45AAE","State__c":"a04g8000000QmaTAAS","EffectiveDate":"2026-04-27T00:00:00.000Z"}|0x69314260
11:41:08.1 (347645585)|STATEMENT_EXECUTE|[40]
11:41:08.1 (347646842)|STATEMENT_EXECUTE|[42]
11:41:08.1 (347676492)|VARIABLE_SCOPE_BEGIN|[42]|pedidoAntigo|Order|true|false
11:41:08.1 (347997397)|VARIABLE_ASSIGNMENT|[42]|pedidoAntigo|{"Status":"Draft","LastModifiedDate":"2026-04-30T14:31:20.000Z","Country__c":"a03g8000004x8aeAAA","IsDeleted":false,"AccountId":"001g800000DSRXSAA5","FreightType__c":"CIF","OrderNumber":"00000133","TotalAmount":2460541.90,"StatusCode":"Draft","PaymentCondition__c":"a07g8000004MONnAAO","IsReductionOrder":false,"SystemModstamp":"2026-04-30T14:31:20.000Z","City__c":"a05g8000001KAc9AAG","OwnerId":"005g80000010N45AAE","CreatedById":"005g80000010N45AAE","DistributionCenter__c":"a06g8000000wkLpAAI","CreatedDate":"2026-04-30T14:31:20.000Z","Pricebook2Id":"01sg80000015mKTAAY","Id":"801g800000DSRXTAA5","LastModifiedById":"005g80000010N45AAE","State__c":"a04g8000000QmaTAAS","EffectiveDate":"2026-04-27T00:00:00.000Z"}|0x5d762a95
11:41:08.1 (348006902)|STATEMENT_EXECUTE|[45]
11:41:08.1 (348014010)|VARIABLE_SCOPE_BEGIN|[45]|validacaoStatus|String|false|false
11:41:08.1 (348025292)|VARIABLE_ASSIGNMENT|[45]|validacaoStatus|"Draft"
11:41:08.1 (348037589)|HEAP_ALLOCATE|[40]|Bytes:5
11:41:08.1 (348057814)|VARIABLE_ASSIGNMENT|[40]|pedido|null|
11:41:08.1 (348067194)|METHOD_EXIT|[17]|01pg8000001LXzh|OrderHandler.checkActiveOrder()
11:41:08.1 (348073620)|METHOD_EXIT|[140]|01pg8000001LXzh|OrderHandler.beforeUpdate()
11:41:08.1 (348077191)|STATEMENT_EXECUTE|[158]
11:41:08.1 (348084435)|METHOD_ENTRY|[158]|01pg80000019iSf|TriggerHandler.andFinally()
11:41:08.1 (348115380)|VARIABLE_SCOPE_BEGIN|[746]|this|TriggerHandler|true|false
11:41:08.1 (348165200)|VARIABLE_ASSIGNMENT|[746]|this|{"newRecords":"0x7517c14f","newRecordsMap":"0x5105277d","oldRecords":"0x1d853ec5","oldRecordsMap":"0x5aa11e4e","handlerName":"OrderHandler","isTriggerExecuting":true,"triggerEvent":"0x672418fb"}|0x5bf2f7d7
11:41:08.1 (348171002)|STATEMENT_EXECUTE|[746]
11:41:08.1 (348173277)|METHOD_EXIT|[158]|01pg80000019iSf|TriggerHandler.andFinally()
11:41:08.1 (348177286)|STATEMENT_EXECUTE|[160]
11:41:08.1 (348179682)|STATEMENT_EXECUTE|[176]
11:41:08.1 (348181835)|METHOD_EXIT|[2]|01pg80000019iSf|TriggerHandler.run()
11:41:08.348 (348190882)|CUMULATIVE_LIMIT_USAGE
11:41:08.348 (348190882)|LIMIT_USAGE_FOR_NS|(default)|
  Number of SOQL queries: 1 out of 100
  Number of query rows: 1 out of 50000
  Number of SOSL queries: 0 out of 20
  Number of DML statements: 0 out of 150
  Number of Publish Immediate DML: 0 out of 150
  Number of DML rows: 0 out of 10000
  Maximum CPU time: 0 out of 10000
  Maximum heap size: 0 out of 6000000
  Number of callouts: 0 out of 100
  Number of Email Invocations: 0 out of 10
  Number of future calls: 0 out of 50
  Number of queueable jobs added to the queue: 0 out of 50
  Number of Mobile Apex push calls: 0 out of 10

11:41:08.348 (348190882)|CUMULATIVE_LIMIT_USAGE_END

11:41:08.1 (348384435)|CODE_UNIT_FINISHED|OrderTrigger on Order trigger event BeforeUpdate|__sfdc_trigger/OrderTrigger
11:41:08.1 (351218846)|CODE_UNIT_STARTED|[EXTERNAL]|Validation:Order:801g800000DSRXT
11:41:08.1 (351242311)|VALIDATION_RULE|03dg8000000aS4D|Bloquear_Alteracao_Conta_Pedido
11:41:08.1 (351455182)|VALIDATION_FORMULA|ISCHANGED(AccountId) && NOT(ISNEW())|AccountId=001g800000DSRXS
11:41:08.1 (351461070)|VALIDATION_PASS
11:41:08.1 (351466225)|CODE_UNIT_FINISHED|Validation:Order:801g800000DSRXT
11:41:08.1 (369432951)|CODE_UNIT_STARTED|[EXTERNAL]|01qg8000000GdOn|OrderTrigger on Order trigger event AfterUpdate|__sfdc_trigger/OrderTrigger
11:41:08.1 (369504932)|HEAP_ALLOCATE|[EXTERNAL]|Bytes:8
11:41:08.1 (369578277)|HEAP_ALLOCATE|[EXTERNAL]|Bytes:8
11:41:08.1 (369672396)|HEAP_ALLOCATE|[EXTERNAL]|Bytes:4
11:41:08.1 (369732665)|VARIABLE_SCOPE_BEGIN|[1]|this|OrderTrigger|true|false
11:41:08.1 (369870986)|VARIABLE_ASSIGNMENT|[1]|this|{}|0x7d0b89f8
11:41:08.1 (369904477)|HEAP_ALLOCATE|[EXTERNAL]|Bytes:4
11:41:08.1 (369909472)|VARIABLE_SCOPE_BEGIN|[1]|this|OrderTrigger|true|false
11:41:08.1 (369921551)|VARIABLE_ASSIGNMENT|[1]|this|{}|0x7d0b89f8
11:41:08.1 (369929847)|STATEMENT_EXECUTE|[1]
11:41:08.1 (369931139)|STATEMENT_EXECUTE|[2]
11:41:08.1 (369936390)|HEAP_ALLOCATE|[2]|Bytes:32
11:41:08.1 (369963969)|CONSTRUCTOR_ENTRY|[2]|01pg8000001LXzh|<init>()|OrderHandler
11:41:08.1 (369976629)|VARIABLE_SCOPE_BEGIN|[8]|this|OrderHandler|true|false
11:41:08.1 (370020222)|VARIABLE_ASSIGNMENT|[8]|this|{}|0x4e834368
11:41:08.1 (370025536)|STATEMENT_EXECUTE|[1]
11:41:08.1 (370026725)|STATEMENT_EXECUTE|[3]
11:41:08.1 (370027996)|STATEMENT_EXECUTE|[4]
11:41:08.1 (370029132)|STATEMENT_EXECUTE|[5]
11:41:08.1 (370029946)|STATEMENT_EXECUTE|[6]
11:41:08.1 (370031029)|STATEMENT_EXECUTE|[9]
11:41:08.1 (370045472)|CONSTRUCTOR_ENTRY|[9]|01pg80000019iSf|<init>(String)|TriggerHandler
11:41:08.1 (370050876)|VARIABLE_SCOPE_BEGIN|[107]|this|TriggerHandler|true|false
11:41:08.1 (370111495)|VARIABLE_ASSIGNMENT|[107]|this|{}|0x4e834368
11:41:08.1 (370115451)|VARIABLE_SCOPE_BEGIN|[107]|handlerName|String|false|false
11:41:08.1 (370162812)|VARIABLE_ASSIGNMENT|[107]|handlerName|"OrderHandler"
11:41:08.1 (370166764)|STATEMENT_EXECUTE|[15]
11:41:08.1 (370167839)|STATEMENT_EXECUTE|[50]
11:41:08.1 (370168811)|STATEMENT_EXECUTE|[57]
11:41:08.1 (370170092)|STATEMENT_EXECUTE|[671]
11:41:08.1 (370195050)|STATEMENT_EXECUTE|[107]
11:41:08.1 (370196124)|STATEMENT_EXECUTE|[108]
11:41:08.1 (370205206)|STATEMENT_EXECUTE|[109]
11:41:08.1 (370217311)|METHOD_ENTRY|[109]|01pg80000019iSf|TriggerHandler.setTriggerContext()
11:41:08.1 (370221406)|VARIABLE_SCOPE_BEGIN|[565]|this|TriggerHandler|true|false
11:41:08.1 (370240612)|VARIABLE_ASSIGNMENT|[565]|this|{"handlerName":"OrderHandler"}|0x4e834368
11:41:08.1 (370245853)|STATEMENT_EXECUTE|[565]
11:41:08.1 (370246771)|STATEMENT_EXECUTE|[566]
11:41:08.1 (370364999)|HEAP_ALLOCATE|[566]|Bytes:16
11:41:08.1 (370385092)|METHOD_ENTRY|[566]|01pg80000019iSf|TriggerHandler.setTriggerContext(System.TriggerOperation, Boolean)
11:41:08.1 (370390264)|VARIABLE_SCOPE_BEGIN|[582]|this|TriggerHandler|true|false
11:41:08.1 (370411366)|VARIABLE_ASSIGNMENT|[582]|this|{"handlerName":"OrderHandler"}|0x4e834368
11:41:08.1 (370415336)|VARIABLE_SCOPE_BEGIN|[582]|opType|System.TriggerOperation|true|false
11:41:08.1 (370439716)|VARIABLE_ASSIGNMENT|[582]|opType|"AFTER_UPDATE"|0x71d61e1d
11:41:08.1 (370449109)|VARIABLE_SCOPE_BEGIN|[582]|testMode|Boolean|false|false
11:41:08.1 (370455931)|VARIABLE_ASSIGNMENT|[582]|testMode|false
11:41:08.1 (370459653)|STATEMENT_EXECUTE|[582]
11:41:08.1 (370467860)|STATEMENT_EXECUTE|[586]
11:41:08.1 (370469035)|STATEMENT_EXECUTE|[587]
11:41:08.1 (370472671)|HEAP_ALLOCATE|[587]|Bytes:5
11:41:08.1 (370481447)|STATEMENT_EXECUTE|[590]
11:41:08.1 (370482347)|STATEMENT_EXECUTE|[592]
11:41:08.1 (370499622)|HEAP_ALLOCATE|[592]|Bytes:16
11:41:08.1 (370506687)|STATEMENT_EXECUTE|[595]
11:41:08.1 (370532216)|VARIABLE_SCOPE_BEGIN|[595]|context|String|false|false
11:41:08.1 (370561485)|VARIABLE_ASSIGNMENT|[595]|context|"AFTER_UPDATE"
11:41:08.1 (370565044)|STATEMENT_EXECUTE|[597]
11:41:08.1 (370606747)|HEAP_ALLOCATE|[607]|Bytes:12
11:41:08.1 (370646105)|HEAP_ALLOCATE|[610]|Bytes:12
11:41:08.1 (370656870)|STATEMENT_EXECUTE|[610]
11:41:08.1 (370657929)|STATEMENT_EXECUTE|[611]
11:41:08.1 (370669688)|METHOD_EXIT|[566]|01pg80000019iSf|TriggerHandler.setTriggerContext(System.TriggerOperation, Boolean)
11:41:08.1 (370673045)|METHOD_EXIT|[109]|01pg80000019iSf|TriggerHandler.setTriggerContext()
11:41:08.1 (370683560)|CONSTRUCTOR_EXIT|[9]|01pg80000019iSf|<init>(String)|TriggerHandler
11:41:08.1 (370686980)|STATEMENT_EXECUTE|[8]
11:41:08.1 (370688059)|STATEMENT_EXECUTE|[10]
11:41:08.1 (371443306)|VARIABLE_ASSIGNMENT|[10]|this.newRecords|[{"Status":"Draft","LastModifiedDate":"2026-04-30T14:41:08.000Z","Country__c":"a03g8000004x8aeAAA","IsDeleted":false,"AccountId":"001g800000DSRXSAA5","FreightType__c":"CIF","OrderNumber":"00000133","TotalAmount":0.00,"StatusCode":"Draft","PaymentCondition__c":"a07g8000004MONnAAO","IsReductionOrder":false,"SystemModstamp":"2026-04-30T14:41:08.000Z","City__c":"a05g8000001KAc9AAG","OwnerId":"005g80000010N45AAE","CreatedById":"005g80000010N45AAE","DistributionCenter__c":"a06g8000000wkLpAAI","CreatedDate":"2026-04-30T14:31:20.000Z","Pricebook2Id":"01sg80000015mKTAAY","Id":"801g800000DSRXTAA5","LastModifiedById":"005g80000010N45AAE","State__c":"a04g8000000QmaTAAS","EffectiveDate":"2026-04-27T00:00:00.000Z"}]|0x4e834368
11:41:08.1 (371458002)|STATEMENT_EXECUTE|[11]
11:41:08.1 (371892825)|VARIABLE_ASSIGNMENT|[11]|this.oldRecords|[{"Status":"Draft","LastModifiedDate":"2026-04-30T14:31:20.000Z","Country__c":"a03g8000004x8aeAAA","IsDeleted":false,"AccountId":"001g800000DSRXSAA5","FreightType__c":"CIF","OrderNumber":"00000133","TotalAmount":2460541.90,"StatusCode":"Draft","PaymentCondition__c":"a07g8000004MONnAAO","IsReductionOrder":false,"SystemModstamp":"2026-04-30T14:31:20.000Z","City__c":"a05g8000001KAc9AAG","OwnerId":"005g80000010N45AAE","CreatedById":"005g80000010N45AAE","DistributionCenter__c":"a06g8000000wkLpAAI","CreatedDate":"2026-04-30T14:31:20.000Z","Pricebook2Id":"01sg80000015mKTAAY","Id":"801g800000DSRXTAA5","LastModifiedById":"005g80000010N45AAE","State__c":"a04g8000000QmaTAAS","EffectiveDate":"2026-04-27T00:00:00.000Z"}]|0x4e834368
11:41:08.1 (371903164)|STATEMENT_EXECUTE|[12]
11:41:08.1 (372289402)|VARIABLE_ASSIGNMENT|[12]|this.newRecordsMap|{"801g800000DSRXTAA5":{"Status":"Draft","LastModifiedDate":"2026-04-30T14:41:08.000Z","Country__c":"a03g8000004x8aeAAA","IsDeleted":false,"AccountId":"001g800000DSRXSAA5","FreightType__c":"CIF","OrderNumber":"00000133","TotalAmount":0.00,"StatusCode":"Draft","PaymentCondition__c":"a07g8000004MONnAAO","IsReductionOrder":false,"SystemModstamp":"2026-04-30T14:41:08.000Z","City__c":"a05g8000001KAc9AAG","OwnerId":"005g80000010N45AAE","CreatedById":"005g80000010N45AAE","DistributionCenter__c":"a06g8000000wkLpAAI","CreatedDate":"2026-04-30T14:31:20.000Z","Pricebook2Id":"01sg80000015mKTAAY","Id":"801g800000DSRXTAA5","LastModifiedById":"005g80000010N45AAE","State__c":"a04g8000000QmaTAAS","EffectiveDate":"2026-04-27T00:00:00.000Z"}}|0x4e834368
11:41:08.1 (372299758)|STATEMENT_EXECUTE|[13]
11:41:08.1 (372632111)|VARIABLE_ASSIGNMENT|[13]|this.oldRecordsMap|{"801g800000DSRXTAA5":{"Status":"Draft","LastModifiedDate":"2026-04-30T14:31:20.000Z","Country__c":"a03g8000004x8aeAAA","IsDeleted":false,"AccountId":"001g800000DSRXSAA5","FreightType__c":"CIF","OrderNumber":"00000133","TotalAmount":2460541.90,"StatusCode":"Draft","PaymentCondition__c":"a07g8000004MONnAAO","IsReductionOrder":false,"SystemModstamp":"2026-04-30T14:31:20.000Z","City__c":"a05g8000001KAc9AAG","OwnerId":"005g80000010N45AAE","CreatedById":"005g80000010N45AAE","DistributionCenter__c":"a06g8000000wkLpAAI","CreatedDate":"2026-04-30T14:31:20.000Z","Pricebook2Id":"01sg80000015mKTAAY","Id":"801g800000DSRXTAA5","LastModifiedById":"005g80000010N45AAE","State__c":"a04g8000000QmaTAAS","EffectiveDate":"2026-04-27T00:00:00.000Z"}}|0x4e834368
11:41:08.1 (372660738)|CONSTRUCTOR_EXIT|[2]|01pg8000001LXzh|<init>()|OrderHandler
11:41:08.1 (372678375)|METHOD_ENTRY|[2]|01pg80000019iSf|TriggerHandler.run()
11:41:08.1 (372688197)|VARIABLE_SCOPE_BEGIN|[120]|this|TriggerHandler|true|false
11:41:08.1 (372751909)|VARIABLE_ASSIGNMENT|[120]|this|{"newRecords":"0x314b453a","newRecordsMap":"0x702c83f8","oldRecords":"0x22a27686","oldRecordsMap":"0x79e928f9","handlerName":"OrderHandler","isTriggerExecuting":true,"triggerEvent":"0x71d61e1d"}|0x4e834368
11:41:08.1 (372758468)|STATEMENT_EXECUTE|[120]
11:41:08.1 (372765045)|METHOD_ENTRY|[121]|01pg80000019iSf|TriggerHandler.validateRun()
11:41:08.1 (372769923)|VARIABLE_SCOPE_BEGIN|[661]|this|TriggerHandler|true|false
11:41:08.1 (372791734)|VARIABLE_ASSIGNMENT|[661]|this|{"newRecords":"0x314b453a","newRecordsMap":"0x702c83f8","oldRecords":"0x22a27686","oldRecordsMap":"0x79e928f9","handlerName":"OrderHandler","isTriggerExecuting":true,"triggerEvent":"0x71d61e1d"}|0x4e834368
11:41:08.1 (372796834)|STATEMENT_EXECUTE|[661]
11:41:08.1 (372804377)|STATEMENT_EXECUTE|[662]
11:41:08.1 (372805934)|STATEMENT_EXECUTE|[665]
11:41:08.1 (372814959)|METHOD_ENTRY|[665]|01pg80000019iSf|TriggerHandler.getHandlerName()
11:41:08.1 (372820611)|VARIABLE_SCOPE_BEGIN|[680]|this|TriggerHandler|true|false
11:41:08.1 (372865168)|VARIABLE_ASSIGNMENT|[680]|this|{"newRecords":"0x314b453a","newRecordsMap":"0x702c83f8","oldRecords":"0x22a27686","oldRecordsMap":"0x79e928f9","handlerName":"OrderHandler","isTriggerExecuting":true,"triggerEvent":"0x71d61e1d"}|0x4e834368
11:41:08.1 (372872060)|STATEMENT_EXECUTE|[680]
11:41:08.1 (372917206)|STATEMENT_EXECUTE|[681]
11:41:08.1 (372918725)|STATEMENT_EXECUTE|[684]
11:41:08.1 (372923000)|METHOD_EXIT|[665]|01pg80000019iSf|TriggerHandler.getHandlerName()
11:41:08.1 (372940757)|METHOD_EXIT|[121]|01pg80000019iSf|TriggerHandler.validateRun()
11:41:08.1 (372945656)|STATEMENT_EXECUTE|[121]
11:41:08.1 (372962504)|METHOD_ENTRY|[126]|01pg80000019iSf|TriggerHandler.incrementCheckLoopCount()
11:41:08.1 (372969382)|VARIABLE_SCOPE_BEGIN|[634]|this|TriggerHandler|true|false
11:41:08.1 (372996724)|VARIABLE_ASSIGNMENT|[634]|this|{"newRecords":"0x314b453a","newRecordsMap":"0x702c83f8","oldRecords":"0x22a27686","oldRecordsMap":"0x79e928f9","handlerName":"OrderHandler","isTriggerExecuting":true,"triggerEvent":"0x71d61e1d"}|0x4e834368
11:41:08.1 (373013527)|STATEMENT_EXECUTE|[634]
11:41:08.1 (373014924)|STATEMENT_EXECUTE|[635]
11:41:08.1 (373020227)|METHOD_ENTRY|[635]|01pg80000019iSf|TriggerHandler.getHandlerName()
11:41:08.1 (373024814)|VARIABLE_SCOPE_BEGIN|[680]|this|TriggerHandler|true|false
11:41:08.1 (373052194)|VARIABLE_ASSIGNMENT|[680]|this|{"newRecords":"0x314b453a","newRecordsMap":"0x702c83f8","oldRecords":"0x22a27686","oldRecordsMap":"0x79e928f9","handlerName":"OrderHandler","isTriggerExecuting":true,"triggerEvent":"0x71d61e1d"}|0x4e834368
11:41:08.1 (373058619)|STATEMENT_EXECUTE|[680]
11:41:08.1 (373069214)|STATEMENT_EXECUTE|[681]
11:41:08.1 (373070174)|STATEMENT_EXECUTE|[684]
11:41:08.1 (373072272)|METHOD_EXIT|[635]|01pg80000019iSf|TriggerHandler.getHandlerName()
11:41:08.1 (373076264)|VARIABLE_SCOPE_BEGIN|[635]|handlerName|String|false|false
11:41:08.1 (373084750)|VARIABLE_ASSIGNMENT|[635]|handlerName|"OrderHandler"
11:41:08.1 (373095822)|STATEMENT_EXECUTE|[636]
11:41:08.1 (373097020)|STATEMENT_EXECUTE|[649]
11:41:08.1 (373099049)|METHOD_EXIT|[126]|01pg80000019iSf|TriggerHandler.incrementCheckLoopCount()
11:41:08.1 (373102218)|STATEMENT_EXECUTE|[126]
11:41:08.1 (373104830)|STATEMENT_EXECUTE|[130]
11:41:08.1 (373105684)|STATEMENT_EXECUTE|[135]
11:41:08.1 (373228572)|STATEMENT_EXECUTE|[148]
11:41:08.1 (373229848)|STATEMENT_EXECUTE|[149]
11:41:08.1 (373246302)|METHOD_ENTRY|[149]|01pg8000001LXzh|OrderHandler.afterUpdate()
11:41:08.1 (373293052)|VARIABLE_SCOPE_BEGIN|[20]|this|OrderHandler|true|false
11:41:08.1 (373320928)|VARIABLE_ASSIGNMENT|[20]|this|{"newRecords":"0x314b453a","newRecordsMap":"0x702c83f8","oldRecords":"0x22a27686","oldRecordsMap":"0x79e928f9","handlerName":"OrderHandler","isTriggerExecuting":true,"triggerEvent":"0x71d61e1d"}|0x4e834368
11:41:08.1 (373326599)|STATEMENT_EXECUTE|[20]
11:41:08.1 (373327584)|STATEMENT_EXECUTE|[21]
11:41:08.1 (373335526)|METHOD_ENTRY|[21]|01pg8000001LXzh|OrderHandler.checkActiveOrder()
11:41:08.1 (373343214)|VARIABLE_SCOPE_BEGIN|[30]|this|OrderHandler|true|false
11:41:08.1 (373363832)|VARIABLE_ASSIGNMENT|[30]|this|{"newRecords":"0x314b453a","newRecordsMap":"0x702c83f8","oldRecords":"0x22a27686","oldRecordsMap":"0x79e928f9","handlerName":"OrderHandler","isTriggerExecuting":true,"triggerEvent":"0x71d61e1d"}|0x4e834368
11:41:08.1 (373369532)|STATEMENT_EXECUTE|[30]
11:41:08.1 (373370440)|STATEMENT_EXECUTE|[31]
11:41:08.1 (373373749)|VARIABLE_SCOPE_BEGIN|[31]|listaParaValidar|List<Order>|true|false
11:41:08.1 (373394314)|VARIABLE_ASSIGNMENT|[31]|listaParaValidar|null|
11:41:08.1 (373402889)|STATEMENT_EXECUTE|[35]
11:41:08.1 (373403876)|STATEMENT_EXECUTE|[36]
11:41:08.1 (374006696)|VARIABLE_ASSIGNMENT|[36]|listaParaValidar|[{"Status":"Draft","LastModifiedDate":"2026-04-30T14:41:08.000Z","Country__c":"a03g8000004x8aeAAA","IsDeleted":false,"AccountId":"001g800000DSRXSAA5","FreightType__c":"CIF","OrderNumber":"00000133","TotalAmount":0.00,"StatusCode":"Draft","PaymentCondition__c":"a07g8000004MONnAAO","IsReductionOrder":false,"SystemModstamp":"2026-04-30T14:41:08.000Z","City__c":"a05g8000001KAc9AAG","OwnerId":"005g80000010N45AAE","CreatedById":"005g80000010N45AAE","DistributionCenter__c":"a06g8000000wkLpAAI","CreatedDate":"2026-04-30T14:31:20.000Z","Pricebook2Id":"01sg80000015mKTAAY","Id":"801g800000DSRXTAA5","LastModifiedById":"005g80000010N45AAE","State__c":"a04g8000000QmaTAAS","EffectiveDate":"2026-04-27T00:00:00.000Z"}]|0x314b453a
11:41:08.1 (374073740)|HEAP_ALLOCATE|[40]|Bytes:5
11:41:08.1 (374108600)|VARIABLE_SCOPE_BEGIN|[40]|pedido|Order|true|false
11:41:08.1 (374668028)|VARIABLE_ASSIGNMENT|[40]|pedido|{"Status":"Draft","LastModifiedDate":"2026-04-30T14:41:08.000Z","Country__c":"a03g8000004x8aeAAA","IsDeleted":false,"AccountId":"001g800000DSRXSAA5","FreightType__c":"CIF","OrderNumber":"00000133","TotalAmount":0.00,"StatusCode":"Draft","PaymentCondition__c":"a07g8000004MONnAAO","IsReductionOrder":false,"SystemModstamp":"2026-04-30T14:41:08.000Z","City__c":"a05g8000001KAc9AAG","OwnerId":"005g80000010N45AAE","CreatedById":"005g80000010N45AAE","DistributionCenter__c":"a06g8000000wkLpAAI","CreatedDate":"2026-04-30T14:31:20.000Z","Pricebook2Id":"01sg80000015mKTAAY","Id":"801g800000DSRXTAA5","LastModifiedById":"005g80000010N45AAE","State__c":"a04g8000000QmaTAAS","EffectiveDate":"2026-04-27T00:00:00.000Z"}|0x6c7b29c
11:41:08.1 (374682208)|STATEMENT_EXECUTE|[40]
11:41:08.1 (374683593)|STATEMENT_EXECUTE|[42]
11:41:08.1 (374713848)|VARIABLE_SCOPE_BEGIN|[42]|pedidoAntigo|Order|true|false
11:41:08.1 (375047307)|VARIABLE_ASSIGNMENT|[42]|pedidoAntigo|{"Status":"Draft","LastModifiedDate":"2026-04-30T14:31:20.000Z","Country__c":"a03g8000004x8aeAAA","IsDeleted":false,"AccountId":"001g800000DSRXSAA5","FreightType__c":"CIF","OrderNumber":"00000133","TotalAmount":2460541.90,"StatusCode":"Draft","PaymentCondition__c":"a07g8000004MONnAAO","IsReductionOrder":false,"SystemModstamp":"2026-04-30T14:31:20.000Z","City__c":"a05g8000001KAc9AAG","OwnerId":"005g80000010N45AAE","CreatedById":"005g80000010N45AAE","DistributionCenter__c":"a06g8000000wkLpAAI","CreatedDate":"2026-04-30T14:31:20.000Z","Pricebook2Id":"01sg80000015mKTAAY","Id":"801g800000DSRXTAA5","LastModifiedById":"005g80000010N45AAE","State__c":"a04g8000000QmaTAAS","EffectiveDate":"2026-04-27T00:00:00.000Z"}|0x37e0f284
11:41:08.1 (375057243)|STATEMENT_EXECUTE|[45]
11:41:08.1 (375063971)|VARIABLE_SCOPE_BEGIN|[45]|validacaoStatus|String|false|false
11:41:08.1 (375071429)|VARIABLE_ASSIGNMENT|[45]|validacaoStatus|"Draft"
11:41:08.1 (375085881)|HEAP_ALLOCATE|[40]|Bytes:5
11:41:08.1 (375100331)|VARIABLE_ASSIGNMENT|[40]|pedido|null|
11:41:08.1 (375108914)|METHOD_EXIT|[21]|01pg8000001LXzh|OrderHandler.checkActiveOrder()
11:41:08.1 (375112310)|STATEMENT_EXECUTE|[22]
11:41:08.1 (375125271)|METHOD_ENTRY|[22]|01pg8000001LXzh|OrderHandler.itemsRecalculation()
11:41:08.1 (375169383)|VARIABLE_SCOPE_BEGIN|[54]|this|OrderHandler|true|false
11:41:08.1 (375223128)|VARIABLE_ASSIGNMENT|[54]|this|{"newRecords":"0x314b453a","newRecordsMap":"0x702c83f8","oldRecords":"0x22a27686","oldRecordsMap":"0x79e928f9","handlerName":"OrderHandler","isTriggerExecuting":true,"triggerEvent":"0x71d61e1d"}|0x4e834368
11:41:08.1 (375230389)|STATEMENT_EXECUTE|[54]
11:41:08.1 (375231446)|STATEMENT_EXECUTE|[55]
11:41:08.1 (375246525)|HEAP_ALLOCATE|[55]|Bytes:4
11:41:08.1 (375277741)|VARIABLE_SCOPE_BEGIN|[55]|ordersToRecalculate|Set<Id>|true|false
11:41:08.1 (375309711)|VARIABLE_ASSIGNMENT|[55]|ordersToRecalculate|[]|0x1389516d
11:41:08.1 (375340590)|HEAP_ALLOCATE|[57]|Bytes:5
11:41:08.1 (375351723)|VARIABLE_SCOPE_BEGIN|[57]|pedido|Order|true|false
11:41:08.1 (375697921)|VARIABLE_ASSIGNMENT|[57]|pedido|{"Status":"Draft","LastModifiedDate":"2026-04-30T14:41:08.000Z","Country__c":"a03g8000004x8aeAAA","IsDeleted":false,"AccountId":"001g800000DSRXSAA5","FreightType__c":"CIF","OrderNumber":"00000133","TotalAmount":0.00,"StatusCode":"Draft","PaymentCondition__c":"a07g8000004MONnAAO","IsReductionOrder":false,"SystemModstamp":"2026-04-30T14:41:08.000Z","City__c":"a05g8000001KAc9AAG","OwnerId":"005g80000010N45AAE","CreatedById":"005g80000010N45AAE","DistributionCenter__c":"a06g8000000wkLpAAI","CreatedDate":"2026-04-30T14:31:20.000Z","Pricebook2Id":"01sg80000015mKTAAY","Id":"801g800000DSRXTAA5","LastModifiedById":"005g80000010N45AAE","State__c":"a04g8000000QmaTAAS","EffectiveDate":"2026-04-27T00:00:00.000Z"}|0x6c7b29c
11:41:08.1 (375707526)|STATEMENT_EXECUTE|[57]
11:41:08.1 (375708358)|STATEMENT_EXECUTE|[58]
11:41:08.1 (375740241)|VARIABLE_SCOPE_BEGIN|[58]|pedidoAntigo|Order|true|false
11:41:08.1 (376046973)|VARIABLE_ASSIGNMENT|[58]|pedidoAntigo|{"Status":"Draft","LastModifiedDate":"2026-04-30T14:31:20.000Z","Country__c":"a03g8000004x8aeAAA","IsDeleted":false,"AccountId":"001g800000DSRXSAA5","FreightType__c":"CIF","OrderNumber":"00000133","TotalAmount":2460541.90,"StatusCode":"Draft","PaymentCondition__c":"a07g8000004MONnAAO","IsReductionOrder":false,"SystemModstamp":"2026-04-30T14:31:20.000Z","City__c":"a05g8000001KAc9AAG","OwnerId":"005g80000010N45AAE","CreatedById":"005g80000010N45AAE","DistributionCenter__c":"a06g8000000wkLpAAI","CreatedDate":"2026-04-30T14:31:20.000Z","Pricebook2Id":"01sg80000015mKTAAY","Id":"801g800000DSRXTAA5","LastModifiedById":"005g80000010N45AAE","State__c":"a04g8000000QmaTAAS","EffectiveDate":"2026-04-27T00:00:00.000Z"}|0x37e0f284
11:41:08.1 (376149212)|STATEMENT_EXECUTE|[60]
11:41:08.1 (376157316)|HEAP_ALLOCATE|[57]|Bytes:5
11:41:08.1 (376169100)|VARIABLE_ASSIGNMENT|[57]|pedido|null|
11:41:08.1 (376183217)|STATEMENT_EXECUTE|[67]
11:41:08.1 (376186907)|METHOD_EXIT|[22]|01pg8000001LXzh|OrderHandler.itemsRecalculation()
11:41:08.1 (376191665)|METHOD_EXIT|[149]|01pg8000001LXzh|OrderHandler.afterUpdate()
11:41:08.1 (376194687)|STATEMENT_EXECUTE|[158]
11:41:08.1 (376201575)|METHOD_ENTRY|[158]|01pg80000019iSf|TriggerHandler.andFinally()
11:41:08.1 (376417197)|VARIABLE_SCOPE_BEGIN|[746]|this|TriggerHandler|true|false
11:41:08.1 (376527767)|VARIABLE_ASSIGNMENT|[746]|this|{"newRecords":"0x314b453a","newRecordsMap":"0x702c83f8","oldRecords":"0x22a27686","oldRecordsMap":"0x79e928f9","handlerName":"OrderHandler","isTriggerExecuting":true,"triggerEvent":"0x71d61e1d"}|0x4e834368
11:41:08.1 (376535641)|STATEMENT_EXECUTE|[746]
11:41:08.1 (376538313)|METHOD_EXIT|[158]|01pg80000019iSf|TriggerHandler.andFinally()
11:41:08.1 (376542880)|STATEMENT_EXECUTE|[160]
11:41:08.1 (376545272)|STATEMENT_EXECUTE|[176]
11:41:08.1 (376548081)|METHOD_EXIT|[2]|01pg80000019iSf|TriggerHandler.run()
11:41:08.376 (376557237)|CUMULATIVE_LIMIT_USAGE
11:41:08.376 (376557237)|LIMIT_USAGE_FOR_NS|(default)|
  Number of SOQL queries: 1 out of 100
  Number of query rows: 1 out of 50000
  Number of SOSL queries: 0 out of 20
  Number of DML statements: 0 out of 150
  Number of Publish Immediate DML: 0 out of 150
  Number of DML rows: 0 out of 10000
  Maximum CPU time: 0 out of 10000
  Maximum heap size: 0 out of 6000000
  Number of callouts: 0 out of 100
  Number of Email Invocations: 0 out of 10
  Number of future calls: 0 out of 50
  Number of queueable jobs added to the queue: 0 out of 50
  Number of Mobile Apex push calls: 0 out of 10

11:41:08.376 (376557237)|CUMULATIVE_LIMIT_USAGE_END

11:41:08.1 (376743536)|CODE_UNIT_FINISHED|OrderTrigger on Order trigger event AfterUpdate|__sfdc_trigger/OrderTrigger
11:41:08.1 (407199446)|CODE_UNIT_FINISHED|TRIGGERS
11:41:08.1 (407231922)|EXECUTION_FINISHED
