66.0 APEX_CODE,FINEST;APEX_PROFILING,INFO;CALLOUT,INFO;DATA_ACCESS,INFO;DB,INFO;NBA,INFO;SYSTEM,DEBUG;VALIDATION,INFO;VISUALFORCE,INFO;WAVE,INFO;WORKFLOW,INFO
13:17:35.1 (1402156)|USER_INFO|[EXTERNAL]|005g80000010N45|sabrina.jesus@resourceful-moose-fmmd11.com|(GMT-03:00) Brasilia Standard Time (America/Sao_Paulo)|GMT-03:00
13:17:35.1 (1463287)|EXECUTION_STARTED
13:17:35.1 (1484696)|CODE_UNIT_STARTED|[EXTERNAL]|TRIGGERS
13:17:35.1 (1520486)|CODE_UNIT_STARTED|[EXTERNAL]|01qg8000000Fou9|OrdemItemTrigger on OrderItem trigger event BeforeDelete|__sfdc_trigger/OrdemItemTrigger
13:17:35.1 (1579557)|HEAP_ALLOCATE|[EXTERNAL]|Bytes:8
13:17:35.1 (3269234)|HEAP_ALLOCATE|[95]|Bytes:3
13:17:35.1 (3332524)|HEAP_ALLOCATE|[100]|Bytes:152
13:17:35.1 (3347059)|HEAP_ALLOCATE|[417]|Bytes:408
13:17:35.1 (3357723)|HEAP_ALLOCATE|[430]|Bytes:408
13:17:35.1 (3378469)|HEAP_ALLOCATE|[317]|Bytes:6
13:17:35.1 (3401119)|HEAP_ALLOCATE|[EXTERNAL]|Bytes:4
13:17:35.1 (3419873)|VARIABLE_SCOPE_BEGIN|[1]|this|OrdemItemTrigger|true|false
13:17:35.1 (3540237)|VARIABLE_ASSIGNMENT|[1]|this|{}|0xe5017db
13:17:35.1 (3624950)|HEAP_ALLOCATE|[EXTERNAL]|Bytes:4
13:17:35.1 (3629778)|VARIABLE_SCOPE_BEGIN|[1]|this|OrdemItemTrigger|true|false
13:17:35.1 (3639538)|VARIABLE_ASSIGNMENT|[1]|this|{}|0xe5017db
13:17:35.1 (3649138)|STATEMENT_EXECUTE|[1]
13:17:35.1 (3650481)|STATEMENT_EXECUTE|[2]
13:17:35.1 (11215251)|VARIABLE_SCOPE_BEGIN|[63]|TriggerHandler.BYPASS_ALL_ALIAS|String|false|true
13:17:35.1 (11229948)|VARIABLE_SCOPE_BEGIN|[839]|TriggerHandler.ERROR_TRIGGERCONTEXT|String|false|true
13:17:35.1 (11278676)|VARIABLE_SCOPE_BEGIN|[26]|TriggerHandler.bypassedHandlers|Set<String>|true|true
13:17:35.1 (11288890)|VARIABLE_SCOPE_BEGIN|[32]|TriggerHandler.globalBypass|Boolean|false|true
13:17:35.1 (11455327)|VARIABLE_SCOPE_BEGIN|[20]|TriggerHandler.loopCountMap|Map<String,TriggerHandler.LoopCount>|true|true
13:17:35.1 (11460654)|VARIABLE_SCOPE_BEGIN|[44]|TriggerHandler.showDebug|Boolean|false|true
13:17:35.1 (11464290)|VARIABLE_SCOPE_BEGIN|[38]|TriggerHandler.showLimits|Boolean|false|true
13:17:35.1 (11488725)|HEAP_ALLOCATE|[2]|Bytes:22
13:17:35.1 (11497930)|HEAP_ALLOCATE|[2]|Bytes:26
13:17:35.1 (11535227)|METHOD_ENTRY|[1]|01pg8000001EZwd|OrdemItemHandler.OrdemItemHandler()
13:17:35.1 (11541602)|STATEMENT_EXECUTE|[1]
13:17:35.1 (11548022)|STATEMENT_EXECUTE|[1]
13:17:35.1 (11572745)|METHOD_EXIT|[1]|OrdemItemHandler
13:17:35.1 (11682725)|HEAP_ALLOCATE|[2]|Bytes:32
13:17:35.1 (11717251)|CONSTRUCTOR_ENTRY|[2]|01pg8000001EZwd|<init>()|OrdemItemHandler
13:17:35.1 (11760686)|VARIABLE_SCOPE_BEGIN|[10]|this|OrdemItemHandler|true|false
13:17:35.1 (11812857)|VARIABLE_ASSIGNMENT|[10]|this|{}|0x761d6901
13:17:35.1 (11819682)|STATEMENT_EXECUTE|[1]
13:17:35.1 (11820985)|STATEMENT_EXECUTE|[4]
13:17:35.1 (11822660)|STATEMENT_EXECUTE|[5]
13:17:35.1 (11823785)|STATEMENT_EXECUTE|[6]
13:17:35.1 (11824680)|STATEMENT_EXECUTE|[7]
13:17:35.1 (11826174)|STATEMENT_EXECUTE|[11]
13:17:35.1 (11830632)|HEAP_ALLOCATE|[11]|Bytes:16
13:17:35.1 (11838990)|HEAP_ALLOCATE|[11]|Bytes:33
13:17:35.1 (11844327)|HEAP_ALLOCATE|[11]|Bytes:166
13:17:35.1 (11847424)|HEAP_ALLOCATE|[11]|Bytes:55
13:17:35.1 (11850578)|HEAP_ALLOCATE|[11]|Bytes:9
13:17:35.1 (11880070)|VARIABLE_ASSIGNMENT|[11]|TriggerHandler.BYPASS_ALL_ALIAS|"BypassAll"
13:17:35.1 (11883417)|HEAP_ALLOCATE|[11]|Bytes:51
13:17:35.1 (11890194)|VARIABLE_ASSIGNMENT|[11]|TriggerHandler.ERROR_TRIGGERCONTEXT|"Trigger handler call (31 more) ..."
13:17:35.1 (11904581)|METHOD_ENTRY|[15]|01pg80000019iSf|TriggerHandler.TriggerHandler()
13:17:35.1 (11907131)|STATEMENT_EXECUTE|[15]
13:17:35.1 (11909308)|STATEMENT_EXECUTE|[15]
13:17:35.1 (11910141)|STATEMENT_EXECUTE|[66]
13:17:35.1 (11910963)|STATEMENT_EXECUTE|[67]
13:17:35.1 (11921544)|HEAP_ALLOCATE|[67]|Bytes:4
13:17:35.1 (11967418)|VARIABLE_ASSIGNMENT|[67]|TriggerHandler.loopCountMap|{}|0x7d8ecbe4
13:17:35.1 (11970416)|STATEMENT_EXECUTE|[68]
13:17:35.1 (11977214)|HEAP_ALLOCATE|[68]|Bytes:4
13:17:35.1 (12052201)|VARIABLE_ASSIGNMENT|[68]|TriggerHandler.bypassedHandlers|[]|0x6046e035
13:17:35.1 (12056576)|STATEMENT_EXECUTE|[69]
13:17:35.1 (12072648)|HEAP_ALLOCATE|[68]|Bytes:5
13:17:35.1 (12127528)|HEAP_ALLOCATE|[74]|Bytes:5
13:17:35.1 (12137533)|HEAP_ALLOCATE|[82]|Bytes:7
13:17:35.1 (12522778)|HEAP_ALLOCATE|[69]|Bytes:5
13:17:35.1 (12532957)|VARIABLE_ASSIGNMENT|[69]|TriggerHandler.globalBypass|false
13:17:35.1 (12535705)|STATEMENT_EXECUTE|[70]
13:17:35.1 (12539345)|HEAP_ALLOCATE|[70]|Bytes:5
13:17:35.1 (12543043)|VARIABLE_ASSIGNMENT|[70]|TriggerHandler.showLimits|false
13:17:35.1 (12545105)|STATEMENT_EXECUTE|[71]
13:17:35.1 (12546552)|HEAP_ALLOCATE|[71]|Bytes:5
13:17:35.1 (12549567)|VARIABLE_ASSIGNMENT|[71]|TriggerHandler.showDebug|false
13:17:35.1 (12551722)|STATEMENT_EXECUTE|[755]
13:17:35.1 (12552799)|STATEMENT_EXECUTE|[832]
13:17:35.1 (12557625)|METHOD_EXIT|[15]|TriggerHandler
13:17:35.1 (12576377)|CONSTRUCTOR_ENTRY|[11]|01pg80000019iSf|<init>(String)|TriggerHandler
13:17:35.1 (12669839)|VARIABLE_SCOPE_BEGIN|[107]|this|TriggerHandler|true|false
13:17:35.1 (12697769)|VARIABLE_ASSIGNMENT|[107]|this|{}|0x761d6901
13:17:35.1 (12701103)|VARIABLE_SCOPE_BEGIN|[107]|handlerName|String|false|false
13:17:35.1 (12708102)|VARIABLE_ASSIGNMENT|[107]|handlerName|"OrderItemHandler"
13:17:35.1 (12711394)|STATEMENT_EXECUTE|[15]
13:17:35.1 (12712624)|STATEMENT_EXECUTE|[50]
13:17:35.1 (12713578)|STATEMENT_EXECUTE|[57]
13:17:35.1 (12714529)|STATEMENT_EXECUTE|[671]
13:17:35.1 (12720104)|HEAP_ALLOCATE|[108]|Bytes:6
13:17:35.1 (14065317)|STATEMENT_EXECUTE|[107]
13:17:35.1 (14067689)|STATEMENT_EXECUTE|[108]
13:17:35.1 (14077222)|STATEMENT_EXECUTE|[109]
13:17:35.1 (14102718)|METHOD_ENTRY|[109]|01pg80000019iSf|TriggerHandler.setTriggerContext()
13:17:35.1 (14135851)|VARIABLE_SCOPE_BEGIN|[565]|this|TriggerHandler|true|false
13:17:35.1 (14156811)|VARIABLE_ASSIGNMENT|[565]|this|{"handlerName":"OrderItemHandler"}|0x761d6901
13:17:35.1 (14162578)|STATEMENT_EXECUTE|[565]
13:17:35.1 (14163585)|STATEMENT_EXECUTE|[566]
13:17:35.1 (14280554)|HEAP_ALLOCATE|[566]|Bytes:16
13:17:35.1 (14301041)|METHOD_ENTRY|[566]|01pg80000019iSf|TriggerHandler.setTriggerContext(System.TriggerOperation, Boolean)
13:17:35.1 (14304644)|VARIABLE_SCOPE_BEGIN|[582]|this|TriggerHandler|true|false
13:17:35.1 (14315081)|VARIABLE_ASSIGNMENT|[582]|this|{"handlerName":"OrderItemHandler"}|0x761d6901
13:17:35.1 (14318024)|VARIABLE_SCOPE_BEGIN|[582]|opType|System.TriggerOperation|true|false
13:17:35.1 (14339571)|VARIABLE_ASSIGNMENT|[582]|opType|"BEFORE_DELETE"|0x437d8fe2
13:17:35.1 (14344541)|VARIABLE_SCOPE_BEGIN|[582]|testMode|Boolean|false|false
13:17:35.1 (14349497)|VARIABLE_ASSIGNMENT|[582]|testMode|false
13:17:35.1 (14352910)|STATEMENT_EXECUTE|[582]
13:17:35.1 (14364987)|STATEMENT_EXECUTE|[586]
13:17:35.1 (14365811)|STATEMENT_EXECUTE|[587]
13:17:35.1 (14368526)|HEAP_ALLOCATE|[587]|Bytes:5
13:17:35.1 (14374161)|STATEMENT_EXECUTE|[590]
13:17:35.1 (14374945)|STATEMENT_EXECUTE|[592]
13:17:35.1 (14391581)|HEAP_ALLOCATE|[592]|Bytes:16
13:17:35.1 (14396462)|STATEMENT_EXECUTE|[595]
13:17:35.1 (14410671)|VARIABLE_SCOPE_BEGIN|[595]|context|String|false|false
13:17:35.1 (14418455)|VARIABLE_ASSIGNMENT|[595]|context|"BEFORE_DELETE"
13:17:35.1 (14420687)|STATEMENT_EXECUTE|[597]
13:17:35.1 (14423456)|HEAP_ALLOCATE|[598]|Bytes:13
13:17:35.1 (14475289)|HEAP_ALLOCATE|[601]|Bytes:13
13:17:35.1 (14486430)|HEAP_ALLOCATE|[604]|Bytes:13
13:17:35.1 (14495324)|STATEMENT_EXECUTE|[604]
13:17:35.1 (14496340)|STATEMENT_EXECUTE|[605]
13:17:35.1 (14502721)|METHOD_EXIT|[566]|01pg80000019iSf|TriggerHandler.setTriggerContext(System.TriggerOperation, Boolean)
13:17:35.1 (14505924)|METHOD_EXIT|[109]|01pg80000019iSf|TriggerHandler.setTriggerContext()
13:17:35.1 (14517775)|CONSTRUCTOR_EXIT|[11]|01pg80000019iSf|<init>(String)|TriggerHandler
13:17:35.1 (14521084)|STATEMENT_EXECUTE|[10]
13:17:35.1 (14521979)|STATEMENT_EXECUTE|[12]
13:17:35.1 (14533508)|VARIABLE_ASSIGNMENT|[12]|this.newRecords|null|0x761d6901
13:17:35.1 (14536249)|STATEMENT_EXECUTE|[13]
13:17:35.1 (15921671)|VARIABLE_ASSIGNMENT|[13]|this.oldRecords|[{"LastModifiedDate":"2026-04-02T16:15:07.000Z","DiscountPercentage__c":-0.389578163771712158808933002481390,"IsDeleted":false,"Quantity":10.00,"FinalPrice__c":2015.00,"TaxPercentage__c":0.00,"ListPrice":2800.00,"OrderId":"801g8000007DOjhAAG","AvailableQuantity":10.00,"PriceWithoutMargin__c":1550.00,"OrderItemNumber":"0000000049","FreightValue__c":50.00,"SystemModstamp":"2026-04-02T16:15:07.000Z","UnitPrice":2800.00,"Product2Id":"01tg8000001BArdAAG","CreatedById":"005g80000010N45AAE","PricebookEntryId":"01ug8000000XmilAAC","TotalPrice":28000.00,"CreatedDate":"2026-04-02T16:15:07.000Z","MarginPercentage__c":30.00,"Id":"802g8000002WlcGAAS","LastModifiedById":"005g80000010N45AAE"}]|0x761d6901
13:17:35.1 (15938101)|STATEMENT_EXECUTE|[14]
13:17:35.1 (15963525)|VARIABLE_ASSIGNMENT|[14]|this.newRecordsMap|null|0x761d6901
13:17:35.1 (15966340)|STATEMENT_EXECUTE|[15]
13:17:35.1 (16413007)|VARIABLE_ASSIGNMENT|[15]|this.oldRecordsMap|{"802g8000002WlcGAAS":{"LastModifiedDate":"2026-04-02T16:15:07.000Z","DiscountPercentage__c":-0.389578163771712158808933002481390,"IsDeleted":false,"Quantity":10.00,"FinalPrice__c":2015.00,"TaxPercentage__c":0.00,"ListPrice":2800.00,"OrderId":"801g8000007DOjhAAG","AvailableQuantity":10.00,"PriceWithoutMargin__c":1550.00,"OrderItemNumber":"0000000049","FreightValue__c":50.00,"SystemModstamp":"2026-04-02T16:15:07.000Z","UnitPrice":2800.00,"Product2Id":"01tg8000001BArdAAG","CreatedById":"005g80000010N45AAE","PricebookEntryId":"01ug8000000XmilAAC","TotalPrice":28000.00,"CreatedDate":"2026-04-02T16:15:07.000Z","MarginPercentage__c":30.00,"Id":"802g8000002WlcGAAS","LastModifiedById":"005g80000010N45AAE"}}|0x761d6901
13:17:35.1 (16432194)|CONSTRUCTOR_EXIT|[2]|01pg8000001EZwd|<init>()|OrdemItemHandler
13:17:35.1 (16467215)|METHOD_ENTRY|[2]|01pg80000019iSf|TriggerHandler.run()
13:17:35.1 (16473308)|VARIABLE_SCOPE_BEGIN|[120]|this|TriggerHandler|true|false
13:17:35.1 (16512368)|VARIABLE_ASSIGNMENT|[120]|this|{"oldRecords":"0x256db09b","oldRecordsMap":"0x48e80ee0","handlerName":"OrderItemHandler","isTriggerExecuting":true,"triggerEvent":"0x437d8fe2"}|0x761d6901
13:17:35.1 (16523540)|STATEMENT_EXECUTE|[120]
13:17:35.1 (16528350)|METHOD_ENTRY|[121]|01pg80000019iSf|TriggerHandler.validateRun()
13:17:35.1 (16621850)|VARIABLE_SCOPE_BEGIN|[661]|this|TriggerHandler|true|false
13:17:35.1 (16633872)|VARIABLE_ASSIGNMENT|[661]|this|{"oldRecords":"0x256db09b","oldRecordsMap":"0x48e80ee0","handlerName":"OrderItemHandler","isTriggerExecuting":true,"triggerEvent":"0x437d8fe2"}|0x761d6901
13:17:35.1 (16637829)|STATEMENT_EXECUTE|[661]
13:17:35.1 (16645977)|STATEMENT_EXECUTE|[662]
13:17:35.1 (16647060)|STATEMENT_EXECUTE|[665]
13:17:35.1 (16654158)|METHOD_ENTRY|[665]|01pg80000019iSf|TriggerHandler.getHandlerName()
13:17:35.1 (16660112)|VARIABLE_SCOPE_BEGIN|[680]|this|TriggerHandler|true|false
13:17:35.1 (16668952)|VARIABLE_ASSIGNMENT|[680]|this|{"oldRecords":"0x256db09b","oldRecordsMap":"0x48e80ee0","handlerName":"OrderItemHandler","isTriggerExecuting":true,"triggerEvent":"0x437d8fe2"}|0x761d6901
13:17:35.1 (16672503)|STATEMENT_EXECUTE|[680]
13:17:35.1 (16709793)|STATEMENT_EXECUTE|[681]
13:17:35.1 (16710803)|STATEMENT_EXECUTE|[684]
13:17:35.1 (16714478)|METHOD_EXIT|[665]|01pg80000019iSf|TriggerHandler.getHandlerName()
13:17:35.1 (16742998)|METHOD_EXIT|[121]|01pg80000019iSf|TriggerHandler.validateRun()
13:17:35.1 (16746172)|STATEMENT_EXECUTE|[121]
13:17:35.1 (16749193)|METHOD_ENTRY|[126]|01pg80000019iSf|TriggerHandler.incrementCheckLoopCount()
13:17:35.1 (16755160)|VARIABLE_SCOPE_BEGIN|[634]|this|TriggerHandler|true|false
13:17:35.1 (16764930)|VARIABLE_ASSIGNMENT|[634]|this|{"oldRecords":"0x256db09b","oldRecordsMap":"0x48e80ee0","handlerName":"OrderItemHandler","isTriggerExecuting":true,"triggerEvent":"0x437d8fe2"}|0x761d6901
13:17:35.1 (16768862)|STATEMENT_EXECUTE|[634]
13:17:35.1 (16769678)|STATEMENT_EXECUTE|[635]
13:17:35.1 (16771838)|METHOD_ENTRY|[635]|01pg80000019iSf|TriggerHandler.getHandlerName()
13:17:35.1 (16775590)|VARIABLE_SCOPE_BEGIN|[680]|this|TriggerHandler|true|false
13:17:35.1 (16783905)|VARIABLE_ASSIGNMENT|[680]|this|{"oldRecords":"0x256db09b","oldRecordsMap":"0x48e80ee0","handlerName":"OrderItemHandler","isTriggerExecuting":true,"triggerEvent":"0x437d8fe2"}|0x761d6901
13:17:35.1 (16787145)|STATEMENT_EXECUTE|[680]
13:17:35.1 (16794213)|STATEMENT_EXECUTE|[681]
13:17:35.1 (16795068)|STATEMENT_EXECUTE|[684]
13:17:35.1 (16796664)|METHOD_EXIT|[635]|01pg80000019iSf|TriggerHandler.getHandlerName()
13:17:35.1 (16799721)|VARIABLE_SCOPE_BEGIN|[635]|handlerName|String|false|false
13:17:35.1 (16806278)|VARIABLE_ASSIGNMENT|[635]|handlerName|"OrderItemHandler"
13:17:35.1 (16844033)|STATEMENT_EXECUTE|[636]
13:17:35.1 (16845105)|STATEMENT_EXECUTE|[649]
13:17:35.1 (16846793)|METHOD_EXIT|[126]|01pg80000019iSf|TriggerHandler.incrementCheckLoopCount()
13:17:35.1 (16849443)|STATEMENT_EXECUTE|[126]
13:17:35.1 (16851565)|STATEMENT_EXECUTE|[130]
13:17:35.1 (16852450)|STATEMENT_EXECUTE|[135]
13:17:35.1 (16952685)|STATEMENT_EXECUTE|[142]
13:17:35.1 (16953612)|STATEMENT_EXECUTE|[143]
13:17:35.1 (16959274)|METHOD_ENTRY|[143]|01pg8000001EZwd|OrdemItemHandler.beforeDelete()
13:17:35.1 (16968818)|VARIABLE_SCOPE_BEGIN|[35]|this|OrdemItemHandler|true|false
13:17:35.1 (16980010)|VARIABLE_ASSIGNMENT|[35]|this|{"oldRecords":"0x256db09b","oldRecordsMap":"0x48e80ee0","handlerName":"OrderItemHandler","isTriggerExecuting":true,"triggerEvent":"0x437d8fe2"}|0x761d6901
13:17:35.1 (16983610)|STATEMENT_EXECUTE|[35]
13:17:35.1 (16984649)|STATEMENT_EXECUTE|[36]
13:17:35.1 (16987448)|METHOD_ENTRY|[36]|01pg8000001EZwd|OrdemItemHandler.checkActiveOrderItem()
13:17:35.1 (16993873)|VARIABLE_SCOPE_BEGIN|[227]|this|OrdemItemHandler|true|false
13:17:35.1 (17002218)|VARIABLE_ASSIGNMENT|[227]|this|{"oldRecords":"0x256db09b","oldRecordsMap":"0x48e80ee0","handlerName":"OrderItemHandler","isTriggerExecuting":true,"triggerEvent":"0x437d8fe2"}|0x761d6901
13:17:35.1 (17007198)|STATEMENT_EXECUTE|[227]
13:17:35.1 (17008035)|STATEMENT_EXECUTE|[228]
13:17:35.1 (17012483)|VARIABLE_SCOPE_BEGIN|[228]|listaParaValidar|List<OrderItem>|true|false
13:17:35.1 (17017070)|VARIABLE_ASSIGNMENT|[228]|listaParaValidar|null|
13:17:35.1 (17019118)|STATEMENT_EXECUTE|[229]
13:17:35.1 (17032691)|HEAP_ALLOCATE|[229]|Bytes:4
13:17:35.1 (17050474)|VARIABLE_SCOPE_BEGIN|[229]|idOrders|Set<Id>|true|false
13:17:35.1 (17073309)|VARIABLE_ASSIGNMENT|[229]|idOrders|[]|0x206b8ec2
13:17:35.1 (17076015)|STATEMENT_EXECUTE|[230]
13:17:35.1 (17125360)|HEAP_ALLOCATE|[230]|Bytes:4
13:17:35.1 (17146355)|VARIABLE_SCOPE_BEGIN|[230]|idMapOrders|Map<Id,Order>|true|false
13:17:35.1 (17153208)|VARIABLE_ASSIGNMENT|[230]|idMapOrders|{}|0x63694ac2
13:17:35.1 (17167299)|STATEMENT_EXECUTE|[232]
13:17:35.1 (17168125)|STATEMENT_EXECUTE|[233]
13:17:35.1 (17598692)|VARIABLE_ASSIGNMENT|[233]|listaParaValidar|[{"LastModifiedDate":"2026-04-02T16:15:07.000Z","DiscountPercentage__c":-0.389578163771712158808933002481390,"IsDeleted":false,"Quantity":10.00,"FinalPrice__c":2015.00,"TaxPercentage__c":0.00,"ListPrice":2800.00,"OrderId":"801g8000007DOjhAAG","AvailableQuantity":10.00,"PriceWithoutMargin__c":1550.00,"OrderItemNumber":"0000000049","FreightValue__c":50.00,"SystemModstamp":"2026-04-02T16:15:07.000Z","UnitPrice":2800.00,"Product2Id":"01tg8000001BArdAAG","CreatedById":"005g80000010N45AAE","PricebookEntryId":"01ug8000000XmilAAC","TotalPrice":28000.00,"CreatedDate":"2026-04-02T16:15:07.000Z","MarginPercentage__c":30.00,"Id":"802g8000002WlcGAAS","LastModifiedById":"005g80000010N45AAE"}]|0x256db09b
13:17:35.1 (17769840)|HEAP_ALLOCATE|[238]|Bytes:5
13:17:35.1 (17809030)|VARIABLE_SCOPE_BEGIN|[238]|ot|OrderItem|true|false
13:17:35.1 (18301950)|VARIABLE_ASSIGNMENT|[238]|ot|{"LastModifiedDate":"2026-04-02T16:15:07.000Z","DiscountPercentage__c":-0.389578163771712158808933002481390,"IsDeleted":false,"Quantity":10.00,"FinalPrice__c":2015.00,"TaxPercentage__c":0.00,"ListPrice":2800.00,"OrderId":"801g8000007DOjhAAG","AvailableQuantity":10.00,"PriceWithoutMargin__c":1550.00,"OrderItemNumber":"0000000049","FreightValue__c":50.00,"SystemModstamp":"2026-04-02T16:15:07.000Z","UnitPrice":2800.00,"Product2Id":"01tg8000001BArdAAG","CreatedById":"005g80000010N45AAE","PricebookEntryId":"01ug8000000XmilAAC","TotalPrice":28000.00,"CreatedDate":"2026-04-02T16:15:07.000Z","MarginPercentage__c":30.00,"Id":"802g8000002WlcGAAS","LastModifiedById":"005g80000010N45AAE"}|0xc4ce71f
13:17:35.1 (18313847)|STATEMENT_EXECUTE|[238]
13:17:35.1 (18315225)|STATEMENT_EXECUTE|[239]
13:17:35.1 (18399986)|HEAP_ALLOCATE|[EXTERNAL]|Bytes:4
13:17:35.1 (18414471)|HEAP_ALLOCATE|[238]|Bytes:5
13:17:35.1 (18423166)|VARIABLE_ASSIGNMENT|[238]|ot|null|
13:17:35.1 (18426665)|STATEMENT_EXECUTE|[242]
13:17:35.1 (18428785)|HEAP_ALLOCATE|[242]|Bytes:48
13:17:35.1 (18444055)|HEAP_ALLOCATE|[242]|Bytes:4
13:17:35.1 (18451420)|HEAP_ALLOCATE|[242]|Bytes:7
13:17:35.1 (19121397)|SOQL_EXECUTE_BEGIN|[242]|Aggregations:0|SELECT Id, Status FROM Order WHERE Id = :tmpVar1
13:17:35.1 (26285234)|SOQL_EXECUTE_END|[242]|Rows:1
13:17:35.1 (26321453)|HEAP_ALLOCATE|[242]|Bytes:8
13:17:35.1 (26337226)|HEAP_ALLOCATE|[242]|Bytes:44
13:17:35.1 (26399643)|HEAP_ALLOCATE|[242]|Bytes:8
13:17:35.1 (26417573)|VARIABLE_SCOPE_BEGIN|[242]|listOrder|List<Order>|true|false
13:17:35.1 (26508641)|VARIABLE_ASSIGNMENT|[242]|listOrder|[{"Status":"Draft","Id":"801g8000007DOjhAAG"}]|0x703314a7
13:17:35.1 (26669729)|HEAP_ALLOCATE|[247]|Bytes:5
13:17:35.1 (26697924)|HEAP_ALLOCATE|[247]|Bytes:12
13:17:35.1 (26705734)|VARIABLE_SCOPE_BEGIN|[247]|o|Order|true|false
13:17:35.1 (26726244)|VARIABLE_ASSIGNMENT|[247]|o|{"Status":"Draft","Id":"801g8000007DOjhAAG"}|0x43aed8bb
13:17:35.1 (26730794)|STATEMENT_EXECUTE|[247]
13:17:35.1 (26770035)|HEAP_ALLOCATE|[EXTERNAL]|Bytes:-4
13:17:35.1 (26778183)|HEAP_ALLOCATE|[247]|Bytes:5
13:17:35.1 (26785117)|VARIABLE_ASSIGNMENT|[247]|o|null|
13:17:35.1 (26804156)|HEAP_ALLOCATE|[249]|Bytes:5
13:17:35.1 (26814224)|VARIABLE_SCOPE_BEGIN|[249]|ot|OrderItem|true|false
13:17:35.1 (27301280)|VARIABLE_ASSIGNMENT|[249]|ot|{"LastModifiedDate":"2026-04-02T16:15:07.000Z","DiscountPercentage__c":-0.389578163771712158808933002481390,"IsDeleted":false,"Quantity":10.00,"FinalPrice__c":2015.00,"TaxPercentage__c":0.00,"ListPrice":2800.00,"OrderId":"801g8000007DOjhAAG","AvailableQuantity":10.00,"PriceWithoutMargin__c":1550.00,"OrderItemNumber":"0000000049","FreightValue__c":50.00,"SystemModstamp":"2026-04-02T16:15:07.000Z","UnitPrice":2800.00,"Product2Id":"01tg8000001BArdAAG","CreatedById":"005g80000010N45AAE","PricebookEntryId":"01ug8000000XmilAAC","TotalPrice":28000.00,"CreatedDate":"2026-04-02T16:15:07.000Z","MarginPercentage__c":30.00,"Id":"802g8000002WlcGAAS","LastModifiedById":"005g80000010N45AAE"}|0xc4ce71f
13:17:35.1 (27312067)|STATEMENT_EXECUTE|[249]
13:17:35.1 (27313142)|STATEMENT_EXECUTE|[250]
13:17:35.1 (27354830)|VARIABLE_SCOPE_BEGIN|[250]|pedido|Order|true|false
13:17:35.1 (27373925)|VARIABLE_ASSIGNMENT|[250]|pedido|{"Status":"Draft","Id":"801g8000007DOjhAAG"}|0x43aed8bb
13:17:35.1 (27388310)|HEAP_ALLOCATE|[251]|Bytes:5
13:17:35.1 (27424420)|STATEMENT_EXECUTE|[251]
13:17:35.1 (27430607)|HEAP_ALLOCATE|[249]|Bytes:5
13:17:35.1 (27436956)|VARIABLE_ASSIGNMENT|[249]|ot|null|
13:17:35.1 (27443149)|METHOD_EXIT|[36]|01pg8000001EZwd|OrdemItemHandler.checkActiveOrderItem()
13:17:35.1 (27448022)|METHOD_EXIT|[143]|01pg8000001EZwd|OrdemItemHandler.beforeDelete()
13:17:35.1 (27450955)|STATEMENT_EXECUTE|[158]
13:17:35.1 (27464856)|METHOD_ENTRY|[158]|01pg80000019iSf|TriggerHandler.andFinally()
13:17:35.1 (27479599)|VARIABLE_SCOPE_BEGIN|[746]|this|TriggerHandler|true|false
13:17:35.1 (27517142)|VARIABLE_ASSIGNMENT|[746]|this|{"oldRecords":"0x256db09b","oldRecordsMap":"0x48e80ee0","handlerName":"OrderItemHandler","isTriggerExecuting":true,"triggerEvent":"0x437d8fe2"}|0x761d6901
13:17:35.1 (27522942)|STATEMENT_EXECUTE|[746]
13:17:35.1 (27524600)|METHOD_EXIT|[158]|01pg80000019iSf|TriggerHandler.andFinally()
13:17:35.1 (27530515)|STATEMENT_EXECUTE|[160]
13:17:35.1 (27532921)|STATEMENT_EXECUTE|[176]
13:17:35.1 (27535210)|METHOD_EXIT|[2]|01pg80000019iSf|TriggerHandler.run()
13:17:35.27 (27548351)|CUMULATIVE_LIMIT_USAGE
13:17:35.27 (27548351)|LIMIT_USAGE_FOR_NS|(default)|
  Number of SOQL queries: 1 out of 100
  Number of query rows: 1 out of 50000
  Number of SOSL queries: 0 out of 20
  Number of DML statements: 0 out of 150
  Number of Publish Immediate DML: 0 out of 150
  Number of DML rows: 0 out of 10000
  Maximum CPU time: 0 out of 10000
  Maximum heap size: 0 out of 6000000
  Number of callouts: 0 out of 100
  Number of Email Invocations: 0 out of 10
  Number of future calls: 0 out of 50
  Number of queueable jobs added to the queue: 0 out of 50
  Number of Mobile Apex push calls: 0 out of 10

13:17:35.27 (27548351)|CUMULATIVE_LIMIT_USAGE_END

13:17:35.1 (27878401)|CODE_UNIT_FINISHED|OrdemItemTrigger on OrderItem trigger event BeforeDelete|__sfdc_trigger/OrdemItemTrigger
13:17:35.1 (290921141)|CODE_UNIT_STARTED|[EXTERNAL]|01qg8000000GdOn|OrderTrigger on Order trigger event BeforeUpdate|__sfdc_trigger/OrderTrigger
13:17:35.1 (291003921)|HEAP_ALLOCATE|[EXTERNAL]|Bytes:8
13:17:35.1 (291083597)|HEAP_ALLOCATE|[EXTERNAL]|Bytes:8
13:17:35.1 (291239804)|HEAP_ALLOCATE|[EXTERNAL]|Bytes:4
13:17:35.1 (291252133)|VARIABLE_SCOPE_BEGIN|[1]|this|OrderTrigger|true|false
13:17:35.1 (291297860)|VARIABLE_ASSIGNMENT|[1]|this|{}|0x1c5da6f5
13:17:35.1 (291341085)|HEAP_ALLOCATE|[EXTERNAL]|Bytes:4
13:17:35.1 (291344915)|VARIABLE_SCOPE_BEGIN|[1]|this|OrderTrigger|true|false
13:17:35.1 (291351320)|VARIABLE_ASSIGNMENT|[1]|this|{}|0x1c5da6f5
13:17:35.1 (291356390)|STATEMENT_EXECUTE|[1]
13:17:35.1 (291358085)|STATEMENT_EXECUTE|[2]
13:17:35.1 (293957079)|HEAP_ALLOCATE|[2]|Bytes:11
13:17:35.1 (293998987)|METHOD_ENTRY|[1]|01pg8000001LXzh|OrderHandler.OrderHandler()
13:17:35.1 (294004365)|STATEMENT_EXECUTE|[1]
13:17:35.1 (294009259)|STATEMENT_EXECUTE|[1]
13:17:35.1 (294015611)|METHOD_EXIT|[1]|OrderHandler
13:17:35.1 (294034454)|HEAP_ALLOCATE|[2]|Bytes:32
13:17:35.1 (294060629)|CONSTRUCTOR_ENTRY|[2]|01pg8000001LXzh|<init>()|OrderHandler
13:17:35.1 (294087297)|VARIABLE_SCOPE_BEGIN|[10]|this|OrderHandler|true|false
13:17:35.1 (294138754)|VARIABLE_ASSIGNMENT|[10]|this|{}|0x2c5fcc6e
13:17:35.1 (294143748)|STATEMENT_EXECUTE|[1]
13:17:35.1 (294144577)|STATEMENT_EXECUTE|[4]
13:17:35.1 (294145670)|STATEMENT_EXECUTE|[5]
13:17:35.1 (294146509)|STATEMENT_EXECUTE|[6]
13:17:35.1 (294147264)|STATEMENT_EXECUTE|[7]
13:17:35.1 (294148011)|STATEMENT_EXECUTE|[11]
13:17:35.1 (294151105)|HEAP_ALLOCATE|[11]|Bytes:12
13:17:35.1 (294164682)|CONSTRUCTOR_ENTRY|[11]|01pg80000019iSf|<init>(String)|TriggerHandler
13:17:35.1 (294187797)|VARIABLE_SCOPE_BEGIN|[107]|this|TriggerHandler|true|false
13:17:35.1 (294196627)|VARIABLE_ASSIGNMENT|[107]|this|{}|0x2c5fcc6e
13:17:35.1 (294199744)|VARIABLE_SCOPE_BEGIN|[107]|handlerName|String|false|false
13:17:35.1 (294207634)|VARIABLE_ASSIGNMENT|[107]|handlerName|"OrderHandler"
13:17:35.1 (294210286)|STATEMENT_EXECUTE|[15]
13:17:35.1 (294211231)|STATEMENT_EXECUTE|[50]
13:17:35.1 (294212109)|STATEMENT_EXECUTE|[57]
13:17:35.1 (294212974)|STATEMENT_EXECUTE|[671]
13:17:35.1 (294232942)|STATEMENT_EXECUTE|[107]
13:17:35.1 (294233978)|STATEMENT_EXECUTE|[108]
13:17:35.1 (294238913)|STATEMENT_EXECUTE|[109]
13:17:35.1 (294251825)|METHOD_ENTRY|[109]|01pg80000019iSf|TriggerHandler.setTriggerContext()
13:17:35.1 (294255623)|VARIABLE_SCOPE_BEGIN|[565]|this|TriggerHandler|true|false
13:17:35.1 (294265312)|VARIABLE_ASSIGNMENT|[565]|this|{"handlerName":"OrderHandler"}|0x2c5fcc6e
13:17:35.1 (294269836)|STATEMENT_EXECUTE|[565]
13:17:35.1 (294270926)|STATEMENT_EXECUTE|[566]
13:17:35.1 (294358550)|HEAP_ALLOCATE|[566]|Bytes:16
13:17:35.1 (294371761)|METHOD_ENTRY|[566]|01pg80000019iSf|TriggerHandler.setTriggerContext(System.TriggerOperation, Boolean)
13:17:35.1 (294375050)|VARIABLE_SCOPE_BEGIN|[582]|this|TriggerHandler|true|false
13:17:35.1 (294384447)|VARIABLE_ASSIGNMENT|[582]|this|{"handlerName":"OrderHandler"}|0x2c5fcc6e
13:17:35.1 (294387417)|VARIABLE_SCOPE_BEGIN|[582]|opType|System.TriggerOperation|true|false
13:17:35.1 (294403735)|VARIABLE_ASSIGNMENT|[582]|opType|"BEFORE_UPDATE"|0x690dbf61
13:17:35.1 (294412195)|VARIABLE_SCOPE_BEGIN|[582]|testMode|Boolean|false|false
13:17:35.1 (294431073)|VARIABLE_ASSIGNMENT|[582]|testMode|false
13:17:35.1 (294434703)|STATEMENT_EXECUTE|[582]
13:17:35.1 (294443447)|STATEMENT_EXECUTE|[586]
13:17:35.1 (294444230)|STATEMENT_EXECUTE|[587]
13:17:35.1 (294447448)|HEAP_ALLOCATE|[587]|Bytes:5
13:17:35.1 (294452478)|STATEMENT_EXECUTE|[590]
13:17:35.1 (294453220)|STATEMENT_EXECUTE|[592]
13:17:35.1 (294464627)|HEAP_ALLOCATE|[592]|Bytes:16
13:17:35.1 (294468918)|STATEMENT_EXECUTE|[595]
13:17:35.1 (294475950)|VARIABLE_SCOPE_BEGIN|[595]|context|String|false|false
13:17:35.1 (294483566)|VARIABLE_ASSIGNMENT|[595]|context|"BEFORE_UPDATE"
13:17:35.1 (294485702)|STATEMENT_EXECUTE|[597]
13:17:35.1 (294518805)|STATEMENT_EXECUTE|[601]
13:17:35.1 (294519864)|STATEMENT_EXECUTE|[602]
13:17:35.1 (294528592)|METHOD_EXIT|[566]|01pg80000019iSf|TriggerHandler.setTriggerContext(System.TriggerOperation, Boolean)
13:17:35.1 (294532293)|METHOD_EXIT|[109]|01pg80000019iSf|TriggerHandler.setTriggerContext()
13:17:35.1 (294539903)|CONSTRUCTOR_EXIT|[11]|01pg80000019iSf|<init>(String)|TriggerHandler
13:17:35.1 (294542745)|STATEMENT_EXECUTE|[10]
13:17:35.1 (294543545)|STATEMENT_EXECUTE|[12]
13:17:35.1 (298971069)|VARIABLE_ASSIGNMENT|[12]|this.newRecords|[{"Status":"Draft","LastModifiedDate":"2026-04-02T16:17:35.000Z","Country__c":"a03g8000004x8aeAAA","IsDeleted":false,"AccountId":"001g8000005VaOHAA0","FreightType__c":"FOB","OrderNumber":"00000114","TotalAmount":0.00,"StatusCode":"Draft","PaymentCondition__c":"a07g8000004MONnAAO","IsReductionOrder":false,"SystemModstamp":"2026-04-02T16:17:35.000Z","City__c":"a05g8000001i8KfAAI","OwnerId":"005g80000010N45AAE","CreatedById":"005g80000010N45AAE","DeliveryDate__c":"2026-04-07T00:00:00.000Z","DistributionCenter__c":"a06g8000000wkLpAAI","CreatedDate":"2026-03-31T12:54:33.000Z","Pricebook2Id":"01sg80000015mKTAAY","Id":"801g8000007DOjhAAG","AccountAddress__c":"a08g8000001Zx1SAAS","LastModifiedById":"005g80000010N45AAE","State__c":"a04g8000000VkhhAAC","EffectiveDate":"2026-03-31T00:00:00.000Z"}]|0x2c5fcc6e
13:17:35.1 (298993137)|STATEMENT_EXECUTE|[13]
13:17:35.1 (299684819)|VARIABLE_ASSIGNMENT|[13]|this.oldRecords|[{"Status":"Draft","LastModifiedDate":"2026-04-02T16:17:35.000Z","Country__c":"a03g8000004x8aeAAA","IsDeleted":false,"AccountId":"001g8000005VaOHAA0","FreightType__c":"FOB","OrderNumber":"00000114","TotalAmount":28000.00,"StatusCode":"Draft","PaymentCondition__c":"a07g8000004MONnAAO","IsReductionOrder":false,"SystemModstamp":"2026-04-02T16:17:35.000Z","City__c":"a05g8000001i8KfAAI","OwnerId":"005g80000010N45AAE","CreatedById":"005g80000010N45AAE","DeliveryDate__c":"2026-04-07T00:00:00.000Z","DistributionCenter__c":"a06g8000000wkLpAAI","CreatedDate":"2026-03-31T12:54:33.000Z","Pricebook2Id":"01sg80000015mKTAAY","Id":"801g8000007DOjhAAG","AccountAddress__c":"a08g8000001Zx1SAAS","LastModifiedById":"005g80000010N45AAE","State__c":"a04g8000000VkhhAAC","EffectiveDate":"2026-03-31T00:00:00.000Z"}]|0x2c5fcc6e
13:17:35.1 (299696969)|STATEMENT_EXECUTE|[14]
13:17:35.1 (300087029)|VARIABLE_ASSIGNMENT|[14]|this.newRecordsMap|{"801g8000007DOjhAAG":{"Status":"Draft","LastModifiedDate":"2026-04-02T16:17:35.000Z","Country__c":"a03g8000004x8aeAAA","IsDeleted":false,"AccountId":"001g8000005VaOHAA0","FreightType__c":"FOB","OrderNumber":"00000114","TotalAmount":0.00,"StatusCode":"Draft","PaymentCondition__c":"a07g8000004MONnAAO","IsReductionOrder":false,"SystemModstamp":"2026-04-02T16:17:35.000Z","City__c":"a05g8000001i8KfAAI","OwnerId":"005g80000010N45AAE","CreatedById":"005g80000010N45AAE","DeliveryDate__c":"2026-04-07T00:00:00.000Z","DistributionCenter__c":"a06g8000000wkLpAAI","CreatedDate":"2026-03-31T12:54:33.000Z","Pricebook2Id":"01sg80000015mKTAAY","Id":"801g8000007DOjhAAG","AccountAddress__c":"a08g8000001Zx1SAAS","LastModifiedById":"005g80000010N45AAE","State__c":"a04g8000000VkhhAAC","EffectiveDate":"2026-03-31T00:00:00.000Z"}}|0x2c5fcc6e
13:17:35.1 (300168172)|STATEMENT_EXECUTE|[15]
13:17:35.1 (300573973)|VARIABLE_ASSIGNMENT|[15]|this.oldRecordsMap|{"801g8000007DOjhAAG":{"Status":"Draft","LastModifiedDate":"2026-04-02T16:17:35.000Z","Country__c":"a03g8000004x8aeAAA","IsDeleted":false,"AccountId":"001g8000005VaOHAA0","FreightType__c":"FOB","OrderNumber":"00000114","TotalAmount":28000.00,"StatusCode":"Draft","PaymentCondition__c":"a07g8000004MONnAAO","IsReductionOrder":false,"SystemModstamp":"2026-04-02T16:17:35.000Z","City__c":"a05g8000001i8KfAAI","OwnerId":"005g80000010N45AAE","CreatedById":"005g80000010N45AAE","DeliveryDate__c":"2026-04-07T00:00:00.000Z","DistributionCenter__c":"a06g8000000wkLpAAI","CreatedDate":"2026-03-31T12:54:33.000Z","Pricebook2Id":"01sg80000015mKTAAY","Id":"801g8000007DOjhAAG","AccountAddress__c":"a08g8000001Zx1SAAS","LastModifiedById":"005g80000010N45AAE","State__c":"a04g8000000VkhhAAC","EffectiveDate":"2026-03-31T00:00:00.000Z"}}|0x2c5fcc6e
13:17:35.1 (300597905)|CONSTRUCTOR_EXIT|[2]|01pg8000001LXzh|<init>()|OrderHandler
13:17:35.1 (300629228)|METHOD_ENTRY|[2]|01pg80000019iSf|TriggerHandler.run()
13:17:35.1 (300636695)|VARIABLE_SCOPE_BEGIN|[120]|this|TriggerHandler|true|false
13:17:35.1 (300680895)|VARIABLE_ASSIGNMENT|[120]|this|{"newRecords":"0x2f5555e4","newRecordsMap":"0x74efad38","oldRecords":"0x9e6d4ee","oldRecordsMap":"0x1a584935","handlerName":"OrderHandler","isTriggerExecuting":true,"triggerEvent":"0x690dbf61"}|0x2c5fcc6e
13:17:35.1 (300687586)|STATEMENT_EXECUTE|[120]
13:17:35.1 (300691956)|METHOD_ENTRY|[121]|01pg80000019iSf|TriggerHandler.validateRun()
13:17:35.1 (300695572)|VARIABLE_SCOPE_BEGIN|[661]|this|TriggerHandler|true|false
13:17:35.1 (300706500)|VARIABLE_ASSIGNMENT|[661]|this|{"newRecords":"0x2f5555e4","newRecordsMap":"0x74efad38","oldRecords":"0x9e6d4ee","oldRecordsMap":"0x1a584935","handlerName":"OrderHandler","isTriggerExecuting":true,"triggerEvent":"0x690dbf61"}|0x2c5fcc6e
13:17:35.1 (300710547)|STATEMENT_EXECUTE|[661]
13:17:35.1 (300718695)|STATEMENT_EXECUTE|[662]
13:17:35.1 (300719855)|STATEMENT_EXECUTE|[665]
13:17:35.1 (300725448)|METHOD_ENTRY|[665]|01pg80000019iSf|TriggerHandler.getHandlerName()
13:17:35.1 (300728325)|VARIABLE_SCOPE_BEGIN|[680]|this|TriggerHandler|true|false
13:17:35.1 (300737210)|VARIABLE_ASSIGNMENT|[680]|this|{"newRecords":"0x2f5555e4","newRecordsMap":"0x74efad38","oldRecords":"0x9e6d4ee","oldRecordsMap":"0x1a584935","handlerName":"OrderHandler","isTriggerExecuting":true,"triggerEvent":"0x690dbf61"}|0x2c5fcc6e
13:17:35.1 (300741255)|STATEMENT_EXECUTE|[680]
13:17:35.1 (300768125)|STATEMENT_EXECUTE|[681]
13:17:35.1 (300768989)|STATEMENT_EXECUTE|[684]
13:17:35.1 (300772405)|METHOD_EXIT|[665]|01pg80000019iSf|TriggerHandler.getHandlerName()
13:17:35.1 (300792735)|METHOD_EXIT|[121]|01pg80000019iSf|TriggerHandler.validateRun()
13:17:35.1 (300795337)|STATEMENT_EXECUTE|[121]
13:17:35.1 (300798110)|METHOD_ENTRY|[126]|01pg80000019iSf|TriggerHandler.incrementCheckLoopCount()
13:17:35.1 (300801053)|VARIABLE_SCOPE_BEGIN|[634]|this|TriggerHandler|true|false
13:17:35.1 (300820015)|VARIABLE_ASSIGNMENT|[634]|this|{"newRecords":"0x2f5555e4","newRecordsMap":"0x74efad38","oldRecords":"0x9e6d4ee","oldRecordsMap":"0x1a584935","handlerName":"OrderHandler","isTriggerExecuting":true,"triggerEvent":"0x690dbf61"}|0x2c5fcc6e
13:17:35.1 (300824983)|STATEMENT_EXECUTE|[634]
13:17:35.1 (300825770)|STATEMENT_EXECUTE|[635]
13:17:35.1 (300828137)|METHOD_ENTRY|[635]|01pg80000019iSf|TriggerHandler.getHandlerName()
13:17:35.1 (300830411)|VARIABLE_SCOPE_BEGIN|[680]|this|TriggerHandler|true|false
13:17:35.1 (300839145)|VARIABLE_ASSIGNMENT|[680]|this|{"newRecords":"0x2f5555e4","newRecordsMap":"0x74efad38","oldRecords":"0x9e6d4ee","oldRecordsMap":"0x1a584935","handlerName":"OrderHandler","isTriggerExecuting":true,"triggerEvent":"0x690dbf61"}|0x2c5fcc6e
13:17:35.1 (300842431)|STATEMENT_EXECUTE|[680]
13:17:35.1 (300849314)|STATEMENT_EXECUTE|[681]
13:17:35.1 (300850133)|STATEMENT_EXECUTE|[684]
13:17:35.1 (300851645)|METHOD_EXIT|[635]|01pg80000019iSf|TriggerHandler.getHandlerName()
13:17:35.1 (300855172)|VARIABLE_SCOPE_BEGIN|[635]|handlerName|String|false|false
13:17:35.1 (300861735)|VARIABLE_ASSIGNMENT|[635]|handlerName|"OrderHandler"
13:17:35.1 (300889938)|STATEMENT_EXECUTE|[636]
13:17:35.1 (300891047)|STATEMENT_EXECUTE|[649]
13:17:35.1 (300892707)|METHOD_EXIT|[126]|01pg80000019iSf|TriggerHandler.incrementCheckLoopCount()
13:17:35.1 (300896040)|STATEMENT_EXECUTE|[126]
13:17:35.1 (300898188)|STATEMENT_EXECUTE|[130]
13:17:35.1 (300899250)|STATEMENT_EXECUTE|[135]
13:17:35.1 (300953722)|STATEMENT_EXECUTE|[139]
13:17:35.1 (300954885)|STATEMENT_EXECUTE|[140]
13:17:35.1 (300965666)|METHOD_ENTRY|[140]|01pg8000001LXzh|OrderHandler.beforeUpdate()
13:17:35.1 (301014965)|VARIABLE_SCOPE_BEGIN|[19]|this|OrderHandler|true|false
13:17:35.1 (301028988)|VARIABLE_ASSIGNMENT|[19]|this|{"newRecords":"0x2f5555e4","newRecordsMap":"0x74efad38","oldRecords":"0x9e6d4ee","oldRecordsMap":"0x1a584935","handlerName":"OrderHandler","isTriggerExecuting":true,"triggerEvent":"0x690dbf61"}|0x2c5fcc6e
13:17:35.1 (301040151)|STATEMENT_EXECUTE|[19]
13:17:35.1 (301040978)|STATEMENT_EXECUTE|[20]
13:17:35.1 (301045541)|METHOD_ENTRY|[20]|01pg8000001LXzh|OrderHandler.checkActiveOrder()
13:17:35.1 (301053557)|VARIABLE_SCOPE_BEGIN|[28]|this|OrderHandler|true|false
13:17:35.1 (301063337)|VARIABLE_ASSIGNMENT|[28]|this|{"newRecords":"0x2f5555e4","newRecordsMap":"0x74efad38","oldRecords":"0x9e6d4ee","oldRecordsMap":"0x1a584935","handlerName":"OrderHandler","isTriggerExecuting":true,"triggerEvent":"0x690dbf61"}|0x2c5fcc6e
13:17:35.1 (301067395)|STATEMENT_EXECUTE|[28]
13:17:35.1 (301068195)|STATEMENT_EXECUTE|[29]
13:17:35.1 (301071472)|VARIABLE_SCOPE_BEGIN|[29]|listaParaValidar|List<Order>|true|false
13:17:35.1 (301076042)|VARIABLE_ASSIGNMENT|[29]|listaParaValidar|null|
13:17:35.1 (301085264)|STATEMENT_EXECUTE|[33]
13:17:35.1 (301086144)|STATEMENT_EXECUTE|[34]
13:17:35.1 (301545757)|VARIABLE_ASSIGNMENT|[34]|listaParaValidar|[{"Status":"Draft","LastModifiedDate":"2026-04-02T16:17:35.000Z","Country__c":"a03g8000004x8aeAAA","IsDeleted":false,"AccountId":"001g8000005VaOHAA0","FreightType__c":"FOB","OrderNumber":"00000114","TotalAmount":0.00,"StatusCode":"Draft","PaymentCondition__c":"a07g8000004MONnAAO","IsReductionOrder":false,"SystemModstamp":"2026-04-02T16:17:35.000Z","City__c":"a05g8000001i8KfAAI","OwnerId":"005g80000010N45AAE","CreatedById":"005g80000010N45AAE","DeliveryDate__c":"2026-04-07T00:00:00.000Z","DistributionCenter__c":"a06g8000000wkLpAAI","CreatedDate":"2026-03-31T12:54:33.000Z","Pricebook2Id":"01sg80000015mKTAAY","Id":"801g8000007DOjhAAG","AccountAddress__c":"a08g8000001Zx1SAAS","LastModifiedById":"005g80000010N45AAE","State__c":"a04g8000000VkhhAAC","EffectiveDate":"2026-03-31T00:00:00.000Z"}]|0x2f5555e4
13:17:35.1 (301617502)|HEAP_ALLOCATE|[38]|Bytes:5
13:17:35.1 (301642706)|HEAP_ALLOCATE|[38]|Bytes:4
13:17:35.1 (301651912)|VARIABLE_SCOPE_BEGIN|[38]|pedido|Order|true|false
13:17:35.1 (302040297)|VARIABLE_ASSIGNMENT|[38]|pedido|{"Status":"Draft","LastModifiedDate":"2026-04-02T16:17:35.000Z","Country__c":"a03g8000004x8aeAAA","IsDeleted":false,"AccountId":"001g8000005VaOHAA0","FreightType__c":"FOB","OrderNumber":"00000114","TotalAmount":0.00,"StatusCode":"Draft","PaymentCondition__c":"a07g8000004MONnAAO","IsReductionOrder":false,"SystemModstamp":"2026-04-02T16:17:35.000Z","City__c":"a05g8000001i8KfAAI","OwnerId":"005g80000010N45AAE","CreatedById":"005g80000010N45AAE","DeliveryDate__c":"2026-04-07T00:00:00.000Z","DistributionCenter__c":"a06g8000000wkLpAAI","CreatedDate":"2026-03-31T12:54:33.000Z","Pricebook2Id":"01sg80000015mKTAAY","Id":"801g8000007DOjhAAG","AccountAddress__c":"a08g8000001Zx1SAAS","LastModifiedById":"005g80000010N45AAE","State__c":"a04g8000000VkhhAAC","EffectiveDate":"2026-03-31T00:00:00.000Z"}|0x711f2f2f
13:17:35.1 (302050864)|STATEMENT_EXECUTE|[38]
13:17:35.1 (302051947)|STATEMENT_EXECUTE|[40]
13:17:35.1 (302111802)|VARIABLE_SCOPE_BEGIN|[40]|pedidoAntigo|Order|true|false
13:17:35.1 (302484477)|VARIABLE_ASSIGNMENT|[40]|pedidoAntigo|{"Status":"Draft","LastModifiedDate":"2026-04-02T16:17:35.000Z","Country__c":"a03g8000004x8aeAAA","IsDeleted":false,"AccountId":"001g8000005VaOHAA0","FreightType__c":"FOB","OrderNumber":"00000114","TotalAmount":28000.00,"StatusCode":"Draft","PaymentCondition__c":"a07g8000004MONnAAO","IsReductionOrder":false,"SystemModstamp":"2026-04-02T16:17:35.000Z","City__c":"a05g8000001i8KfAAI","OwnerId":"005g80000010N45AAE","CreatedById":"005g80000010N45AAE","DeliveryDate__c":"2026-04-07T00:00:00.000Z","DistributionCenter__c":"a06g8000000wkLpAAI","CreatedDate":"2026-03-31T12:54:33.000Z","Pricebook2Id":"01sg80000015mKTAAY","Id":"801g8000007DOjhAAG","AccountAddress__c":"a08g8000001Zx1SAAS","LastModifiedById":"005g80000010N45AAE","State__c":"a04g8000000VkhhAAC","EffectiveDate":"2026-03-31T00:00:00.000Z"}|0x50b6144e
13:17:35.1 (302492758)|STATEMENT_EXECUTE|[43]
13:17:35.1 (302499683)|VARIABLE_SCOPE_BEGIN|[43]|validacaoStatus|String|false|false
13:17:35.1 (302505239)|VARIABLE_ASSIGNMENT|[43]|validacaoStatus|"Draft"
13:17:35.1 (302516955)|HEAP_ALLOCATE|[38]|Bytes:5
13:17:35.1 (302525456)|VARIABLE_ASSIGNMENT|[38]|pedido|null|
13:17:35.1 (302531258)|METHOD_EXIT|[20]|01pg8000001LXzh|OrderHandler.checkActiveOrder()
13:17:35.1 (302536443)|METHOD_EXIT|[140]|01pg8000001LXzh|OrderHandler.beforeUpdate()
13:17:35.1 (302539243)|STATEMENT_EXECUTE|[158]
13:17:35.1 (302545167)|METHOD_ENTRY|[158]|01pg80000019iSf|TriggerHandler.andFinally()
13:17:35.1 (302548667)|VARIABLE_SCOPE_BEGIN|[746]|this|TriggerHandler|true|false
13:17:35.1 (302576878)|VARIABLE_ASSIGNMENT|[746]|this|{"newRecords":"0x2f5555e4","newRecordsMap":"0x74efad38","oldRecords":"0x9e6d4ee","oldRecordsMap":"0x1a584935","handlerName":"OrderHandler","isTriggerExecuting":true,"triggerEvent":"0x690dbf61"}|0x2c5fcc6e
13:17:35.1 (302582649)|STATEMENT_EXECUTE|[746]
13:17:35.1 (302584118)|METHOD_EXIT|[158]|01pg80000019iSf|TriggerHandler.andFinally()
13:17:35.1 (302587930)|STATEMENT_EXECUTE|[160]
13:17:35.1 (302589935)|STATEMENT_EXECUTE|[176]
13:17:35.1 (302592423)|METHOD_EXIT|[2]|01pg80000019iSf|TriggerHandler.run()
13:17:35.302 (302599875)|CUMULATIVE_LIMIT_USAGE
13:17:35.302 (302599875)|LIMIT_USAGE_FOR_NS|(default)|
  Number of SOQL queries: 1 out of 100
  Number of query rows: 1 out of 50000
  Number of SOSL queries: 0 out of 20
  Number of DML statements: 0 out of 150
  Number of Publish Immediate DML: 0 out of 150
  Number of DML rows: 0 out of 10000
  Maximum CPU time: 0 out of 10000
  Maximum heap size: 0 out of 6000000
  Number of callouts: 0 out of 100
  Number of Email Invocations: 0 out of 10
  Number of future calls: 0 out of 50
  Number of queueable jobs added to the queue: 0 out of 50
  Number of Mobile Apex push calls: 0 out of 10

13:17:35.302 (302599875)|CUMULATIVE_LIMIT_USAGE_END

13:17:35.1 (302823797)|CODE_UNIT_FINISHED|OrderTrigger on Order trigger event BeforeUpdate|__sfdc_trigger/OrderTrigger
13:17:35.1 (306823893)|CODE_UNIT_STARTED|[EXTERNAL]|Validation:Order:801g8000007DOjh
13:17:35.1 (306856644)|VALIDATION_RULE|03dg8000000aS4D|Bloquear_Alteracao_Conta_Pedido
13:17:35.1 (307193842)|VALIDATION_FORMULA|ISCHANGED(AccountId) && NOT(ISNEW())|AccountId=001g8000005VaOH
13:17:35.1 (307202672)|VALIDATION_PASS
13:17:35.1 (307210540)|CODE_UNIT_FINISHED|Validation:Order:801g8000007DOjh
13:17:35.1 (374685576)|CODE_UNIT_FINISHED|TRIGGERS
13:17:35.1 (374710106)|EXECUTION_FINISHED
