66.0 APEX_CODE,FINEST;APEX_PROFILING,INFO;CALLOUT,INFO;DATA_ACCESS,INFO;DB,INFO;NBA,INFO;SYSTEM,DEBUG;VALIDATION,INFO;VISUALFORCE,INFO;WAVE,INFO;WORKFLOW,INFO
13:14:11.1 (1222618)|USER_INFO|[EXTERNAL]|005g80000010N45|sabrina.jesus@resourceful-moose-fmmd11.com|(GMT-03:00) Brasilia Standard Time (America/Sao_Paulo)|GMT-03:00
13:14:11.1 (1305458)|EXECUTION_STARTED
13:14:11.1 (1341676)|CODE_UNIT_STARTED|[EXTERNAL]|TRIGGERS
13:14:11.1 (1383494)|CODE_UNIT_STARTED|[EXTERNAL]|01qg8000000Fou9|OrdemItemTrigger on OrderItem trigger event BeforeDelete|__sfdc_trigger/OrdemItemTrigger
13:14:11.1 (1489843)|HEAP_ALLOCATE|[EXTERNAL]|Bytes:8
13:14:11.1 (2681524)|HEAP_ALLOCATE|[95]|Bytes:3
13:14:11.1 (2775305)|HEAP_ALLOCATE|[100]|Bytes:152
13:14:11.1 (2794681)|HEAP_ALLOCATE|[417]|Bytes:408
13:14:11.1 (2816566)|HEAP_ALLOCATE|[430]|Bytes:408
13:14:11.1 (2851242)|HEAP_ALLOCATE|[317]|Bytes:6
13:14:11.1 (2908144)|HEAP_ALLOCATE|[EXTERNAL]|Bytes:4
13:14:11.1 (2937815)|VARIABLE_SCOPE_BEGIN|[1]|this|OrdemItemTrigger|true|false
13:14:11.1 (3068005)|VARIABLE_ASSIGNMENT|[1]|this|{}|0x7fd565a6
13:14:11.1 (3147133)|HEAP_ALLOCATE|[EXTERNAL]|Bytes:4
13:14:11.1 (3154119)|VARIABLE_SCOPE_BEGIN|[1]|this|OrdemItemTrigger|true|false
13:14:11.1 (3165059)|VARIABLE_ASSIGNMENT|[1]|this|{}|0x7fd565a6
13:14:11.1 (3180017)|STATEMENT_EXECUTE|[1]
13:14:11.1 (3181941)|STATEMENT_EXECUTE|[2]
13:14:11.1 (22761888)|VARIABLE_SCOPE_BEGIN|[63]|TriggerHandler.BYPASS_ALL_ALIAS|String|false|true
13:14:11.1 (22795037)|VARIABLE_SCOPE_BEGIN|[839]|TriggerHandler.ERROR_TRIGGERCONTEXT|String|false|true
13:14:11.1 (22865826)|VARIABLE_SCOPE_BEGIN|[26]|TriggerHandler.bypassedHandlers|Set<String>|true|true
13:14:11.1 (22878882)|VARIABLE_SCOPE_BEGIN|[32]|TriggerHandler.globalBypass|Boolean|false|true
13:14:11.1 (23152723)|VARIABLE_SCOPE_BEGIN|[20]|TriggerHandler.loopCountMap|Map<String,TriggerHandler.LoopCount>|true|true
13:14:11.1 (23162153)|VARIABLE_SCOPE_BEGIN|[44]|TriggerHandler.showDebug|Boolean|false|true
13:14:11.1 (23168859)|VARIABLE_SCOPE_BEGIN|[38]|TriggerHandler.showLimits|Boolean|false|true
13:14:11.1 (23210963)|HEAP_ALLOCATE|[2]|Bytes:22
13:14:11.1 (23224887)|HEAP_ALLOCATE|[2]|Bytes:26
13:14:11.1 (23279106)|METHOD_ENTRY|[1]|01pg8000001EZwd|OrdemItemHandler.OrdemItemHandler()
13:14:11.1 (23288096)|STATEMENT_EXECUTE|[1]
13:14:11.1 (23298642)|STATEMENT_EXECUTE|[1]
13:14:11.1 (23311532)|METHOD_EXIT|[1]|OrdemItemHandler
13:14:11.1 (23479245)|HEAP_ALLOCATE|[2]|Bytes:32
13:14:11.1 (23516035)|CONSTRUCTOR_ENTRY|[2]|01pg8000001EZwd|<init>()|OrdemItemHandler
13:14:11.1 (23578423)|VARIABLE_SCOPE_BEGIN|[10]|this|OrdemItemHandler|true|false
13:14:11.1 (23655756)|VARIABLE_ASSIGNMENT|[10]|this|{}|0x5c79bc84
13:14:11.1 (23663427)|STATEMENT_EXECUTE|[1]
13:14:11.1 (23664998)|STATEMENT_EXECUTE|[4]
13:14:11.1 (23667059)|STATEMENT_EXECUTE|[5]
13:14:11.1 (23668177)|STATEMENT_EXECUTE|[6]
13:14:11.1 (23669288)|STATEMENT_EXECUTE|[7]
13:14:11.1 (23670912)|STATEMENT_EXECUTE|[11]
13:14:11.1 (23675627)|HEAP_ALLOCATE|[11]|Bytes:16
13:14:11.1 (23685467)|HEAP_ALLOCATE|[11]|Bytes:33
13:14:11.1 (23691629)|HEAP_ALLOCATE|[11]|Bytes:166
13:14:11.1 (23695262)|HEAP_ALLOCATE|[11]|Bytes:55
13:14:11.1 (23698570)|HEAP_ALLOCATE|[11]|Bytes:9
13:14:11.1 (23728149)|VARIABLE_ASSIGNMENT|[11]|TriggerHandler.BYPASS_ALL_ALIAS|"BypassAll"
13:14:11.1 (23734402)|HEAP_ALLOCATE|[11]|Bytes:51
13:14:11.1 (23741968)|VARIABLE_ASSIGNMENT|[11]|TriggerHandler.ERROR_TRIGGERCONTEXT|"Trigger handler call (31 more) ..."
13:14:11.1 (23755708)|METHOD_ENTRY|[15]|01pg80000019iSf|TriggerHandler.TriggerHandler()
13:14:11.1 (23759234)|STATEMENT_EXECUTE|[15]
13:14:11.1 (23761739)|STATEMENT_EXECUTE|[15]
13:14:11.1 (23763126)|STATEMENT_EXECUTE|[66]
13:14:11.1 (23764270)|STATEMENT_EXECUTE|[67]
13:14:11.1 (23779368)|HEAP_ALLOCATE|[67]|Bytes:4
13:14:11.1 (23839123)|VARIABLE_ASSIGNMENT|[67]|TriggerHandler.loopCountMap|{}|0x232c3bc5
13:14:11.1 (23851858)|STATEMENT_EXECUTE|[68]
13:14:11.1 (23861206)|HEAP_ALLOCATE|[68]|Bytes:4
13:14:11.1 (23976085)|VARIABLE_ASSIGNMENT|[68]|TriggerHandler.bypassedHandlers|[]|0x32a03eb8
13:14:11.1 (23980869)|STATEMENT_EXECUTE|[69]
13:14:11.1 (24005145)|HEAP_ALLOCATE|[68]|Bytes:5
13:14:11.1 (24035281)|HEAP_ALLOCATE|[74]|Bytes:5
13:14:11.1 (24043875)|HEAP_ALLOCATE|[82]|Bytes:7
13:14:11.1 (24542041)|HEAP_ALLOCATE|[69]|Bytes:5
13:14:11.1 (24560151)|VARIABLE_ASSIGNMENT|[69]|TriggerHandler.globalBypass|false
13:14:11.1 (24564653)|STATEMENT_EXECUTE|[70]
13:14:11.1 (24570363)|HEAP_ALLOCATE|[70]|Bytes:5
13:14:11.1 (24576053)|VARIABLE_ASSIGNMENT|[70]|TriggerHandler.showLimits|false
13:14:11.1 (24579421)|STATEMENT_EXECUTE|[71]
13:14:11.1 (24581896)|HEAP_ALLOCATE|[71]|Bytes:5
13:14:11.1 (24586928)|VARIABLE_ASSIGNMENT|[71]|TriggerHandler.showDebug|false
13:14:11.1 (24590010)|STATEMENT_EXECUTE|[755]
13:14:11.1 (24591303)|STATEMENT_EXECUTE|[832]
13:14:11.1 (24600771)|METHOD_EXIT|[15]|TriggerHandler
13:14:11.1 (24614550)|CONSTRUCTOR_ENTRY|[11]|01pg80000019iSf|<init>(String)|TriggerHandler
13:14:11.1 (24783328)|VARIABLE_SCOPE_BEGIN|[107]|this|TriggerHandler|true|false
13:14:11.1 (24825855)|VARIABLE_ASSIGNMENT|[107]|this|{}|0x5c79bc84
13:14:11.1 (24831427)|VARIABLE_SCOPE_BEGIN|[107]|handlerName|String|false|false
13:14:11.1 (24841023)|VARIABLE_ASSIGNMENT|[107]|handlerName|"OrderItemHandler"
13:14:11.1 (24846344)|STATEMENT_EXECUTE|[15]
13:14:11.1 (24847805)|STATEMENT_EXECUTE|[50]
13:14:11.1 (24849255)|STATEMENT_EXECUTE|[57]
13:14:11.1 (24850469)|STATEMENT_EXECUTE|[671]
13:14:11.1 (24859417)|HEAP_ALLOCATE|[108]|Bytes:6
13:14:11.1 (26041662)|STATEMENT_EXECUTE|[107]
13:14:11.1 (26046362)|STATEMENT_EXECUTE|[108]
13:14:11.1 (26062996)|STATEMENT_EXECUTE|[109]
13:14:11.1 (26110366)|METHOD_ENTRY|[109]|01pg80000019iSf|TriggerHandler.setTriggerContext()
13:14:11.1 (26172033)|VARIABLE_SCOPE_BEGIN|[565]|this|TriggerHandler|true|false
13:14:11.1 (26216164)|VARIABLE_ASSIGNMENT|[565]|this|{"handlerName":"OrderItemHandler"}|0x5c79bc84
13:14:11.1 (26223773)|STATEMENT_EXECUTE|[565]
13:14:11.1 (26225002)|STATEMENT_EXECUTE|[566]
13:14:11.1 (26366250)|HEAP_ALLOCATE|[566]|Bytes:16
13:14:11.1 (26396268)|METHOD_ENTRY|[566]|01pg80000019iSf|TriggerHandler.setTriggerContext(System.TriggerOperation, Boolean)
13:14:11.1 (26410848)|VARIABLE_SCOPE_BEGIN|[582]|this|TriggerHandler|true|false
13:14:11.1 (26424849)|VARIABLE_ASSIGNMENT|[582]|this|{"handlerName":"OrderItemHandler"}|0x5c79bc84
13:14:11.1 (26428290)|VARIABLE_SCOPE_BEGIN|[582]|opType|System.TriggerOperation|true|false
13:14:11.1 (26450633)|VARIABLE_ASSIGNMENT|[582]|opType|"BEFORE_DELETE"|0x5a905a98
13:14:11.1 (26459141)|VARIABLE_SCOPE_BEGIN|[582]|testMode|Boolean|false|false
13:14:11.1 (26464612)|VARIABLE_ASSIGNMENT|[582]|testMode|false
13:14:11.1 (26467854)|STATEMENT_EXECUTE|[582]
13:14:11.1 (26480960)|STATEMENT_EXECUTE|[586]
13:14:11.1 (26481832)|STATEMENT_EXECUTE|[587]
13:14:11.1 (26485218)|HEAP_ALLOCATE|[587]|Bytes:5
13:14:11.1 (26491468)|STATEMENT_EXECUTE|[590]
13:14:11.1 (26492219)|STATEMENT_EXECUTE|[592]
13:14:11.1 (26510127)|HEAP_ALLOCATE|[592]|Bytes:16
13:14:11.1 (26515559)|STATEMENT_EXECUTE|[595]
13:14:11.1 (26532014)|VARIABLE_SCOPE_BEGIN|[595]|context|String|false|false
13:14:11.1 (26540269)|VARIABLE_ASSIGNMENT|[595]|context|"BEFORE_DELETE"
13:14:11.1 (26542342)|STATEMENT_EXECUTE|[597]
13:14:11.1 (26545779)|HEAP_ALLOCATE|[598]|Bytes:13
13:14:11.1 (26610224)|HEAP_ALLOCATE|[601]|Bytes:13
13:14:11.1 (26621804)|HEAP_ALLOCATE|[604]|Bytes:13
13:14:11.1 (26631116)|STATEMENT_EXECUTE|[604]
13:14:11.1 (26632246)|STATEMENT_EXECUTE|[605]
13:14:11.1 (26639096)|METHOD_EXIT|[566]|01pg80000019iSf|TriggerHandler.setTriggerContext(System.TriggerOperation, Boolean)
13:14:11.1 (26642393)|METHOD_EXIT|[109]|01pg80000019iSf|TriggerHandler.setTriggerContext()
13:14:11.1 (26651245)|CONSTRUCTOR_EXIT|[11]|01pg80000019iSf|<init>(String)|TriggerHandler
13:14:11.1 (26655696)|STATEMENT_EXECUTE|[10]
13:14:11.1 (26656877)|STATEMENT_EXECUTE|[12]
13:14:11.1 (26681022)|VARIABLE_ASSIGNMENT|[12]|this.newRecords|null|0x5c79bc84
13:14:11.1 (26684886)|STATEMENT_EXECUTE|[13]
13:14:11.1 (28295520)|VARIABLE_ASSIGNMENT|[13]|this.oldRecords|[{"LastModifiedDate":"2026-04-02T14:42:23.000Z","DiscountPercentage__c":-0.295349694596398927849022010980580,"IsDeleted":false,"Quantity":1.00,"FinalPrice__c":15053.85,"TaxPercentage__c":18.00,"ListPrice":19500.00,"OrderId":"801g8000007E9NdAAK","AvailableQuantity":1.00,"PriceWithoutMargin__c":14337.00,"OrderItemNumber":"0000000045","FreightValue__c":150.00,"SystemModstamp":"2026-04-02T14:42:23.000Z","UnitPrice":19500.00,"Product2Id":"01tg8000001BArcAAG","CreatedById":"005g80000010N45AAE","PricebookEntryId":"01ug8000000XoZ7AAK","TotalPrice":19500.00,"CreatedDate":"2026-04-02T14:42:23.000Z","MarginPercentage__c":5.00,"Id":"802g8000002WhYaAAK","LastModifiedById":"005g80000010N45AAE"}]|0x5c79bc84
13:14:11.1 (28316575)|STATEMENT_EXECUTE|[14]
13:14:11.1 (28353931)|VARIABLE_ASSIGNMENT|[14]|this.newRecordsMap|null|0x5c79bc84
13:14:11.1 (28356970)|STATEMENT_EXECUTE|[15]
13:14:11.1 (28842839)|VARIABLE_ASSIGNMENT|[15]|this.oldRecordsMap|{"802g8000002WhYaAAK":{"LastModifiedDate":"2026-04-02T14:42:23.000Z","DiscountPercentage__c":-0.295349694596398927849022010980580,"IsDeleted":false,"Quantity":1.00,"FinalPrice__c":15053.85,"TaxPercentage__c":18.00,"ListPrice":19500.00,"OrderId":"801g8000007E9NdAAK","AvailableQuantity":1.00,"PriceWithoutMargin__c":14337.00,"OrderItemNumber":"0000000045","FreightValue__c":150.00,"SystemModstamp":"2026-04-02T14:42:23.000Z","UnitPrice":19500.00,"Product2Id":"01tg8000001BArcAAG","CreatedById":"005g80000010N45AAE","PricebookEntryId":"01ug8000000XoZ7AAK","TotalPrice":19500.00,"CreatedDate":"2026-04-02T14:42:23.000Z","MarginPercentage__c":5.00,"Id":"802g8000002WhYaAAK","LastModifiedById":"005g80000010N45AAE"}}|0x5c79bc84
13:14:11.1 (28861547)|CONSTRUCTOR_EXIT|[2]|01pg8000001EZwd|<init>()|OrdemItemHandler
13:14:11.1 (28910465)|METHOD_ENTRY|[2]|01pg80000019iSf|TriggerHandler.run()
13:14:11.1 (28918538)|VARIABLE_SCOPE_BEGIN|[120]|this|TriggerHandler|true|false
13:14:11.1 (28961399)|VARIABLE_ASSIGNMENT|[120]|this|{"oldRecords":"0x20a77c4","oldRecordsMap":"0x6937ddfe","handlerName":"OrderItemHandler","isTriggerExecuting":true,"triggerEvent":"0x5a905a98"}|0x5c79bc84
13:14:11.1 (28968080)|STATEMENT_EXECUTE|[120]
13:14:11.1 (28972837)|METHOD_ENTRY|[121]|01pg80000019iSf|TriggerHandler.validateRun()
13:14:11.1 (28991577)|VARIABLE_SCOPE_BEGIN|[661]|this|TriggerHandler|true|false
13:14:11.1 (29003268)|VARIABLE_ASSIGNMENT|[661]|this|{"oldRecords":"0x20a77c4","oldRecordsMap":"0x6937ddfe","handlerName":"OrderItemHandler","isTriggerExecuting":true,"triggerEvent":"0x5a905a98"}|0x5c79bc84
13:14:11.1 (29007788)|STATEMENT_EXECUTE|[661]
13:14:11.1 (29016425)|STATEMENT_EXECUTE|[662]
13:14:11.1 (29017280)|STATEMENT_EXECUTE|[665]
13:14:11.1 (29025330)|METHOD_ENTRY|[665]|01pg80000019iSf|TriggerHandler.getHandlerName()
13:14:11.1 (29032274)|VARIABLE_SCOPE_BEGIN|[680]|this|TriggerHandler|true|false
13:14:11.1 (29041683)|VARIABLE_ASSIGNMENT|[680]|this|{"oldRecords":"0x20a77c4","oldRecordsMap":"0x6937ddfe","handlerName":"OrderItemHandler","isTriggerExecuting":true,"triggerEvent":"0x5a905a98"}|0x5c79bc84
13:14:11.1 (29045587)|STATEMENT_EXECUTE|[680]
13:14:11.1 (29088580)|STATEMENT_EXECUTE|[681]
13:14:11.1 (29089570)|STATEMENT_EXECUTE|[684]
13:14:11.1 (29093435)|METHOD_EXIT|[665]|01pg80000019iSf|TriggerHandler.getHandlerName()
13:14:11.1 (29122319)|METHOD_EXIT|[121]|01pg80000019iSf|TriggerHandler.validateRun()
13:14:11.1 (29125718)|STATEMENT_EXECUTE|[121]
13:14:11.1 (29128909)|METHOD_ENTRY|[126]|01pg80000019iSf|TriggerHandler.incrementCheckLoopCount()
13:14:11.1 (29135138)|VARIABLE_SCOPE_BEGIN|[634]|this|TriggerHandler|true|false
13:14:11.1 (29147787)|VARIABLE_ASSIGNMENT|[634]|this|{"oldRecords":"0x20a77c4","oldRecordsMap":"0x6937ddfe","handlerName":"OrderItemHandler","isTriggerExecuting":true,"triggerEvent":"0x5a905a98"}|0x5c79bc84
13:14:11.1 (29157375)|STATEMENT_EXECUTE|[634]
13:14:11.1 (29158127)|STATEMENT_EXECUTE|[635]
13:14:11.1 (29160518)|METHOD_ENTRY|[635]|01pg80000019iSf|TriggerHandler.getHandlerName()
13:14:11.1 (29164971)|VARIABLE_SCOPE_BEGIN|[680]|this|TriggerHandler|true|false
13:14:11.1 (29174089)|VARIABLE_ASSIGNMENT|[680]|this|{"oldRecords":"0x20a77c4","oldRecordsMap":"0x6937ddfe","handlerName":"OrderItemHandler","isTriggerExecuting":true,"triggerEvent":"0x5a905a98"}|0x5c79bc84
13:14:11.1 (29177956)|STATEMENT_EXECUTE|[680]
13:14:11.1 (29185490)|STATEMENT_EXECUTE|[681]
13:14:11.1 (29186319)|STATEMENT_EXECUTE|[684]
13:14:11.1 (29188050)|METHOD_EXIT|[635]|01pg80000019iSf|TriggerHandler.getHandlerName()
13:14:11.1 (29191286)|VARIABLE_SCOPE_BEGIN|[635]|handlerName|String|false|false
13:14:11.1 (29197626)|VARIABLE_ASSIGNMENT|[635]|handlerName|"OrderItemHandler"
13:14:11.1 (29234283)|STATEMENT_EXECUTE|[636]
13:14:11.1 (29235294)|STATEMENT_EXECUTE|[649]
13:14:11.1 (29237249)|METHOD_EXIT|[126]|01pg80000019iSf|TriggerHandler.incrementCheckLoopCount()
13:14:11.1 (29240214)|STATEMENT_EXECUTE|[126]
13:14:11.1 (29242897)|STATEMENT_EXECUTE|[130]
13:14:11.1 (29243735)|STATEMENT_EXECUTE|[135]
13:14:11.1 (29369347)|STATEMENT_EXECUTE|[142]
13:14:11.1 (29370331)|STATEMENT_EXECUTE|[143]
13:14:11.1 (29376136)|METHOD_ENTRY|[143]|01pg8000001EZwd|OrdemItemHandler.beforeDelete()
13:14:11.1 (29387510)|VARIABLE_SCOPE_BEGIN|[35]|this|OrdemItemHandler|true|false
13:14:11.1 (29407706)|VARIABLE_ASSIGNMENT|[35]|this|{"oldRecords":"0x20a77c4","oldRecordsMap":"0x6937ddfe","handlerName":"OrderItemHandler","isTriggerExecuting":true,"triggerEvent":"0x5a905a98"}|0x5c79bc84
13:14:11.1 (29411776)|STATEMENT_EXECUTE|[35]
13:14:11.1 (29412684)|STATEMENT_EXECUTE|[36]
13:14:11.1 (29416895)|METHOD_ENTRY|[36]|01pg8000001EZwd|OrdemItemHandler.checkActiveOrderItem()
13:14:11.1 (29427231)|VARIABLE_SCOPE_BEGIN|[226]|this|OrdemItemHandler|true|false
13:14:11.1 (29436791)|VARIABLE_ASSIGNMENT|[226]|this|{"oldRecords":"0x20a77c4","oldRecordsMap":"0x6937ddfe","handlerName":"OrderItemHandler","isTriggerExecuting":true,"triggerEvent":"0x5a905a98"}|0x5c79bc84
13:14:11.1 (29441266)|STATEMENT_EXECUTE|[226]
13:14:11.1 (29442191)|STATEMENT_EXECUTE|[227]
13:14:11.1 (29447497)|VARIABLE_SCOPE_BEGIN|[227]|listaParaValidar|List<OrderItem>|true|false
13:14:11.1 (29452505)|VARIABLE_ASSIGNMENT|[227]|listaParaValidar|null|
13:14:11.1 (29454437)|STATEMENT_EXECUTE|[228]
13:14:11.1 (29473696)|HEAP_ALLOCATE|[228]|Bytes:4
13:14:11.1 (29495833)|VARIABLE_SCOPE_BEGIN|[228]|idOrders|Set<Id>|true|false
13:14:11.1 (29527091)|VARIABLE_ASSIGNMENT|[228]|idOrders|[]|0x7f6ed92a
13:14:11.1 (29529909)|STATEMENT_EXECUTE|[229]
13:14:11.1 (29587886)|HEAP_ALLOCATE|[229]|Bytes:4
13:14:11.1 (29617197)|VARIABLE_SCOPE_BEGIN|[229]|idMapOrders|Map<Id,Order>|true|false
13:14:11.1 (29626018)|VARIABLE_ASSIGNMENT|[229]|idMapOrders|{}|0x5a3311e8
13:14:11.1 (29641226)|STATEMENT_EXECUTE|[231]
13:14:11.1 (29642109)|STATEMENT_EXECUTE|[232]
13:14:11.1 (30295146)|VARIABLE_ASSIGNMENT|[232]|listaParaValidar|[{"LastModifiedDate":"2026-04-02T14:42:23.000Z","DiscountPercentage__c":-0.295349694596398927849022010980580,"IsDeleted":false,"Quantity":1.00,"FinalPrice__c":15053.85,"TaxPercentage__c":18.00,"ListPrice":19500.00,"OrderId":"801g8000007E9NdAAK","AvailableQuantity":1.00,"PriceWithoutMargin__c":14337.00,"OrderItemNumber":"0000000045","FreightValue__c":150.00,"SystemModstamp":"2026-04-02T14:42:23.000Z","UnitPrice":19500.00,"Product2Id":"01tg8000001BArcAAG","CreatedById":"005g80000010N45AAE","PricebookEntryId":"01ug8000000XoZ7AAK","TotalPrice":19500.00,"CreatedDate":"2026-04-02T14:42:23.000Z","MarginPercentage__c":5.00,"Id":"802g8000002WhYaAAK","LastModifiedById":"005g80000010N45AAE"}]|0x20a77c4
13:14:11.1 (30531279)|HEAP_ALLOCATE|[237]|Bytes:5
13:14:11.1 (30583370)|VARIABLE_SCOPE_BEGIN|[237]|ot|OrderItem|true|false
13:14:11.1 (31348788)|VARIABLE_ASSIGNMENT|[237]|ot|{"LastModifiedDate":"2026-04-02T14:42:23.000Z","DiscountPercentage__c":-0.295349694596398927849022010980580,"IsDeleted":false,"Quantity":1.00,"FinalPrice__c":15053.85,"TaxPercentage__c":18.00,"ListPrice":19500.00,"OrderId":"801g8000007E9NdAAK","AvailableQuantity":1.00,"PriceWithoutMargin__c":14337.00,"OrderItemNumber":"0000000045","FreightValue__c":150.00,"SystemModstamp":"2026-04-02T14:42:23.000Z","UnitPrice":19500.00,"Product2Id":"01tg8000001BArcAAG","CreatedById":"005g80000010N45AAE","PricebookEntryId":"01ug8000000XoZ7AAK","TotalPrice":19500.00,"CreatedDate":"2026-04-02T14:42:23.000Z","MarginPercentage__c":5.00,"Id":"802g8000002WhYaAAK","LastModifiedById":"005g80000010N45AAE"}|0x1434f13a
13:14:11.1 (31375752)|STATEMENT_EXECUTE|[237]
13:14:11.1 (31376950)|STATEMENT_EXECUTE|[238]
13:14:11.1 (31469382)|HEAP_ALLOCATE|[EXTERNAL]|Bytes:4
13:14:11.1 (31500884)|HEAP_ALLOCATE|[237]|Bytes:5
13:14:11.1 (31518805)|VARIABLE_ASSIGNMENT|[237]|ot|null|
13:14:11.1 (31522874)|STATEMENT_EXECUTE|[241]
13:14:11.1 (31525143)|HEAP_ALLOCATE|[241]|Bytes:48
13:14:11.1 (31547408)|HEAP_ALLOCATE|[241]|Bytes:4
13:14:11.1 (31556887)|HEAP_ALLOCATE|[241]|Bytes:7
13:14:11.1 (32342643)|SOQL_EXECUTE_BEGIN|[241]|Aggregations:0|SELECT Id, Status FROM Order WHERE Id = :tmpVar1
13:14:11.1 (39951441)|SOQL_EXECUTE_END|[241]|Rows:1
13:14:11.1 (39990746)|HEAP_ALLOCATE|[241]|Bytes:8
13:14:11.1 (40010316)|HEAP_ALLOCATE|[241]|Bytes:44
13:14:11.1 (40085515)|HEAP_ALLOCATE|[241]|Bytes:8
13:14:11.1 (40105709)|VARIABLE_SCOPE_BEGIN|[241]|listOrder|List<Order>|true|false
13:14:11.1 (40193051)|VARIABLE_ASSIGNMENT|[241]|listOrder|[{"Status":"Draft","Id":"801g8000007E9NdAAK"}]|0x5fa00190
13:14:11.1 (40384894)|HEAP_ALLOCATE|[246]|Bytes:5
13:14:11.1 (40415724)|HEAP_ALLOCATE|[246]|Bytes:12
13:14:11.1 (40424734)|VARIABLE_SCOPE_BEGIN|[246]|o|Order|true|false
13:14:11.1 (40454266)|VARIABLE_ASSIGNMENT|[246]|o|{"Status":"Draft","Id":"801g8000007E9NdAAK"}|0x28f9c3c
13:14:11.1 (40460400)|STATEMENT_EXECUTE|[246]
13:14:11.1 (40504307)|HEAP_ALLOCATE|[EXTERNAL]|Bytes:-4
13:14:11.1 (40514536)|HEAP_ALLOCATE|[246]|Bytes:5
13:14:11.1 (40521928)|VARIABLE_ASSIGNMENT|[246]|o|null|
13:14:11.1 (40543086)|HEAP_ALLOCATE|[248]|Bytes:5
13:14:11.1 (40554113)|VARIABLE_SCOPE_BEGIN|[248]|ot|OrderItem|true|false
13:14:11.1 (41155530)|VARIABLE_ASSIGNMENT|[248]|ot|{"LastModifiedDate":"2026-04-02T14:42:23.000Z","DiscountPercentage__c":-0.295349694596398927849022010980580,"IsDeleted":false,"Quantity":1.00,"FinalPrice__c":15053.85,"TaxPercentage__c":18.00,"ListPrice":19500.00,"OrderId":"801g8000007E9NdAAK","AvailableQuantity":1.00,"PriceWithoutMargin__c":14337.00,"OrderItemNumber":"0000000045","FreightValue__c":150.00,"SystemModstamp":"2026-04-02T14:42:23.000Z","UnitPrice":19500.00,"Product2Id":"01tg8000001BArcAAG","CreatedById":"005g80000010N45AAE","PricebookEntryId":"01ug8000000XoZ7AAK","TotalPrice":19500.00,"CreatedDate":"2026-04-02T14:42:23.000Z","MarginPercentage__c":5.00,"Id":"802g8000002WhYaAAK","LastModifiedById":"005g80000010N45AAE"}|0x1434f13a
13:14:11.1 (41172235)|STATEMENT_EXECUTE|[248]
13:14:11.1 (41173685)|STATEMENT_EXECUTE|[249]
13:14:11.1 (41242124)|VARIABLE_SCOPE_BEGIN|[249]|pedido|Order|true|false
13:14:11.1 (41279110)|VARIABLE_ASSIGNMENT|[249]|pedido|{"Status":"Draft","Id":"801g8000007E9NdAAK"}|0x28f9c3c
13:14:11.1 (41302312)|HEAP_ALLOCATE|[250]|Bytes:5
13:14:11.1 (41332820)|STATEMENT_EXECUTE|[250]
13:14:11.1 (41344256)|HEAP_ALLOCATE|[248]|Bytes:5
13:14:11.1 (41352354)|VARIABLE_ASSIGNMENT|[248]|ot|null|
13:14:11.1 (41361667)|METHOD_EXIT|[36]|01pg8000001EZwd|OrdemItemHandler.checkActiveOrderItem()
13:14:11.1 (41366617)|METHOD_EXIT|[143]|01pg8000001EZwd|OrdemItemHandler.beforeDelete()
13:14:11.1 (41369362)|STATEMENT_EXECUTE|[158]
13:14:11.1 (41385663)|METHOD_ENTRY|[158]|01pg80000019iSf|TriggerHandler.andFinally()
13:14:11.1 (41408488)|VARIABLE_SCOPE_BEGIN|[746]|this|TriggerHandler|true|false
13:14:11.1 (41457495)|VARIABLE_ASSIGNMENT|[746]|this|{"oldRecords":"0x20a77c4","oldRecordsMap":"0x6937ddfe","handlerName":"OrderItemHandler","isTriggerExecuting":true,"triggerEvent":"0x5a905a98"}|0x5c79bc84
13:14:11.1 (41464511)|STATEMENT_EXECUTE|[746]
13:14:11.1 (41466530)|METHOD_EXIT|[158]|01pg80000019iSf|TriggerHandler.andFinally()
13:14:11.1 (41478107)|STATEMENT_EXECUTE|[160]
13:14:11.1 (41485402)|STATEMENT_EXECUTE|[176]
13:14:11.1 (41488188)|METHOD_EXIT|[2]|01pg80000019iSf|TriggerHandler.run()
13:14:11.41 (41510365)|CUMULATIVE_LIMIT_USAGE
13:14:11.41 (41510365)|LIMIT_USAGE_FOR_NS|(default)|
  Number of SOQL queries: 1 out of 100
  Number of query rows: 1 out of 50000
  Number of SOSL queries: 0 out of 20
  Number of DML statements: 0 out of 150
  Number of Publish Immediate DML: 0 out of 150
  Number of DML rows: 0 out of 10000
  Maximum CPU time: 0 out of 10000
  Maximum heap size: 0 out of 6000000
  Number of callouts: 0 out of 100
  Number of Email Invocations: 0 out of 10
  Number of future calls: 0 out of 50
  Number of queueable jobs added to the queue: 0 out of 50
  Number of Mobile Apex push calls: 0 out of 10

13:14:11.41 (41510365)|CUMULATIVE_LIMIT_USAGE_END

13:14:11.1 (41747241)|CODE_UNIT_FINISHED|OrdemItemTrigger on OrderItem trigger event BeforeDelete|__sfdc_trigger/OrdemItemTrigger
13:14:11.1 (423585132)|CODE_UNIT_STARTED|[EXTERNAL]|01qg8000000GdOn|OrderTrigger on Order trigger event BeforeUpdate|__sfdc_trigger/OrderTrigger
13:14:11.1 (423686188)|HEAP_ALLOCATE|[EXTERNAL]|Bytes:8
13:14:11.1 (423784778)|HEAP_ALLOCATE|[EXTERNAL]|Bytes:8
13:14:11.1 (424008293)|HEAP_ALLOCATE|[EXTERNAL]|Bytes:4
13:14:11.1 (424029023)|VARIABLE_SCOPE_BEGIN|[1]|this|OrderTrigger|true|false
13:14:11.1 (424090928)|VARIABLE_ASSIGNMENT|[1]|this|{}|0x889d522
13:14:11.1 (424157679)|HEAP_ALLOCATE|[EXTERNAL]|Bytes:4
13:14:11.1 (424165804)|VARIABLE_SCOPE_BEGIN|[1]|this|OrderTrigger|true|false
13:14:11.1 (424178098)|VARIABLE_ASSIGNMENT|[1]|this|{}|0x889d522
13:14:11.1 (424186670)|STATEMENT_EXECUTE|[1]
13:14:11.1 (424188215)|STATEMENT_EXECUTE|[2]
13:14:11.1 (426268737)|HEAP_ALLOCATE|[2]|Bytes:11
13:14:11.1 (426313749)|METHOD_ENTRY|[1]|01pg8000001LXzh|OrderHandler.OrderHandler()
13:14:11.1 (426319258)|STATEMENT_EXECUTE|[1]
13:14:11.1 (426325289)|STATEMENT_EXECUTE|[1]
13:14:11.1 (426332383)|METHOD_EXIT|[1]|OrderHandler
13:14:11.1 (426353182)|HEAP_ALLOCATE|[2]|Bytes:32
13:14:11.1 (426371407)|CONSTRUCTOR_ENTRY|[2]|01pg8000001LXzh|<init>()|OrderHandler
13:14:11.1 (426401543)|VARIABLE_SCOPE_BEGIN|[10]|this|OrderHandler|true|false
13:14:11.1 (426463529)|VARIABLE_ASSIGNMENT|[10]|this|{}|0x6a05778b
13:14:11.1 (426468795)|STATEMENT_EXECUTE|[1]
13:14:11.1 (426469640)|STATEMENT_EXECUTE|[4]
13:14:11.1 (426470808)|STATEMENT_EXECUTE|[5]
13:14:11.1 (426471528)|STATEMENT_EXECUTE|[6]
13:14:11.1 (426472278)|STATEMENT_EXECUTE|[7]
13:14:11.1 (426473019)|STATEMENT_EXECUTE|[11]
13:14:11.1 (426475965)|HEAP_ALLOCATE|[11]|Bytes:12
13:14:11.1 (426484014)|CONSTRUCTOR_ENTRY|[11]|01pg80000019iSf|<init>(String)|TriggerHandler
13:14:11.1 (426507477)|VARIABLE_SCOPE_BEGIN|[107]|this|TriggerHandler|true|false
13:14:11.1 (426517740)|VARIABLE_ASSIGNMENT|[107]|this|{}|0x6a05778b
13:14:11.1 (426521114)|VARIABLE_SCOPE_BEGIN|[107]|handlerName|String|false|false
13:14:11.1 (426530877)|VARIABLE_ASSIGNMENT|[107]|handlerName|"OrderHandler"
13:14:11.1 (426533612)|STATEMENT_EXECUTE|[15]
13:14:11.1 (426534581)|STATEMENT_EXECUTE|[50]
13:14:11.1 (426535455)|STATEMENT_EXECUTE|[57]
13:14:11.1 (426536340)|STATEMENT_EXECUTE|[671]
13:14:11.1 (426559392)|STATEMENT_EXECUTE|[107]
13:14:11.1 (426560509)|STATEMENT_EXECUTE|[108]
13:14:11.1 (426565482)|STATEMENT_EXECUTE|[109]
13:14:11.1 (426576262)|METHOD_ENTRY|[109]|01pg80000019iSf|TriggerHandler.setTriggerContext()
13:14:11.1 (426580469)|VARIABLE_SCOPE_BEGIN|[565]|this|TriggerHandler|true|false
13:14:11.1 (426597339)|VARIABLE_ASSIGNMENT|[565]|this|{"handlerName":"OrderHandler"}|0x6a05778b
13:14:11.1 (426602188)|STATEMENT_EXECUTE|[565]
13:14:11.1 (426603141)|STATEMENT_EXECUTE|[566]
13:14:11.1 (426669479)|HEAP_ALLOCATE|[566]|Bytes:16
13:14:11.1 (426681330)|METHOD_ENTRY|[566]|01pg80000019iSf|TriggerHandler.setTriggerContext(System.TriggerOperation, Boolean)
13:14:11.1 (426684819)|VARIABLE_SCOPE_BEGIN|[582]|this|TriggerHandler|true|false
13:14:11.1 (426694143)|VARIABLE_ASSIGNMENT|[582]|this|{"handlerName":"OrderHandler"}|0x6a05778b
13:14:11.1 (426697225)|VARIABLE_SCOPE_BEGIN|[582]|opType|System.TriggerOperation|true|false
13:14:11.1 (426767119)|VARIABLE_ASSIGNMENT|[582]|opType|"BEFORE_UPDATE"|0x2af50267
13:14:11.1 (426776090)|VARIABLE_SCOPE_BEGIN|[582]|testMode|Boolean|false|false
13:14:11.1 (426781690)|VARIABLE_ASSIGNMENT|[582]|testMode|false
13:14:11.1 (426785114)|STATEMENT_EXECUTE|[582]
13:14:11.1 (426792518)|STATEMENT_EXECUTE|[586]
13:14:11.1 (426793275)|STATEMENT_EXECUTE|[587]
13:14:11.1 (426795923)|HEAP_ALLOCATE|[587]|Bytes:5
13:14:11.1 (426801004)|STATEMENT_EXECUTE|[590]
13:14:11.1 (426801952)|STATEMENT_EXECUTE|[592]
13:14:11.1 (426815469)|HEAP_ALLOCATE|[592]|Bytes:16
13:14:11.1 (426819979)|STATEMENT_EXECUTE|[595]
13:14:11.1 (426828376)|VARIABLE_SCOPE_BEGIN|[595]|context|String|false|false
13:14:11.1 (426835981)|VARIABLE_ASSIGNMENT|[595]|context|"BEFORE_UPDATE"
13:14:11.1 (426838130)|STATEMENT_EXECUTE|[597]
13:14:11.1 (426866662)|STATEMENT_EXECUTE|[601]
13:14:11.1 (426867436)|STATEMENT_EXECUTE|[602]
13:14:11.1 (426876699)|METHOD_EXIT|[566]|01pg80000019iSf|TriggerHandler.setTriggerContext(System.TriggerOperation, Boolean)
13:14:11.1 (426880081)|METHOD_EXIT|[109]|01pg80000019iSf|TriggerHandler.setTriggerContext()
13:14:11.1 (426886433)|CONSTRUCTOR_EXIT|[11]|01pg80000019iSf|<init>(String)|TriggerHandler
13:14:11.1 (426889280)|STATEMENT_EXECUTE|[10]
13:14:11.1 (426890103)|STATEMENT_EXECUTE|[12]
13:14:11.1 (431265387)|VARIABLE_ASSIGNMENT|[12]|this.newRecords|[{"Status":"Draft","LastModifiedDate":"2026-04-02T14:42:23.000Z","Country__c":"a03g8000004x8aeAAA","IsDeleted":false,"AccountId":"001g8000005VaOHAA0","FreightType__c":"CIF","OrderNumber":"00000113","TotalAmount":1350000.00,"StatusCode":"Draft","PaymentCondition__c":"a07g8000004MONnAAO","IsReductionOrder":false,"SystemModstamp":"2026-04-02T14:42:23.000Z","City__c":"a05g8000001KAc9AAG","OwnerId":"005g80000010N45AAE","CreatedById":"005g80000010N45AAE","DeliveryDate__c":"2026-04-06T00:00:00.000Z","DistributionCenter__c":"a06g8000000wkLpAAI","CreatedDate":"2026-03-31T12:52:12.000Z","Pricebook2Id":"01sg80000015mKTAAY","Id":"801g8000007E9NdAAK","AccountAddress__c":"a08g8000001Zx1SAAS","LastModifiedById":"005g80000010N45AAE","State__c":"a04g8000000QmaTAAS","EffectiveDate":"2026-03-31T00:00:00.000Z"}]|0x6a05778b
13:14:11.1 (431288226)|STATEMENT_EXECUTE|[13]
13:14:11.1 (432290075)|VARIABLE_ASSIGNMENT|[13]|this.oldRecords|[{"Status":"Draft","LastModifiedDate":"2026-04-02T14:42:23.000Z","Country__c":"a03g8000004x8aeAAA","IsDeleted":false,"AccountId":"001g8000005VaOHAA0","FreightType__c":"CIF","OrderNumber":"00000113","TotalAmount":1369500.00,"StatusCode":"Draft","PaymentCondition__c":"a07g8000004MONnAAO","IsReductionOrder":false,"SystemModstamp":"2026-04-02T14:42:23.000Z","City__c":"a05g8000001KAc9AAG","OwnerId":"005g80000010N45AAE","CreatedById":"005g80000010N45AAE","DeliveryDate__c":"2026-04-06T00:00:00.000Z","DistributionCenter__c":"a06g8000000wkLpAAI","CreatedDate":"2026-03-31T12:52:12.000Z","Pricebook2Id":"01sg80000015mKTAAY","Id":"801g8000007E9NdAAK","AccountAddress__c":"a08g8000001Zx1SAAS","LastModifiedById":"005g80000010N45AAE","State__c":"a04g8000000QmaTAAS","EffectiveDate":"2026-03-31T00:00:00.000Z"}]|0x6a05778b
13:14:11.1 (432312374)|STATEMENT_EXECUTE|[14]
13:14:11.1 (432994512)|VARIABLE_ASSIGNMENT|[14]|this.newRecordsMap|{"801g8000007E9NdAAK":{"Status":"Draft","LastModifiedDate":"2026-04-02T14:42:23.000Z","Country__c":"a03g8000004x8aeAAA","IsDeleted":false,"AccountId":"001g8000005VaOHAA0","FreightType__c":"CIF","OrderNumber":"00000113","TotalAmount":1350000.00,"StatusCode":"Draft","PaymentCondition__c":"a07g8000004MONnAAO","IsReductionOrder":false,"SystemModstamp":"2026-04-02T14:42:23.000Z","City__c":"a05g8000001KAc9AAG","OwnerId":"005g80000010N45AAE","CreatedById":"005g80000010N45AAE","DeliveryDate__c":"2026-04-06T00:00:00.000Z","DistributionCenter__c":"a06g8000000wkLpAAI","CreatedDate":"2026-03-31T12:52:12.000Z","Pricebook2Id":"01sg80000015mKTAAY","Id":"801g8000007E9NdAAK","AccountAddress__c":"a08g8000001Zx1SAAS","LastModifiedById":"005g80000010N45AAE","State__c":"a04g8000000QmaTAAS","EffectiveDate":"2026-03-31T00:00:00.000Z"}}|0x6a05778b
13:14:11.1 (433012773)|STATEMENT_EXECUTE|[15]
13:14:11.1 (433644300)|VARIABLE_ASSIGNMENT|[15]|this.oldRecordsMap|{"801g8000007E9NdAAK":{"Status":"Draft","LastModifiedDate":"2026-04-02T14:42:23.000Z","Country__c":"a03g8000004x8aeAAA","IsDeleted":false,"AccountId":"001g8000005VaOHAA0","FreightType__c":"CIF","OrderNumber":"00000113","TotalAmount":1369500.00,"StatusCode":"Draft","PaymentCondition__c":"a07g8000004MONnAAO","IsReductionOrder":false,"SystemModstamp":"2026-04-02T14:42:23.000Z","City__c":"a05g8000001KAc9AAG","OwnerId":"005g80000010N45AAE","CreatedById":"005g80000010N45AAE","DeliveryDate__c":"2026-04-06T00:00:00.000Z","DistributionCenter__c":"a06g8000000wkLpAAI","CreatedDate":"2026-03-31T12:52:12.000Z","Pricebook2Id":"01sg80000015mKTAAY","Id":"801g8000007E9NdAAK","AccountAddress__c":"a08g8000001Zx1SAAS","LastModifiedById":"005g80000010N45AAE","State__c":"a04g8000000QmaTAAS","EffectiveDate":"2026-03-31T00:00:00.000Z"}}|0x6a05778b
13:14:11.1 (433673621)|CONSTRUCTOR_EXIT|[2]|01pg8000001LXzh|<init>()|OrderHandler
13:14:11.1 (433720620)|METHOD_ENTRY|[2]|01pg80000019iSf|TriggerHandler.run()
13:14:11.1 (433730835)|VARIABLE_SCOPE_BEGIN|[120]|this|TriggerHandler|true|false
13:14:11.1 (433795800)|VARIABLE_ASSIGNMENT|[120]|this|{"newRecords":"0x70e753fc","newRecordsMap":"0x7a84faf3","oldRecords":"0x4b0bf4f7","oldRecordsMap":"0x7f72be87","handlerName":"OrderHandler","isTriggerExecuting":true,"triggerEvent":"0x2af50267"}|0x6a05778b
13:14:11.1 (433805857)|STATEMENT_EXECUTE|[120]
13:14:11.1 (433812402)|METHOD_ENTRY|[121]|01pg80000019iSf|TriggerHandler.validateRun()
13:14:11.1 (433818071)|VARIABLE_SCOPE_BEGIN|[661]|this|TriggerHandler|true|false
13:14:11.1 (433839087)|VARIABLE_ASSIGNMENT|[661]|this|{"newRecords":"0x70e753fc","newRecordsMap":"0x7a84faf3","oldRecords":"0x4b0bf4f7","oldRecordsMap":"0x7f72be87","handlerName":"OrderHandler","isTriggerExecuting":true,"triggerEvent":"0x2af50267"}|0x6a05778b
13:14:11.1 (433846167)|STATEMENT_EXECUTE|[661]
13:14:11.1 (433854840)|STATEMENT_EXECUTE|[662]
13:14:11.1 (433856762)|STATEMENT_EXECUTE|[665]
13:14:11.1 (433864427)|METHOD_ENTRY|[665]|01pg80000019iSf|TriggerHandler.getHandlerName()
13:14:11.1 (433869482)|VARIABLE_SCOPE_BEGIN|[680]|this|TriggerHandler|true|false
13:14:11.1 (433893846)|VARIABLE_ASSIGNMENT|[680]|this|{"newRecords":"0x70e753fc","newRecordsMap":"0x7a84faf3","oldRecords":"0x4b0bf4f7","oldRecordsMap":"0x7f72be87","handlerName":"OrderHandler","isTriggerExecuting":true,"triggerEvent":"0x2af50267"}|0x6a05778b
13:14:11.1 (433900129)|STATEMENT_EXECUTE|[680]
13:14:11.1 (433936348)|STATEMENT_EXECUTE|[681]
13:14:11.1 (433937825)|STATEMENT_EXECUTE|[684]
13:14:11.1 (433943804)|METHOD_EXIT|[665]|01pg80000019iSf|TriggerHandler.getHandlerName()
13:14:11.1 (433968046)|METHOD_EXIT|[121]|01pg80000019iSf|TriggerHandler.validateRun()
13:14:11.1 (433972911)|STATEMENT_EXECUTE|[121]
13:14:11.1 (433976790)|METHOD_ENTRY|[126]|01pg80000019iSf|TriggerHandler.incrementCheckLoopCount()
13:14:11.1 (433982431)|VARIABLE_SCOPE_BEGIN|[634]|this|TriggerHandler|true|false
13:14:11.1 (434001793)|VARIABLE_ASSIGNMENT|[634]|this|{"newRecords":"0x70e753fc","newRecordsMap":"0x7a84faf3","oldRecords":"0x4b0bf4f7","oldRecordsMap":"0x7f72be87","handlerName":"OrderHandler","isTriggerExecuting":true,"triggerEvent":"0x2af50267"}|0x6a05778b
13:14:11.1 (434010201)|STATEMENT_EXECUTE|[634]
13:14:11.1 (434011583)|STATEMENT_EXECUTE|[635]
13:14:11.1 (434015122)|METHOD_ENTRY|[635]|01pg80000019iSf|TriggerHandler.getHandlerName()
13:14:11.1 (434031398)|VARIABLE_SCOPE_BEGIN|[680]|this|TriggerHandler|true|false
13:14:11.1 (434049858)|VARIABLE_ASSIGNMENT|[680]|this|{"newRecords":"0x70e753fc","newRecordsMap":"0x7a84faf3","oldRecords":"0x4b0bf4f7","oldRecordsMap":"0x7f72be87","handlerName":"OrderHandler","isTriggerExecuting":true,"triggerEvent":"0x2af50267"}|0x6a05778b
13:14:11.1 (434056165)|STATEMENT_EXECUTE|[680]
13:14:11.1 (434068656)|STATEMENT_EXECUTE|[681]
13:14:11.1 (434069967)|STATEMENT_EXECUTE|[684]
13:14:11.1 (434072968)|METHOD_EXIT|[635]|01pg80000019iSf|TriggerHandler.getHandlerName()
13:14:11.1 (434078408)|VARIABLE_SCOPE_BEGIN|[635]|handlerName|String|false|false
13:14:11.1 (434088545)|VARIABLE_ASSIGNMENT|[635]|handlerName|"OrderHandler"
13:14:11.1 (434103273)|STATEMENT_EXECUTE|[636]
13:14:11.1 (434104601)|STATEMENT_EXECUTE|[649]
13:14:11.1 (434107726)|METHOD_EXIT|[126]|01pg80000019iSf|TriggerHandler.incrementCheckLoopCount()
13:14:11.1 (434112128)|STATEMENT_EXECUTE|[126]
13:14:11.1 (434115017)|STATEMENT_EXECUTE|[130]
13:14:11.1 (434116382)|STATEMENT_EXECUTE|[135]
13:14:11.1 (434182837)|STATEMENT_EXECUTE|[139]
13:14:11.1 (434184296)|STATEMENT_EXECUTE|[140]
13:14:11.1 (434199570)|METHOD_ENTRY|[140]|01pg8000001LXzh|OrderHandler.beforeUpdate()
13:14:11.1 (434241203)|VARIABLE_SCOPE_BEGIN|[19]|this|OrderHandler|true|false
13:14:11.1 (434268823)|VARIABLE_ASSIGNMENT|[19]|this|{"newRecords":"0x70e753fc","newRecordsMap":"0x7a84faf3","oldRecords":"0x4b0bf4f7","oldRecordsMap":"0x7f72be87","handlerName":"OrderHandler","isTriggerExecuting":true,"triggerEvent":"0x2af50267"}|0x6a05778b
13:14:11.1 (434276612)|STATEMENT_EXECUTE|[19]
13:14:11.1 (434278149)|STATEMENT_EXECUTE|[20]
13:14:11.1 (434285859)|METHOD_ENTRY|[20]|01pg8000001LXzh|OrderHandler.checkActiveOrder()
13:14:11.1 (434299644)|VARIABLE_SCOPE_BEGIN|[28]|this|OrderHandler|true|false
13:14:11.1 (434317204)|VARIABLE_ASSIGNMENT|[28]|this|{"newRecords":"0x70e753fc","newRecordsMap":"0x7a84faf3","oldRecords":"0x4b0bf4f7","oldRecordsMap":"0x7f72be87","handlerName":"OrderHandler","isTriggerExecuting":true,"triggerEvent":"0x2af50267"}|0x6a05778b
13:14:11.1 (434323627)|STATEMENT_EXECUTE|[28]
13:14:11.1 (434324860)|STATEMENT_EXECUTE|[29]
13:14:11.1 (434329178)|VARIABLE_SCOPE_BEGIN|[29]|listaParaValidar|List<Order>|true|false
13:14:11.1 (434337345)|VARIABLE_ASSIGNMENT|[29]|listaParaValidar|null|
13:14:11.1 (434351382)|STATEMENT_EXECUTE|[33]
13:14:11.1 (434352742)|STATEMENT_EXECUTE|[34]
13:14:11.1 (435091216)|VARIABLE_ASSIGNMENT|[34]|listaParaValidar|[{"Status":"Draft","LastModifiedDate":"2026-04-02T14:42:23.000Z","Country__c":"a03g8000004x8aeAAA","IsDeleted":false,"AccountId":"001g8000005VaOHAA0","FreightType__c":"CIF","OrderNumber":"00000113","TotalAmount":1350000.00,"StatusCode":"Draft","PaymentCondition__c":"a07g8000004MONnAAO","IsReductionOrder":false,"SystemModstamp":"2026-04-02T14:42:23.000Z","City__c":"a05g8000001KAc9AAG","OwnerId":"005g80000010N45AAE","CreatedById":"005g80000010N45AAE","DeliveryDate__c":"2026-04-06T00:00:00.000Z","DistributionCenter__c":"a06g8000000wkLpAAI","CreatedDate":"2026-03-31T12:52:12.000Z","Pricebook2Id":"01sg80000015mKTAAY","Id":"801g8000007E9NdAAK","AccountAddress__c":"a08g8000001Zx1SAAS","LastModifiedById":"005g80000010N45AAE","State__c":"a04g8000000QmaTAAS","EffectiveDate":"2026-03-31T00:00:00.000Z"}]|0x70e753fc
13:14:11.1 (435177739)|HEAP_ALLOCATE|[38]|Bytes:5
13:14:11.1 (435212371)|HEAP_ALLOCATE|[38]|Bytes:4
13:14:11.1 (435225506)|VARIABLE_SCOPE_BEGIN|[38]|pedido|Order|true|false
13:14:11.1 (435618506)|VARIABLE_ASSIGNMENT|[38]|pedido|{"Status":"Draft","LastModifiedDate":"2026-04-02T14:42:23.000Z","Country__c":"a03g8000004x8aeAAA","IsDeleted":false,"AccountId":"001g8000005VaOHAA0","FreightType__c":"CIF","OrderNumber":"00000113","TotalAmount":1350000.00,"StatusCode":"Draft","PaymentCondition__c":"a07g8000004MONnAAO","IsReductionOrder":false,"SystemModstamp":"2026-04-02T14:42:23.000Z","City__c":"a05g8000001KAc9AAG","OwnerId":"005g80000010N45AAE","CreatedById":"005g80000010N45AAE","DeliveryDate__c":"2026-04-06T00:00:00.000Z","DistributionCenter__c":"a06g8000000wkLpAAI","CreatedDate":"2026-03-31T12:52:12.000Z","Pricebook2Id":"01sg80000015mKTAAY","Id":"801g8000007E9NdAAK","AccountAddress__c":"a08g8000001Zx1SAAS","LastModifiedById":"005g80000010N45AAE","State__c":"a04g8000000QmaTAAS","EffectiveDate":"2026-03-31T00:00:00.000Z"}|0x161aaf32
13:14:11.1 (435628697)|STATEMENT_EXECUTE|[38]
13:14:11.1 (435629597)|STATEMENT_EXECUTE|[40]
13:14:11.1 (435685658)|VARIABLE_SCOPE_BEGIN|[40]|pedidoAntigo|Order|true|false
13:14:11.1 (436144743)|VARIABLE_ASSIGNMENT|[40]|pedidoAntigo|{"Status":"Draft","LastModifiedDate":"2026-04-02T14:42:23.000Z","Country__c":"a03g8000004x8aeAAA","IsDeleted":false,"AccountId":"001g8000005VaOHAA0","FreightType__c":"CIF","OrderNumber":"00000113","TotalAmount":1369500.00,"StatusCode":"Draft","PaymentCondition__c":"a07g8000004MONnAAO","IsReductionOrder":false,"SystemModstamp":"2026-04-02T14:42:23.000Z","City__c":"a05g8000001KAc9AAG","OwnerId":"005g80000010N45AAE","CreatedById":"005g80000010N45AAE","DeliveryDate__c":"2026-04-06T00:00:00.000Z","DistributionCenter__c":"a06g8000000wkLpAAI","CreatedDate":"2026-03-31T12:52:12.000Z","Pricebook2Id":"01sg80000015mKTAAY","Id":"801g8000007E9NdAAK","AccountAddress__c":"a08g8000001Zx1SAAS","LastModifiedById":"005g80000010N45AAE","State__c":"a04g8000000QmaTAAS","EffectiveDate":"2026-03-31T00:00:00.000Z"}|0x20bdf68d
13:14:11.1 (436157954)|STATEMENT_EXECUTE|[43]
13:14:11.1 (436171230)|VARIABLE_SCOPE_BEGIN|[43]|validacaoStatus|String|false|false
13:14:11.1 (436177985)|VARIABLE_ASSIGNMENT|[43]|validacaoStatus|"Draft"
13:14:11.1 (436199706)|HEAP_ALLOCATE|[38]|Bytes:5
13:14:11.1 (436212469)|VARIABLE_ASSIGNMENT|[38]|pedido|null|
13:14:11.1 (436220719)|METHOD_EXIT|[20]|01pg8000001LXzh|OrderHandler.checkActiveOrder()
13:14:11.1 (436226045)|METHOD_EXIT|[140]|01pg8000001LXzh|OrderHandler.beforeUpdate()
13:14:11.1 (436228850)|STATEMENT_EXECUTE|[158]
13:14:11.1 (436235159)|METHOD_ENTRY|[158]|01pg80000019iSf|TriggerHandler.andFinally()
13:14:11.1 (436239431)|VARIABLE_SCOPE_BEGIN|[746]|this|TriggerHandler|true|false
13:14:11.1 (436273989)|VARIABLE_ASSIGNMENT|[746]|this|{"newRecords":"0x70e753fc","newRecordsMap":"0x7a84faf3","oldRecords":"0x4b0bf4f7","oldRecordsMap":"0x7f72be87","handlerName":"OrderHandler","isTriggerExecuting":true,"triggerEvent":"0x2af50267"}|0x6a05778b
13:14:11.1 (436279944)|STATEMENT_EXECUTE|[746]
13:14:11.1 (436281679)|METHOD_EXIT|[158]|01pg80000019iSf|TriggerHandler.andFinally()
13:14:11.1 (436285739)|STATEMENT_EXECUTE|[160]
13:14:11.1 (436287439)|STATEMENT_EXECUTE|[176]
13:14:11.1 (436289630)|METHOD_EXIT|[2]|01pg80000019iSf|TriggerHandler.run()
13:14:11.436 (436297276)|CUMULATIVE_LIMIT_USAGE
13:14:11.436 (436297276)|LIMIT_USAGE_FOR_NS|(default)|
  Number of SOQL queries: 1 out of 100
  Number of query rows: 1 out of 50000
  Number of SOSL queries: 0 out of 20
  Number of DML statements: 0 out of 150
  Number of Publish Immediate DML: 0 out of 150
  Number of DML rows: 0 out of 10000
  Maximum CPU time: 0 out of 10000
  Maximum heap size: 0 out of 6000000
  Number of callouts: 0 out of 100
  Number of Email Invocations: 0 out of 10
  Number of future calls: 0 out of 50
  Number of queueable jobs added to the queue: 0 out of 50
  Number of Mobile Apex push calls: 0 out of 10

13:14:11.436 (436297276)|CUMULATIVE_LIMIT_USAGE_END

13:14:11.1 (436492520)|CODE_UNIT_FINISHED|OrderTrigger on Order trigger event BeforeUpdate|__sfdc_trigger/OrderTrigger
13:14:11.1 (443572469)|CODE_UNIT_STARTED|[EXTERNAL]|Validation:Order:801g8000007E9Nd
13:14:11.1 (443608274)|VALIDATION_RULE|03dg8000000aS4D|Bloquear_Alteracao_Conta_Pedido
13:14:11.1 (443991108)|VALIDATION_FORMULA|ISCHANGED(AccountId) && NOT(ISNEW())|AccountId=001g8000005VaOH
13:14:11.1 (444003060)|VALIDATION_PASS
13:14:11.1 (444014728)|CODE_UNIT_FINISHED|Validation:Order:801g8000007E9Nd
13:14:11.1 (516246012)|CODE_UNIT_FINISHED|TRIGGERS
13:14:11.1 (516278497)|EXECUTION_FINISHED
