66.0 APEX_CODE,FINEST;APEX_PROFILING,INFO;CALLOUT,INFO;DATA_ACCESS,INFO;DB,INFO;NBA,INFO;SYSTEM,DEBUG;VALIDATION,INFO;VISUALFORCE,INFO;WAVE,INFO;WORKFLOW,INFO
13:17:34.1 (1353425)|USER_INFO|[EXTERNAL]|005g80000010N45|sabrina.jesus@resourceful-moose-fmmd11.com|(GMT-03:00) Brasilia Standard Time (America/Sao_Paulo)|GMT-03:00
13:17:34.1 (1444276)|EXECUTION_STARTED
13:17:34.1 (1474522)|CODE_UNIT_STARTED|[EXTERNAL]|TRIGGERS
13:17:34.1 (1568696)|CODE_UNIT_STARTED|[EXTERNAL]|01qg8000000Fou9|OrdemItemTrigger on OrderItem trigger event BeforeDelete|__sfdc_trigger/OrdemItemTrigger
13:17:34.1 (1735660)|HEAP_ALLOCATE|[EXTERNAL]|Bytes:8
13:17:34.1 (2918827)|HEAP_ALLOCATE|[95]|Bytes:3
13:17:34.1 (3089373)|HEAP_ALLOCATE|[100]|Bytes:152
13:17:34.1 (3122352)|HEAP_ALLOCATE|[417]|Bytes:408
13:17:34.1 (3142745)|HEAP_ALLOCATE|[430]|Bytes:408
13:17:34.1 (3170082)|HEAP_ALLOCATE|[317]|Bytes:6
13:17:34.1 (3230100)|HEAP_ALLOCATE|[EXTERNAL]|Bytes:4
13:17:34.1 (3252278)|VARIABLE_SCOPE_BEGIN|[1]|this|OrdemItemTrigger|true|false
13:17:34.1 (3405053)|VARIABLE_ASSIGNMENT|[1]|this|{}|0x363137b5
13:17:34.1 (3513685)|HEAP_ALLOCATE|[EXTERNAL]|Bytes:4
13:17:34.1 (3528241)|VARIABLE_SCOPE_BEGIN|[1]|this|OrdemItemTrigger|true|false
13:17:34.1 (3536218)|VARIABLE_ASSIGNMENT|[1]|this|{}|0x363137b5
13:17:34.1 (3554091)|STATEMENT_EXECUTE|[1]
13:17:34.1 (3555398)|STATEMENT_EXECUTE|[2]
13:17:34.1 (17981777)|VARIABLE_SCOPE_BEGIN|[63]|TriggerHandler.BYPASS_ALL_ALIAS|String|false|true
13:17:34.1 (17997108)|VARIABLE_SCOPE_BEGIN|[839]|TriggerHandler.ERROR_TRIGGERCONTEXT|String|false|true
13:17:34.1 (18086345)|VARIABLE_SCOPE_BEGIN|[26]|TriggerHandler.bypassedHandlers|Set<String>|true|true
13:17:34.1 (18095962)|VARIABLE_SCOPE_BEGIN|[32]|TriggerHandler.globalBypass|Boolean|false|true
13:17:34.1 (18330261)|VARIABLE_SCOPE_BEGIN|[20]|TriggerHandler.loopCountMap|Map<String,TriggerHandler.LoopCount>|true|true
13:17:34.1 (18335961)|VARIABLE_SCOPE_BEGIN|[44]|TriggerHandler.showDebug|Boolean|false|true
13:17:34.1 (18339688)|VARIABLE_SCOPE_BEGIN|[38]|TriggerHandler.showLimits|Boolean|false|true
13:17:34.1 (18369810)|HEAP_ALLOCATE|[2]|Bytes:22
13:17:34.1 (18380396)|HEAP_ALLOCATE|[2]|Bytes:26
13:17:34.1 (18418834)|METHOD_ENTRY|[1]|01pg8000001EZwd|OrdemItemHandler.OrdemItemHandler()
13:17:34.1 (18424620)|STATEMENT_EXECUTE|[1]
13:17:34.1 (18429951)|STATEMENT_EXECUTE|[1]
13:17:34.1 (18440863)|METHOD_EXIT|[1]|OrdemItemHandler
13:17:34.1 (18603631)|HEAP_ALLOCATE|[2]|Bytes:32
13:17:34.1 (18661940)|CONSTRUCTOR_ENTRY|[2]|01pg8000001EZwd|<init>()|OrdemItemHandler
13:17:34.1 (18716554)|VARIABLE_SCOPE_BEGIN|[10]|this|OrdemItemHandler|true|false
13:17:34.1 (18785596)|VARIABLE_ASSIGNMENT|[10]|this|{}|0x68e663c0
13:17:34.1 (18796048)|STATEMENT_EXECUTE|[1]
13:17:34.1 (18797195)|STATEMENT_EXECUTE|[4]
13:17:34.1 (18798762)|STATEMENT_EXECUTE|[5]
13:17:34.1 (18799438)|STATEMENT_EXECUTE|[6]
13:17:34.1 (18800236)|STATEMENT_EXECUTE|[7]
13:17:34.1 (18801544)|STATEMENT_EXECUTE|[11]
13:17:34.1 (18807979)|HEAP_ALLOCATE|[11]|Bytes:16
13:17:34.1 (18818389)|HEAP_ALLOCATE|[11]|Bytes:33
13:17:34.1 (18826328)|HEAP_ALLOCATE|[11]|Bytes:166
13:17:34.1 (18829312)|HEAP_ALLOCATE|[11]|Bytes:55
13:17:34.1 (18832410)|HEAP_ALLOCATE|[11]|Bytes:9
13:17:34.1 (18877254)|VARIABLE_ASSIGNMENT|[11]|TriggerHandler.BYPASS_ALL_ALIAS|"BypassAll"
13:17:34.1 (18880635)|HEAP_ALLOCATE|[11]|Bytes:51
13:17:34.1 (18887592)|VARIABLE_ASSIGNMENT|[11]|TriggerHandler.ERROR_TRIGGERCONTEXT|"Trigger handler call (31 more) ..."
13:17:34.1 (18908230)|METHOD_ENTRY|[15]|01pg80000019iSf|TriggerHandler.TriggerHandler()
13:17:34.1 (18911753)|STATEMENT_EXECUTE|[15]
13:17:34.1 (18914563)|STATEMENT_EXECUTE|[15]
13:17:34.1 (18915720)|STATEMENT_EXECUTE|[66]
13:17:34.1 (18916856)|STATEMENT_EXECUTE|[67]
13:17:34.1 (18944274)|HEAP_ALLOCATE|[67]|Bytes:4
13:17:34.1 (19044921)|VARIABLE_ASSIGNMENT|[67]|TriggerHandler.loopCountMap|{}|0x78e4bb8d
13:17:34.1 (19050781)|STATEMENT_EXECUTE|[68]
13:17:34.1 (19068563)|HEAP_ALLOCATE|[68]|Bytes:4
13:17:34.1 (19214936)|VARIABLE_ASSIGNMENT|[68]|TriggerHandler.bypassedHandlers|[]|0x23c72f32
13:17:34.1 (19220843)|STATEMENT_EXECUTE|[69]
13:17:34.1 (19252146)|HEAP_ALLOCATE|[68]|Bytes:5
13:17:34.1 (19299064)|HEAP_ALLOCATE|[74]|Bytes:5
13:17:34.1 (19308747)|HEAP_ALLOCATE|[82]|Bytes:7
13:17:34.1 (20155975)|HEAP_ALLOCATE|[69]|Bytes:5
13:17:34.1 (20195693)|VARIABLE_ASSIGNMENT|[69]|TriggerHandler.globalBypass|false
13:17:34.1 (20202591)|STATEMENT_EXECUTE|[70]
13:17:34.1 (20212867)|HEAP_ALLOCATE|[70]|Bytes:5
13:17:34.1 (20220151)|VARIABLE_ASSIGNMENT|[70]|TriggerHandler.showLimits|false
13:17:34.1 (20223830)|STATEMENT_EXECUTE|[71]
13:17:34.1 (20226595)|HEAP_ALLOCATE|[71]|Bytes:5
13:17:34.1 (20231609)|VARIABLE_ASSIGNMENT|[71]|TriggerHandler.showDebug|false
13:17:34.1 (20234688)|STATEMENT_EXECUTE|[755]
13:17:34.1 (20236325)|STATEMENT_EXECUTE|[832]
13:17:34.1 (20250998)|METHOD_EXIT|[15]|TriggerHandler
13:17:34.1 (20280439)|CONSTRUCTOR_ENTRY|[11]|01pg80000019iSf|<init>(String)|TriggerHandler
13:17:34.1 (20551738)|VARIABLE_SCOPE_BEGIN|[107]|this|TriggerHandler|true|false
13:17:34.1 (20588540)|VARIABLE_ASSIGNMENT|[107]|this|{}|0x68e663c0
13:17:34.1 (20591916)|VARIABLE_SCOPE_BEGIN|[107]|handlerName|String|false|false
13:17:34.1 (20600361)|VARIABLE_ASSIGNMENT|[107]|handlerName|"OrderItemHandler"
13:17:34.1 (20611798)|STATEMENT_EXECUTE|[15]
13:17:34.1 (20612915)|STATEMENT_EXECUTE|[50]
13:17:34.1 (20613831)|STATEMENT_EXECUTE|[57]
13:17:34.1 (20614733)|STATEMENT_EXECUTE|[671]
13:17:34.1 (20626092)|HEAP_ALLOCATE|[108]|Bytes:6
13:17:34.1 (21529799)|STATEMENT_EXECUTE|[107]
13:17:34.1 (21531843)|STATEMENT_EXECUTE|[108]
13:17:34.1 (21547373)|STATEMENT_EXECUTE|[109]
13:17:34.1 (21593970)|METHOD_ENTRY|[109]|01pg80000019iSf|TriggerHandler.setTriggerContext()
13:17:34.1 (21630476)|VARIABLE_SCOPE_BEGIN|[565]|this|TriggerHandler|true|false
13:17:34.1 (21651300)|VARIABLE_ASSIGNMENT|[565]|this|{"handlerName":"OrderItemHandler"}|0x68e663c0
13:17:34.1 (21665965)|STATEMENT_EXECUTE|[565]
13:17:34.1 (21666968)|STATEMENT_EXECUTE|[566]
13:17:34.1 (21841337)|HEAP_ALLOCATE|[566]|Bytes:16
13:17:34.1 (21860471)|METHOD_ENTRY|[566]|01pg80000019iSf|TriggerHandler.setTriggerContext(System.TriggerOperation, Boolean)
13:17:34.1 (21864218)|VARIABLE_SCOPE_BEGIN|[582]|this|TriggerHandler|true|false
13:17:34.1 (21876282)|VARIABLE_ASSIGNMENT|[582]|this|{"handlerName":"OrderItemHandler"}|0x68e663c0
13:17:34.1 (21879136)|VARIABLE_SCOPE_BEGIN|[582]|opType|System.TriggerOperation|true|false
13:17:34.1 (21903371)|VARIABLE_ASSIGNMENT|[582]|opType|"BEFORE_DELETE"|0x50e4dcf9
13:17:34.1 (21908512)|VARIABLE_SCOPE_BEGIN|[582]|testMode|Boolean|false|false
13:17:34.1 (21913571)|VARIABLE_ASSIGNMENT|[582]|testMode|false
13:17:34.1 (21916858)|STATEMENT_EXECUTE|[582]
13:17:34.1 (21935116)|STATEMENT_EXECUTE|[586]
13:17:34.1 (21936007)|STATEMENT_EXECUTE|[587]
13:17:34.1 (21939006)|HEAP_ALLOCATE|[587]|Bytes:5
13:17:34.1 (21945425)|STATEMENT_EXECUTE|[590]
13:17:34.1 (21946401)|STATEMENT_EXECUTE|[592]
13:17:34.1 (21963340)|HEAP_ALLOCATE|[592]|Bytes:16
13:17:34.1 (21968310)|STATEMENT_EXECUTE|[595]
13:17:34.1 (21994965)|VARIABLE_SCOPE_BEGIN|[595]|context|String|false|false
13:17:34.1 (22013477)|VARIABLE_ASSIGNMENT|[595]|context|"BEFORE_DELETE"
13:17:34.1 (22016575)|STATEMENT_EXECUTE|[597]
13:17:34.1 (22019416)|HEAP_ALLOCATE|[598]|Bytes:13
13:17:34.1 (22100032)|HEAP_ALLOCATE|[601]|Bytes:13
13:17:34.1 (22110992)|HEAP_ALLOCATE|[604]|Bytes:13
13:17:34.1 (22119568)|STATEMENT_EXECUTE|[604]
13:17:34.1 (22120478)|STATEMENT_EXECUTE|[605]
13:17:34.1 (22131770)|METHOD_EXIT|[566]|01pg80000019iSf|TriggerHandler.setTriggerContext(System.TriggerOperation, Boolean)
13:17:34.1 (22134802)|METHOD_EXIT|[109]|01pg80000019iSf|TriggerHandler.setTriggerContext()
13:17:34.1 (22145887)|CONSTRUCTOR_EXIT|[11]|01pg80000019iSf|<init>(String)|TriggerHandler
13:17:34.1 (22149187)|STATEMENT_EXECUTE|[10]
13:17:34.1 (22150172)|STATEMENT_EXECUTE|[12]
13:17:34.1 (22168185)|VARIABLE_ASSIGNMENT|[12]|this.newRecords|null|0x68e663c0
13:17:34.1 (22170757)|STATEMENT_EXECUTE|[13]
13:17:34.1 (23627883)|VARIABLE_ASSIGNMENT|[13]|this.oldRecords|[{"LastModifiedDate":"2026-04-02T16:15:07.000Z","DiscountPercentage__c":-0.295349694596398927849022010980580,"IsDeleted":false,"Quantity":1.00,"FinalPrice__c":15053.85,"TaxPercentage__c":18.00,"ListPrice":19500.00,"OrderId":"801g8000007E9NdAAK","AvailableQuantity":1.00,"PriceWithoutMargin__c":14337.00,"OrderItemNumber":"0000000047","FreightValue__c":150.00,"SystemModstamp":"2026-04-02T16:15:07.000Z","UnitPrice":19500.00,"Product2Id":"01tg8000001BArcAAG","CreatedById":"005g80000010N45AAE","PricebookEntryId":"01ug8000000XoZ7AAK","TotalPrice":19500.00,"CreatedDate":"2026-04-02T16:15:07.000Z","MarginPercentage__c":5.00,"Id":"802g8000002WlcEAAS","LastModifiedById":"005g80000010N45AAE"}]|0x68e663c0
13:17:34.1 (23668523)|STATEMENT_EXECUTE|[14]
13:17:34.1 (23697643)|VARIABLE_ASSIGNMENT|[14]|this.newRecordsMap|null|0x68e663c0
13:17:34.1 (23700486)|STATEMENT_EXECUTE|[15]
13:17:34.1 (24122332)|VARIABLE_ASSIGNMENT|[15]|this.oldRecordsMap|{"802g8000002WlcEAAS":{"LastModifiedDate":"2026-04-02T16:15:07.000Z","DiscountPercentage__c":-0.295349694596398927849022010980580,"IsDeleted":false,"Quantity":1.00,"FinalPrice__c":15053.85,"TaxPercentage__c":18.00,"ListPrice":19500.00,"OrderId":"801g8000007E9NdAAK","AvailableQuantity":1.00,"PriceWithoutMargin__c":14337.00,"OrderItemNumber":"0000000047","FreightValue__c":150.00,"SystemModstamp":"2026-04-02T16:15:07.000Z","UnitPrice":19500.00,"Product2Id":"01tg8000001BArcAAG","CreatedById":"005g80000010N45AAE","PricebookEntryId":"01ug8000000XoZ7AAK","TotalPrice":19500.00,"CreatedDate":"2026-04-02T16:15:07.000Z","MarginPercentage__c":5.00,"Id":"802g8000002WlcEAAS","LastModifiedById":"005g80000010N45AAE"}}|0x68e663c0
13:17:34.1 (24172533)|CONSTRUCTOR_EXIT|[2]|01pg8000001EZwd|<init>()|OrdemItemHandler
13:17:34.1 (24208559)|METHOD_ENTRY|[2]|01pg80000019iSf|TriggerHandler.run()
13:17:34.1 (24214610)|VARIABLE_SCOPE_BEGIN|[120]|this|TriggerHandler|true|false
13:17:34.1 (24252430)|VARIABLE_ASSIGNMENT|[120]|this|{"oldRecords":"0x50d1b76","oldRecordsMap":"0x7c3a2596","handlerName":"OrderItemHandler","isTriggerExecuting":true,"triggerEvent":"0x50e4dcf9"}|0x68e663c0
13:17:34.1 (24258135)|STATEMENT_EXECUTE|[120]
13:17:34.1 (24262629)|METHOD_ENTRY|[121]|01pg80000019iSf|TriggerHandler.validateRun()
13:17:34.1 (24279720)|VARIABLE_SCOPE_BEGIN|[661]|this|TriggerHandler|true|false
13:17:34.1 (24294664)|VARIABLE_ASSIGNMENT|[661]|this|{"oldRecords":"0x50d1b76","oldRecordsMap":"0x7c3a2596","handlerName":"OrderItemHandler","isTriggerExecuting":true,"triggerEvent":"0x50e4dcf9"}|0x68e663c0
13:17:34.1 (24298746)|STATEMENT_EXECUTE|[661]
13:17:34.1 (24307727)|STATEMENT_EXECUTE|[662]
13:17:34.1 (24308764)|STATEMENT_EXECUTE|[665]
13:17:34.1 (24316062)|METHOD_ENTRY|[665]|01pg80000019iSf|TriggerHandler.getHandlerName()
13:17:34.1 (24322791)|VARIABLE_SCOPE_BEGIN|[680]|this|TriggerHandler|true|false
13:17:34.1 (24332195)|VARIABLE_ASSIGNMENT|[680]|this|{"oldRecords":"0x50d1b76","oldRecordsMap":"0x7c3a2596","handlerName":"OrderItemHandler","isTriggerExecuting":true,"triggerEvent":"0x50e4dcf9"}|0x68e663c0
13:17:34.1 (24335962)|STATEMENT_EXECUTE|[680]
13:17:34.1 (24373695)|STATEMENT_EXECUTE|[681]
13:17:34.1 (24374645)|STATEMENT_EXECUTE|[684]
13:17:34.1 (24378774)|METHOD_EXIT|[665]|01pg80000019iSf|TriggerHandler.getHandlerName()
13:17:34.1 (24418733)|METHOD_EXIT|[121]|01pg80000019iSf|TriggerHandler.validateRun()
13:17:34.1 (24421874)|STATEMENT_EXECUTE|[121]
13:17:34.1 (24424636)|METHOD_ENTRY|[126]|01pg80000019iSf|TriggerHandler.incrementCheckLoopCount()
13:17:34.1 (24430326)|VARIABLE_SCOPE_BEGIN|[634]|this|TriggerHandler|true|false
13:17:34.1 (24440236)|VARIABLE_ASSIGNMENT|[634]|this|{"oldRecords":"0x50d1b76","oldRecordsMap":"0x7c3a2596","handlerName":"OrderItemHandler","isTriggerExecuting":true,"triggerEvent":"0x50e4dcf9"}|0x68e663c0
13:17:34.1 (24444394)|STATEMENT_EXECUTE|[634]
13:17:34.1 (24445141)|STATEMENT_EXECUTE|[635]
13:17:34.1 (24447307)|METHOD_ENTRY|[635]|01pg80000019iSf|TriggerHandler.getHandlerName()
13:17:34.1 (24451155)|VARIABLE_SCOPE_BEGIN|[680]|this|TriggerHandler|true|false
13:17:34.1 (24464931)|VARIABLE_ASSIGNMENT|[680]|this|{"oldRecords":"0x50d1b76","oldRecordsMap":"0x7c3a2596","handlerName":"OrderItemHandler","isTriggerExecuting":true,"triggerEvent":"0x50e4dcf9"}|0x68e663c0
13:17:34.1 (24468356)|STATEMENT_EXECUTE|[680]
13:17:34.1 (24475846)|STATEMENT_EXECUTE|[681]
13:17:34.1 (24476618)|STATEMENT_EXECUTE|[684]
13:17:34.1 (24478801)|METHOD_EXIT|[635]|01pg80000019iSf|TriggerHandler.getHandlerName()
13:17:34.1 (24482243)|VARIABLE_SCOPE_BEGIN|[635]|handlerName|String|false|false
13:17:34.1 (24489894)|VARIABLE_ASSIGNMENT|[635]|handlerName|"OrderItemHandler"
13:17:34.1 (24537022)|STATEMENT_EXECUTE|[636]
13:17:34.1 (24538247)|STATEMENT_EXECUTE|[649]
13:17:34.1 (24540008)|METHOD_EXIT|[126]|01pg80000019iSf|TriggerHandler.incrementCheckLoopCount()
13:17:34.1 (24542861)|STATEMENT_EXECUTE|[126]
13:17:34.1 (24545171)|STATEMENT_EXECUTE|[130]
13:17:34.1 (24546037)|STATEMENT_EXECUTE|[135]
13:17:34.1 (24704202)|STATEMENT_EXECUTE|[142]
13:17:34.1 (24705677)|STATEMENT_EXECUTE|[143]
13:17:34.1 (24711735)|METHOD_ENTRY|[143]|01pg8000001EZwd|OrdemItemHandler.beforeDelete()
13:17:34.1 (24725597)|VARIABLE_SCOPE_BEGIN|[35]|this|OrdemItemHandler|true|false
13:17:34.1 (24738190)|VARIABLE_ASSIGNMENT|[35]|this|{"oldRecords":"0x50d1b76","oldRecordsMap":"0x7c3a2596","handlerName":"OrderItemHandler","isTriggerExecuting":true,"triggerEvent":"0x50e4dcf9"}|0x68e663c0
13:17:34.1 (24742350)|STATEMENT_EXECUTE|[35]
13:17:34.1 (24743510)|STATEMENT_EXECUTE|[36]
13:17:34.1 (24746342)|METHOD_ENTRY|[36]|01pg8000001EZwd|OrdemItemHandler.checkActiveOrderItem()
13:17:34.1 (24753390)|VARIABLE_SCOPE_BEGIN|[227]|this|OrdemItemHandler|true|false
13:17:34.1 (24762070)|VARIABLE_ASSIGNMENT|[227]|this|{"oldRecords":"0x50d1b76","oldRecordsMap":"0x7c3a2596","handlerName":"OrderItemHandler","isTriggerExecuting":true,"triggerEvent":"0x50e4dcf9"}|0x68e663c0
13:17:34.1 (24766567)|STATEMENT_EXECUTE|[227]
13:17:34.1 (24767353)|STATEMENT_EXECUTE|[228]
13:17:34.1 (24775931)|VARIABLE_SCOPE_BEGIN|[228]|listaParaValidar|List<OrderItem>|true|false
13:17:34.1 (24780965)|VARIABLE_ASSIGNMENT|[228]|listaParaValidar|null|
13:17:34.1 (24783141)|STATEMENT_EXECUTE|[229]
13:17:34.1 (24798520)|HEAP_ALLOCATE|[229]|Bytes:4
13:17:34.1 (24817463)|VARIABLE_SCOPE_BEGIN|[229]|idOrders|Set<Id>|true|false
13:17:34.1 (24849602)|VARIABLE_ASSIGNMENT|[229]|idOrders|[]|0x2852da75
13:17:34.1 (24852272)|STATEMENT_EXECUTE|[230]
13:17:34.1 (24911281)|HEAP_ALLOCATE|[230]|Bytes:4
13:17:34.1 (24936352)|VARIABLE_SCOPE_BEGIN|[230]|idMapOrders|Map<Id,Order>|true|false
13:17:34.1 (24945582)|VARIABLE_ASSIGNMENT|[230]|idMapOrders|{}|0x67e114cd
13:17:34.1 (24960432)|STATEMENT_EXECUTE|[232]
13:17:34.1 (24961208)|STATEMENT_EXECUTE|[233]
13:17:34.1 (25490204)|VARIABLE_ASSIGNMENT|[233]|listaParaValidar|[{"LastModifiedDate":"2026-04-02T16:15:07.000Z","DiscountPercentage__c":-0.295349694596398927849022010980580,"IsDeleted":false,"Quantity":1.00,"FinalPrice__c":15053.85,"TaxPercentage__c":18.00,"ListPrice":19500.00,"OrderId":"801g8000007E9NdAAK","AvailableQuantity":1.00,"PriceWithoutMargin__c":14337.00,"OrderItemNumber":"0000000047","FreightValue__c":150.00,"SystemModstamp":"2026-04-02T16:15:07.000Z","UnitPrice":19500.00,"Product2Id":"01tg8000001BArcAAG","CreatedById":"005g80000010N45AAE","PricebookEntryId":"01ug8000000XoZ7AAK","TotalPrice":19500.00,"CreatedDate":"2026-04-02T16:15:07.000Z","MarginPercentage__c":5.00,"Id":"802g8000002WlcEAAS","LastModifiedById":"005g80000010N45AAE"}]|0x50d1b76
13:17:34.1 (25846551)|HEAP_ALLOCATE|[238]|Bytes:5
13:17:34.1 (25922162)|VARIABLE_SCOPE_BEGIN|[238]|ot|OrderItem|true|false
13:17:34.1 (26342651)|VARIABLE_ASSIGNMENT|[238]|ot|{"LastModifiedDate":"2026-04-02T16:15:07.000Z","DiscountPercentage__c":-0.295349694596398927849022010980580,"IsDeleted":false,"Quantity":1.00,"FinalPrice__c":15053.85,"TaxPercentage__c":18.00,"ListPrice":19500.00,"OrderId":"801g8000007E9NdAAK","AvailableQuantity":1.00,"PriceWithoutMargin__c":14337.00,"OrderItemNumber":"0000000047","FreightValue__c":150.00,"SystemModstamp":"2026-04-02T16:15:07.000Z","UnitPrice":19500.00,"Product2Id":"01tg8000001BArcAAG","CreatedById":"005g80000010N45AAE","PricebookEntryId":"01ug8000000XoZ7AAK","TotalPrice":19500.00,"CreatedDate":"2026-04-02T16:15:07.000Z","MarginPercentage__c":5.00,"Id":"802g8000002WlcEAAS","LastModifiedById":"005g80000010N45AAE"}|0x72b0c108
13:17:34.1 (26355388)|STATEMENT_EXECUTE|[238]
13:17:34.1 (26356520)|STATEMENT_EXECUTE|[239]
13:17:34.1 (26453733)|HEAP_ALLOCATE|[EXTERNAL]|Bytes:4
13:17:34.1 (26467183)|HEAP_ALLOCATE|[238]|Bytes:5
13:17:34.1 (26476029)|VARIABLE_ASSIGNMENT|[238]|ot|null|
13:17:34.1 (26479510)|STATEMENT_EXECUTE|[242]
13:17:34.1 (26481353)|HEAP_ALLOCATE|[242]|Bytes:48
13:17:34.1 (26498249)|HEAP_ALLOCATE|[242]|Bytes:4
13:17:34.1 (26506406)|HEAP_ALLOCATE|[242]|Bytes:7
13:17:34.1 (27314445)|SOQL_EXECUTE_BEGIN|[242]|Aggregations:0|SELECT Id, Status FROM Order WHERE Id = :tmpVar1
13:17:34.1 (33566143)|SOQL_EXECUTE_END|[242]|Rows:1
13:17:34.1 (33617414)|HEAP_ALLOCATE|[242]|Bytes:8
13:17:34.1 (33650503)|HEAP_ALLOCATE|[242]|Bytes:44
13:17:34.1 (33714595)|HEAP_ALLOCATE|[242]|Bytes:8
13:17:34.1 (33729398)|VARIABLE_SCOPE_BEGIN|[242]|listOrder|List<Order>|true|false
13:17:34.1 (33826581)|VARIABLE_ASSIGNMENT|[242]|listOrder|[{"Status":"Draft","Id":"801g8000007E9NdAAK"}]|0x4897ea5d
13:17:34.1 (34009766)|HEAP_ALLOCATE|[247]|Bytes:5
13:17:34.1 (34047805)|HEAP_ALLOCATE|[247]|Bytes:12
13:17:34.1 (34055231)|VARIABLE_SCOPE_BEGIN|[247]|o|Order|true|false
13:17:34.1 (34080946)|VARIABLE_ASSIGNMENT|[247]|o|{"Status":"Draft","Id":"801g8000007E9NdAAK"}|0x564482ef
13:17:34.1 (34085370)|STATEMENT_EXECUTE|[247]
13:17:34.1 (34133194)|HEAP_ALLOCATE|[EXTERNAL]|Bytes:-4
13:17:34.1 (34142097)|HEAP_ALLOCATE|[247]|Bytes:5
13:17:34.1 (34148391)|VARIABLE_ASSIGNMENT|[247]|o|null|
13:17:34.1 (34170098)|HEAP_ALLOCATE|[249]|Bytes:5
13:17:34.1 (34179564)|VARIABLE_SCOPE_BEGIN|[249]|ot|OrderItem|true|false
13:17:34.1 (34691009)|VARIABLE_ASSIGNMENT|[249]|ot|{"LastModifiedDate":"2026-04-02T16:15:07.000Z","DiscountPercentage__c":-0.295349694596398927849022010980580,"IsDeleted":false,"Quantity":1.00,"FinalPrice__c":15053.85,"TaxPercentage__c":18.00,"ListPrice":19500.00,"OrderId":"801g8000007E9NdAAK","AvailableQuantity":1.00,"PriceWithoutMargin__c":14337.00,"OrderItemNumber":"0000000047","FreightValue__c":150.00,"SystemModstamp":"2026-04-02T16:15:07.000Z","UnitPrice":19500.00,"Product2Id":"01tg8000001BArcAAG","CreatedById":"005g80000010N45AAE","PricebookEntryId":"01ug8000000XoZ7AAK","TotalPrice":19500.00,"CreatedDate":"2026-04-02T16:15:07.000Z","MarginPercentage__c":5.00,"Id":"802g8000002WlcEAAS","LastModifiedById":"005g80000010N45AAE"}|0x72b0c108
13:17:34.1 (34702142)|STATEMENT_EXECUTE|[249]
13:17:34.1 (34703312)|STATEMENT_EXECUTE|[250]
13:17:34.1 (34761434)|VARIABLE_SCOPE_BEGIN|[250]|pedido|Order|true|false
13:17:34.1 (34797564)|VARIABLE_ASSIGNMENT|[250]|pedido|{"Status":"Draft","Id":"801g8000007E9NdAAK"}|0x564482ef
13:17:34.1 (34814867)|HEAP_ALLOCATE|[251]|Bytes:5
13:17:34.1 (34855812)|STATEMENT_EXECUTE|[251]
13:17:34.1 (34867340)|HEAP_ALLOCATE|[249]|Bytes:5
13:17:34.1 (34878055)|VARIABLE_ASSIGNMENT|[249]|ot|null|
13:17:34.1 (34885763)|METHOD_EXIT|[36]|01pg8000001EZwd|OrdemItemHandler.checkActiveOrderItem()
13:17:34.1 (34892116)|METHOD_EXIT|[143]|01pg8000001EZwd|OrdemItemHandler.beforeDelete()
13:17:34.1 (34896353)|STATEMENT_EXECUTE|[158]
13:17:34.1 (34912714)|METHOD_ENTRY|[158]|01pg80000019iSf|TriggerHandler.andFinally()
13:17:34.1 (34938121)|VARIABLE_SCOPE_BEGIN|[746]|this|TriggerHandler|true|false
13:17:34.1 (34983762)|VARIABLE_ASSIGNMENT|[746]|this|{"oldRecords":"0x50d1b76","oldRecordsMap":"0x7c3a2596","handlerName":"OrderItemHandler","isTriggerExecuting":true,"triggerEvent":"0x50e4dcf9"}|0x68e663c0
13:17:34.1 (34991149)|STATEMENT_EXECUTE|[746]
13:17:34.1 (34994110)|METHOD_EXIT|[158]|01pg80000019iSf|TriggerHandler.andFinally()
13:17:34.1 (35001195)|STATEMENT_EXECUTE|[160]
13:17:34.1 (35005172)|STATEMENT_EXECUTE|[176]
13:17:34.1 (35008003)|METHOD_EXIT|[2]|01pg80000019iSf|TriggerHandler.run()
13:17:34.35 (35034033)|CUMULATIVE_LIMIT_USAGE
13:17:34.35 (35034033)|LIMIT_USAGE_FOR_NS|(default)|
  Number of SOQL queries: 1 out of 100
  Number of query rows: 1 out of 50000
  Number of SOSL queries: 0 out of 20
  Number of DML statements: 0 out of 150
  Number of Publish Immediate DML: 0 out of 150
  Number of DML rows: 0 out of 10000
  Maximum CPU time: 0 out of 10000
  Maximum heap size: 0 out of 6000000
  Number of callouts: 0 out of 100
  Number of Email Invocations: 0 out of 10
  Number of future calls: 0 out of 50
  Number of queueable jobs added to the queue: 0 out of 50
  Number of Mobile Apex push calls: 0 out of 10

13:17:34.35 (35034033)|CUMULATIVE_LIMIT_USAGE_END

13:17:34.1 (35281458)|CODE_UNIT_FINISHED|OrdemItemTrigger on OrderItem trigger event BeforeDelete|__sfdc_trigger/OrdemItemTrigger
13:17:34.1 (255694112)|CODE_UNIT_STARTED|[EXTERNAL]|01qg8000000GdOn|OrderTrigger on Order trigger event BeforeUpdate|__sfdc_trigger/OrderTrigger
13:17:34.1 (255772782)|HEAP_ALLOCATE|[EXTERNAL]|Bytes:8
13:17:34.1 (255869223)|HEAP_ALLOCATE|[EXTERNAL]|Bytes:8
13:17:34.1 (256039628)|HEAP_ALLOCATE|[EXTERNAL]|Bytes:4
13:17:34.1 (256052893)|VARIABLE_SCOPE_BEGIN|[1]|this|OrderTrigger|true|false
13:17:34.1 (256100424)|VARIABLE_ASSIGNMENT|[1]|this|{}|0x2de594ab
13:17:34.1 (256184490)|HEAP_ALLOCATE|[EXTERNAL]|Bytes:4
13:17:34.1 (256197594)|VARIABLE_SCOPE_BEGIN|[1]|this|OrderTrigger|true|false
13:17:34.1 (256205625)|VARIABLE_ASSIGNMENT|[1]|this|{}|0x2de594ab
13:17:34.1 (256211522)|STATEMENT_EXECUTE|[1]
13:17:34.1 (256212933)|STATEMENT_EXECUTE|[2]
13:17:34.1 (258681377)|HEAP_ALLOCATE|[2]|Bytes:11
13:17:34.1 (258719246)|METHOD_ENTRY|[1]|01pg8000001LXzh|OrderHandler.OrderHandler()
13:17:34.1 (258724148)|STATEMENT_EXECUTE|[1]
13:17:34.1 (258727789)|STATEMENT_EXECUTE|[1]
13:17:34.1 (258734016)|METHOD_EXIT|[1]|OrderHandler
13:17:34.1 (258751658)|HEAP_ALLOCATE|[2]|Bytes:32
13:17:34.1 (258777831)|CONSTRUCTOR_ENTRY|[2]|01pg8000001LXzh|<init>()|OrderHandler
13:17:34.1 (258804700)|VARIABLE_SCOPE_BEGIN|[10]|this|OrderHandler|true|false
13:17:34.1 (258849136)|VARIABLE_ASSIGNMENT|[10]|this|{}|0x5fd066c1
13:17:34.1 (258854087)|STATEMENT_EXECUTE|[1]
13:17:34.1 (258854924)|STATEMENT_EXECUTE|[4]
13:17:34.1 (258855875)|STATEMENT_EXECUTE|[5]
13:17:34.1 (258856565)|STATEMENT_EXECUTE|[6]
13:17:34.1 (258857270)|STATEMENT_EXECUTE|[7]
13:17:34.1 (258857966)|STATEMENT_EXECUTE|[11]
13:17:34.1 (258861859)|HEAP_ALLOCATE|[11]|Bytes:12
13:17:34.1 (258873938)|CONSTRUCTOR_ENTRY|[11]|01pg80000019iSf|<init>(String)|TriggerHandler
13:17:34.1 (258898137)|VARIABLE_SCOPE_BEGIN|[107]|this|TriggerHandler|true|false
13:17:34.1 (258907930)|VARIABLE_ASSIGNMENT|[107]|this|{}|0x5fd066c1
13:17:34.1 (258911087)|VARIABLE_SCOPE_BEGIN|[107]|handlerName|String|false|false
13:17:34.1 (258920999)|VARIABLE_ASSIGNMENT|[107]|handlerName|"OrderHandler"
13:17:34.1 (258924387)|STATEMENT_EXECUTE|[15]
13:17:34.1 (258925182)|STATEMENT_EXECUTE|[50]
13:17:34.1 (258926004)|STATEMENT_EXECUTE|[57]
13:17:34.1 (258926971)|STATEMENT_EXECUTE|[671]
13:17:34.1 (258946599)|STATEMENT_EXECUTE|[107]
13:17:34.1 (258947646)|STATEMENT_EXECUTE|[108]
13:17:34.1 (258952123)|STATEMENT_EXECUTE|[109]
13:17:34.1 (258960739)|METHOD_ENTRY|[109]|01pg80000019iSf|TriggerHandler.setTriggerContext()
13:17:34.1 (258964337)|VARIABLE_SCOPE_BEGIN|[565]|this|TriggerHandler|true|false
13:17:34.1 (258980373)|VARIABLE_ASSIGNMENT|[565]|this|{"handlerName":"OrderHandler"}|0x5fd066c1
13:17:34.1 (258985114)|STATEMENT_EXECUTE|[565]
13:17:34.1 (258986048)|STATEMENT_EXECUTE|[566]
13:17:34.1 (259045805)|HEAP_ALLOCATE|[566]|Bytes:16
13:17:34.1 (259057500)|METHOD_ENTRY|[566]|01pg80000019iSf|TriggerHandler.setTriggerContext(System.TriggerOperation, Boolean)
13:17:34.1 (259060900)|VARIABLE_SCOPE_BEGIN|[582]|this|TriggerHandler|true|false
13:17:34.1 (259069605)|VARIABLE_ASSIGNMENT|[582]|this|{"handlerName":"OrderHandler"}|0x5fd066c1
13:17:34.1 (259072765)|VARIABLE_SCOPE_BEGIN|[582]|opType|System.TriggerOperation|true|false
13:17:34.1 (259089725)|VARIABLE_ASSIGNMENT|[582]|opType|"BEFORE_UPDATE"|0x3ba625bd
13:17:34.1 (259096612)|VARIABLE_SCOPE_BEGIN|[582]|testMode|Boolean|false|false
13:17:34.1 (259103227)|VARIABLE_ASSIGNMENT|[582]|testMode|false
13:17:34.1 (259106207)|STATEMENT_EXECUTE|[582]
13:17:34.1 (259113612)|STATEMENT_EXECUTE|[586]
13:17:34.1 (259114598)|STATEMENT_EXECUTE|[587]
13:17:34.1 (259117310)|HEAP_ALLOCATE|[587]|Bytes:5
13:17:34.1 (259121952)|STATEMENT_EXECUTE|[590]
13:17:34.1 (259123102)|STATEMENT_EXECUTE|[592]
13:17:34.1 (259133756)|HEAP_ALLOCATE|[592]|Bytes:16
13:17:34.1 (259138159)|STATEMENT_EXECUTE|[595]
13:17:34.1 (259150203)|VARIABLE_SCOPE_BEGIN|[595]|context|String|false|false
13:17:34.1 (259158325)|VARIABLE_ASSIGNMENT|[595]|context|"BEFORE_UPDATE"
13:17:34.1 (259160863)|STATEMENT_EXECUTE|[597]
13:17:34.1 (259186819)|STATEMENT_EXECUTE|[601]
13:17:34.1 (259187715)|STATEMENT_EXECUTE|[602]
13:17:34.1 (259197115)|METHOD_EXIT|[566]|01pg80000019iSf|TriggerHandler.setTriggerContext(System.TriggerOperation, Boolean)
13:17:34.1 (259200588)|METHOD_EXIT|[109]|01pg80000019iSf|TriggerHandler.setTriggerContext()
13:17:34.1 (259207045)|CONSTRUCTOR_EXIT|[11]|01pg80000019iSf|<init>(String)|TriggerHandler
13:17:34.1 (259209914)|STATEMENT_EXECUTE|[10]
13:17:34.1 (259210740)|STATEMENT_EXECUTE|[12]
13:17:34.1 (263538911)|VARIABLE_ASSIGNMENT|[12]|this.newRecords|[{"Status":"Draft","LastModifiedDate":"2026-04-02T16:17:33.000Z","Country__c":"a03g8000004x8aeAAA","IsDeleted":false,"AccountId":"001g8000005VaOHAA0","FreightType__c":"CIF","OrderNumber":"00000113","TotalAmount":0.00,"StatusCode":"Draft","PaymentCondition__c":"a07g8000004MONnAAO","IsReductionOrder":false,"SystemModstamp":"2026-04-02T16:17:33.000Z","City__c":"a05g8000001KAc9AAG","OwnerId":"005g80000010N45AAE","CreatedById":"005g80000010N45AAE","DeliveryDate__c":"2026-04-06T00:00:00.000Z","DistributionCenter__c":"a06g8000000wkLpAAI","CreatedDate":"2026-03-31T12:52:12.000Z","Pricebook2Id":"01sg80000015mKTAAY","Id":"801g8000007E9NdAAK","AccountAddress__c":"a08g8000001Zx1SAAS","LastModifiedById":"005g80000010N45AAE","State__c":"a04g8000000QmaTAAS","EffectiveDate":"2026-03-31T00:00:00.000Z"}]|0x5fd066c1
13:17:34.1 (263570398)|STATEMENT_EXECUTE|[13]
13:17:34.1 (264273907)|VARIABLE_ASSIGNMENT|[13]|this.oldRecords|[{"Status":"Draft","LastModifiedDate":"2026-04-02T16:17:33.000Z","Country__c":"a03g8000004x8aeAAA","IsDeleted":false,"AccountId":"001g8000005VaOHAA0","FreightType__c":"CIF","OrderNumber":"00000113","TotalAmount":19500.00,"StatusCode":"Draft","PaymentCondition__c":"a07g8000004MONnAAO","IsReductionOrder":false,"SystemModstamp":"2026-04-02T16:17:33.000Z","City__c":"a05g8000001KAc9AAG","OwnerId":"005g80000010N45AAE","CreatedById":"005g80000010N45AAE","DeliveryDate__c":"2026-04-06T00:00:00.000Z","DistributionCenter__c":"a06g8000000wkLpAAI","CreatedDate":"2026-03-31T12:52:12.000Z","Pricebook2Id":"01sg80000015mKTAAY","Id":"801g8000007E9NdAAK","AccountAddress__c":"a08g8000001Zx1SAAS","LastModifiedById":"005g80000010N45AAE","State__c":"a04g8000000QmaTAAS","EffectiveDate":"2026-03-31T00:00:00.000Z"}]|0x5fd066c1
13:17:34.1 (264293965)|STATEMENT_EXECUTE|[14]
13:17:34.1 (264799074)|VARIABLE_ASSIGNMENT|[14]|this.newRecordsMap|{"801g8000007E9NdAAK":{"Status":"Draft","LastModifiedDate":"2026-04-02T16:17:33.000Z","Country__c":"a03g8000004x8aeAAA","IsDeleted":false,"AccountId":"001g8000005VaOHAA0","FreightType__c":"CIF","OrderNumber":"00000113","TotalAmount":0.00,"StatusCode":"Draft","PaymentCondition__c":"a07g8000004MONnAAO","IsReductionOrder":false,"SystemModstamp":"2026-04-02T16:17:33.000Z","City__c":"a05g8000001KAc9AAG","OwnerId":"005g80000010N45AAE","CreatedById":"005g80000010N45AAE","DeliveryDate__c":"2026-04-06T00:00:00.000Z","DistributionCenter__c":"a06g8000000wkLpAAI","CreatedDate":"2026-03-31T12:52:12.000Z","Pricebook2Id":"01sg80000015mKTAAY","Id":"801g8000007E9NdAAK","AccountAddress__c":"a08g8000001Zx1SAAS","LastModifiedById":"005g80000010N45AAE","State__c":"a04g8000000QmaTAAS","EffectiveDate":"2026-03-31T00:00:00.000Z"}}|0x5fd066c1
13:17:34.1 (264813251)|STATEMENT_EXECUTE|[15]
13:17:34.1 (265247242)|VARIABLE_ASSIGNMENT|[15]|this.oldRecordsMap|{"801g8000007E9NdAAK":{"Status":"Draft","LastModifiedDate":"2026-04-02T16:17:33.000Z","Country__c":"a03g8000004x8aeAAA","IsDeleted":false,"AccountId":"001g8000005VaOHAA0","FreightType__c":"CIF","OrderNumber":"00000113","TotalAmount":19500.00,"StatusCode":"Draft","PaymentCondition__c":"a07g8000004MONnAAO","IsReductionOrder":false,"SystemModstamp":"2026-04-02T16:17:33.000Z","City__c":"a05g8000001KAc9AAG","OwnerId":"005g80000010N45AAE","CreatedById":"005g80000010N45AAE","DeliveryDate__c":"2026-04-06T00:00:00.000Z","DistributionCenter__c":"a06g8000000wkLpAAI","CreatedDate":"2026-03-31T12:52:12.000Z","Pricebook2Id":"01sg80000015mKTAAY","Id":"801g8000007E9NdAAK","AccountAddress__c":"a08g8000001Zx1SAAS","LastModifiedById":"005g80000010N45AAE","State__c":"a04g8000000QmaTAAS","EffectiveDate":"2026-03-31T00:00:00.000Z"}}|0x5fd066c1
13:17:34.1 (265276603)|CONSTRUCTOR_EXIT|[2]|01pg8000001LXzh|<init>()|OrderHandler
13:17:34.1 (265308815)|METHOD_ENTRY|[2]|01pg80000019iSf|TriggerHandler.run()
13:17:34.1 (265315755)|VARIABLE_SCOPE_BEGIN|[120]|this|TriggerHandler|true|false
13:17:34.1 (265360023)|VARIABLE_ASSIGNMENT|[120]|this|{"newRecords":"0xd5f537b","newRecordsMap":"0x7a270a1e","oldRecords":"0x68926fea","oldRecordsMap":"0x7227f6f0","handlerName":"OrderHandler","isTriggerExecuting":true,"triggerEvent":"0x3ba625bd"}|0x5fd066c1
13:17:34.1 (265366509)|STATEMENT_EXECUTE|[120]
13:17:34.1 (265371415)|METHOD_ENTRY|[121]|01pg80000019iSf|TriggerHandler.validateRun()
13:17:34.1 (265375069)|VARIABLE_SCOPE_BEGIN|[661]|this|TriggerHandler|true|false
13:17:34.1 (265386141)|VARIABLE_ASSIGNMENT|[661]|this|{"newRecords":"0xd5f537b","newRecordsMap":"0x7a270a1e","oldRecords":"0x68926fea","oldRecordsMap":"0x7227f6f0","handlerName":"OrderHandler","isTriggerExecuting":true,"triggerEvent":"0x3ba625bd"}|0x5fd066c1
13:17:34.1 (265390533)|STATEMENT_EXECUTE|[661]
13:17:34.1 (265397898)|STATEMENT_EXECUTE|[662]
13:17:34.1 (265399032)|STATEMENT_EXECUTE|[665]
13:17:34.1 (265405192)|METHOD_ENTRY|[665]|01pg80000019iSf|TriggerHandler.getHandlerName()
13:17:34.1 (265408197)|VARIABLE_SCOPE_BEGIN|[680]|this|TriggerHandler|true|false
13:17:34.1 (265417505)|VARIABLE_ASSIGNMENT|[680]|this|{"newRecords":"0xd5f537b","newRecordsMap":"0x7a270a1e","oldRecords":"0x68926fea","oldRecordsMap":"0x7227f6f0","handlerName":"OrderHandler","isTriggerExecuting":true,"triggerEvent":"0x3ba625bd"}|0x5fd066c1
13:17:34.1 (265421360)|STATEMENT_EXECUTE|[680]
13:17:34.1 (265447673)|STATEMENT_EXECUTE|[681]
13:17:34.1 (265448572)|STATEMENT_EXECUTE|[684]
13:17:34.1 (265452261)|METHOD_EXIT|[665]|01pg80000019iSf|TriggerHandler.getHandlerName()
13:17:34.1 (265471223)|METHOD_EXIT|[121]|01pg80000019iSf|TriggerHandler.validateRun()
13:17:34.1 (265473903)|STATEMENT_EXECUTE|[121]
13:17:34.1 (265476438)|METHOD_ENTRY|[126]|01pg80000019iSf|TriggerHandler.incrementCheckLoopCount()
13:17:34.1 (265479764)|VARIABLE_SCOPE_BEGIN|[634]|this|TriggerHandler|true|false
13:17:34.1 (265494288)|VARIABLE_ASSIGNMENT|[634]|this|{"newRecords":"0xd5f537b","newRecordsMap":"0x7a270a1e","oldRecords":"0x68926fea","oldRecordsMap":"0x7227f6f0","handlerName":"OrderHandler","isTriggerExecuting":true,"triggerEvent":"0x3ba625bd"}|0x5fd066c1
13:17:34.1 (265498686)|STATEMENT_EXECUTE|[634]
13:17:34.1 (265499520)|STATEMENT_EXECUTE|[635]
13:17:34.1 (265501688)|METHOD_ENTRY|[635]|01pg80000019iSf|TriggerHandler.getHandlerName()
13:17:34.1 (265503910)|VARIABLE_SCOPE_BEGIN|[680]|this|TriggerHandler|true|false
13:17:34.1 (265512875)|VARIABLE_ASSIGNMENT|[680]|this|{"newRecords":"0xd5f537b","newRecordsMap":"0x7a270a1e","oldRecords":"0x68926fea","oldRecordsMap":"0x7227f6f0","handlerName":"OrderHandler","isTriggerExecuting":true,"triggerEvent":"0x3ba625bd"}|0x5fd066c1
13:17:34.1 (265516173)|STATEMENT_EXECUTE|[680]
13:17:34.1 (265522580)|STATEMENT_EXECUTE|[681]
13:17:34.1 (265523342)|STATEMENT_EXECUTE|[684]
13:17:34.1 (265524839)|METHOD_EXIT|[635]|01pg80000019iSf|TriggerHandler.getHandlerName()
13:17:34.1 (265528948)|VARIABLE_SCOPE_BEGIN|[635]|handlerName|String|false|false
13:17:34.1 (265536269)|VARIABLE_ASSIGNMENT|[635]|handlerName|"OrderHandler"
13:17:34.1 (265546324)|STATEMENT_EXECUTE|[636]
13:17:34.1 (265547442)|STATEMENT_EXECUTE|[649]
13:17:34.1 (265549092)|METHOD_EXIT|[126]|01pg80000019iSf|TriggerHandler.incrementCheckLoopCount()
13:17:34.1 (265552009)|STATEMENT_EXECUTE|[126]
13:17:34.1 (265554134)|STATEMENT_EXECUTE|[130]
13:17:34.1 (265554954)|STATEMENT_EXECUTE|[135]
13:17:34.1 (265605465)|STATEMENT_EXECUTE|[139]
13:17:34.1 (265606244)|STATEMENT_EXECUTE|[140]
13:17:34.1 (265616527)|METHOD_ENTRY|[140]|01pg8000001LXzh|OrderHandler.beforeUpdate()
13:17:34.1 (265645412)|VARIABLE_SCOPE_BEGIN|[19]|this|OrderHandler|true|false
13:17:34.1 (265657164)|VARIABLE_ASSIGNMENT|[19]|this|{"newRecords":"0xd5f537b","newRecordsMap":"0x7a270a1e","oldRecords":"0x68926fea","oldRecordsMap":"0x7227f6f0","handlerName":"OrderHandler","isTriggerExecuting":true,"triggerEvent":"0x3ba625bd"}|0x5fd066c1
13:17:34.1 (265662012)|STATEMENT_EXECUTE|[19]
13:17:34.1 (265662854)|STATEMENT_EXECUTE|[20]
13:17:34.1 (265667200)|METHOD_ENTRY|[20]|01pg8000001LXzh|OrderHandler.checkActiveOrder()
13:17:34.1 (265674961)|VARIABLE_SCOPE_BEGIN|[28]|this|OrderHandler|true|false
13:17:34.1 (265688789)|VARIABLE_ASSIGNMENT|[28]|this|{"newRecords":"0xd5f537b","newRecordsMap":"0x7a270a1e","oldRecords":"0x68926fea","oldRecordsMap":"0x7227f6f0","handlerName":"OrderHandler","isTriggerExecuting":true,"triggerEvent":"0x3ba625bd"}|0x5fd066c1
13:17:34.1 (265693442)|STATEMENT_EXECUTE|[28]
13:17:34.1 (265694224)|STATEMENT_EXECUTE|[29]
13:17:34.1 (265696959)|VARIABLE_SCOPE_BEGIN|[29]|listaParaValidar|List<Order>|true|false
13:17:34.1 (265702175)|VARIABLE_ASSIGNMENT|[29]|listaParaValidar|null|
13:17:34.1 (265711879)|STATEMENT_EXECUTE|[33]
13:17:34.1 (265712624)|STATEMENT_EXECUTE|[34]
13:17:34.1 (266160506)|VARIABLE_ASSIGNMENT|[34]|listaParaValidar|[{"Status":"Draft","LastModifiedDate":"2026-04-02T16:17:33.000Z","Country__c":"a03g8000004x8aeAAA","IsDeleted":false,"AccountId":"001g8000005VaOHAA0","FreightType__c":"CIF","OrderNumber":"00000113","TotalAmount":0.00,"StatusCode":"Draft","PaymentCondition__c":"a07g8000004MONnAAO","IsReductionOrder":false,"SystemModstamp":"2026-04-02T16:17:33.000Z","City__c":"a05g8000001KAc9AAG","OwnerId":"005g80000010N45AAE","CreatedById":"005g80000010N45AAE","DeliveryDate__c":"2026-04-06T00:00:00.000Z","DistributionCenter__c":"a06g8000000wkLpAAI","CreatedDate":"2026-03-31T12:52:12.000Z","Pricebook2Id":"01sg80000015mKTAAY","Id":"801g8000007E9NdAAK","AccountAddress__c":"a08g8000001Zx1SAAS","LastModifiedById":"005g80000010N45AAE","State__c":"a04g8000000QmaTAAS","EffectiveDate":"2026-03-31T00:00:00.000Z"}]|0xd5f537b
13:17:34.1 (266222875)|HEAP_ALLOCATE|[38]|Bytes:5
13:17:34.1 (266249230)|HEAP_ALLOCATE|[38]|Bytes:4
13:17:34.1 (266260701)|VARIABLE_SCOPE_BEGIN|[38]|pedido|Order|true|false
13:17:34.1 (266632591)|VARIABLE_ASSIGNMENT|[38]|pedido|{"Status":"Draft","LastModifiedDate":"2026-04-02T16:17:33.000Z","Country__c":"a03g8000004x8aeAAA","IsDeleted":false,"AccountId":"001g8000005VaOHAA0","FreightType__c":"CIF","OrderNumber":"00000113","TotalAmount":0.00,"StatusCode":"Draft","PaymentCondition__c":"a07g8000004MONnAAO","IsReductionOrder":false,"SystemModstamp":"2026-04-02T16:17:33.000Z","City__c":"a05g8000001KAc9AAG","OwnerId":"005g80000010N45AAE","CreatedById":"005g80000010N45AAE","DeliveryDate__c":"2026-04-06T00:00:00.000Z","DistributionCenter__c":"a06g8000000wkLpAAI","CreatedDate":"2026-03-31T12:52:12.000Z","Pricebook2Id":"01sg80000015mKTAAY","Id":"801g8000007E9NdAAK","AccountAddress__c":"a08g8000001Zx1SAAS","LastModifiedById":"005g80000010N45AAE","State__c":"a04g8000000QmaTAAS","EffectiveDate":"2026-03-31T00:00:00.000Z"}|0x716a1123
13:17:34.1 (266642294)|STATEMENT_EXECUTE|[38]
13:17:34.1 (266643373)|STATEMENT_EXECUTE|[40]
13:17:34.1 (266691570)|VARIABLE_SCOPE_BEGIN|[40]|pedidoAntigo|Order|true|false
13:17:34.1 (267054042)|VARIABLE_ASSIGNMENT|[40]|pedidoAntigo|{"Status":"Draft","LastModifiedDate":"2026-04-02T16:17:33.000Z","Country__c":"a03g8000004x8aeAAA","IsDeleted":false,"AccountId":"001g8000005VaOHAA0","FreightType__c":"CIF","OrderNumber":"00000113","TotalAmount":19500.00,"StatusCode":"Draft","PaymentCondition__c":"a07g8000004MONnAAO","IsReductionOrder":false,"SystemModstamp":"2026-04-02T16:17:33.000Z","City__c":"a05g8000001KAc9AAG","OwnerId":"005g80000010N45AAE","CreatedById":"005g80000010N45AAE","DeliveryDate__c":"2026-04-06T00:00:00.000Z","DistributionCenter__c":"a06g8000000wkLpAAI","CreatedDate":"2026-03-31T12:52:12.000Z","Pricebook2Id":"01sg80000015mKTAAY","Id":"801g8000007E9NdAAK","AccountAddress__c":"a08g8000001Zx1SAAS","LastModifiedById":"005g80000010N45AAE","State__c":"a04g8000000QmaTAAS","EffectiveDate":"2026-03-31T00:00:00.000Z"}|0x51e4b6cd
13:17:34.1 (267062729)|STATEMENT_EXECUTE|[43]
13:17:34.1 (267068927)|VARIABLE_SCOPE_BEGIN|[43]|validacaoStatus|String|false|false
13:17:34.1 (267074139)|VARIABLE_ASSIGNMENT|[43]|validacaoStatus|"Draft"
13:17:34.1 (267086427)|HEAP_ALLOCATE|[38]|Bytes:5
13:17:34.1 (267093905)|VARIABLE_ASSIGNMENT|[38]|pedido|null|
13:17:34.1 (267100643)|METHOD_EXIT|[20]|01pg8000001LXzh|OrderHandler.checkActiveOrder()
13:17:34.1 (267105182)|METHOD_EXIT|[140]|01pg8000001LXzh|OrderHandler.beforeUpdate()
13:17:34.1 (267108150)|STATEMENT_EXECUTE|[158]
13:17:34.1 (267113529)|METHOD_ENTRY|[158]|01pg80000019iSf|TriggerHandler.andFinally()
13:17:34.1 (267117309)|VARIABLE_SCOPE_BEGIN|[746]|this|TriggerHandler|true|false
13:17:34.1 (267147597)|VARIABLE_ASSIGNMENT|[746]|this|{"newRecords":"0xd5f537b","newRecordsMap":"0x7a270a1e","oldRecords":"0x68926fea","oldRecordsMap":"0x7227f6f0","handlerName":"OrderHandler","isTriggerExecuting":true,"triggerEvent":"0x3ba625bd"}|0x5fd066c1
13:17:34.1 (267152749)|STATEMENT_EXECUTE|[746]
13:17:34.1 (267154334)|METHOD_EXIT|[158]|01pg80000019iSf|TriggerHandler.andFinally()
13:17:34.1 (267158391)|STATEMENT_EXECUTE|[160]
13:17:34.1 (267160235)|STATEMENT_EXECUTE|[176]
13:17:34.1 (267162695)|METHOD_EXIT|[2]|01pg80000019iSf|TriggerHandler.run()
13:17:34.267 (267169458)|CUMULATIVE_LIMIT_USAGE
13:17:34.267 (267169458)|LIMIT_USAGE_FOR_NS|(default)|
  Number of SOQL queries: 1 out of 100
  Number of query rows: 1 out of 50000
  Number of SOSL queries: 0 out of 20
  Number of DML statements: 0 out of 150
  Number of Publish Immediate DML: 0 out of 150
  Number of DML rows: 0 out of 10000
  Maximum CPU time: 0 out of 10000
  Maximum heap size: 0 out of 6000000
  Number of callouts: 0 out of 100
  Number of Email Invocations: 0 out of 10
  Number of future calls: 0 out of 50
  Number of queueable jobs added to the queue: 0 out of 50
  Number of Mobile Apex push calls: 0 out of 10

13:17:34.267 (267169458)|CUMULATIVE_LIMIT_USAGE_END

13:17:34.1 (267363186)|CODE_UNIT_FINISHED|OrderTrigger on Order trigger event BeforeUpdate|__sfdc_trigger/OrderTrigger
13:17:34.1 (271213630)|CODE_UNIT_STARTED|[EXTERNAL]|Validation:Order:801g8000007E9Nd
13:17:34.1 (271242101)|VALIDATION_RULE|03dg8000000aS4D|Bloquear_Alteracao_Conta_Pedido
13:17:34.1 (271690021)|VALIDATION_FORMULA|ISCHANGED(AccountId) && NOT(ISNEW())|AccountId=001g8000005VaOH
13:17:34.1 (271699029)|VALIDATION_PASS
13:17:34.1 (271706479)|CODE_UNIT_FINISHED|Validation:Order:801g8000007E9Nd
13:17:34.1 (330024514)|CODE_UNIT_FINISHED|TRIGGERS
13:17:34.1 (330053940)|EXECUTION_FINISHED
