65.0 APEX_CODE,FINEST;APEX_PROFILING,INFO;CALLOUT,INFO;DATA_ACCESS,INFO;DB,INFO;NBA,INFO;SYSTEM,DEBUG;VALIDATION,INFO;VISUALFORCE,INFO;WAVE,INFO;WORKFLOW,INFO
11:41:51.0 (879367)|USER_INFO|[EXTERNAL]|005g80000010N45|sabrina.jesus@resourceful-moose-fmmd11.com|(GMT-03:00) Brasilia Standard Time (America/Sao_Paulo)|GMT-03:00
11:41:51.0 (959605)|EXECUTION_STARTED
11:41:51.0 (988523)|CODE_UNIT_STARTED|[EXTERNAL]|Flow:01Ig8000000dte9
11:41:51.100 (100153124)|FLOW_CREATE_INTERVIEW_BEGIN|00Dg8000001b33B|300g800000Csj6k|301g8000005x9nc
11:41:51.100 (100321275)|FLOW_CREATE_INTERVIEW_END|8764f785851751f0f89c70e1125c19d4c4dc295-7e7e|Imposto: Gerar Chave Única
11:41:51.100 (100329586)|FLOW_CREATE_INTERVIEW_END|8765f785851751f0f89c70e1125c19d4c4dc295-7e7f|Imposto: Gerar Chave Única
11:41:51.100 (100333239)|FLOW_CREATE_INTERVIEW_END|8766f785851751f0f89c70e1125c19d4c4dc295-7e80|Imposto: Gerar Chave Única
11:41:51.100 (100336275)|FLOW_CREATE_INTERVIEW_END|8767f785851751f0f89c70e1125c19d4c4dc295-7e81|Imposto: Gerar Chave Única
11:41:51.100 (100810849)|FLOW_START_INTERVIEWS_BEGIN|4
11:41:51.100 (100911268)|FLOW_START_INTERVIEW_BEGIN|8764f785851751f0f89c70e1125c19d4c4dc295-7e7e|Imposto: Gerar Chave Única
11:41:51.100 (116241419)|FLOW_START_INTERVIEW_END|8764f785851751f0f89c70e1125c19d4c4dc295-7e7e|Imposto: Gerar Chave Única
11:41:51.100 (116280407)|FLOW_START_INTERVIEW_BEGIN|8765f785851751f0f89c70e1125c19d4c4dc295-7e7f|Imposto: Gerar Chave Única
11:41:51.100 (116513923)|FLOW_START_INTERVIEW_END|8765f785851751f0f89c70e1125c19d4c4dc295-7e7f|Imposto: Gerar Chave Única
11:41:51.100 (116524862)|FLOW_START_INTERVIEW_BEGIN|8766f785851751f0f89c70e1125c19d4c4dc295-7e80|Imposto: Gerar Chave Única
11:41:51.100 (116595554)|FLOW_START_INTERVIEW_END|8766f785851751f0f89c70e1125c19d4c4dc295-7e80|Imposto: Gerar Chave Única
11:41:51.100 (116602533)|FLOW_START_INTERVIEW_BEGIN|8767f785851751f0f89c70e1125c19d4c4dc295-7e81|Imposto: Gerar Chave Única
11:41:51.100 (116652322)|FLOW_START_INTERVIEW_END|8767f785851751f0f89c70e1125c19d4c4dc295-7e81|Imposto: Gerar Chave Única
11:41:51.100 (120698633)|FLOW_START_INTERVIEWS_END|4
11:41:51.100 (121191895)|FLOW_INTERVIEW_FINISHED|8764f785851751f0f89c70e1125c19d4c4dc295-7e7e|Imposto: Gerar Chave Única
11:41:51.100 (121208951)|FLOW_INTERVIEW_FINISHED|8765f785851751f0f89c70e1125c19d4c4dc295-7e7f|Imposto: Gerar Chave Única
11:41:51.100 (121215436)|FLOW_INTERVIEW_FINISHED|8766f785851751f0f89c70e1125c19d4c4dc295-7e80|Imposto: Gerar Chave Única
11:41:51.100 (121221525)|FLOW_INTERVIEW_FINISHED|8767f785851751f0f89c70e1125c19d4c4dc295-7e81|Imposto: Gerar Chave Única
11:41:51.0 (123225965)|CODE_UNIT_FINISHED|Flow:01Ig8000000dte9
11:41:51.0 (123248037)|EXECUTION_FINISHED
