66.0 APEX_CODE,FINEST;APEX_PROFILING,INFO;CALLOUT,INFO;DATA_ACCESS,INFO;DB,INFO;NBA,INFO;SYSTEM,DEBUG;VALIDATION,INFO;VISUALFORCE,INFO;WAVE,INFO;WORKFLOW,INFO
15:20:17.0 (993218)|USER_INFO|[EXTERNAL]|005g80000010N45|sabrina.jesus@resourceful-moose-fmmd11.com|(GMT-03:00) Brasilia Standard Time (America/Sao_Paulo)|GMT-03:00
15:20:17.0 (1077081)|EXECUTION_STARTED
15:20:17.0 (1098181)|CODE_UNIT_STARTED|[EXTERNAL]|TRIGGERS
15:20:17.0 (1131758)|CODE_UNIT_STARTED|[EXTERNAL]|01qg8000000Fou9|OrdemItemTrigger on OrderItem trigger event BeforeDelete|__sfdc_trigger/OrdemItemTrigger
15:20:17.0 (1200677)|HEAP_ALLOCATE|[EXTERNAL]|Bytes:8
15:20:17.0 (2202717)|HEAP_ALLOCATE|[95]|Bytes:3
15:20:17.0 (2285962)|HEAP_ALLOCATE|[100]|Bytes:152
15:20:17.0 (2300170)|HEAP_ALLOCATE|[417]|Bytes:408
15:20:17.0 (2310901)|HEAP_ALLOCATE|[430]|Bytes:408
15:20:17.0 (2330973)|HEAP_ALLOCATE|[317]|Bytes:6
15:20:17.0 (2359454)|HEAP_ALLOCATE|[EXTERNAL]|Bytes:4
15:20:17.0 (2381290)|VARIABLE_SCOPE_BEGIN|[1]|this|OrdemItemTrigger|true|false
15:20:17.0 (2481454)|VARIABLE_ASSIGNMENT|[1]|this|{}|0x53c3f49f
15:20:17.0 (2526736)|HEAP_ALLOCATE|[EXTERNAL]|Bytes:4
15:20:17.0 (2530517)|VARIABLE_SCOPE_BEGIN|[1]|this|OrdemItemTrigger|true|false
15:20:17.0 (2536998)|VARIABLE_ASSIGNMENT|[1]|this|{}|0x53c3f49f
15:20:17.0 (2547114)|STATEMENT_EXECUTE|[1]
15:20:17.0 (2548570)|STATEMENT_EXECUTE|[2]
15:20:17.0 (11072971)|VARIABLE_SCOPE_BEGIN|[63]|TriggerHandler.BYPASS_ALL_ALIAS|String|false|true
15:20:17.0 (11087681)|VARIABLE_SCOPE_BEGIN|[839]|TriggerHandler.ERROR_TRIGGERCONTEXT|String|false|true
15:20:17.0 (11137035)|VARIABLE_SCOPE_BEGIN|[26]|TriggerHandler.bypassedHandlers|Set<String>|true|true
15:20:17.0 (11146105)|VARIABLE_SCOPE_BEGIN|[32]|TriggerHandler.globalBypass|Boolean|false|true
15:20:17.0 (11307670)|VARIABLE_SCOPE_BEGIN|[20]|TriggerHandler.loopCountMap|Map<String,TriggerHandler.LoopCount>|true|true
15:20:17.0 (11312701)|VARIABLE_SCOPE_BEGIN|[44]|TriggerHandler.showDebug|Boolean|false|true
15:20:17.0 (11316287)|VARIABLE_SCOPE_BEGIN|[38]|TriggerHandler.showLimits|Boolean|false|true
15:20:17.0 (11341147)|HEAP_ALLOCATE|[2]|Bytes:22
15:20:17.0 (11349023)|HEAP_ALLOCATE|[2]|Bytes:26
15:20:17.0 (11383547)|METHOD_ENTRY|[1]|01pg8000001EZwd|OrdemItemHandler.OrdemItemHandler()
15:20:17.0 (11390137)|STATEMENT_EXECUTE|[1]
15:20:17.0 (11398328)|STATEMENT_EXECUTE|[1]
15:20:17.0 (11407521)|METHOD_EXIT|[1]|OrdemItemHandler
15:20:17.0 (11505325)|HEAP_ALLOCATE|[2]|Bytes:32
15:20:17.0 (11533176)|CONSTRUCTOR_ENTRY|[2]|01pg8000001EZwd|<init>()|OrdemItemHandler
15:20:17.0 (11578798)|VARIABLE_SCOPE_BEGIN|[10]|this|OrdemItemHandler|true|false
15:20:17.0 (11628193)|VARIABLE_ASSIGNMENT|[10]|this|{}|0xf665535
15:20:17.0 (11633139)|STATEMENT_EXECUTE|[1]
15:20:17.0 (11634224)|STATEMENT_EXECUTE|[4]
15:20:17.0 (11635520)|STATEMENT_EXECUTE|[5]
15:20:17.0 (11636217)|STATEMENT_EXECUTE|[6]
15:20:17.0 (11636900)|STATEMENT_EXECUTE|[7]
15:20:17.0 (11637844)|STATEMENT_EXECUTE|[11]
15:20:17.0 (11641110)|HEAP_ALLOCATE|[11]|Bytes:16
15:20:17.0 (11646889)|HEAP_ALLOCATE|[11]|Bytes:33
15:20:17.0 (11651143)|HEAP_ALLOCATE|[11]|Bytes:166
15:20:17.0 (11653184)|HEAP_ALLOCATE|[11]|Bytes:55
15:20:17.0 (11654961)|HEAP_ALLOCATE|[11]|Bytes:9
15:20:17.0 (11679030)|VARIABLE_ASSIGNMENT|[11]|TriggerHandler.BYPASS_ALL_ALIAS|"BypassAll"
15:20:17.0 (11681268)|HEAP_ALLOCATE|[11]|Bytes:51
15:20:17.0 (11686070)|VARIABLE_ASSIGNMENT|[11]|TriggerHandler.ERROR_TRIGGERCONTEXT|"Trigger handler call (31 more) ..."
15:20:17.0 (11694258)|METHOD_ENTRY|[15]|01pg80000019iSf|TriggerHandler.TriggerHandler()
15:20:17.0 (11696278)|STATEMENT_EXECUTE|[15]
15:20:17.0 (11697990)|STATEMENT_EXECUTE|[15]
15:20:17.0 (11698860)|STATEMENT_EXECUTE|[66]
15:20:17.0 (11699721)|STATEMENT_EXECUTE|[67]
15:20:17.0 (11710549)|HEAP_ALLOCATE|[67]|Bytes:4
15:20:17.0 (11752046)|VARIABLE_ASSIGNMENT|[67]|TriggerHandler.loopCountMap|{}|0x1d9e5825
15:20:17.0 (11754875)|STATEMENT_EXECUTE|[68]
15:20:17.0 (11762080)|HEAP_ALLOCATE|[68]|Bytes:4
15:20:17.0 (11829908)|VARIABLE_ASSIGNMENT|[68]|TriggerHandler.bypassedHandlers|[]|0x338f58e7
15:20:17.0 (11832719)|STATEMENT_EXECUTE|[69]
15:20:17.0 (11848090)|HEAP_ALLOCATE|[68]|Bytes:5
15:20:17.0 (11868623)|HEAP_ALLOCATE|[74]|Bytes:5
15:20:17.0 (11874257)|HEAP_ALLOCATE|[82]|Bytes:7
15:20:17.0 (12218450)|HEAP_ALLOCATE|[69]|Bytes:5
15:20:17.0 (12229488)|VARIABLE_ASSIGNMENT|[69]|TriggerHandler.globalBypass|false
15:20:17.0 (12232208)|STATEMENT_EXECUTE|[70]
15:20:17.0 (12235025)|HEAP_ALLOCATE|[70]|Bytes:5
15:20:17.0 (12238470)|VARIABLE_ASSIGNMENT|[70]|TriggerHandler.showLimits|false
15:20:17.0 (12240432)|STATEMENT_EXECUTE|[71]
15:20:17.0 (12242160)|HEAP_ALLOCATE|[71]|Bytes:5
15:20:17.0 (12245145)|VARIABLE_ASSIGNMENT|[71]|TriggerHandler.showDebug|false
15:20:17.0 (12246920)|STATEMENT_EXECUTE|[755]
15:20:17.0 (12247940)|STATEMENT_EXECUTE|[832]
15:20:17.0 (12252717)|METHOD_EXIT|[15]|TriggerHandler
15:20:17.0 (12259965)|CONSTRUCTOR_ENTRY|[11]|01pg80000019iSf|<init>(String)|TriggerHandler
15:20:17.0 (12347024)|VARIABLE_SCOPE_BEGIN|[107]|this|TriggerHandler|true|false
15:20:17.0 (12370251)|VARIABLE_ASSIGNMENT|[107]|this|{}|0xf665535
15:20:17.0 (12376520)|VARIABLE_SCOPE_BEGIN|[107]|handlerName|String|false|false
15:20:17.0 (12382619)|VARIABLE_ASSIGNMENT|[107]|handlerName|"OrderItemHandler"
15:20:17.0 (12385805)|STATEMENT_EXECUTE|[15]
15:20:17.0 (12386725)|STATEMENT_EXECUTE|[50]
15:20:17.0 (12387448)|STATEMENT_EXECUTE|[57]
15:20:17.0 (12388390)|STATEMENT_EXECUTE|[671]
15:20:17.0 (12392640)|HEAP_ALLOCATE|[108]|Bytes:6
15:20:17.0 (13479661)|STATEMENT_EXECUTE|[107]
15:20:17.0 (13481541)|STATEMENT_EXECUTE|[108]
15:20:17.0 (13490964)|STATEMENT_EXECUTE|[109]
15:20:17.0 (13517445)|METHOD_ENTRY|[109]|01pg80000019iSf|TriggerHandler.setTriggerContext()
15:20:17.0 (13545750)|VARIABLE_SCOPE_BEGIN|[565]|this|TriggerHandler|true|false
15:20:17.0 (13566400)|VARIABLE_ASSIGNMENT|[565]|this|{"handlerName":"OrderItemHandler"}|0xf665535
15:20:17.0 (13572555)|STATEMENT_EXECUTE|[565]
15:20:17.0 (13573745)|STATEMENT_EXECUTE|[566]
15:20:17.0 (13673008)|HEAP_ALLOCATE|[566]|Bytes:16
15:20:17.0 (13690661)|METHOD_ENTRY|[566]|01pg80000019iSf|TriggerHandler.setTriggerContext(System.TriggerOperation, Boolean)
15:20:17.0 (13693815)|VARIABLE_SCOPE_BEGIN|[582]|this|TriggerHandler|true|false
15:20:17.0 (13703303)|VARIABLE_ASSIGNMENT|[582]|this|{"handlerName":"OrderItemHandler"}|0xf665535
15:20:17.0 (13706039)|VARIABLE_SCOPE_BEGIN|[582]|opType|System.TriggerOperation|true|false
15:20:17.0 (13723488)|VARIABLE_ASSIGNMENT|[582]|opType|"BEFORE_DELETE"|0x133392f4
15:20:17.0 (13729185)|VARIABLE_SCOPE_BEGIN|[582]|testMode|Boolean|false|false
15:20:17.0 (13733501)|VARIABLE_ASSIGNMENT|[582]|testMode|false
15:20:17.0 (13736435)|STATEMENT_EXECUTE|[582]
15:20:17.0 (13745666)|STATEMENT_EXECUTE|[586]
15:20:17.0 (13746447)|STATEMENT_EXECUTE|[587]
15:20:17.0 (13749019)|HEAP_ALLOCATE|[587]|Bytes:5
15:20:17.0 (13754208)|STATEMENT_EXECUTE|[590]
15:20:17.0 (13755096)|STATEMENT_EXECUTE|[592]
15:20:17.0 (13769293)|HEAP_ALLOCATE|[592]|Bytes:16
15:20:17.0 (13774135)|STATEMENT_EXECUTE|[595]
15:20:17.0 (13785852)|VARIABLE_SCOPE_BEGIN|[595]|context|String|false|false
15:20:17.0 (13792939)|VARIABLE_ASSIGNMENT|[595]|context|"BEFORE_DELETE"
15:20:17.0 (13794850)|STATEMENT_EXECUTE|[597]
15:20:17.0 (13797610)|HEAP_ALLOCATE|[598]|Bytes:13
15:20:17.0 (13848506)|HEAP_ALLOCATE|[601]|Bytes:13
15:20:17.0 (13858730)|HEAP_ALLOCATE|[604]|Bytes:13
15:20:17.0 (13866724)|STATEMENT_EXECUTE|[604]
15:20:17.0 (13867673)|STATEMENT_EXECUTE|[605]
15:20:17.0 (13874197)|METHOD_EXIT|[566]|01pg80000019iSf|TriggerHandler.setTriggerContext(System.TriggerOperation, Boolean)
15:20:17.0 (13877084)|METHOD_EXIT|[109]|01pg80000019iSf|TriggerHandler.setTriggerContext()
15:20:17.0 (13881181)|CONSTRUCTOR_EXIT|[11]|01pg80000019iSf|<init>(String)|TriggerHandler
15:20:17.0 (13884112)|STATEMENT_EXECUTE|[10]
15:20:17.0 (13885035)|STATEMENT_EXECUTE|[12]
15:20:17.0 (13897726)|VARIABLE_ASSIGNMENT|[12]|this.newRecords|null|0xf665535
15:20:17.0 (13900219)|STATEMENT_EXECUTE|[13]
15:20:17.0 (15211480)|VARIABLE_ASSIGNMENT|[13]|this.oldRecords|[{"LastModifiedDate":"2026-04-06T17:29:11.000Z","DiscountPercentage__c":-0.104397826675968695966313739297976,"IsDeleted":false,"DiscountValue__c":-127614.40,"Quantity":1.00,"FinalPrice__c":1222385.60,"TaxPercentage__c":18.00,"ListPrice":1350000.00,"OrderId":"801g8000007E9NdAAK","AvailableQuantity":1.00,"PriceWithoutMargin__c":1062944.00,"OrderItemNumber":"0000000071","FreightValue__c":800.00,"SystemModstamp":"2026-04-06T17:29:11.000Z","UnitPrice":1222385.60,"Product2Id":"01tg8000001BArVAAW","CreatedById":"005g80000010N45AAE","ProductionCost__c":900000.00,"PricebookEntryId":"01ug8000000XnbRAAS","TotalPrice":1222385.60,"CreatedDate":"2026-04-06T17:29:11.000Z","MarginPercentage__c":15.00,"Id":"802g8000002dfGfAAI","LastModifiedById":"005g80000010N45AAE"}]|0xf665535
15:20:17.0 (15226144)|STATEMENT_EXECUTE|[14]
15:20:17.0 (15247249)|VARIABLE_ASSIGNMENT|[14]|this.newRecordsMap|null|0xf665535
15:20:17.0 (15249878)|STATEMENT_EXECUTE|[15]
15:20:17.0 (15800704)|VARIABLE_ASSIGNMENT|[15]|this.oldRecordsMap|{"802g8000002dfGfAAI":{"LastModifiedDate":"2026-04-06T17:29:11.000Z","DiscountPercentage__c":-0.104397826675968695966313739297976,"IsDeleted":false,"DiscountValue__c":-127614.40,"Quantity":1.00,"FinalPrice__c":1222385.60,"TaxPercentage__c":18.00,"ListPrice":1350000.00,"OrderId":"801g8000007E9NdAAK","AvailableQuantity":1.00,"PriceWithoutMargin__c":1062944.00,"OrderItemNumber":"0000000071","FreightValue__c":800.00,"SystemModstamp":"2026-04-06T17:29:11.000Z","UnitPrice":1222385.60,"Product2Id":"01tg8000001BArVAAW","CreatedById":"005g80000010N45AAE","ProductionCost__c":900000.00,"PricebookEntryId":"01ug8000000XnbRAAS","TotalPrice":1222385.60,"CreatedDate":"2026-04-06T17:29:11.000Z","MarginPercentage__c":15.00,"Id":"802g8000002dfGfAAI","LastModifiedById":"005g80000010N45AAE"}}|0xf665535
15:20:17.0 (15820910)|CONSTRUCTOR_EXIT|[2]|01pg8000001EZwd|<init>()|OrdemItemHandler
15:20:17.0 (15864635)|METHOD_ENTRY|[2]|01pg80000019iSf|TriggerHandler.run()
15:20:17.0 (15873065)|VARIABLE_SCOPE_BEGIN|[120]|this|TriggerHandler|true|false
15:20:17.0 (15915373)|VARIABLE_ASSIGNMENT|[120]|this|{"oldRecords":"0x1975fa98","oldRecordsMap":"0x3074374b","handlerName":"OrderItemHandler","isTriggerExecuting":true,"triggerEvent":"0x133392f4"}|0xf665535
15:20:17.0 (15923366)|STATEMENT_EXECUTE|[120]
15:20:17.0 (15929367)|METHOD_ENTRY|[121]|01pg80000019iSf|TriggerHandler.validateRun()
15:20:17.0 (15948127)|VARIABLE_SCOPE_BEGIN|[661]|this|TriggerHandler|true|false
15:20:17.0 (15964870)|VARIABLE_ASSIGNMENT|[661]|this|{"oldRecords":"0x1975fa98","oldRecordsMap":"0x3074374b","handlerName":"OrderItemHandler","isTriggerExecuting":true,"triggerEvent":"0x133392f4"}|0xf665535
15:20:17.0 (15970735)|STATEMENT_EXECUTE|[661]
15:20:17.0 (15978701)|STATEMENT_EXECUTE|[662]
15:20:17.0 (15980160)|STATEMENT_EXECUTE|[665]
15:20:17.0 (15989494)|METHOD_ENTRY|[665]|01pg80000019iSf|TriggerHandler.getHandlerName()
15:20:17.0 (15997448)|VARIABLE_SCOPE_BEGIN|[680]|this|TriggerHandler|true|false
15:20:17.0 (16011409)|VARIABLE_ASSIGNMENT|[680]|this|{"oldRecords":"0x1975fa98","oldRecordsMap":"0x3074374b","handlerName":"OrderItemHandler","isTriggerExecuting":true,"triggerEvent":"0x133392f4"}|0xf665535
15:20:17.0 (16017592)|STATEMENT_EXECUTE|[680]
15:20:17.0 (16058348)|STATEMENT_EXECUTE|[681]
15:20:17.0 (16059601)|STATEMENT_EXECUTE|[684]
15:20:17.0 (16063669)|METHOD_EXIT|[665]|01pg80000019iSf|TriggerHandler.getHandlerName()
15:20:17.0 (16087937)|METHOD_EXIT|[121]|01pg80000019iSf|TriggerHandler.validateRun()
15:20:17.0 (16092532)|STATEMENT_EXECUTE|[121]
15:20:17.0 (16096864)|METHOD_ENTRY|[126]|01pg80000019iSf|TriggerHandler.incrementCheckLoopCount()
15:20:17.0 (16105170)|VARIABLE_SCOPE_BEGIN|[634]|this|TriggerHandler|true|false
15:20:17.0 (16121409)|VARIABLE_ASSIGNMENT|[634]|this|{"oldRecords":"0x1975fa98","oldRecordsMap":"0x3074374b","handlerName":"OrderItemHandler","isTriggerExecuting":true,"triggerEvent":"0x133392f4"}|0xf665535
15:20:17.0 (16127607)|STATEMENT_EXECUTE|[634]
15:20:17.0 (16128978)|STATEMENT_EXECUTE|[635]
15:20:17.0 (16132759)|METHOD_ENTRY|[635]|01pg80000019iSf|TriggerHandler.getHandlerName()
15:20:17.0 (16138714)|VARIABLE_SCOPE_BEGIN|[680]|this|TriggerHandler|true|false
15:20:17.0 (16151881)|VARIABLE_ASSIGNMENT|[680]|this|{"oldRecords":"0x1975fa98","oldRecordsMap":"0x3074374b","handlerName":"OrderItemHandler","isTriggerExecuting":true,"triggerEvent":"0x133392f4"}|0xf665535
15:20:17.0 (16156722)|STATEMENT_EXECUTE|[680]
15:20:17.0 (16167159)|STATEMENT_EXECUTE|[681]
15:20:17.0 (16168465)|STATEMENT_EXECUTE|[684]
15:20:17.0 (16171095)|METHOD_EXIT|[635]|01pg80000019iSf|TriggerHandler.getHandlerName()
15:20:17.0 (16175329)|VARIABLE_SCOPE_BEGIN|[635]|handlerName|String|false|false
15:20:17.0 (16183334)|VARIABLE_ASSIGNMENT|[635]|handlerName|"OrderItemHandler"
15:20:17.0 (16218049)|STATEMENT_EXECUTE|[636]
15:20:17.0 (16219404)|STATEMENT_EXECUTE|[649]
15:20:17.0 (16222039)|METHOD_EXIT|[126]|01pg80000019iSf|TriggerHandler.incrementCheckLoopCount()
15:20:17.0 (16226074)|STATEMENT_EXECUTE|[126]
15:20:17.0 (16229006)|STATEMENT_EXECUTE|[130]
15:20:17.0 (16230235)|STATEMENT_EXECUTE|[135]
15:20:17.0 (16316259)|STATEMENT_EXECUTE|[142]
15:20:17.0 (16317217)|STATEMENT_EXECUTE|[143]
15:20:17.0 (16323368)|METHOD_ENTRY|[143]|01pg8000001EZwd|OrdemItemHandler.beforeDelete()
15:20:17.0 (16334369)|VARIABLE_SCOPE_BEGIN|[35]|this|OrdemItemHandler|true|false
15:20:17.0 (16346954)|VARIABLE_ASSIGNMENT|[35]|this|{"oldRecords":"0x1975fa98","oldRecordsMap":"0x3074374b","handlerName":"OrderItemHandler","isTriggerExecuting":true,"triggerEvent":"0x133392f4"}|0xf665535
15:20:17.0 (16350633)|STATEMENT_EXECUTE|[35]
15:20:17.0 (16351686)|STATEMENT_EXECUTE|[36]
15:20:17.0 (16354329)|METHOD_ENTRY|[36]|01pg8000001EZwd|OrdemItemHandler.checkActiveOrderItem()
15:20:17.0 (16360787)|VARIABLE_SCOPE_BEGIN|[227]|this|OrdemItemHandler|true|false
15:20:17.0 (16369264)|VARIABLE_ASSIGNMENT|[227]|this|{"oldRecords":"0x1975fa98","oldRecordsMap":"0x3074374b","handlerName":"OrderItemHandler","isTriggerExecuting":true,"triggerEvent":"0x133392f4"}|0xf665535
15:20:17.0 (16372908)|STATEMENT_EXECUTE|[227]
15:20:17.0 (16373776)|STATEMENT_EXECUTE|[228]
15:20:17.0 (16378034)|VARIABLE_SCOPE_BEGIN|[228]|listaParaValidar|List<OrderItem>|true|false
15:20:17.0 (16382812)|VARIABLE_ASSIGNMENT|[228]|listaParaValidar|null|
15:20:17.0 (16384883)|STATEMENT_EXECUTE|[229]
15:20:17.0 (16398030)|HEAP_ALLOCATE|[229]|Bytes:4
15:20:17.0 (16416842)|VARIABLE_SCOPE_BEGIN|[229]|idOrders|Set<Id>|true|false
15:20:17.0 (16437426)|VARIABLE_ASSIGNMENT|[229]|idOrders|[]|0x6ba5cba0
15:20:17.0 (16439959)|STATEMENT_EXECUTE|[230]
15:20:17.0 (16522882)|HEAP_ALLOCATE|[230]|Bytes:4
15:20:17.0 (16546144)|VARIABLE_SCOPE_BEGIN|[230]|idMapOrders|Map<Id,Order>|true|false
15:20:17.0 (16553369)|VARIABLE_ASSIGNMENT|[230]|idMapOrders|{}|0x3359da9b
15:20:17.0 (16564326)|STATEMENT_EXECUTE|[232]
15:20:17.0 (16565087)|STATEMENT_EXECUTE|[233]
15:20:17.0 (17024359)|VARIABLE_ASSIGNMENT|[233]|listaParaValidar|[{"LastModifiedDate":"2026-04-06T17:29:11.000Z","DiscountPercentage__c":-0.104397826675968695966313739297976,"IsDeleted":false,"DiscountValue__c":-127614.40,"Quantity":1.00,"FinalPrice__c":1222385.60,"TaxPercentage__c":18.00,"ListPrice":1350000.00,"OrderId":"801g8000007E9NdAAK","AvailableQuantity":1.00,"PriceWithoutMargin__c":1062944.00,"OrderItemNumber":"0000000071","FreightValue__c":800.00,"SystemModstamp":"2026-04-06T17:29:11.000Z","UnitPrice":1222385.60,"Product2Id":"01tg8000001BArVAAW","CreatedById":"005g80000010N45AAE","ProductionCost__c":900000.00,"PricebookEntryId":"01ug8000000XnbRAAS","TotalPrice":1222385.60,"CreatedDate":"2026-04-06T17:29:11.000Z","MarginPercentage__c":15.00,"Id":"802g8000002dfGfAAI","LastModifiedById":"005g80000010N45AAE"}]|0x1975fa98
15:20:17.0 (17198022)|HEAP_ALLOCATE|[238]|Bytes:5
15:20:17.0 (17235944)|VARIABLE_SCOPE_BEGIN|[238]|ot|OrderItem|true|false
15:20:17.0 (17588354)|VARIABLE_ASSIGNMENT|[238]|ot|{"LastModifiedDate":"2026-04-06T17:29:11.000Z","DiscountPercentage__c":-0.104397826675968695966313739297976,"IsDeleted":false,"DiscountValue__c":-127614.40,"Quantity":1.00,"FinalPrice__c":1222385.60,"TaxPercentage__c":18.00,"ListPrice":1350000.00,"OrderId":"801g8000007E9NdAAK","AvailableQuantity":1.00,"PriceWithoutMargin__c":1062944.00,"OrderItemNumber":"0000000071","FreightValue__c":800.00,"SystemModstamp":"2026-04-06T17:29:11.000Z","UnitPrice":1222385.60,"Product2Id":"01tg8000001BArVAAW","CreatedById":"005g80000010N45AAE","ProductionCost__c":900000.00,"PricebookEntryId":"01ug8000000XnbRAAS","TotalPrice":1222385.60,"CreatedDate":"2026-04-06T17:29:11.000Z","MarginPercentage__c":15.00,"Id":"802g8000002dfGfAAI","LastModifiedById":"005g80000010N45AAE"}|0x54cdbec7
15:20:17.0 (17597087)|STATEMENT_EXECUTE|[238]
15:20:17.0 (17598061)|STATEMENT_EXECUTE|[239]
15:20:17.0 (17648290)|HEAP_ALLOCATE|[EXTERNAL]|Bytes:4
15:20:17.0 (17658557)|HEAP_ALLOCATE|[238]|Bytes:5
15:20:17.0 (17664569)|VARIABLE_ASSIGNMENT|[238]|ot|null|
15:20:17.0 (17667881)|STATEMENT_EXECUTE|[242]
15:20:17.0 (17670146)|HEAP_ALLOCATE|[242]|Bytes:48
15:20:17.0 (17682389)|HEAP_ALLOCATE|[242]|Bytes:4
15:20:17.0 (17687833)|HEAP_ALLOCATE|[242]|Bytes:7
15:20:17.0 (18371189)|SOQL_EXECUTE_BEGIN|[242]|Aggregations:0|SELECT Id, Status FROM Order WHERE Id = :tmpVar1
15:20:17.0 (24832616)|SOQL_EXECUTE_END|[242]|Rows:1
15:20:17.0 (24860533)|HEAP_ALLOCATE|[242]|Bytes:8
15:20:17.0 (24875866)|HEAP_ALLOCATE|[242]|Bytes:44
15:20:17.0 (24930179)|HEAP_ALLOCATE|[242]|Bytes:8
15:20:17.0 (24944867)|VARIABLE_SCOPE_BEGIN|[242]|listOrder|List<Order>|true|false
15:20:17.0 (25025703)|VARIABLE_ASSIGNMENT|[242]|listOrder|[{"Status":"Draft","Id":"801g8000007E9NdAAK"}]|0x5b5c3374
15:20:17.0 (25175258)|HEAP_ALLOCATE|[247]|Bytes:5
15:20:17.0 (25201696)|HEAP_ALLOCATE|[247]|Bytes:12
15:20:17.0 (25208533)|VARIABLE_SCOPE_BEGIN|[247]|o|Order|true|false
15:20:17.0 (25227879)|VARIABLE_ASSIGNMENT|[247]|o|{"Status":"Draft","Id":"801g8000007E9NdAAK"}|0x6af8b212
15:20:17.0 (25232885)|STATEMENT_EXECUTE|[247]
15:20:17.0 (25265558)|HEAP_ALLOCATE|[EXTERNAL]|Bytes:-4
15:20:17.0 (25273548)|HEAP_ALLOCATE|[247]|Bytes:5
15:20:17.0 (25279501)|VARIABLE_ASSIGNMENT|[247]|o|null|
15:20:17.0 (25298425)|HEAP_ALLOCATE|[249]|Bytes:5
15:20:17.0 (25309413)|VARIABLE_SCOPE_BEGIN|[249]|ot|OrderItem|true|false
15:20:17.0 (25854353)|VARIABLE_ASSIGNMENT|[249]|ot|{"LastModifiedDate":"2026-04-06T17:29:11.000Z","DiscountPercentage__c":-0.104397826675968695966313739297976,"IsDeleted":false,"DiscountValue__c":-127614.40,"Quantity":1.00,"FinalPrice__c":1222385.60,"TaxPercentage__c":18.00,"ListPrice":1350000.00,"OrderId":"801g8000007E9NdAAK","AvailableQuantity":1.00,"PriceWithoutMargin__c":1062944.00,"OrderItemNumber":"0000000071","FreightValue__c":800.00,"SystemModstamp":"2026-04-06T17:29:11.000Z","UnitPrice":1222385.60,"Product2Id":"01tg8000001BArVAAW","CreatedById":"005g80000010N45AAE","ProductionCost__c":900000.00,"PricebookEntryId":"01ug8000000XnbRAAS","TotalPrice":1222385.60,"CreatedDate":"2026-04-06T17:29:11.000Z","MarginPercentage__c":15.00,"Id":"802g8000002dfGfAAI","LastModifiedById":"005g80000010N45AAE"}|0x54cdbec7
15:20:17.0 (25865083)|STATEMENT_EXECUTE|[249]
15:20:17.0 (25866055)|STATEMENT_EXECUTE|[250]
15:20:17.0 (25914887)|VARIABLE_SCOPE_BEGIN|[250]|pedido|Order|true|false
15:20:17.0 (25941154)|VARIABLE_ASSIGNMENT|[250]|pedido|{"Status":"Draft","Id":"801g8000007E9NdAAK"}|0x6af8b212
15:20:17.0 (25956837)|HEAP_ALLOCATE|[251]|Bytes:5
15:20:17.0 (25980413)|STATEMENT_EXECUTE|[251]
15:20:17.0 (25988739)|HEAP_ALLOCATE|[249]|Bytes:5
15:20:17.0 (25995055)|VARIABLE_ASSIGNMENT|[249]|ot|null|
15:20:17.0 (26001851)|METHOD_EXIT|[36]|01pg8000001EZwd|OrdemItemHandler.checkActiveOrderItem()
15:20:17.0 (26007299)|METHOD_EXIT|[143]|01pg8000001EZwd|OrdemItemHandler.beforeDelete()
15:20:17.0 (26009993)|STATEMENT_EXECUTE|[158]
15:20:17.0 (26021733)|METHOD_ENTRY|[158]|01pg80000019iSf|TriggerHandler.andFinally()
15:20:17.0 (26037091)|VARIABLE_SCOPE_BEGIN|[746]|this|TriggerHandler|true|false
15:20:17.0 (26070713)|VARIABLE_ASSIGNMENT|[746]|this|{"oldRecords":"0x1975fa98","oldRecordsMap":"0x3074374b","handlerName":"OrderItemHandler","isTriggerExecuting":true,"triggerEvent":"0x133392f4"}|0xf665535
15:20:17.0 (26076066)|STATEMENT_EXECUTE|[746]
15:20:17.0 (26077963)|METHOD_EXIT|[158]|01pg80000019iSf|TriggerHandler.andFinally()
15:20:17.0 (26083406)|STATEMENT_EXECUTE|[160]
15:20:17.0 (26085728)|STATEMENT_EXECUTE|[176]
15:20:17.0 (26088563)|METHOD_EXIT|[2]|01pg80000019iSf|TriggerHandler.run()
15:20:17.26 (26109960)|CUMULATIVE_LIMIT_USAGE
15:20:17.26 (26109960)|LIMIT_USAGE_FOR_NS|(default)|
  Number of SOQL queries: 1 out of 100
  Number of query rows: 1 out of 50000
  Number of SOSL queries: 0 out of 20
  Number of DML statements: 0 out of 150
  Number of Publish Immediate DML: 0 out of 150
  Number of DML rows: 0 out of 10000
  Maximum CPU time: 0 out of 10000
  Maximum heap size: 0 out of 6000000
  Number of callouts: 0 out of 100
  Number of Email Invocations: 0 out of 10
  Number of future calls: 0 out of 50
  Number of queueable jobs added to the queue: 0 out of 50
  Number of Mobile Apex push calls: 0 out of 10

15:20:17.26 (26109960)|CUMULATIVE_LIMIT_USAGE_END

15:20:17.0 (26303558)|CODE_UNIT_FINISHED|OrdemItemTrigger on OrderItem trigger event BeforeDelete|__sfdc_trigger/OrdemItemTrigger
15:20:17.0 (272446076)|CODE_UNIT_STARTED|[EXTERNAL]|01qg8000000GdOn|OrderTrigger on Order trigger event BeforeUpdate|__sfdc_trigger/OrderTrigger
15:20:17.0 (272547080)|HEAP_ALLOCATE|[EXTERNAL]|Bytes:8
15:20:17.0 (272630283)|HEAP_ALLOCATE|[EXTERNAL]|Bytes:8
15:20:17.0 (272771668)|HEAP_ALLOCATE|[EXTERNAL]|Bytes:4
15:20:17.0 (272785766)|VARIABLE_SCOPE_BEGIN|[1]|this|OrderTrigger|true|false
15:20:17.0 (272831602)|VARIABLE_ASSIGNMENT|[1]|this|{}|0x15b6cbfd
15:20:17.0 (272869688)|HEAP_ALLOCATE|[EXTERNAL]|Bytes:4
15:20:17.0 (272872864)|VARIABLE_SCOPE_BEGIN|[1]|this|OrderTrigger|true|false
15:20:17.0 (272878913)|VARIABLE_ASSIGNMENT|[1]|this|{}|0x15b6cbfd
15:20:17.0 (272884816)|STATEMENT_EXECUTE|[1]
15:20:17.0 (272886062)|STATEMENT_EXECUTE|[2]
15:20:17.0 (274635813)|HEAP_ALLOCATE|[2]|Bytes:11
15:20:17.0 (274664788)|METHOD_ENTRY|[1]|01pg8000001LXzh|OrderHandler.OrderHandler()
15:20:17.0 (274669694)|STATEMENT_EXECUTE|[1]
15:20:17.0 (274674068)|STATEMENT_EXECUTE|[1]
15:20:17.0 (274678836)|METHOD_EXIT|[1]|OrderHandler
15:20:17.0 (274695724)|HEAP_ALLOCATE|[2]|Bytes:32
15:20:17.0 (274712301)|CONSTRUCTOR_ENTRY|[2]|01pg8000001LXzh|<init>()|OrderHandler
15:20:17.0 (274736135)|VARIABLE_SCOPE_BEGIN|[10]|this|OrderHandler|true|false
15:20:17.0 (274775405)|VARIABLE_ASSIGNMENT|[10]|this|{}|0x27b22f28
15:20:17.0 (274779788)|STATEMENT_EXECUTE|[1]
15:20:17.0 (274780621)|STATEMENT_EXECUTE|[4]
15:20:17.0 (274781693)|STATEMENT_EXECUTE|[5]
15:20:17.0 (274782426)|STATEMENT_EXECUTE|[6]
15:20:17.0 (274783166)|STATEMENT_EXECUTE|[7]
15:20:17.0 (274783885)|STATEMENT_EXECUTE|[11]
15:20:17.0 (274787333)|HEAP_ALLOCATE|[11]|Bytes:12
15:20:17.0 (274794404)|CONSTRUCTOR_ENTRY|[11]|01pg80000019iSf|<init>(String)|TriggerHandler
15:20:17.0 (274813586)|VARIABLE_SCOPE_BEGIN|[107]|this|TriggerHandler|true|false
15:20:17.0 (274822061)|VARIABLE_ASSIGNMENT|[107]|this|{}|0x27b22f28
15:20:17.0 (274825332)|VARIABLE_SCOPE_BEGIN|[107]|handlerName|String|false|false
15:20:17.0 (274834714)|VARIABLE_ASSIGNMENT|[107]|handlerName|"OrderHandler"
15:20:17.0 (274837981)|STATEMENT_EXECUTE|[15]
15:20:17.0 (274838740)|STATEMENT_EXECUTE|[50]
15:20:17.0 (274839476)|STATEMENT_EXECUTE|[57]
15:20:17.0 (274840438)|STATEMENT_EXECUTE|[671]
15:20:17.0 (274858934)|STATEMENT_EXECUTE|[107]
15:20:17.0 (274859731)|STATEMENT_EXECUTE|[108]
15:20:17.0 (274864108)|STATEMENT_EXECUTE|[109]
15:20:17.0 (274871624)|METHOD_ENTRY|[109]|01pg80000019iSf|TriggerHandler.setTriggerContext()
15:20:17.0 (274875086)|VARIABLE_SCOPE_BEGIN|[565]|this|TriggerHandler|true|false
15:20:17.0 (274885093)|VARIABLE_ASSIGNMENT|[565]|this|{"handlerName":"OrderHandler"}|0x27b22f28
15:20:17.0 (274889942)|STATEMENT_EXECUTE|[565]
15:20:17.0 (274890736)|STATEMENT_EXECUTE|[566]
15:20:17.0 (274952483)|HEAP_ALLOCATE|[566]|Bytes:16
15:20:17.0 (274965253)|METHOD_ENTRY|[566]|01pg80000019iSf|TriggerHandler.setTriggerContext(System.TriggerOperation, Boolean)
15:20:17.0 (274969938)|VARIABLE_SCOPE_BEGIN|[582]|this|TriggerHandler|true|false
15:20:17.0 (274981796)|VARIABLE_ASSIGNMENT|[582]|this|{"handlerName":"OrderHandler"}|0x27b22f28
15:20:17.0 (274987887)|VARIABLE_SCOPE_BEGIN|[582]|opType|System.TriggerOperation|true|false
15:20:17.0 (275021211)|VARIABLE_ASSIGNMENT|[582]|opType|"BEFORE_UPDATE"|0x1ee3774c
15:20:17.0 (275033008)|VARIABLE_SCOPE_BEGIN|[582]|testMode|Boolean|false|false
15:20:17.0 (275040403)|VARIABLE_ASSIGNMENT|[582]|testMode|false
15:20:17.0 (275044201)|STATEMENT_EXECUTE|[582]
15:20:17.0 (275053341)|STATEMENT_EXECUTE|[586]
15:20:17.0 (275054569)|STATEMENT_EXECUTE|[587]
15:20:17.0 (275058049)|HEAP_ALLOCATE|[587]|Bytes:5
15:20:17.0 (275064323)|STATEMENT_EXECUTE|[590]
15:20:17.0 (275065623)|STATEMENT_EXECUTE|[592]
15:20:17.0 (275081446)|HEAP_ALLOCATE|[592]|Bytes:16
15:20:17.0 (275088168)|STATEMENT_EXECUTE|[595]
15:20:17.0 (275097177)|VARIABLE_SCOPE_BEGIN|[595]|context|String|false|false
15:20:17.0 (275106360)|VARIABLE_ASSIGNMENT|[595]|context|"BEFORE_UPDATE"
15:20:17.0 (275111972)|STATEMENT_EXECUTE|[597]
15:20:17.0 (275146781)|STATEMENT_EXECUTE|[601]
15:20:17.0 (275147720)|STATEMENT_EXECUTE|[602]
15:20:17.0 (275158431)|METHOD_EXIT|[566]|01pg80000019iSf|TriggerHandler.setTriggerContext(System.TriggerOperation, Boolean)
15:20:17.0 (275163153)|METHOD_EXIT|[109]|01pg80000019iSf|TriggerHandler.setTriggerContext()
15:20:17.0 (275169674)|CONSTRUCTOR_EXIT|[11]|01pg80000019iSf|<init>(String)|TriggerHandler
15:20:17.0 (275173242)|STATEMENT_EXECUTE|[10]
15:20:17.0 (275174513)|STATEMENT_EXECUTE|[12]
15:20:17.0 (281952611)|VARIABLE_ASSIGNMENT|[12]|this.newRecords|[{"Status":"Draft","LastModifiedDate":"2026-04-06T17:29:11.000Z","Country__c":"a03g8000004x8aeAAA","IsDeleted":false,"AccountId":"001g8000005VaOHAA0","FreightType__c":"CIF","OrderNumber":"00000113","TotalAmount":15053.85,"StatusCode":"Draft","PaymentCondition__c":"a07g8000004MONnAAO","IsReductionOrder":false,"SystemModstamp":"2026-04-06T17:29:11.000Z","City__c":"a05g8000001KAc9AAG","OwnerId":"005g80000010N45AAE","CreatedById":"005g80000010N45AAE","DeliveryDate__c":"2026-04-06T00:00:00.000Z","DistributionCenter__c":"a06g8000000wkLpAAI","CreatedDate":"2026-03-31T12:52:12.000Z","Pricebook2Id":"01sg80000015mKTAAY","Id":"801g8000007E9NdAAK","AccountAddress__c":"a08g8000001Zx1SAAS","LastModifiedById":"005g80000010N45AAE","State__c":"a04g8000000QmaTAAS","EffectiveDate":"2026-03-31T00:00:00.000Z"}]|0x27b22f28
15:20:17.0 (281973855)|STATEMENT_EXECUTE|[13]
15:20:17.0 (282629067)|VARIABLE_ASSIGNMENT|[13]|this.oldRecords|[{"Status":"Draft","LastModifiedDate":"2026-04-06T17:29:11.000Z","Country__c":"a03g8000004x8aeAAA","IsDeleted":false,"AccountId":"001g8000005VaOHAA0","FreightType__c":"CIF","OrderNumber":"00000113","TotalAmount":1237439.45,"StatusCode":"Draft","PaymentCondition__c":"a07g8000004MONnAAO","IsReductionOrder":false,"SystemModstamp":"2026-04-06T17:29:11.000Z","City__c":"a05g8000001KAc9AAG","OwnerId":"005g80000010N45AAE","CreatedById":"005g80000010N45AAE","DeliveryDate__c":"2026-04-06T00:00:00.000Z","DistributionCenter__c":"a06g8000000wkLpAAI","CreatedDate":"2026-03-31T12:52:12.000Z","Pricebook2Id":"01sg80000015mKTAAY","Id":"801g8000007E9NdAAK","AccountAddress__c":"a08g8000001Zx1SAAS","LastModifiedById":"005g80000010N45AAE","State__c":"a04g8000000QmaTAAS","EffectiveDate":"2026-03-31T00:00:00.000Z"}]|0x27b22f28
15:20:17.0 (282641324)|STATEMENT_EXECUTE|[14]
15:20:17.0 (282996931)|VARIABLE_ASSIGNMENT|[14]|this.newRecordsMap|{"801g8000007E9NdAAK":{"Status":"Draft","LastModifiedDate":"2026-04-06T17:29:11.000Z","Country__c":"a03g8000004x8aeAAA","IsDeleted":false,"AccountId":"001g8000005VaOHAA0","FreightType__c":"CIF","OrderNumber":"00000113","TotalAmount":15053.85,"StatusCode":"Draft","PaymentCondition__c":"a07g8000004MONnAAO","IsReductionOrder":false,"SystemModstamp":"2026-04-06T17:29:11.000Z","City__c":"a05g8000001KAc9AAG","OwnerId":"005g80000010N45AAE","CreatedById":"005g80000010N45AAE","DeliveryDate__c":"2026-04-06T00:00:00.000Z","DistributionCenter__c":"a06g8000000wkLpAAI","CreatedDate":"2026-03-31T12:52:12.000Z","Pricebook2Id":"01sg80000015mKTAAY","Id":"801g8000007E9NdAAK","AccountAddress__c":"a08g8000001Zx1SAAS","LastModifiedById":"005g80000010N45AAE","State__c":"a04g8000000QmaTAAS","EffectiveDate":"2026-03-31T00:00:00.000Z"}}|0x27b22f28
15:20:17.0 (283005102)|STATEMENT_EXECUTE|[15]
15:20:17.0 (283320589)|VARIABLE_ASSIGNMENT|[15]|this.oldRecordsMap|{"801g8000007E9NdAAK":{"Status":"Draft","LastModifiedDate":"2026-04-06T17:29:11.000Z","Country__c":"a03g8000004x8aeAAA","IsDeleted":false,"AccountId":"001g8000005VaOHAA0","FreightType__c":"CIF","OrderNumber":"00000113","TotalAmount":1237439.45,"StatusCode":"Draft","PaymentCondition__c":"a07g8000004MONnAAO","IsReductionOrder":false,"SystemModstamp":"2026-04-06T17:29:11.000Z","City__c":"a05g8000001KAc9AAG","OwnerId":"005g80000010N45AAE","CreatedById":"005g80000010N45AAE","DeliveryDate__c":"2026-04-06T00:00:00.000Z","DistributionCenter__c":"a06g8000000wkLpAAI","CreatedDate":"2026-03-31T12:52:12.000Z","Pricebook2Id":"01sg80000015mKTAAY","Id":"801g8000007E9NdAAK","AccountAddress__c":"a08g8000001Zx1SAAS","LastModifiedById":"005g80000010N45AAE","State__c":"a04g8000000QmaTAAS","EffectiveDate":"2026-03-31T00:00:00.000Z"}}|0x27b22f28
15:20:17.0 (283334683)|CONSTRUCTOR_EXIT|[2]|01pg8000001LXzh|<init>()|OrderHandler
15:20:17.0 (283368071)|METHOD_ENTRY|[2]|01pg80000019iSf|TriggerHandler.run()
15:20:17.0 (283374886)|VARIABLE_SCOPE_BEGIN|[120]|this|TriggerHandler|true|false
15:20:17.0 (283416651)|VARIABLE_ASSIGNMENT|[120]|this|{"newRecords":"0x84e2a88","newRecordsMap":"0x9799fa5","oldRecords":"0x63b532f2","oldRecordsMap":"0x521f5f85","handlerName":"OrderHandler","isTriggerExecuting":true,"triggerEvent":"0x1ee3774c"}|0x27b22f28
15:20:17.0 (283422604)|STATEMENT_EXECUTE|[120]
15:20:17.0 (283426569)|METHOD_ENTRY|[121]|01pg80000019iSf|TriggerHandler.validateRun()
15:20:17.0 (283429759)|VARIABLE_SCOPE_BEGIN|[661]|this|TriggerHandler|true|false
15:20:17.0 (283440938)|VARIABLE_ASSIGNMENT|[661]|this|{"newRecords":"0x84e2a88","newRecordsMap":"0x9799fa5","oldRecords":"0x63b532f2","oldRecordsMap":"0x521f5f85","handlerName":"OrderHandler","isTriggerExecuting":true,"triggerEvent":"0x1ee3774c"}|0x27b22f28
15:20:17.0 (283444921)|STATEMENT_EXECUTE|[661]
15:20:17.0 (283452781)|STATEMENT_EXECUTE|[662]
15:20:17.0 (283453750)|STATEMENT_EXECUTE|[665]
15:20:17.0 (283460033)|METHOD_ENTRY|[665]|01pg80000019iSf|TriggerHandler.getHandlerName()
15:20:17.0 (283462963)|VARIABLE_SCOPE_BEGIN|[680]|this|TriggerHandler|true|false
15:20:17.0 (283472069)|VARIABLE_ASSIGNMENT|[680]|this|{"newRecords":"0x84e2a88","newRecordsMap":"0x9799fa5","oldRecords":"0x63b532f2","oldRecordsMap":"0x521f5f85","handlerName":"OrderHandler","isTriggerExecuting":true,"triggerEvent":"0x1ee3774c"}|0x27b22f28
15:20:17.0 (283475680)|STATEMENT_EXECUTE|[680]
15:20:17.0 (283501876)|STATEMENT_EXECUTE|[681]
15:20:17.0 (283502857)|STATEMENT_EXECUTE|[684]
15:20:17.0 (283506018)|METHOD_EXIT|[665]|01pg80000019iSf|TriggerHandler.getHandlerName()
15:20:17.0 (283526461)|METHOD_EXIT|[121]|01pg80000019iSf|TriggerHandler.validateRun()
15:20:17.0 (283529097)|STATEMENT_EXECUTE|[121]
15:20:17.0 (283532050)|METHOD_ENTRY|[126]|01pg80000019iSf|TriggerHandler.incrementCheckLoopCount()
15:20:17.0 (283535485)|VARIABLE_SCOPE_BEGIN|[634]|this|TriggerHandler|true|false
15:20:17.0 (283544594)|VARIABLE_ASSIGNMENT|[634]|this|{"newRecords":"0x84e2a88","newRecordsMap":"0x9799fa5","oldRecords":"0x63b532f2","oldRecordsMap":"0x521f5f85","handlerName":"OrderHandler","isTriggerExecuting":true,"triggerEvent":"0x1ee3774c"}|0x27b22f28
15:20:17.0 (283548503)|STATEMENT_EXECUTE|[634]
15:20:17.0 (283549333)|STATEMENT_EXECUTE|[635]
15:20:17.0 (283551783)|METHOD_ENTRY|[635]|01pg80000019iSf|TriggerHandler.getHandlerName()
15:20:17.0 (283553946)|VARIABLE_SCOPE_BEGIN|[680]|this|TriggerHandler|true|false
15:20:17.0 (283562448)|VARIABLE_ASSIGNMENT|[680]|this|{"newRecords":"0x84e2a88","newRecordsMap":"0x9799fa5","oldRecords":"0x63b532f2","oldRecordsMap":"0x521f5f85","handlerName":"OrderHandler","isTriggerExecuting":true,"triggerEvent":"0x1ee3774c"}|0x27b22f28
15:20:17.0 (283565625)|STATEMENT_EXECUTE|[680]
15:20:17.0 (283571567)|STATEMENT_EXECUTE|[681]
15:20:17.0 (283572364)|STATEMENT_EXECUTE|[684]
15:20:17.0 (283573905)|METHOD_EXIT|[635]|01pg80000019iSf|TriggerHandler.getHandlerName()
15:20:17.0 (283577504)|VARIABLE_SCOPE_BEGIN|[635]|handlerName|String|false|false
15:20:17.0 (283583837)|VARIABLE_ASSIGNMENT|[635]|handlerName|"OrderHandler"
15:20:17.0 (283594491)|STATEMENT_EXECUTE|[636]
15:20:17.0 (283595531)|STATEMENT_EXECUTE|[649]
15:20:17.0 (283597090)|METHOD_EXIT|[126]|01pg80000019iSf|TriggerHandler.incrementCheckLoopCount()
15:20:17.0 (283599946)|STATEMENT_EXECUTE|[126]
15:20:17.0 (283602050)|STATEMENT_EXECUTE|[130]
15:20:17.0 (283602959)|STATEMENT_EXECUTE|[135]
15:20:17.0 (283654044)|STATEMENT_EXECUTE|[139]
15:20:17.0 (283654971)|STATEMENT_EXECUTE|[140]
15:20:17.0 (283666221)|METHOD_ENTRY|[140]|01pg8000001LXzh|OrderHandler.beforeUpdate()
15:20:17.0 (283692125)|VARIABLE_SCOPE_BEGIN|[19]|this|OrderHandler|true|false
15:20:17.0 (283703394)|VARIABLE_ASSIGNMENT|[19]|this|{"newRecords":"0x84e2a88","newRecordsMap":"0x9799fa5","oldRecords":"0x63b532f2","oldRecordsMap":"0x521f5f85","handlerName":"OrderHandler","isTriggerExecuting":true,"triggerEvent":"0x1ee3774c"}|0x27b22f28
15:20:17.0 (283707496)|STATEMENT_EXECUTE|[19]
15:20:17.0 (283708471)|STATEMENT_EXECUTE|[20]
15:20:17.0 (283712491)|METHOD_ENTRY|[20]|01pg8000001LXzh|OrderHandler.checkActiveOrder()
15:20:17.0 (283718946)|VARIABLE_SCOPE_BEGIN|[28]|this|OrderHandler|true|false
15:20:17.0 (283728233)|VARIABLE_ASSIGNMENT|[28]|this|{"newRecords":"0x84e2a88","newRecordsMap":"0x9799fa5","oldRecords":"0x63b532f2","oldRecordsMap":"0x521f5f85","handlerName":"OrderHandler","isTriggerExecuting":true,"triggerEvent":"0x1ee3774c"}|0x27b22f28
15:20:17.0 (283732556)|STATEMENT_EXECUTE|[28]
15:20:17.0 (283733346)|STATEMENT_EXECUTE|[29]
15:20:17.0 (283736076)|VARIABLE_SCOPE_BEGIN|[29]|listaParaValidar|List<Order>|true|false
15:20:17.0 (283741219)|VARIABLE_ASSIGNMENT|[29]|listaParaValidar|null|
15:20:17.0 (283748862)|STATEMENT_EXECUTE|[33]
15:20:17.0 (283749621)|STATEMENT_EXECUTE|[34]
15:20:17.0 (284122571)|VARIABLE_ASSIGNMENT|[34]|listaParaValidar|[{"Status":"Draft","LastModifiedDate":"2026-04-06T17:29:11.000Z","Country__c":"a03g8000004x8aeAAA","IsDeleted":false,"AccountId":"001g8000005VaOHAA0","FreightType__c":"CIF","OrderNumber":"00000113","TotalAmount":15053.85,"StatusCode":"Draft","PaymentCondition__c":"a07g8000004MONnAAO","IsReductionOrder":false,"SystemModstamp":"2026-04-06T17:29:11.000Z","City__c":"a05g8000001KAc9AAG","OwnerId":"005g80000010N45AAE","CreatedById":"005g80000010N45AAE","DeliveryDate__c":"2026-04-06T00:00:00.000Z","DistributionCenter__c":"a06g8000000wkLpAAI","CreatedDate":"2026-03-31T12:52:12.000Z","Pricebook2Id":"01sg80000015mKTAAY","Id":"801g8000007E9NdAAK","AccountAddress__c":"a08g8000001Zx1SAAS","LastModifiedById":"005g80000010N45AAE","State__c":"a04g8000000QmaTAAS","EffectiveDate":"2026-03-31T00:00:00.000Z"}]|0x84e2a88
15:20:17.0 (284172419)|HEAP_ALLOCATE|[38]|Bytes:5
15:20:17.0 (284190454)|HEAP_ALLOCATE|[38]|Bytes:4
15:20:17.0 (284199204)|VARIABLE_SCOPE_BEGIN|[38]|pedido|Order|true|false
15:20:17.0 (284714421)|VARIABLE_ASSIGNMENT|[38]|pedido|{"Status":"Draft","LastModifiedDate":"2026-04-06T17:29:11.000Z","Country__c":"a03g8000004x8aeAAA","IsDeleted":false,"AccountId":"001g8000005VaOHAA0","FreightType__c":"CIF","OrderNumber":"00000113","TotalAmount":15053.85,"StatusCode":"Draft","PaymentCondition__c":"a07g8000004MONnAAO","IsReductionOrder":false,"SystemModstamp":"2026-04-06T17:29:11.000Z","City__c":"a05g8000001KAc9AAG","OwnerId":"005g80000010N45AAE","CreatedById":"005g80000010N45AAE","DeliveryDate__c":"2026-04-06T00:00:00.000Z","DistributionCenter__c":"a06g8000000wkLpAAI","CreatedDate":"2026-03-31T12:52:12.000Z","Pricebook2Id":"01sg80000015mKTAAY","Id":"801g8000007E9NdAAK","AccountAddress__c":"a08g8000001Zx1SAAS","LastModifiedById":"005g80000010N45AAE","State__c":"a04g8000000QmaTAAS","EffectiveDate":"2026-03-31T00:00:00.000Z"}|0xc1e1ea6
15:20:17.0 (284723923)|STATEMENT_EXECUTE|[38]
15:20:17.0 (284724769)|STATEMENT_EXECUTE|[40]
15:20:17.0 (284773361)|VARIABLE_SCOPE_BEGIN|[40]|pedidoAntigo|Order|true|false
15:20:17.0 (285082682)|VARIABLE_ASSIGNMENT|[40]|pedidoAntigo|{"Status":"Draft","LastModifiedDate":"2026-04-06T17:29:11.000Z","Country__c":"a03g8000004x8aeAAA","IsDeleted":false,"AccountId":"001g8000005VaOHAA0","FreightType__c":"CIF","OrderNumber":"00000113","TotalAmount":1237439.45,"StatusCode":"Draft","PaymentCondition__c":"a07g8000004MONnAAO","IsReductionOrder":false,"SystemModstamp":"2026-04-06T17:29:11.000Z","City__c":"a05g8000001KAc9AAG","OwnerId":"005g80000010N45AAE","CreatedById":"005g80000010N45AAE","DeliveryDate__c":"2026-04-06T00:00:00.000Z","DistributionCenter__c":"a06g8000000wkLpAAI","CreatedDate":"2026-03-31T12:52:12.000Z","Pricebook2Id":"01sg80000015mKTAAY","Id":"801g8000007E9NdAAK","AccountAddress__c":"a08g8000001Zx1SAAS","LastModifiedById":"005g80000010N45AAE","State__c":"a04g8000000QmaTAAS","EffectiveDate":"2026-03-31T00:00:00.000Z"}|0x46814f14
15:20:17.0 (285090606)|STATEMENT_EXECUTE|[43]
15:20:17.0 (285096469)|VARIABLE_SCOPE_BEGIN|[43]|validacaoStatus|String|false|false
15:20:17.0 (285101193)|VARIABLE_ASSIGNMENT|[43]|validacaoStatus|"Draft"
15:20:17.0 (285111079)|HEAP_ALLOCATE|[38]|Bytes:5
15:20:17.0 (285117626)|VARIABLE_ASSIGNMENT|[38]|pedido|null|
15:20:17.0 (285123203)|METHOD_EXIT|[20]|01pg8000001LXzh|OrderHandler.checkActiveOrder()
15:20:17.0 (285126847)|METHOD_EXIT|[140]|01pg8000001LXzh|OrderHandler.beforeUpdate()
15:20:17.0 (285129484)|STATEMENT_EXECUTE|[158]
15:20:17.0 (285134396)|METHOD_ENTRY|[158]|01pg80000019iSf|TriggerHandler.andFinally()
15:20:17.0 (285137367)|VARIABLE_SCOPE_BEGIN|[746]|this|TriggerHandler|true|false
15:20:17.0 (285159121)|VARIABLE_ASSIGNMENT|[746]|this|{"newRecords":"0x84e2a88","newRecordsMap":"0x9799fa5","oldRecords":"0x63b532f2","oldRecordsMap":"0x521f5f85","handlerName":"OrderHandler","isTriggerExecuting":true,"triggerEvent":"0x1ee3774c"}|0x27b22f28
15:20:17.0 (285163990)|STATEMENT_EXECUTE|[746]
15:20:17.0 (285165412)|METHOD_EXIT|[158]|01pg80000019iSf|TriggerHandler.andFinally()
15:20:17.0 (285168654)|STATEMENT_EXECUTE|[160]
15:20:17.0 (285170381)|STATEMENT_EXECUTE|[176]
15:20:17.0 (285172242)|METHOD_EXIT|[2]|01pg80000019iSf|TriggerHandler.run()
15:20:17.285 (285181054)|CUMULATIVE_LIMIT_USAGE
15:20:17.285 (285181054)|LIMIT_USAGE_FOR_NS|(default)|
  Number of SOQL queries: 1 out of 100
  Number of query rows: 1 out of 50000
  Number of SOSL queries: 0 out of 20
  Number of DML statements: 0 out of 150
  Number of Publish Immediate DML: 0 out of 150
  Number of DML rows: 0 out of 10000
  Maximum CPU time: 0 out of 10000
  Maximum heap size: 0 out of 6000000
  Number of callouts: 0 out of 100
  Number of Email Invocations: 0 out of 10
  Number of future calls: 0 out of 50
  Number of queueable jobs added to the queue: 0 out of 50
  Number of Mobile Apex push calls: 0 out of 10

15:20:17.285 (285181054)|CUMULATIVE_LIMIT_USAGE_END

15:20:17.0 (285349673)|CODE_UNIT_FINISHED|OrderTrigger on Order trigger event BeforeUpdate|__sfdc_trigger/OrderTrigger
15:20:17.0 (288290758)|CODE_UNIT_STARTED|[EXTERNAL]|Validation:Order:801g8000007E9Nd
15:20:17.0 (288306235)|VALIDATION_RULE|03dg8000000aS4D|Bloquear_Alteracao_Conta_Pedido
15:20:17.0 (288567371)|VALIDATION_FORMULA|ISCHANGED(AccountId) && NOT(ISNEW())|AccountId=001g8000005VaOH
15:20:17.0 (288573375)|VALIDATION_PASS
15:20:17.0 (288578154)|CODE_UNIT_FINISHED|Validation:Order:801g8000007E9Nd
15:20:17.0 (345145128)|CODE_UNIT_FINISHED|TRIGGERS
15:20:17.0 (345169465)|EXECUTION_FINISHED
