65.0 APEX_CODE,FINEST;APEX_PROFILING,INFO;CALLOUT,INFO;DATA_ACCESS,INFO;DB,INFO;NBA,INFO;SYSTEM,DEBUG;VALIDATION,INFO;VISUALFORCE,INFO;WAVE,INFO;WORKFLOW,INFO
11:41:08.0 (150345)|USER_INFO|[EXTERNAL]|005g80000010N45|sabrina.jesus@resourceful-moose-fmmd11.com|(GMT-03:00) Brasilia Standard Time (America/Sao_Paulo)|GMT-03:00
11:41:08.0 (191687)|EXECUTION_STARTED
11:41:08.0 (201093)|CODE_UNIT_STARTED|[EXTERNAL]|Validation:Freight:new
11:41:08.0 (227194)|VALIDATION_RULE|03dg8000000V8m5|Campos_Obrigatorios_Frete
11:41:08.0 (734960)|VALIDATION_FORMULA|OR(
ISBLANK(DistributionCenter__c),
ISBLANK(FreightValue__c)
)|FreightValue__c=800.0 , DistributionCenter__c=a06g8000000wkLp
11:41:08.0 (748276)|VALIDATION_PASS
11:41:08.0 (751318)|VALIDATION_RULE|03dg8000000ZDC5|Produto_OU_Hierarquia
11:41:08.0 (936252)|VALIDATION_FORMULA|( ISBLANK(Product__c) && ISBLANK(ProductHierarchy__c) )
&#124;&#124;
( NOT(ISBLANK(Product__c)) && NOT(ISBLANK(ProductHierarchy__c)) )|Product__c=null , ProductHierarchy__c=a01g8000007otrh
11:41:08.0 (942903)|VALIDATION_PASS
11:41:08.0 (952394)|CODE_UNIT_FINISHED|Validation:Freight:new
11:41:08.0 (960263)|EXECUTION_FINISHED
11:41:08.1 (1046511)|USER_INFO|[EXTERNAL]|005g80000010N45|sabrina.jesus@resourceful-moose-fmmd11.com|(GMT-03:00) Brasilia Standard Time (America/Sao_Paulo)|GMT-03:00
11:41:08.1 (1054418)|EXECUTION_STARTED
11:41:08.1 (1058215)|CODE_UNIT_STARTED|[EXTERNAL]|Validation:Freight:new
11:41:08.1 (1067549)|VALIDATION_RULE|03dg8000000V8m5|Campos_Obrigatorios_Frete
11:41:08.1 (1207694)|VALIDATION_FORMULA|OR(
ISBLANK(DistributionCenter__c),
ISBLANK(FreightValue__c)
)|FreightValue__c=500.0 , DistributionCenter__c=a06g8000000wkLp
11:41:08.1 (1210579)|VALIDATION_PASS
11:41:08.1 (1211315)|VALIDATION_RULE|03dg8000000ZDC5|Produto_OU_Hierarquia
11:41:08.1 (1287929)|VALIDATION_FORMULA|( ISBLANK(Product__c) && ISBLANK(ProductHierarchy__c) )
&#124;&#124;
( NOT(ISBLANK(Product__c)) && NOT(ISBLANK(ProductHierarchy__c)) )|Product__c=null , ProductHierarchy__c=a01g8000007otrj
11:41:08.1 (1291681)|VALIDATION_PASS
11:41:08.1 (1294284)|CODE_UNIT_FINISHED|Validation:Freight:new
11:41:08.1 (1296649)|EXECUTION_FINISHED
11:41:08.1 (1320399)|USER_INFO|[EXTERNAL]|005g80000010N45|sabrina.jesus@resourceful-moose-fmmd11.com|(GMT-03:00) Brasilia Standard Time (America/Sao_Paulo)|GMT-03:00
11:41:08.1 (1324794)|EXECUTION_STARTED
11:41:08.1 (1326463)|CODE_UNIT_STARTED|[EXTERNAL]|Validation:Freight:new
11:41:08.1 (1330546)|VALIDATION_RULE|03dg8000000V8m5|Campos_Obrigatorios_Frete
11:41:08.1 (1416999)|VALIDATION_FORMULA|OR(
ISBLANK(DistributionCenter__c),
ISBLANK(FreightValue__c)
)|FreightValue__c=150.0 , DistributionCenter__c=a06g8000000wkLp
11:41:08.1 (1420985)|VALIDATION_PASS
11:41:08.1 (1421885)|VALIDATION_RULE|03dg8000000ZDC5|Produto_OU_Hierarquia
11:41:08.1 (1519386)|VALIDATION_FORMULA|( ISBLANK(Product__c) && ISBLANK(ProductHierarchy__c) )
&#124;&#124;
( NOT(ISBLANK(Product__c)) && NOT(ISBLANK(ProductHierarchy__c)) )|Product__c=01tg8000001BArc , ProductHierarchy__c=null
11:41:08.1 (1523417)|VALIDATION_PASS
11:41:08.1 (1526149)|CODE_UNIT_FINISHED|Validation:Freight:new
11:41:08.1 (1528671)|EXECUTION_FINISHED
11:41:08.1 (1559077)|USER_INFO|[EXTERNAL]|005g80000010N45|sabrina.jesus@resourceful-moose-fmmd11.com|(GMT-03:00) Brasilia Standard Time (America/Sao_Paulo)|GMT-03:00
11:41:08.1 (1564448)|EXECUTION_STARTED
11:41:08.1 (1566717)|CODE_UNIT_STARTED|[EXTERNAL]|Validation:Freight:new
11:41:08.1 (1572596)|VALIDATION_RULE|03dg8000000V8m5|Campos_Obrigatorios_Frete
11:41:08.1 (1666985)|VALIDATION_FORMULA|OR(
ISBLANK(DistributionCenter__c),
ISBLANK(FreightValue__c)
)|FreightValue__c=50.0 , DistributionCenter__c=a06g8000000wkLp
11:41:08.1 (1671311)|VALIDATION_PASS
11:41:08.1 (1672236)|VALIDATION_RULE|03dg8000000ZDC5|Produto_OU_Hierarquia
11:41:08.1 (1770554)|VALIDATION_FORMULA|( ISBLANK(Product__c) && ISBLANK(ProductHierarchy__c) )
&#124;&#124;
( NOT(ISBLANK(Product__c)) && NOT(ISBLANK(ProductHierarchy__c)) )|Product__c=null , ProductHierarchy__c=a01g8000007otrq
11:41:08.1 (1774606)|VALIDATION_PASS
11:41:08.1 (1777776)|CODE_UNIT_FINISHED|Validation:Freight:new
11:41:08.1 (1780444)|EXECUTION_FINISHED
11:41:08.40 (40216928)|USER_INFO|[EXTERNAL]|005g80000010N45|sabrina.jesus@resourceful-moose-fmmd11.com|(GMT-03:00) Brasilia Standard Time (America/Sao_Paulo)|GMT-03:00
11:41:08.40 (40267661)|EXECUTION_STARTED
11:41:08.40 (40277301)|CODE_UNIT_STARTED|[EXTERNAL]|Flow:01Ig8000000duwn
11:41:08.40 (40317570)|CODE_UNIT_FINISHED|Flow:01Ig8000000duwn
11:41:08.40 (40323147)|EXECUTION_FINISHED
11:41:08.40 (40432932)|USER_INFO|[EXTERNAL]|005g80000010N45|sabrina.jesus@resourceful-moose-fmmd11.com|(GMT-03:00) Brasilia Standard Time (America/Sao_Paulo)|GMT-03:00
11:41:08.40 (40437602)|EXECUTION_STARTED
11:41:08.40 (40438928)|CODE_UNIT_STARTED|[EXTERNAL]|Flow:01Ig8000000duwn
11:41:08.40 (40479627)|CODE_UNIT_FINISHED|Flow:01Ig8000000duwn
11:41:08.40 (40481533)|EXECUTION_FINISHED
