66.0 APEX_CODE,FINEST;APEX_PROFILING,INFO;CALLOUT,INFO;DATA_ACCESS,INFO;DB,INFO;NBA,INFO;SYSTEM,DEBUG;VALIDATION,INFO;VISUALFORCE,INFO;WAVE,INFO;WORKFLOW,INFO
13:17:33.4 (4332094)|USER_INFO|[EXTERNAL]|005g80000010N45|sabrina.jesus@resourceful-moose-fmmd11.com|(GMT-03:00) Brasilia Standard Time (America/Sao_Paulo)|GMT-03:00
13:17:33.4 (4407958)|EXECUTION_STARTED
13:17:33.4 (4429990)|CODE_UNIT_STARTED|[EXTERNAL]|TRIGGERS
13:17:33.4 (4465688)|CODE_UNIT_STARTED|[EXTERNAL]|01qg8000000Fou9|OrdemItemTrigger on OrderItem trigger event BeforeDelete|__sfdc_trigger/OrdemItemTrigger
13:17:33.4 (4512770)|HEAP_ALLOCATE|[EXTERNAL]|Bytes:8
13:17:33.4 (5331671)|HEAP_ALLOCATE|[95]|Bytes:3
13:17:33.4 (5380231)|HEAP_ALLOCATE|[100]|Bytes:152
13:17:33.4 (5396410)|HEAP_ALLOCATE|[417]|Bytes:408
13:17:33.4 (5411759)|HEAP_ALLOCATE|[430]|Bytes:408
13:17:33.4 (5437300)|HEAP_ALLOCATE|[317]|Bytes:6
13:17:33.4 (5460069)|HEAP_ALLOCATE|[EXTERNAL]|Bytes:4
13:17:33.4 (5483064)|VARIABLE_SCOPE_BEGIN|[1]|this|OrdemItemTrigger|true|false
13:17:33.4 (5606984)|VARIABLE_ASSIGNMENT|[1]|this|{}|0x2f6712ae
13:17:33.4 (5696693)|HEAP_ALLOCATE|[EXTERNAL]|Bytes:4
13:17:33.4 (5728251)|VARIABLE_SCOPE_BEGIN|[1]|this|OrdemItemTrigger|true|false
13:17:33.4 (5739256)|VARIABLE_ASSIGNMENT|[1]|this|{}|0x2f6712ae
13:17:33.4 (5751505)|STATEMENT_EXECUTE|[1]
13:17:33.4 (5752955)|STATEMENT_EXECUTE|[2]
13:17:33.4 (37748047)|VARIABLE_SCOPE_BEGIN|[63]|TriggerHandler.BYPASS_ALL_ALIAS|String|false|true
13:17:33.4 (37766521)|VARIABLE_SCOPE_BEGIN|[839]|TriggerHandler.ERROR_TRIGGERCONTEXT|String|false|true
13:17:33.4 (37819529)|VARIABLE_SCOPE_BEGIN|[26]|TriggerHandler.bypassedHandlers|Set<String>|true|true
13:17:33.4 (37830156)|VARIABLE_SCOPE_BEGIN|[32]|TriggerHandler.globalBypass|Boolean|false|true
13:17:33.4 (38016587)|VARIABLE_SCOPE_BEGIN|[20]|TriggerHandler.loopCountMap|Map<String,TriggerHandler.LoopCount>|true|true
13:17:33.4 (38022354)|VARIABLE_SCOPE_BEGIN|[44]|TriggerHandler.showDebug|Boolean|false|true
13:17:33.4 (38025804)|VARIABLE_SCOPE_BEGIN|[38]|TriggerHandler.showLimits|Boolean|false|true
13:17:33.4 (38050642)|HEAP_ALLOCATE|[2]|Bytes:22
13:17:33.4 (38060507)|HEAP_ALLOCATE|[2]|Bytes:26
13:17:33.4 (38109989)|METHOD_ENTRY|[1]|01pg8000001EZwd|OrdemItemHandler.OrdemItemHandler()
13:17:33.4 (38120267)|STATEMENT_EXECUTE|[1]
13:17:33.4 (38126408)|STATEMENT_EXECUTE|[1]
13:17:33.4 (38135578)|METHOD_EXIT|[1]|OrdemItemHandler
13:17:33.4 (38239748)|HEAP_ALLOCATE|[2]|Bytes:32
13:17:33.4 (38261138)|CONSTRUCTOR_ENTRY|[2]|01pg8000001EZwd|<init>()|OrdemItemHandler
13:17:33.4 (38297159)|VARIABLE_SCOPE_BEGIN|[10]|this|OrdemItemHandler|true|false
13:17:33.4 (38353468)|VARIABLE_ASSIGNMENT|[10]|this|{}|0x20938721
13:17:33.4 (38358538)|STATEMENT_EXECUTE|[1]
13:17:33.4 (38359492)|STATEMENT_EXECUTE|[4]
13:17:33.4 (38361023)|STATEMENT_EXECUTE|[5]
13:17:33.4 (38362053)|STATEMENT_EXECUTE|[6]
13:17:33.4 (38362900)|STATEMENT_EXECUTE|[7]
13:17:33.4 (38364066)|STATEMENT_EXECUTE|[11]
13:17:33.4 (38367470)|HEAP_ALLOCATE|[11]|Bytes:16
13:17:33.4 (38374637)|HEAP_ALLOCATE|[11]|Bytes:33
13:17:33.4 (38378561)|HEAP_ALLOCATE|[11]|Bytes:166
13:17:33.4 (38380664)|HEAP_ALLOCATE|[11]|Bytes:55
13:17:33.4 (38382424)|HEAP_ALLOCATE|[11]|Bytes:9
13:17:33.4 (38404658)|VARIABLE_ASSIGNMENT|[11]|TriggerHandler.BYPASS_ALL_ALIAS|"BypassAll"
13:17:33.4 (38407009)|HEAP_ALLOCATE|[11]|Bytes:51
13:17:33.4 (38413658)|VARIABLE_ASSIGNMENT|[11]|TriggerHandler.ERROR_TRIGGERCONTEXT|"Trigger handler call (31 more) ..."
13:17:33.4 (38429944)|METHOD_ENTRY|[15]|01pg80000019iSf|TriggerHandler.TriggerHandler()
13:17:33.4 (38434661)|STATEMENT_EXECUTE|[15]
13:17:33.4 (38436583)|STATEMENT_EXECUTE|[15]
13:17:33.4 (38437679)|STATEMENT_EXECUTE|[66]
13:17:33.4 (38438619)|STATEMENT_EXECUTE|[67]
13:17:33.4 (38453995)|HEAP_ALLOCATE|[67]|Bytes:4
13:17:33.4 (38503843)|VARIABLE_ASSIGNMENT|[67]|TriggerHandler.loopCountMap|{}|0x37368721
13:17:33.4 (38508208)|STATEMENT_EXECUTE|[68]
13:17:33.4 (38516580)|HEAP_ALLOCATE|[68]|Bytes:4
13:17:33.4 (38593179)|VARIABLE_ASSIGNMENT|[68]|TriggerHandler.bypassedHandlers|[]|0xb20a469
13:17:33.4 (38598258)|STATEMENT_EXECUTE|[69]
13:17:33.4 (38620279)|HEAP_ALLOCATE|[68]|Bytes:5
13:17:33.4 (38652006)|HEAP_ALLOCATE|[74]|Bytes:5
13:17:33.4 (38661675)|HEAP_ALLOCATE|[82]|Bytes:7
13:17:33.4 (38696985)|HEAP_ALLOCATE|[69]|Bytes:5
13:17:33.4 (38704908)|VARIABLE_ASSIGNMENT|[69]|TriggerHandler.globalBypass|false
13:17:33.4 (38708284)|STATEMENT_EXECUTE|[70]
13:17:33.4 (38711321)|HEAP_ALLOCATE|[70]|Bytes:5
13:17:33.4 (38716458)|VARIABLE_ASSIGNMENT|[70]|TriggerHandler.showLimits|false
13:17:33.4 (38719522)|STATEMENT_EXECUTE|[71]
13:17:33.4 (38722206)|HEAP_ALLOCATE|[71]|Bytes:5
13:17:33.4 (38727509)|VARIABLE_ASSIGNMENT|[71]|TriggerHandler.showDebug|false
13:17:33.4 (38730450)|STATEMENT_EXECUTE|[755]
13:17:33.4 (38731527)|STATEMENT_EXECUTE|[832]
13:17:33.4 (38736485)|METHOD_EXIT|[15]|TriggerHandler
13:17:33.4 (38745106)|CONSTRUCTOR_ENTRY|[11]|01pg80000019iSf|<init>(String)|TriggerHandler
13:17:33.4 (38870960)|VARIABLE_SCOPE_BEGIN|[107]|this|TriggerHandler|true|false
13:17:33.4 (38908098)|VARIABLE_ASSIGNMENT|[107]|this|{}|0x20938721
13:17:33.4 (38913243)|VARIABLE_SCOPE_BEGIN|[107]|handlerName|String|false|false
13:17:33.4 (38923213)|VARIABLE_ASSIGNMENT|[107]|handlerName|"OrderItemHandler"
13:17:33.4 (38928408)|STATEMENT_EXECUTE|[15]
13:17:33.4 (38929508)|STATEMENT_EXECUTE|[50]
13:17:33.4 (38930612)|STATEMENT_EXECUTE|[57]
13:17:33.4 (38931643)|STATEMENT_EXECUTE|[671]
13:17:33.4 (38937991)|HEAP_ALLOCATE|[108]|Bytes:6
13:17:33.4 (40256452)|STATEMENT_EXECUTE|[107]
13:17:33.4 (40260209)|STATEMENT_EXECUTE|[108]
13:17:33.4 (40274224)|STATEMENT_EXECUTE|[109]
13:17:33.4 (40318894)|METHOD_ENTRY|[109]|01pg80000019iSf|TriggerHandler.setTriggerContext()
13:17:33.4 (40375112)|VARIABLE_SCOPE_BEGIN|[565]|this|TriggerHandler|true|false
13:17:33.4 (40414706)|VARIABLE_ASSIGNMENT|[565]|this|{"handlerName":"OrderItemHandler"}|0x20938721
13:17:33.4 (40420967)|STATEMENT_EXECUTE|[565]
13:17:33.4 (40422066)|STATEMENT_EXECUTE|[566]
13:17:33.4 (40524101)|HEAP_ALLOCATE|[566]|Bytes:16
13:17:33.4 (40540566)|METHOD_ENTRY|[566]|01pg80000019iSf|TriggerHandler.setTriggerContext(System.TriggerOperation, Boolean)
13:17:33.4 (40544058)|VARIABLE_SCOPE_BEGIN|[582]|this|TriggerHandler|true|false
13:17:33.4 (40554769)|VARIABLE_ASSIGNMENT|[582]|this|{"handlerName":"OrderItemHandler"}|0x20938721
13:17:33.4 (40557754)|VARIABLE_SCOPE_BEGIN|[582]|opType|System.TriggerOperation|true|false
13:17:33.4 (40575896)|VARIABLE_ASSIGNMENT|[582]|opType|"BEFORE_DELETE"|0x6fd78842
13:17:33.4 (40582840)|VARIABLE_SCOPE_BEGIN|[582]|testMode|Boolean|false|false
13:17:33.4 (40588254)|VARIABLE_ASSIGNMENT|[582]|testMode|false
13:17:33.4 (40591671)|STATEMENT_EXECUTE|[582]
13:17:33.4 (40601963)|STATEMENT_EXECUTE|[586]
13:17:33.4 (40602830)|STATEMENT_EXECUTE|[587]
13:17:33.4 (40605933)|HEAP_ALLOCATE|[587]|Bytes:5
13:17:33.4 (40611393)|STATEMENT_EXECUTE|[590]
13:17:33.4 (40612186)|STATEMENT_EXECUTE|[592]
13:17:33.4 (40626786)|HEAP_ALLOCATE|[592]|Bytes:16
13:17:33.4 (40631878)|STATEMENT_EXECUTE|[595]
13:17:33.4 (40648455)|VARIABLE_SCOPE_BEGIN|[595]|context|String|false|false
13:17:33.4 (40656419)|VARIABLE_ASSIGNMENT|[595]|context|"BEFORE_DELETE"
13:17:33.4 (40658509)|STATEMENT_EXECUTE|[597]
13:17:33.4 (40661307)|HEAP_ALLOCATE|[598]|Bytes:13
13:17:33.4 (40698579)|HEAP_ALLOCATE|[601]|Bytes:13
13:17:33.4 (40708224)|HEAP_ALLOCATE|[604]|Bytes:13
13:17:33.4 (40716684)|STATEMENT_EXECUTE|[604]
13:17:33.4 (40717911)|STATEMENT_EXECUTE|[605]
13:17:33.4 (40724774)|METHOD_EXIT|[566]|01pg80000019iSf|TriggerHandler.setTriggerContext(System.TriggerOperation, Boolean)
13:17:33.4 (40727811)|METHOD_EXIT|[109]|01pg80000019iSf|TriggerHandler.setTriggerContext()
13:17:33.4 (40733966)|CONSTRUCTOR_EXIT|[11]|01pg80000019iSf|<init>(String)|TriggerHandler
13:17:33.4 (40737160)|STATEMENT_EXECUTE|[10]
13:17:33.4 (40738214)|STATEMENT_EXECUTE|[12]
13:17:33.4 (40752791)|VARIABLE_ASSIGNMENT|[12]|this.newRecords|null|0x20938721
13:17:33.4 (40755872)|STATEMENT_EXECUTE|[13]
13:17:33.4 (42100157)|VARIABLE_ASSIGNMENT|[13]|this.oldRecords|[{"LastModifiedDate":"2026-04-02T16:15:07.000Z","DiscountPercentage__c":-0.104397826675968695966313739297976,"IsDeleted":false,"Quantity":1.00,"FinalPrice__c":1222385.60,"TaxPercentage__c":18.00,"ListPrice":1350000.00,"OrderId":"801g8000007E9NdAAK","AvailableQuantity":1.00,"PriceWithoutMargin__c":1062944.00,"OrderItemNumber":"0000000046","FreightValue__c":800.00,"SystemModstamp":"2026-04-02T16:15:07.000Z","UnitPrice":1350000.00,"Product2Id":"01tg8000001BArVAAW","CreatedById":"005g80000010N45AAE","PricebookEntryId":"01ug8000000XnbRAAS","TotalPrice":1350000.00,"CreatedDate":"2026-04-02T16:15:07.000Z","MarginPercentage__c":15.00,"Id":"802g8000002WlcDAAS","LastModifiedById":"005g80000010N45AAE"}]|0x20938721
13:17:33.4 (42124484)|STATEMENT_EXECUTE|[14]
13:17:33.4 (42155944)|VARIABLE_ASSIGNMENT|[14]|this.newRecordsMap|null|0x20938721
13:17:33.4 (42159229)|STATEMENT_EXECUTE|[15]
13:17:33.4 (42655305)|VARIABLE_ASSIGNMENT|[15]|this.oldRecordsMap|{"802g8000002WlcDAAS":{"LastModifiedDate":"2026-04-02T16:15:07.000Z","DiscountPercentage__c":-0.104397826675968695966313739297976,"IsDeleted":false,"Quantity":1.00,"FinalPrice__c":1222385.60,"TaxPercentage__c":18.00,"ListPrice":1350000.00,"OrderId":"801g8000007E9NdAAK","AvailableQuantity":1.00,"PriceWithoutMargin__c":1062944.00,"OrderItemNumber":"0000000046","FreightValue__c":800.00,"SystemModstamp":"2026-04-02T16:15:07.000Z","UnitPrice":1350000.00,"Product2Id":"01tg8000001BArVAAW","CreatedById":"005g80000010N45AAE","PricebookEntryId":"01ug8000000XnbRAAS","TotalPrice":1350000.00,"CreatedDate":"2026-04-02T16:15:07.000Z","MarginPercentage__c":15.00,"Id":"802g8000002WlcDAAS","LastModifiedById":"005g80000010N45AAE"}}|0x20938721
13:17:33.4 (42672524)|CONSTRUCTOR_EXIT|[2]|01pg8000001EZwd|<init>()|OrdemItemHandler
13:17:33.4 (42705942)|METHOD_ENTRY|[2]|01pg80000019iSf|TriggerHandler.run()
13:17:33.4 (42712242)|VARIABLE_SCOPE_BEGIN|[120]|this|TriggerHandler|true|false
13:17:33.4 (42749632)|VARIABLE_ASSIGNMENT|[120]|this|{"oldRecords":"0x62cd82f6","oldRecordsMap":"0x88b4034","handlerName":"OrderItemHandler","isTriggerExecuting":true,"triggerEvent":"0x6fd78842"}|0x20938721
13:17:33.4 (42755606)|STATEMENT_EXECUTE|[120]
13:17:33.4 (42760217)|METHOD_ENTRY|[121]|01pg80000019iSf|TriggerHandler.validateRun()
13:17:33.4 (42778663)|VARIABLE_SCOPE_BEGIN|[661]|this|TriggerHandler|true|false
13:17:33.4 (42789749)|VARIABLE_ASSIGNMENT|[661]|this|{"oldRecords":"0x62cd82f6","oldRecordsMap":"0x88b4034","handlerName":"OrderItemHandler","isTriggerExecuting":true,"triggerEvent":"0x6fd78842"}|0x20938721
13:17:33.4 (42793535)|STATEMENT_EXECUTE|[661]
13:17:33.4 (42800950)|STATEMENT_EXECUTE|[662]
13:17:33.4 (42801816)|STATEMENT_EXECUTE|[665]
13:17:33.4 (42808942)|METHOD_ENTRY|[665]|01pg80000019iSf|TriggerHandler.getHandlerName()
13:17:33.4 (42815282)|VARIABLE_SCOPE_BEGIN|[680]|this|TriggerHandler|true|false
13:17:33.4 (42824256)|VARIABLE_ASSIGNMENT|[680]|this|{"oldRecords":"0x62cd82f6","oldRecordsMap":"0x88b4034","handlerName":"OrderItemHandler","isTriggerExecuting":true,"triggerEvent":"0x6fd78842"}|0x20938721
13:17:33.4 (42828308)|STATEMENT_EXECUTE|[680]
13:17:33.4 (42861626)|STATEMENT_EXECUTE|[681]
13:17:33.4 (42862472)|STATEMENT_EXECUTE|[684]
13:17:33.4 (42865856)|METHOD_EXIT|[665]|01pg80000019iSf|TriggerHandler.getHandlerName()
13:17:33.4 (42888648)|METHOD_EXIT|[121]|01pg80000019iSf|TriggerHandler.validateRun()
13:17:33.4 (42892077)|STATEMENT_EXECUTE|[121]
13:17:33.4 (42895015)|METHOD_ENTRY|[126]|01pg80000019iSf|TriggerHandler.incrementCheckLoopCount()
13:17:33.4 (42900722)|VARIABLE_SCOPE_BEGIN|[634]|this|TriggerHandler|true|false
13:17:33.4 (42910406)|VARIABLE_ASSIGNMENT|[634]|this|{"oldRecords":"0x62cd82f6","oldRecordsMap":"0x88b4034","handlerName":"OrderItemHandler","isTriggerExecuting":true,"triggerEvent":"0x6fd78842"}|0x20938721
13:17:33.4 (42914786)|STATEMENT_EXECUTE|[634]
13:17:33.4 (42915667)|STATEMENT_EXECUTE|[635]
13:17:33.4 (42917912)|METHOD_ENTRY|[635]|01pg80000019iSf|TriggerHandler.getHandlerName()
13:17:33.4 (42921674)|VARIABLE_SCOPE_BEGIN|[680]|this|TriggerHandler|true|false
13:17:33.4 (42929963)|VARIABLE_ASSIGNMENT|[680]|this|{"oldRecords":"0x62cd82f6","oldRecordsMap":"0x88b4034","handlerName":"OrderItemHandler","isTriggerExecuting":true,"triggerEvent":"0x6fd78842"}|0x20938721
13:17:33.4 (42933644)|STATEMENT_EXECUTE|[680]
13:17:33.4 (42940476)|STATEMENT_EXECUTE|[681]
13:17:33.4 (42941288)|STATEMENT_EXECUTE|[684]
13:17:33.4 (42942877)|METHOD_EXIT|[635]|01pg80000019iSf|TriggerHandler.getHandlerName()
13:17:33.4 (42945727)|VARIABLE_SCOPE_BEGIN|[635]|handlerName|String|false|false
13:17:33.4 (42951918)|VARIABLE_ASSIGNMENT|[635]|handlerName|"OrderItemHandler"
13:17:33.4 (42978770)|STATEMENT_EXECUTE|[636]
13:17:33.4 (42979802)|STATEMENT_EXECUTE|[649]
13:17:33.4 (42981581)|METHOD_EXIT|[126]|01pg80000019iSf|TriggerHandler.incrementCheckLoopCount()
13:17:33.4 (42984317)|STATEMENT_EXECUTE|[126]
13:17:33.4 (42986625)|STATEMENT_EXECUTE|[130]
13:17:33.4 (42987371)|STATEMENT_EXECUTE|[135]
13:17:33.4 (43066975)|STATEMENT_EXECUTE|[142]
13:17:33.4 (43068987)|STATEMENT_EXECUTE|[143]
13:17:33.4 (43081237)|METHOD_ENTRY|[143]|01pg8000001EZwd|OrdemItemHandler.beforeDelete()
13:17:33.4 (43091500)|VARIABLE_SCOPE_BEGIN|[35]|this|OrdemItemHandler|true|false
13:17:33.4 (43103255)|VARIABLE_ASSIGNMENT|[35]|this|{"oldRecords":"0x62cd82f6","oldRecordsMap":"0x88b4034","handlerName":"OrderItemHandler","isTriggerExecuting":true,"triggerEvent":"0x6fd78842"}|0x20938721
13:17:33.4 (43107090)|STATEMENT_EXECUTE|[35]
13:17:33.4 (43108176)|STATEMENT_EXECUTE|[36]
13:17:33.4 (43110792)|METHOD_ENTRY|[36]|01pg8000001EZwd|OrdemItemHandler.checkActiveOrderItem()
13:17:33.4 (43116972)|VARIABLE_SCOPE_BEGIN|[227]|this|OrdemItemHandler|true|false
13:17:33.4 (43125554)|VARIABLE_ASSIGNMENT|[227]|this|{"oldRecords":"0x62cd82f6","oldRecordsMap":"0x88b4034","handlerName":"OrderItemHandler","isTriggerExecuting":true,"triggerEvent":"0x6fd78842"}|0x20938721
13:17:33.4 (43130023)|STATEMENT_EXECUTE|[227]
13:17:33.4 (43130905)|STATEMENT_EXECUTE|[228]
13:17:33.4 (43135905)|VARIABLE_SCOPE_BEGIN|[228]|listaParaValidar|List<OrderItem>|true|false
13:17:33.4 (43141142)|VARIABLE_ASSIGNMENT|[228]|listaParaValidar|null|
13:17:33.4 (43143365)|STATEMENT_EXECUTE|[229]
13:17:33.4 (43158300)|HEAP_ALLOCATE|[229]|Bytes:4
13:17:33.4 (43176990)|VARIABLE_SCOPE_BEGIN|[229]|idOrders|Set<Id>|true|false
13:17:33.4 (43200812)|VARIABLE_ASSIGNMENT|[229]|idOrders|[]|0x1f76b946
13:17:33.4 (43203570)|STATEMENT_EXECUTE|[230]
13:17:33.4 (43252242)|HEAP_ALLOCATE|[230]|Bytes:4
13:17:33.4 (43274875)|VARIABLE_SCOPE_BEGIN|[230]|idMapOrders|Map<Id,Order>|true|false
13:17:33.4 (43282462)|VARIABLE_ASSIGNMENT|[230]|idMapOrders|{}|0x6c0d490a
13:17:33.4 (43293621)|STATEMENT_EXECUTE|[232]
13:17:33.4 (43294551)|STATEMENT_EXECUTE|[233]
13:17:33.4 (43806662)|VARIABLE_ASSIGNMENT|[233]|listaParaValidar|[{"LastModifiedDate":"2026-04-02T16:15:07.000Z","DiscountPercentage__c":-0.104397826675968695966313739297976,"IsDeleted":false,"Quantity":1.00,"FinalPrice__c":1222385.60,"TaxPercentage__c":18.00,"ListPrice":1350000.00,"OrderId":"801g8000007E9NdAAK","AvailableQuantity":1.00,"PriceWithoutMargin__c":1062944.00,"OrderItemNumber":"0000000046","FreightValue__c":800.00,"SystemModstamp":"2026-04-02T16:15:07.000Z","UnitPrice":1350000.00,"Product2Id":"01tg8000001BArVAAW","CreatedById":"005g80000010N45AAE","PricebookEntryId":"01ug8000000XnbRAAS","TotalPrice":1350000.00,"CreatedDate":"2026-04-02T16:15:07.000Z","MarginPercentage__c":15.00,"Id":"802g8000002WlcDAAS","LastModifiedById":"005g80000010N45AAE"}]|0x62cd82f6
13:17:33.4 (44086901)|HEAP_ALLOCATE|[238]|Bytes:5
13:17:33.4 (44149446)|VARIABLE_SCOPE_BEGIN|[238]|ot|OrderItem|true|false
13:17:33.4 (44629500)|VARIABLE_ASSIGNMENT|[238]|ot|{"LastModifiedDate":"2026-04-02T16:15:07.000Z","DiscountPercentage__c":-0.104397826675968695966313739297976,"IsDeleted":false,"Quantity":1.00,"FinalPrice__c":1222385.60,"TaxPercentage__c":18.00,"ListPrice":1350000.00,"OrderId":"801g8000007E9NdAAK","AvailableQuantity":1.00,"PriceWithoutMargin__c":1062944.00,"OrderItemNumber":"0000000046","FreightValue__c":800.00,"SystemModstamp":"2026-04-02T16:15:07.000Z","UnitPrice":1350000.00,"Product2Id":"01tg8000001BArVAAW","CreatedById":"005g80000010N45AAE","PricebookEntryId":"01ug8000000XnbRAAS","TotalPrice":1350000.00,"CreatedDate":"2026-04-02T16:15:07.000Z","MarginPercentage__c":15.00,"Id":"802g8000002WlcDAAS","LastModifiedById":"005g80000010N45AAE"}|0x7754cd3d
13:17:33.4 (44640882)|STATEMENT_EXECUTE|[238]
13:17:33.4 (44641982)|STATEMENT_EXECUTE|[239]
13:17:33.4 (44702698)|HEAP_ALLOCATE|[EXTERNAL]|Bytes:4
13:17:33.4 (44720343)|HEAP_ALLOCATE|[238]|Bytes:5
13:17:33.4 (44730410)|VARIABLE_ASSIGNMENT|[238]|ot|null|
13:17:33.4 (44734147)|STATEMENT_EXECUTE|[242]
13:17:33.4 (44736480)|HEAP_ALLOCATE|[242]|Bytes:48
13:17:33.4 (44753237)|HEAP_ALLOCATE|[242]|Bytes:4
13:17:33.4 (44761564)|HEAP_ALLOCATE|[242]|Bytes:7
13:17:33.4 (45287457)|SOQL_EXECUTE_BEGIN|[242]|Aggregations:0|SELECT Id, Status FROM Order WHERE Id = :tmpVar1
13:17:33.4 (64968405)|SOQL_EXECUTE_END|[242]|Rows:1
13:17:33.4 (65016382)|HEAP_ALLOCATE|[242]|Bytes:8
13:17:33.4 (65041986)|HEAP_ALLOCATE|[242]|Bytes:44
13:17:33.4 (65143292)|HEAP_ALLOCATE|[242]|Bytes:8
13:17:33.4 (65174384)|VARIABLE_SCOPE_BEGIN|[242]|listOrder|List<Order>|true|false
13:17:33.4 (65283044)|VARIABLE_ASSIGNMENT|[242]|listOrder|[{"Status":"Draft","Id":"801g8000007E9NdAAK"}]|0x5d699a3e
13:17:33.4 (65532794)|HEAP_ALLOCATE|[247]|Bytes:5
13:17:33.4 (65573830)|HEAP_ALLOCATE|[247]|Bytes:12
13:17:33.4 (65585114)|VARIABLE_SCOPE_BEGIN|[247]|o|Order|true|false
13:17:33.4 (65617320)|VARIABLE_ASSIGNMENT|[247]|o|{"Status":"Draft","Id":"801g8000007E9NdAAK"}|0x7a0801f1
13:17:33.4 (65655295)|STATEMENT_EXECUTE|[247]
13:17:33.4 (65712402)|HEAP_ALLOCATE|[EXTERNAL]|Bytes:-4
13:17:33.4 (65726620)|HEAP_ALLOCATE|[247]|Bytes:5
13:17:33.4 (65736994)|VARIABLE_ASSIGNMENT|[247]|o|null|
13:17:33.4 (65767866)|HEAP_ALLOCATE|[249]|Bytes:5
13:17:33.4 (65781877)|VARIABLE_SCOPE_BEGIN|[249]|ot|OrderItem|true|false
13:17:33.4 (66564802)|VARIABLE_ASSIGNMENT|[249]|ot|{"LastModifiedDate":"2026-04-02T16:15:07.000Z","DiscountPercentage__c":-0.104397826675968695966313739297976,"IsDeleted":false,"Quantity":1.00,"FinalPrice__c":1222385.60,"TaxPercentage__c":18.00,"ListPrice":1350000.00,"OrderId":"801g8000007E9NdAAK","AvailableQuantity":1.00,"PriceWithoutMargin__c":1062944.00,"OrderItemNumber":"0000000046","FreightValue__c":800.00,"SystemModstamp":"2026-04-02T16:15:07.000Z","UnitPrice":1350000.00,"Product2Id":"01tg8000001BArVAAW","CreatedById":"005g80000010N45AAE","PricebookEntryId":"01ug8000000XnbRAAS","TotalPrice":1350000.00,"CreatedDate":"2026-04-02T16:15:07.000Z","MarginPercentage__c":15.00,"Id":"802g8000002WlcDAAS","LastModifiedById":"005g80000010N45AAE"}|0x7754cd3d
13:17:33.4 (66585190)|STATEMENT_EXECUTE|[249]
13:17:33.4 (66586725)|STATEMENT_EXECUTE|[250]
13:17:33.4 (66658647)|VARIABLE_SCOPE_BEGIN|[250]|pedido|Order|true|false
13:17:33.4 (66695268)|VARIABLE_ASSIGNMENT|[250]|pedido|{"Status":"Draft","Id":"801g8000007E9NdAAK"}|0x7a0801f1
13:17:33.4 (66718296)|HEAP_ALLOCATE|[251]|Bytes:5
13:17:33.4 (66757699)|STATEMENT_EXECUTE|[251]
13:17:33.4 (66772061)|HEAP_ALLOCATE|[249]|Bytes:5
13:17:33.4 (66782724)|VARIABLE_ASSIGNMENT|[249]|ot|null|
13:17:33.4 (66793445)|METHOD_EXIT|[36]|01pg8000001EZwd|OrdemItemHandler.checkActiveOrderItem()
13:17:33.4 (66801505)|METHOD_EXIT|[143]|01pg8000001EZwd|OrdemItemHandler.beforeDelete()
13:17:33.4 (66806110)|STATEMENT_EXECUTE|[158]
13:17:33.4 (66826832)|METHOD_ENTRY|[158]|01pg80000019iSf|TriggerHandler.andFinally()
13:17:33.4 (66849274)|VARIABLE_SCOPE_BEGIN|[746]|this|TriggerHandler|true|false
13:17:33.4 (66912555)|VARIABLE_ASSIGNMENT|[746]|this|{"oldRecords":"0x62cd82f6","oldRecordsMap":"0x88b4034","handlerName":"OrderItemHandler","isTriggerExecuting":true,"triggerEvent":"0x6fd78842"}|0x20938721
13:17:33.4 (66922058)|STATEMENT_EXECUTE|[746]
13:17:33.4 (66924799)|METHOD_EXIT|[158]|01pg80000019iSf|TriggerHandler.andFinally()
13:17:33.4 (66934416)|STATEMENT_EXECUTE|[160]
13:17:33.4 (66937775)|STATEMENT_EXECUTE|[176]
13:17:33.4 (66941314)|METHOD_EXIT|[2]|01pg80000019iSf|TriggerHandler.run()
13:17:33.66 (66962235)|CUMULATIVE_LIMIT_USAGE
13:17:33.66 (66962235)|LIMIT_USAGE_FOR_NS|(default)|
  Number of SOQL queries: 1 out of 100
  Number of query rows: 1 out of 50000
  Number of SOSL queries: 0 out of 20
  Number of DML statements: 0 out of 150
  Number of Publish Immediate DML: 0 out of 150
  Number of DML rows: 0 out of 10000
  Maximum CPU time: 0 out of 10000
  Maximum heap size: 0 out of 6000000
  Number of callouts: 0 out of 100
  Number of Email Invocations: 0 out of 10
  Number of future calls: 0 out of 50
  Number of queueable jobs added to the queue: 0 out of 50
  Number of Mobile Apex push calls: 0 out of 10

13:17:33.66 (66962235)|CUMULATIVE_LIMIT_USAGE_END

13:17:33.4 (67182390)|CODE_UNIT_FINISHED|OrdemItemTrigger on OrderItem trigger event BeforeDelete|__sfdc_trigger/OrdemItemTrigger
13:17:33.4 (822152909)|CODE_UNIT_STARTED|[EXTERNAL]|01qg8000000GdOn|OrderTrigger on Order trigger event BeforeUpdate|__sfdc_trigger/OrderTrigger
13:17:33.4 (822215449)|HEAP_ALLOCATE|[EXTERNAL]|Bytes:8
13:17:33.4 (822293219)|HEAP_ALLOCATE|[EXTERNAL]|Bytes:8
13:17:33.4 (822423164)|HEAP_ALLOCATE|[EXTERNAL]|Bytes:4
13:17:33.4 (822434029)|VARIABLE_SCOPE_BEGIN|[1]|this|OrderTrigger|true|false
13:17:33.4 (822475537)|VARIABLE_ASSIGNMENT|[1]|this|{}|0x3429af44
13:17:33.4 (822514133)|HEAP_ALLOCATE|[EXTERNAL]|Bytes:4
13:17:33.4 (822517189)|VARIABLE_SCOPE_BEGIN|[1]|this|OrderTrigger|true|false
13:17:33.4 (822522982)|VARIABLE_ASSIGNMENT|[1]|this|{}|0x3429af44
13:17:33.4 (822528890)|STATEMENT_EXECUTE|[1]
13:17:33.4 (822529782)|STATEMENT_EXECUTE|[2]
13:17:33.4 (829439417)|HEAP_ALLOCATE|[2]|Bytes:11
13:17:33.4 (829499048)|METHOD_ENTRY|[1]|01pg8000001LXzh|OrderHandler.OrderHandler()
13:17:33.4 (829507095)|STATEMENT_EXECUTE|[1]
13:17:33.4 (829513062)|STATEMENT_EXECUTE|[1]
13:17:33.4 (829518500)|METHOD_EXIT|[1]|OrderHandler
13:17:33.4 (829536119)|HEAP_ALLOCATE|[2]|Bytes:32
13:17:33.4 (829551601)|CONSTRUCTOR_ENTRY|[2]|01pg8000001LXzh|<init>()|OrderHandler
13:17:33.4 (829581302)|VARIABLE_SCOPE_BEGIN|[10]|this|OrderHandler|true|false
13:17:33.4 (829688335)|VARIABLE_ASSIGNMENT|[10]|this|{}|0x12fe2785
13:17:33.4 (829693625)|STATEMENT_EXECUTE|[1]
13:17:33.4 (829694631)|STATEMENT_EXECUTE|[4]
13:17:33.4 (829695632)|STATEMENT_EXECUTE|[5]
13:17:33.4 (829696390)|STATEMENT_EXECUTE|[6]
13:17:33.4 (829697120)|STATEMENT_EXECUTE|[7]
13:17:33.4 (829697857)|STATEMENT_EXECUTE|[11]
13:17:33.4 (829700937)|HEAP_ALLOCATE|[11]|Bytes:12
13:17:33.4 (829708905)|CONSTRUCTOR_ENTRY|[11]|01pg80000019iSf|<init>(String)|TriggerHandler
13:17:33.4 (829738387)|VARIABLE_SCOPE_BEGIN|[107]|this|TriggerHandler|true|false
13:17:33.4 (829749737)|VARIABLE_ASSIGNMENT|[107]|this|{}|0x12fe2785
13:17:33.4 (829752884)|VARIABLE_SCOPE_BEGIN|[107]|handlerName|String|false|false
13:17:33.4 (829761971)|VARIABLE_ASSIGNMENT|[107]|handlerName|"OrderHandler"
13:17:33.4 (829765010)|STATEMENT_EXECUTE|[15]
13:17:33.4 (829765812)|STATEMENT_EXECUTE|[50]
13:17:33.4 (829766832)|STATEMENT_EXECUTE|[57]
13:17:33.4 (829767921)|STATEMENT_EXECUTE|[671]
13:17:33.4 (829784867)|STATEMENT_EXECUTE|[107]
13:17:33.4 (829786076)|STATEMENT_EXECUTE|[108]
13:17:33.4 (829789660)|STATEMENT_EXECUTE|[109]
13:17:33.4 (829797827)|METHOD_ENTRY|[109]|01pg80000019iSf|TriggerHandler.setTriggerContext()
13:17:33.4 (829801242)|VARIABLE_SCOPE_BEGIN|[565]|this|TriggerHandler|true|false
13:17:33.4 (829811707)|VARIABLE_ASSIGNMENT|[565]|this|{"handlerName":"OrderHandler"}|0x12fe2785
13:17:33.4 (829816245)|STATEMENT_EXECUTE|[565]
13:17:33.4 (829817053)|STATEMENT_EXECUTE|[566]
13:17:33.4 (829871883)|HEAP_ALLOCATE|[566]|Bytes:16
13:17:33.4 (829882923)|METHOD_ENTRY|[566]|01pg80000019iSf|TriggerHandler.setTriggerContext(System.TriggerOperation, Boolean)
13:17:33.4 (829886349)|VARIABLE_SCOPE_BEGIN|[582]|this|TriggerHandler|true|false
13:17:33.4 (829894904)|VARIABLE_ASSIGNMENT|[582]|this|{"handlerName":"OrderHandler"}|0x12fe2785
13:17:33.4 (829897891)|VARIABLE_SCOPE_BEGIN|[582]|opType|System.TriggerOperation|true|false
13:17:33.4 (829914002)|VARIABLE_ASSIGNMENT|[582]|opType|"BEFORE_UPDATE"|0x5d2da784
13:17:33.4 (829920894)|VARIABLE_SCOPE_BEGIN|[582]|testMode|Boolean|false|false
13:17:33.4 (829927064)|VARIABLE_ASSIGNMENT|[582]|testMode|false
13:17:33.4 (829930244)|STATEMENT_EXECUTE|[582]
13:17:33.4 (829936857)|STATEMENT_EXECUTE|[586]
13:17:33.4 (829937687)|STATEMENT_EXECUTE|[587]
13:17:33.4 (829939929)|HEAP_ALLOCATE|[587]|Bytes:5
13:17:33.4 (829944907)|STATEMENT_EXECUTE|[590]
13:17:33.4 (829945812)|STATEMENT_EXECUTE|[592]
13:17:33.4 (829955892)|HEAP_ALLOCATE|[592]|Bytes:16
13:17:33.4 (829960555)|STATEMENT_EXECUTE|[595]
13:17:33.4 (829967086)|VARIABLE_SCOPE_BEGIN|[595]|context|String|false|false
13:17:33.4 (829973605)|VARIABLE_ASSIGNMENT|[595]|context|"BEFORE_UPDATE"
13:17:33.4 (829975784)|STATEMENT_EXECUTE|[597]
13:17:33.4 (830000345)|STATEMENT_EXECUTE|[601]
13:17:33.4 (830001987)|STATEMENT_EXECUTE|[602]
13:17:33.4 (830009967)|METHOD_EXIT|[566]|01pg80000019iSf|TriggerHandler.setTriggerContext(System.TriggerOperation, Boolean)
13:17:33.4 (830013282)|METHOD_EXIT|[109]|01pg80000019iSf|TriggerHandler.setTriggerContext()
13:17:33.4 (830017847)|CONSTRUCTOR_EXIT|[11]|01pg80000019iSf|<init>(String)|TriggerHandler
13:17:33.4 (830020600)|STATEMENT_EXECUTE|[10]
13:17:33.4 (830021450)|STATEMENT_EXECUTE|[12]
13:17:33.4 (848350745)|VARIABLE_ASSIGNMENT|[12]|this.newRecords|[{"Status":"Draft","LastModifiedDate":"2026-04-02T16:15:08.000Z","Country__c":"a03g8000004x8aeAAA","IsDeleted":false,"AccountId":"001g8000005VaOHAA0","FreightType__c":"CIF","OrderNumber":"00000113","TotalAmount":19500.00,"StatusCode":"Draft","PaymentCondition__c":"a07g8000004MONnAAO","IsReductionOrder":false,"SystemModstamp":"2026-04-02T16:15:08.000Z","City__c":"a05g8000001KAc9AAG","OwnerId":"005g80000010N45AAE","CreatedById":"005g80000010N45AAE","DeliveryDate__c":"2026-04-06T00:00:00.000Z","DistributionCenter__c":"a06g8000000wkLpAAI","CreatedDate":"2026-03-31T12:52:12.000Z","Pricebook2Id":"01sg80000015mKTAAY","Id":"801g8000007E9NdAAK","AccountAddress__c":"a08g8000001Zx1SAAS","LastModifiedById":"005g80000010N45AAE","State__c":"a04g8000000QmaTAAS","EffectiveDate":"2026-03-31T00:00:00.000Z"}]|0x12fe2785
13:17:33.4 (848380154)|STATEMENT_EXECUTE|[13]
13:17:33.4 (849038096)|VARIABLE_ASSIGNMENT|[13]|this.oldRecords|[{"Status":"Draft","LastModifiedDate":"2026-04-02T16:15:08.000Z","Country__c":"a03g8000004x8aeAAA","IsDeleted":false,"AccountId":"001g8000005VaOHAA0","FreightType__c":"CIF","OrderNumber":"00000113","TotalAmount":1369500.00,"StatusCode":"Draft","PaymentCondition__c":"a07g8000004MONnAAO","IsReductionOrder":false,"SystemModstamp":"2026-04-02T16:15:08.000Z","City__c":"a05g8000001KAc9AAG","OwnerId":"005g80000010N45AAE","CreatedById":"005g80000010N45AAE","DeliveryDate__c":"2026-04-06T00:00:00.000Z","DistributionCenter__c":"a06g8000000wkLpAAI","CreatedDate":"2026-03-31T12:52:12.000Z","Pricebook2Id":"01sg80000015mKTAAY","Id":"801g8000007E9NdAAK","AccountAddress__c":"a08g8000001Zx1SAAS","LastModifiedById":"005g80000010N45AAE","State__c":"a04g8000000QmaTAAS","EffectiveDate":"2026-03-31T00:00:00.000Z"}]|0x12fe2785
13:17:33.4 (849049749)|STATEMENT_EXECUTE|[14]
13:17:33.4 (849404012)|VARIABLE_ASSIGNMENT|[14]|this.newRecordsMap|{"801g8000007E9NdAAK":{"Status":"Draft","LastModifiedDate":"2026-04-02T16:15:08.000Z","Country__c":"a03g8000004x8aeAAA","IsDeleted":false,"AccountId":"001g8000005VaOHAA0","FreightType__c":"CIF","OrderNumber":"00000113","TotalAmount":19500.00,"StatusCode":"Draft","PaymentCondition__c":"a07g8000004MONnAAO","IsReductionOrder":false,"SystemModstamp":"2026-04-02T16:15:08.000Z","City__c":"a05g8000001KAc9AAG","OwnerId":"005g80000010N45AAE","CreatedById":"005g80000010N45AAE","DeliveryDate__c":"2026-04-06T00:00:00.000Z","DistributionCenter__c":"a06g8000000wkLpAAI","CreatedDate":"2026-03-31T12:52:12.000Z","Pricebook2Id":"01sg80000015mKTAAY","Id":"801g8000007E9NdAAK","AccountAddress__c":"a08g8000001Zx1SAAS","LastModifiedById":"005g80000010N45AAE","State__c":"a04g8000000QmaTAAS","EffectiveDate":"2026-03-31T00:00:00.000Z"}}|0x12fe2785
13:17:33.4 (849413682)|STATEMENT_EXECUTE|[15]
13:17:33.4 (849762489)|VARIABLE_ASSIGNMENT|[15]|this.oldRecordsMap|{"801g8000007E9NdAAK":{"Status":"Draft","LastModifiedDate":"2026-04-02T16:15:08.000Z","Country__c":"a03g8000004x8aeAAA","IsDeleted":false,"AccountId":"001g8000005VaOHAA0","FreightType__c":"CIF","OrderNumber":"00000113","TotalAmount":1369500.00,"StatusCode":"Draft","PaymentCondition__c":"a07g8000004MONnAAO","IsReductionOrder":false,"SystemModstamp":"2026-04-02T16:15:08.000Z","City__c":"a05g8000001KAc9AAG","OwnerId":"005g80000010N45AAE","CreatedById":"005g80000010N45AAE","DeliveryDate__c":"2026-04-06T00:00:00.000Z","DistributionCenter__c":"a06g8000000wkLpAAI","CreatedDate":"2026-03-31T12:52:12.000Z","Pricebook2Id":"01sg80000015mKTAAY","Id":"801g8000007E9NdAAK","AccountAddress__c":"a08g8000001Zx1SAAS","LastModifiedById":"005g80000010N45AAE","State__c":"a04g8000000QmaTAAS","EffectiveDate":"2026-03-31T00:00:00.000Z"}}|0x12fe2785
13:17:33.4 (849784437)|CONSTRUCTOR_EXIT|[2]|01pg8000001LXzh|<init>()|OrderHandler
13:17:33.4 (849817067)|METHOD_ENTRY|[2]|01pg80000019iSf|TriggerHandler.run()
13:17:33.4 (849825167)|VARIABLE_SCOPE_BEGIN|[120]|this|TriggerHandler|true|false
13:17:33.4 (849875225)|VARIABLE_ASSIGNMENT|[120]|this|{"newRecords":"0x3fe79015","newRecordsMap":"0x4bb045bf","oldRecords":"0x6455431c","oldRecordsMap":"0x35d8f2fa","handlerName":"OrderHandler","isTriggerExecuting":true,"triggerEvent":"0x5d2da784"}|0x12fe2785
13:17:33.4 (849882070)|STATEMENT_EXECUTE|[120]
13:17:33.4 (849886579)|METHOD_ENTRY|[121]|01pg80000019iSf|TriggerHandler.validateRun()
13:17:33.4 (849889781)|VARIABLE_SCOPE_BEGIN|[661]|this|TriggerHandler|true|false
13:17:33.4 (849900306)|VARIABLE_ASSIGNMENT|[661]|this|{"newRecords":"0x3fe79015","newRecordsMap":"0x4bb045bf","oldRecords":"0x6455431c","oldRecordsMap":"0x35d8f2fa","handlerName":"OrderHandler","isTriggerExecuting":true,"triggerEvent":"0x5d2da784"}|0x12fe2785
13:17:33.4 (849904833)|STATEMENT_EXECUTE|[661]
13:17:33.4 (849913783)|STATEMENT_EXECUTE|[662]
13:17:33.4 (849914809)|STATEMENT_EXECUTE|[665]
13:17:33.4 (849920361)|METHOD_ENTRY|[665]|01pg80000019iSf|TriggerHandler.getHandlerName()
13:17:33.4 (849923327)|VARIABLE_SCOPE_BEGIN|[680]|this|TriggerHandler|true|false
13:17:33.4 (849932244)|VARIABLE_ASSIGNMENT|[680]|this|{"newRecords":"0x3fe79015","newRecordsMap":"0x4bb045bf","oldRecords":"0x6455431c","oldRecordsMap":"0x35d8f2fa","handlerName":"OrderHandler","isTriggerExecuting":true,"triggerEvent":"0x5d2da784"}|0x12fe2785
13:17:33.4 (849936341)|STATEMENT_EXECUTE|[680]
13:17:33.4 (849963795)|STATEMENT_EXECUTE|[681]
13:17:33.4 (849964562)|STATEMENT_EXECUTE|[684]
13:17:33.4 (849968545)|METHOD_EXIT|[665]|01pg80000019iSf|TriggerHandler.getHandlerName()
13:17:33.4 (849986199)|METHOD_EXIT|[121]|01pg80000019iSf|TriggerHandler.validateRun()
13:17:33.4 (849988981)|STATEMENT_EXECUTE|[121]
13:17:33.4 (849991691)|METHOD_ENTRY|[126]|01pg80000019iSf|TriggerHandler.incrementCheckLoopCount()
13:17:33.4 (849994651)|VARIABLE_SCOPE_BEGIN|[634]|this|TriggerHandler|true|false
13:17:33.4 (850004461)|VARIABLE_ASSIGNMENT|[634]|this|{"newRecords":"0x3fe79015","newRecordsMap":"0x4bb045bf","oldRecords":"0x6455431c","oldRecordsMap":"0x35d8f2fa","handlerName":"OrderHandler","isTriggerExecuting":true,"triggerEvent":"0x5d2da784"}|0x12fe2785
13:17:33.4 (850009644)|STATEMENT_EXECUTE|[634]
13:17:33.4 (850010599)|STATEMENT_EXECUTE|[635]
13:17:33.4 (850012718)|METHOD_ENTRY|[635]|01pg80000019iSf|TriggerHandler.getHandlerName()
13:17:33.4 (850014795)|VARIABLE_SCOPE_BEGIN|[680]|this|TriggerHandler|true|false
13:17:33.4 (850023089)|VARIABLE_ASSIGNMENT|[680]|this|{"newRecords":"0x3fe79015","newRecordsMap":"0x4bb045bf","oldRecords":"0x6455431c","oldRecordsMap":"0x35d8f2fa","handlerName":"OrderHandler","isTriggerExecuting":true,"triggerEvent":"0x5d2da784"}|0x12fe2785
13:17:33.4 (850026541)|STATEMENT_EXECUTE|[680]
13:17:33.4 (850032898)|STATEMENT_EXECUTE|[681]
13:17:33.4 (850033704)|STATEMENT_EXECUTE|[684]
13:17:33.4 (850035184)|METHOD_EXIT|[635]|01pg80000019iSf|TriggerHandler.getHandlerName()
13:17:33.4 (850038120)|VARIABLE_SCOPE_BEGIN|[635]|handlerName|String|false|false
13:17:33.4 (850045139)|VARIABLE_ASSIGNMENT|[635]|handlerName|"OrderHandler"
13:17:33.4 (850055697)|STATEMENT_EXECUTE|[636]
13:17:33.4 (850056581)|STATEMENT_EXECUTE|[649]
13:17:33.4 (850058320)|METHOD_EXIT|[126]|01pg80000019iSf|TriggerHandler.incrementCheckLoopCount()
13:17:33.4 (850061066)|STATEMENT_EXECUTE|[126]
13:17:33.4 (850063298)|STATEMENT_EXECUTE|[130]
13:17:33.4 (850064040)|STATEMENT_EXECUTE|[135]
13:17:33.4 (850111389)|STATEMENT_EXECUTE|[139]
13:17:33.4 (850112560)|STATEMENT_EXECUTE|[140]
13:17:33.4 (850135071)|METHOD_ENTRY|[140]|01pg8000001LXzh|OrderHandler.beforeUpdate()
13:17:33.4 (850168144)|VARIABLE_SCOPE_BEGIN|[19]|this|OrderHandler|true|false
13:17:33.4 (850179853)|VARIABLE_ASSIGNMENT|[19]|this|{"newRecords":"0x3fe79015","newRecordsMap":"0x4bb045bf","oldRecords":"0x6455431c","oldRecordsMap":"0x35d8f2fa","handlerName":"OrderHandler","isTriggerExecuting":true,"triggerEvent":"0x5d2da784"}|0x12fe2785
13:17:33.4 (850184989)|STATEMENT_EXECUTE|[19]
13:17:33.4 (850186021)|STATEMENT_EXECUTE|[20]
13:17:33.4 (850190427)|METHOD_ENTRY|[20]|01pg8000001LXzh|OrderHandler.checkActiveOrder()
13:17:33.4 (850197816)|VARIABLE_SCOPE_BEGIN|[28]|this|OrderHandler|true|false
13:17:33.4 (850207136)|VARIABLE_ASSIGNMENT|[28]|this|{"newRecords":"0x3fe79015","newRecordsMap":"0x4bb045bf","oldRecords":"0x6455431c","oldRecordsMap":"0x35d8f2fa","handlerName":"OrderHandler","isTriggerExecuting":true,"triggerEvent":"0x5d2da784"}|0x12fe2785
13:17:33.4 (850211626)|STATEMENT_EXECUTE|[28]
13:17:33.4 (850212584)|STATEMENT_EXECUTE|[29]
13:17:33.4 (850215766)|VARIABLE_SCOPE_BEGIN|[29]|listaParaValidar|List<Order>|true|false
13:17:33.4 (850221276)|VARIABLE_ASSIGNMENT|[29]|listaParaValidar|null|
13:17:33.4 (850229970)|STATEMENT_EXECUTE|[33]
13:17:33.4 (850231289)|STATEMENT_EXECUTE|[34]
13:17:33.4 (850624349)|VARIABLE_ASSIGNMENT|[34]|listaParaValidar|[{"Status":"Draft","LastModifiedDate":"2026-04-02T16:15:08.000Z","Country__c":"a03g8000004x8aeAAA","IsDeleted":false,"AccountId":"001g8000005VaOHAA0","FreightType__c":"CIF","OrderNumber":"00000113","TotalAmount":19500.00,"StatusCode":"Draft","PaymentCondition__c":"a07g8000004MONnAAO","IsReductionOrder":false,"SystemModstamp":"2026-04-02T16:15:08.000Z","City__c":"a05g8000001KAc9AAG","OwnerId":"005g80000010N45AAE","CreatedById":"005g80000010N45AAE","DeliveryDate__c":"2026-04-06T00:00:00.000Z","DistributionCenter__c":"a06g8000000wkLpAAI","CreatedDate":"2026-03-31T12:52:12.000Z","Pricebook2Id":"01sg80000015mKTAAY","Id":"801g8000007E9NdAAK","AccountAddress__c":"a08g8000001Zx1SAAS","LastModifiedById":"005g80000010N45AAE","State__c":"a04g8000000QmaTAAS","EffectiveDate":"2026-03-31T00:00:00.000Z"}]|0x3fe79015
13:17:33.4 (850674419)|HEAP_ALLOCATE|[38]|Bytes:5
13:17:33.4 (850695051)|HEAP_ALLOCATE|[38]|Bytes:4
13:17:33.4 (850704786)|VARIABLE_SCOPE_BEGIN|[38]|pedido|Order|true|false
13:17:33.4 (851021234)|VARIABLE_ASSIGNMENT|[38]|pedido|{"Status":"Draft","LastModifiedDate":"2026-04-02T16:15:08.000Z","Country__c":"a03g8000004x8aeAAA","IsDeleted":false,"AccountId":"001g8000005VaOHAA0","FreightType__c":"CIF","OrderNumber":"00000113","TotalAmount":19500.00,"StatusCode":"Draft","PaymentCondition__c":"a07g8000004MONnAAO","IsReductionOrder":false,"SystemModstamp":"2026-04-02T16:15:08.000Z","City__c":"a05g8000001KAc9AAG","OwnerId":"005g80000010N45AAE","CreatedById":"005g80000010N45AAE","DeliveryDate__c":"2026-04-06T00:00:00.000Z","DistributionCenter__c":"a06g8000000wkLpAAI","CreatedDate":"2026-03-31T12:52:12.000Z","Pricebook2Id":"01sg80000015mKTAAY","Id":"801g8000007E9NdAAK","AccountAddress__c":"a08g8000001Zx1SAAS","LastModifiedById":"005g80000010N45AAE","State__c":"a04g8000000QmaTAAS","EffectiveDate":"2026-03-31T00:00:00.000Z"}|0x43d6170e
13:17:33.4 (851030540)|STATEMENT_EXECUTE|[38]
13:17:33.4 (851031570)|STATEMENT_EXECUTE|[40]
13:17:33.4 (851069753)|VARIABLE_SCOPE_BEGIN|[40]|pedidoAntigo|Order|true|false
13:17:33.4 (851375850)|VARIABLE_ASSIGNMENT|[40]|pedidoAntigo|{"Status":"Draft","LastModifiedDate":"2026-04-02T16:15:08.000Z","Country__c":"a03g8000004x8aeAAA","IsDeleted":false,"AccountId":"001g8000005VaOHAA0","FreightType__c":"CIF","OrderNumber":"00000113","TotalAmount":1369500.00,"StatusCode":"Draft","PaymentCondition__c":"a07g8000004MONnAAO","IsReductionOrder":false,"SystemModstamp":"2026-04-02T16:15:08.000Z","City__c":"a05g8000001KAc9AAG","OwnerId":"005g80000010N45AAE","CreatedById":"005g80000010N45AAE","DeliveryDate__c":"2026-04-06T00:00:00.000Z","DistributionCenter__c":"a06g8000000wkLpAAI","CreatedDate":"2026-03-31T12:52:12.000Z","Pricebook2Id":"01sg80000015mKTAAY","Id":"801g8000007E9NdAAK","AccountAddress__c":"a08g8000001Zx1SAAS","LastModifiedById":"005g80000010N45AAE","State__c":"a04g8000000QmaTAAS","EffectiveDate":"2026-03-31T00:00:00.000Z"}|0x10e223c3
13:17:33.4 (851383704)|STATEMENT_EXECUTE|[43]
13:17:33.4 (851388464)|VARIABLE_SCOPE_BEGIN|[43]|validacaoStatus|String|false|false
13:17:33.4 (851393235)|VARIABLE_ASSIGNMENT|[43]|validacaoStatus|"Draft"
13:17:33.4 (851400829)|HEAP_ALLOCATE|[38]|Bytes:5
13:17:33.4 (851407100)|VARIABLE_ASSIGNMENT|[38]|pedido|null|
13:17:33.4 (851412379)|METHOD_EXIT|[20]|01pg8000001LXzh|OrderHandler.checkActiveOrder()
13:17:33.4 (851415555)|METHOD_EXIT|[140]|01pg8000001LXzh|OrderHandler.beforeUpdate()
13:17:33.4 (851418331)|STATEMENT_EXECUTE|[158]
13:17:33.4 (851422364)|METHOD_ENTRY|[158]|01pg80000019iSf|TriggerHandler.andFinally()
13:17:33.4 (851425484)|VARIABLE_SCOPE_BEGIN|[746]|this|TriggerHandler|true|false
13:17:33.4 (851443566)|VARIABLE_ASSIGNMENT|[746]|this|{"newRecords":"0x3fe79015","newRecordsMap":"0x4bb045bf","oldRecords":"0x6455431c","oldRecordsMap":"0x35d8f2fa","handlerName":"OrderHandler","isTriggerExecuting":true,"triggerEvent":"0x5d2da784"}|0x12fe2785
13:17:33.4 (851448416)|STATEMENT_EXECUTE|[746]
13:17:33.4 (851449982)|METHOD_EXIT|[158]|01pg80000019iSf|TriggerHandler.andFinally()
13:17:33.4 (851453064)|STATEMENT_EXECUTE|[160]
13:17:33.4 (851454792)|STATEMENT_EXECUTE|[176]
13:17:33.4 (851456569)|METHOD_EXIT|[2]|01pg80000019iSf|TriggerHandler.run()
13:17:33.851 (851463111)|CUMULATIVE_LIMIT_USAGE
13:17:33.851 (851463111)|LIMIT_USAGE_FOR_NS|(default)|
  Number of SOQL queries: 1 out of 100
  Number of query rows: 1 out of 50000
  Number of SOSL queries: 0 out of 20
  Number of DML statements: 0 out of 150
  Number of Publish Immediate DML: 0 out of 150
  Number of DML rows: 0 out of 10000
  Maximum CPU time: 0 out of 10000
  Maximum heap size: 0 out of 6000000
  Number of callouts: 0 out of 100
  Number of Email Invocations: 0 out of 10
  Number of future calls: 0 out of 50
  Number of queueable jobs added to the queue: 0 out of 50
  Number of Mobile Apex push calls: 0 out of 10

13:17:33.851 (851463111)|CUMULATIVE_LIMIT_USAGE_END

13:17:33.4 (851638744)|CODE_UNIT_FINISHED|OrderTrigger on Order trigger event BeforeUpdate|__sfdc_trigger/OrderTrigger
13:17:33.4 (861481073)|CODE_UNIT_STARTED|[EXTERNAL]|Validation:Order:801g8000007E9Nd
13:17:33.4 (861527139)|VALIDATION_RULE|03dg8000000aS4D|Bloquear_Alteracao_Conta_Pedido
13:17:33.4 (861751465)|VALIDATION_FORMULA|ISCHANGED(AccountId) && NOT(ISNEW())|AccountId=001g8000005VaOH
13:17:33.4 (861757360)|VALIDATION_PASS
13:17:33.4 (861762322)|CODE_UNIT_FINISHED|Validation:Order:801g8000007E9Nd
13:17:33.4 (975882527)|CODE_UNIT_FINISHED|TRIGGERS
13:17:33.4 (975912554)|EXECUTION_FINISHED
