66.0 APEX_CODE,FINEST;APEX_PROFILING,INFO;CALLOUT,INFO;DATA_ACCESS,INFO;DB,INFO;NBA,INFO;SYSTEM,DEBUG;VALIDATION,INFO;VISUALFORCE,INFO;WAVE,INFO;WORKFLOW,INFO
15:20:18.0 (797106)|USER_INFO|[EXTERNAL]|005g80000010N45|sabrina.jesus@resourceful-moose-fmmd11.com|(GMT-03:00) Brasilia Standard Time (America/Sao_Paulo)|GMT-03:00
15:20:18.0 (856719)|EXECUTION_STARTED
15:20:18.0 (881294)|CODE_UNIT_STARTED|[EXTERNAL]|TRIGGERS
15:20:18.0 (914255)|CODE_UNIT_STARTED|[EXTERNAL]|01qg8000000Fou9|OrdemItemTrigger on OrderItem trigger event BeforeDelete|__sfdc_trigger/OrdemItemTrigger
15:20:18.0 (977597)|HEAP_ALLOCATE|[EXTERNAL]|Bytes:8
15:20:18.0 (1955390)|HEAP_ALLOCATE|[95]|Bytes:3
15:20:18.0 (2024555)|HEAP_ALLOCATE|[100]|Bytes:152
15:20:18.0 (2038285)|HEAP_ALLOCATE|[417]|Bytes:408
15:20:18.0 (2048590)|HEAP_ALLOCATE|[430]|Bytes:408
15:20:18.0 (2068280)|HEAP_ALLOCATE|[317]|Bytes:6
15:20:18.0 (2111063)|HEAP_ALLOCATE|[EXTERNAL]|Bytes:4
15:20:18.0 (2131869)|VARIABLE_SCOPE_BEGIN|[1]|this|OrdemItemTrigger|true|false
15:20:18.0 (2238085)|VARIABLE_ASSIGNMENT|[1]|this|{}|0x38c6aa84
15:20:18.0 (2284150)|HEAP_ALLOCATE|[EXTERNAL]|Bytes:4
15:20:18.0 (2287883)|VARIABLE_SCOPE_BEGIN|[1]|this|OrdemItemTrigger|true|false
15:20:18.0 (2294380)|VARIABLE_ASSIGNMENT|[1]|this|{}|0x38c6aa84
15:20:18.0 (2303585)|STATEMENT_EXECUTE|[1]
15:20:18.0 (2305032)|STATEMENT_EXECUTE|[2]
15:20:18.0 (9856958)|VARIABLE_SCOPE_BEGIN|[63]|TriggerHandler.BYPASS_ALL_ALIAS|String|false|true
15:20:18.0 (9876559)|VARIABLE_SCOPE_BEGIN|[839]|TriggerHandler.ERROR_TRIGGERCONTEXT|String|false|true
15:20:18.0 (9939279)|VARIABLE_SCOPE_BEGIN|[26]|TriggerHandler.bypassedHandlers|Set<String>|true|true
15:20:18.0 (9952243)|VARIABLE_SCOPE_BEGIN|[32]|TriggerHandler.globalBypass|Boolean|false|true
15:20:18.0 (10220073)|VARIABLE_SCOPE_BEGIN|[20]|TriggerHandler.loopCountMap|Map<String,TriggerHandler.LoopCount>|true|true
15:20:18.0 (10230863)|VARIABLE_SCOPE_BEGIN|[44]|TriggerHandler.showDebug|Boolean|false|true
15:20:18.0 (10234858)|VARIABLE_SCOPE_BEGIN|[38]|TriggerHandler.showLimits|Boolean|false|true
15:20:18.0 (10273599)|HEAP_ALLOCATE|[2]|Bytes:22
15:20:18.0 (10286148)|HEAP_ALLOCATE|[2]|Bytes:26
15:20:18.0 (10327306)|METHOD_ENTRY|[1]|01pg8000001EZwd|OrdemItemHandler.OrdemItemHandler()
15:20:18.0 (10333926)|STATEMENT_EXECUTE|[1]
15:20:18.0 (10343574)|STATEMENT_EXECUTE|[1]
15:20:18.0 (10354825)|METHOD_EXIT|[1]|OrdemItemHandler
15:20:18.0 (10477865)|HEAP_ALLOCATE|[2]|Bytes:32
15:20:18.0 (10507224)|CONSTRUCTOR_ENTRY|[2]|01pg8000001EZwd|<init>()|OrdemItemHandler
15:20:18.0 (10562301)|VARIABLE_SCOPE_BEGIN|[10]|this|OrdemItemHandler|true|false
15:20:18.0 (10628334)|VARIABLE_ASSIGNMENT|[10]|this|{}|0x2ae8009a
15:20:18.0 (10633969)|STATEMENT_EXECUTE|[1]
15:20:18.0 (10634993)|STATEMENT_EXECUTE|[4]
15:20:18.0 (10636452)|STATEMENT_EXECUTE|[5]
15:20:18.0 (10637148)|STATEMENT_EXECUTE|[6]
15:20:18.0 (10638109)|STATEMENT_EXECUTE|[7]
15:20:18.0 (10639227)|STATEMENT_EXECUTE|[11]
15:20:18.0 (10643309)|HEAP_ALLOCATE|[11]|Bytes:16
15:20:18.0 (10650928)|HEAP_ALLOCATE|[11]|Bytes:33
15:20:18.0 (10655503)|HEAP_ALLOCATE|[11]|Bytes:166
15:20:18.0 (10657511)|HEAP_ALLOCATE|[11]|Bytes:55
15:20:18.0 (10659349)|HEAP_ALLOCATE|[11]|Bytes:9
15:20:18.0 (10688737)|VARIABLE_ASSIGNMENT|[11]|TriggerHandler.BYPASS_ALL_ALIAS|"BypassAll"
15:20:18.0 (10690989)|HEAP_ALLOCATE|[11]|Bytes:51
15:20:18.0 (10696477)|VARIABLE_ASSIGNMENT|[11]|TriggerHandler.ERROR_TRIGGERCONTEXT|"Trigger handler call (31 more) ..."
15:20:18.0 (10707044)|METHOD_ENTRY|[15]|01pg80000019iSf|TriggerHandler.TriggerHandler()
15:20:18.0 (10710249)|STATEMENT_EXECUTE|[15]
15:20:18.0 (10712804)|STATEMENT_EXECUTE|[15]
15:20:18.0 (10714353)|STATEMENT_EXECUTE|[66]
15:20:18.0 (10715563)|STATEMENT_EXECUTE|[67]
15:20:18.0 (10731323)|HEAP_ALLOCATE|[67]|Bytes:4
15:20:18.0 (10780039)|VARIABLE_ASSIGNMENT|[67]|TriggerHandler.loopCountMap|{}|0x6bfeed31
15:20:18.0 (10783034)|STATEMENT_EXECUTE|[68]
15:20:18.0 (10790644)|HEAP_ALLOCATE|[68]|Bytes:4
15:20:18.0 (10881827)|VARIABLE_ASSIGNMENT|[68]|TriggerHandler.bypassedHandlers|[]|0x1f8cc04
15:20:18.0 (10887014)|STATEMENT_EXECUTE|[69]
15:20:18.0 (10908864)|HEAP_ALLOCATE|[68]|Bytes:5
15:20:18.0 (10936009)|HEAP_ALLOCATE|[74]|Bytes:5
15:20:18.0 (10943923)|HEAP_ALLOCATE|[82]|Bytes:7
15:20:18.0 (11323849)|HEAP_ALLOCATE|[69]|Bytes:5
15:20:18.0 (11342542)|VARIABLE_ASSIGNMENT|[69]|TriggerHandler.globalBypass|false
15:20:18.0 (11347239)|STATEMENT_EXECUTE|[70]
15:20:18.0 (11352407)|HEAP_ALLOCATE|[70]|Bytes:5
15:20:18.0 (11357975)|VARIABLE_ASSIGNMENT|[70]|TriggerHandler.showLimits|false
15:20:18.0 (11360862)|STATEMENT_EXECUTE|[71]
15:20:18.0 (11363188)|HEAP_ALLOCATE|[71]|Bytes:5
15:20:18.0 (11367573)|VARIABLE_ASSIGNMENT|[71]|TriggerHandler.showDebug|false
15:20:18.0 (11370109)|STATEMENT_EXECUTE|[755]
15:20:18.0 (11371387)|STATEMENT_EXECUTE|[832]
15:20:18.0 (11381653)|METHOD_EXIT|[15]|TriggerHandler
15:20:18.0 (11395514)|CONSTRUCTOR_ENTRY|[11]|01pg80000019iSf|<init>(String)|TriggerHandler
15:20:18.0 (11522786)|VARIABLE_SCOPE_BEGIN|[107]|this|TriggerHandler|true|false
15:20:18.0 (11560769)|VARIABLE_ASSIGNMENT|[107]|this|{}|0x2ae8009a
15:20:18.0 (11565810)|VARIABLE_SCOPE_BEGIN|[107]|handlerName|String|false|false
15:20:18.0 (11576540)|VARIABLE_ASSIGNMENT|[107]|handlerName|"OrderItemHandler"
15:20:18.0 (11582650)|STATEMENT_EXECUTE|[15]
15:20:18.0 (11584145)|STATEMENT_EXECUTE|[50]
15:20:18.0 (11585980)|STATEMENT_EXECUTE|[57]
15:20:18.0 (11587370)|STATEMENT_EXECUTE|[671]
15:20:18.0 (11598148)|HEAP_ALLOCATE|[108]|Bytes:6
15:20:18.0 (12446821)|STATEMENT_EXECUTE|[107]
15:20:18.0 (12450646)|STATEMENT_EXECUTE|[108]
15:20:18.0 (12465494)|STATEMENT_EXECUTE|[109]
15:20:18.0 (12502635)|METHOD_ENTRY|[109]|01pg80000019iSf|TriggerHandler.setTriggerContext()
15:20:18.0 (12550014)|VARIABLE_SCOPE_BEGIN|[565]|this|TriggerHandler|true|false
15:20:18.0 (12594391)|VARIABLE_ASSIGNMENT|[565]|this|{"handlerName":"OrderItemHandler"}|0x2ae8009a
15:20:18.0 (12642614)|STATEMENT_EXECUTE|[565]
15:20:18.0 (12644084)|STATEMENT_EXECUTE|[566]
15:20:18.0 (12811304)|HEAP_ALLOCATE|[566]|Bytes:16
15:20:18.0 (12842085)|METHOD_ENTRY|[566]|01pg80000019iSf|TriggerHandler.setTriggerContext(System.TriggerOperation, Boolean)
15:20:18.0 (12848987)|VARIABLE_SCOPE_BEGIN|[582]|this|TriggerHandler|true|false
15:20:18.0 (12876921)|VARIABLE_ASSIGNMENT|[582]|this|{"handlerName":"OrderItemHandler"}|0x2ae8009a
15:20:18.0 (12881881)|VARIABLE_SCOPE_BEGIN|[582]|opType|System.TriggerOperation|true|false
15:20:18.0 (12908282)|VARIABLE_ASSIGNMENT|[582]|opType|"BEFORE_DELETE"|0x21801794
15:20:18.0 (12917481)|VARIABLE_SCOPE_BEGIN|[582]|testMode|Boolean|false|false
15:20:18.0 (12925512)|VARIABLE_ASSIGNMENT|[582]|testMode|false
15:20:18.0 (12930798)|STATEMENT_EXECUTE|[582]
15:20:18.0 (12945306)|STATEMENT_EXECUTE|[586]
15:20:18.0 (12946481)|STATEMENT_EXECUTE|[587]
15:20:18.0 (12950903)|HEAP_ALLOCATE|[587]|Bytes:5
15:20:18.0 (12959241)|STATEMENT_EXECUTE|[590]
15:20:18.0 (12960331)|STATEMENT_EXECUTE|[592]
15:20:18.0 (13002796)|HEAP_ALLOCATE|[592]|Bytes:16
15:20:18.0 (13012235)|STATEMENT_EXECUTE|[595]
15:20:18.0 (13030696)|VARIABLE_SCOPE_BEGIN|[595]|context|String|false|false
15:20:18.0 (13040370)|VARIABLE_ASSIGNMENT|[595]|context|"BEFORE_DELETE"
15:20:18.0 (13043109)|STATEMENT_EXECUTE|[597]
15:20:18.0 (13047488)|HEAP_ALLOCATE|[598]|Bytes:13
15:20:18.0 (13125519)|HEAP_ALLOCATE|[601]|Bytes:13
15:20:18.0 (13142921)|HEAP_ALLOCATE|[604]|Bytes:13
15:20:18.0 (13157910)|STATEMENT_EXECUTE|[604]
15:20:18.0 (13159666)|STATEMENT_EXECUTE|[605]
15:20:18.0 (13170636)|METHOD_EXIT|[566]|01pg80000019iSf|TriggerHandler.setTriggerContext(System.TriggerOperation, Boolean)
15:20:18.0 (13176130)|METHOD_EXIT|[109]|01pg80000019iSf|TriggerHandler.setTriggerContext()
15:20:18.0 (13183381)|CONSTRUCTOR_EXIT|[11]|01pg80000019iSf|<init>(String)|TriggerHandler
15:20:18.0 (13187706)|STATEMENT_EXECUTE|[10]
15:20:18.0 (13188953)|STATEMENT_EXECUTE|[12]
15:20:18.0 (13212416)|VARIABLE_ASSIGNMENT|[12]|this.newRecords|null|0x2ae8009a
15:20:18.0 (13216828)|STATEMENT_EXECUTE|[13]
15:20:18.0 (14901395)|VARIABLE_ASSIGNMENT|[13]|this.oldRecords|[{"LastModifiedDate":"2026-04-06T17:29:11.000Z","DiscountPercentage__c":-0.108670880308931140798083662383386,"IsDeleted":false,"DiscountValue__c":-125464.40,"Quantity":1.00,"FinalPrice__c":1154535.60,"TaxPercentage__c":18.00,"ListPrice":1280000.00,"OrderId":"801g8000007DOjhAAG","AvailableQuantity":1.00,"PriceWithoutMargin__c":1003944.00,"OrderItemNumber":"0000000073","FreightValue__c":800.00,"SystemModstamp":"2026-04-06T17:29:11.000Z","UnitPrice":1154535.60,"Product2Id":"01tg8000001BArWAAW","CreatedById":"005g80000010N45AAE","ProductionCost__c":850000.00,"PricebookEntryId":"01ug8000000XnjVAAS","TotalPrice":1154535.60,"CreatedDate":"2026-04-06T17:29:11.000Z","MarginPercentage__c":15.00,"Id":"802g8000002dfGhAAI","LastModifiedById":"005g80000010N45AAE"}]|0x2ae8009a
15:20:18.0 (14920256)|STATEMENT_EXECUTE|[14]
15:20:18.0 (14950493)|VARIABLE_ASSIGNMENT|[14]|this.newRecordsMap|null|0x2ae8009a
15:20:18.0 (14953068)|STATEMENT_EXECUTE|[15]
15:20:18.0 (15451629)|VARIABLE_ASSIGNMENT|[15]|this.oldRecordsMap|{"802g8000002dfGhAAI":{"LastModifiedDate":"2026-04-06T17:29:11.000Z","DiscountPercentage__c":-0.108670880308931140798083662383386,"IsDeleted":false,"DiscountValue__c":-125464.40,"Quantity":1.00,"FinalPrice__c":1154535.60,"TaxPercentage__c":18.00,"ListPrice":1280000.00,"OrderId":"801g8000007DOjhAAG","AvailableQuantity":1.00,"PriceWithoutMargin__c":1003944.00,"OrderItemNumber":"0000000073","FreightValue__c":800.00,"SystemModstamp":"2026-04-06T17:29:11.000Z","UnitPrice":1154535.60,"Product2Id":"01tg8000001BArWAAW","CreatedById":"005g80000010N45AAE","ProductionCost__c":850000.00,"PricebookEntryId":"01ug8000000XnjVAAS","TotalPrice":1154535.60,"CreatedDate":"2026-04-06T17:29:11.000Z","MarginPercentage__c":15.00,"Id":"802g8000002dfGhAAI","LastModifiedById":"005g80000010N45AAE"}}|0x2ae8009a
15:20:18.0 (15475843)|CONSTRUCTOR_EXIT|[2]|01pg8000001EZwd|<init>()|OrdemItemHandler
15:20:18.0 (15523067)|METHOD_ENTRY|[2]|01pg80000019iSf|TriggerHandler.run()
15:20:18.0 (15531245)|VARIABLE_SCOPE_BEGIN|[120]|this|TriggerHandler|true|false
15:20:18.0 (15580489)|VARIABLE_ASSIGNMENT|[120]|this|{"oldRecords":"0x7260e7a3","oldRecordsMap":"0x6b1dfebb","handlerName":"OrderItemHandler","isTriggerExecuting":true,"triggerEvent":"0x21801794"}|0x2ae8009a
15:20:18.0 (15589139)|STATEMENT_EXECUTE|[120]
15:20:18.0 (15596360)|METHOD_ENTRY|[121]|01pg80000019iSf|TriggerHandler.validateRun()
15:20:18.0 (15614958)|VARIABLE_SCOPE_BEGIN|[661]|this|TriggerHandler|true|false
15:20:18.0 (15632119)|VARIABLE_ASSIGNMENT|[661]|this|{"oldRecords":"0x7260e7a3","oldRecordsMap":"0x6b1dfebb","handlerName":"OrderItemHandler","isTriggerExecuting":true,"triggerEvent":"0x21801794"}|0x2ae8009a
15:20:18.0 (15638009)|STATEMENT_EXECUTE|[661]
15:20:18.0 (15648209)|STATEMENT_EXECUTE|[662]
15:20:18.0 (15649887)|STATEMENT_EXECUTE|[665]
15:20:18.0 (15658789)|METHOD_ENTRY|[665]|01pg80000019iSf|TriggerHandler.getHandlerName()
15:20:18.0 (15667977)|VARIABLE_SCOPE_BEGIN|[680]|this|TriggerHandler|true|false
15:20:18.0 (15681422)|VARIABLE_ASSIGNMENT|[680]|this|{"oldRecords":"0x7260e7a3","oldRecordsMap":"0x6b1dfebb","handlerName":"OrderItemHandler","isTriggerExecuting":true,"triggerEvent":"0x21801794"}|0x2ae8009a
15:20:18.0 (15686965)|STATEMENT_EXECUTE|[680]
15:20:18.0 (15726543)|STATEMENT_EXECUTE|[681]
15:20:18.0 (15727535)|STATEMENT_EXECUTE|[684]
15:20:18.0 (15731744)|METHOD_EXIT|[665]|01pg80000019iSf|TriggerHandler.getHandlerName()
15:20:18.0 (15750628)|METHOD_EXIT|[121]|01pg80000019iSf|TriggerHandler.validateRun()
15:20:18.0 (15753593)|STATEMENT_EXECUTE|[121]
15:20:18.0 (15756790)|METHOD_ENTRY|[126]|01pg80000019iSf|TriggerHandler.incrementCheckLoopCount()
15:20:18.0 (15762514)|VARIABLE_SCOPE_BEGIN|[634]|this|TriggerHandler|true|false
15:20:18.0 (15772409)|VARIABLE_ASSIGNMENT|[634]|this|{"oldRecords":"0x7260e7a3","oldRecordsMap":"0x6b1dfebb","handlerName":"OrderItemHandler","isTriggerExecuting":true,"triggerEvent":"0x21801794"}|0x2ae8009a
15:20:18.0 (15776561)|STATEMENT_EXECUTE|[634]
15:20:18.0 (15777307)|STATEMENT_EXECUTE|[635]
15:20:18.0 (15779619)|METHOD_ENTRY|[635]|01pg80000019iSf|TriggerHandler.getHandlerName()
15:20:18.0 (15783442)|VARIABLE_SCOPE_BEGIN|[680]|this|TriggerHandler|true|false
15:20:18.0 (15791500)|VARIABLE_ASSIGNMENT|[680]|this|{"oldRecords":"0x7260e7a3","oldRecordsMap":"0x6b1dfebb","handlerName":"OrderItemHandler","isTriggerExecuting":true,"triggerEvent":"0x21801794"}|0x2ae8009a
15:20:18.0 (15795907)|STATEMENT_EXECUTE|[680]
15:20:18.0 (15805526)|STATEMENT_EXECUTE|[681]
15:20:18.0 (15806498)|STATEMENT_EXECUTE|[684]
15:20:18.0 (15808271)|METHOD_EXIT|[635]|01pg80000019iSf|TriggerHandler.getHandlerName()
15:20:18.0 (15811149)|VARIABLE_SCOPE_BEGIN|[635]|handlerName|String|false|false
15:20:18.0 (15816849)|VARIABLE_ASSIGNMENT|[635]|handlerName|"OrderItemHandler"
15:20:18.0 (15846321)|STATEMENT_EXECUTE|[636]
15:20:18.0 (15847633)|STATEMENT_EXECUTE|[649]
15:20:18.0 (15849888)|METHOD_EXIT|[126]|01pg80000019iSf|TriggerHandler.incrementCheckLoopCount()
15:20:18.0 (15853424)|STATEMENT_EXECUTE|[126]
15:20:18.0 (15856067)|STATEMENT_EXECUTE|[130]
15:20:18.0 (15857645)|STATEMENT_EXECUTE|[135]
15:20:18.0 (15942520)|STATEMENT_EXECUTE|[142]
15:20:18.0 (15943631)|STATEMENT_EXECUTE|[143]
15:20:18.0 (15950379)|METHOD_ENTRY|[143]|01pg8000001EZwd|OrdemItemHandler.beforeDelete()
15:20:18.0 (15960214)|VARIABLE_SCOPE_BEGIN|[35]|this|OrdemItemHandler|true|false
15:20:18.0 (15971843)|VARIABLE_ASSIGNMENT|[35]|this|{"oldRecords":"0x7260e7a3","oldRecordsMap":"0x6b1dfebb","handlerName":"OrderItemHandler","isTriggerExecuting":true,"triggerEvent":"0x21801794"}|0x2ae8009a
15:20:18.0 (15975745)|STATEMENT_EXECUTE|[35]
15:20:18.0 (15976669)|STATEMENT_EXECUTE|[36]
15:20:18.0 (15979890)|METHOD_ENTRY|[36]|01pg8000001EZwd|OrdemItemHandler.checkActiveOrderItem()
15:20:18.0 (15986119)|VARIABLE_SCOPE_BEGIN|[227]|this|OrdemItemHandler|true|false
15:20:18.0 (15994622)|VARIABLE_ASSIGNMENT|[227]|this|{"oldRecords":"0x7260e7a3","oldRecordsMap":"0x6b1dfebb","handlerName":"OrderItemHandler","isTriggerExecuting":true,"triggerEvent":"0x21801794"}|0x2ae8009a
15:20:18.0 (15998694)|STATEMENT_EXECUTE|[227]
15:20:18.0 (15999667)|STATEMENT_EXECUTE|[228]
15:20:18.0 (16005733)|VARIABLE_SCOPE_BEGIN|[228]|listaParaValidar|List<OrderItem>|true|false
15:20:18.0 (16010912)|VARIABLE_ASSIGNMENT|[228]|listaParaValidar|null|
15:20:18.0 (16012923)|STATEMENT_EXECUTE|[229]
15:20:18.0 (16028107)|HEAP_ALLOCATE|[229]|Bytes:4
15:20:18.0 (16048227)|VARIABLE_SCOPE_BEGIN|[229]|idOrders|Set<Id>|true|false
15:20:18.0 (16077066)|VARIABLE_ASSIGNMENT|[229]|idOrders|[]|0x5d2ecfec
15:20:18.0 (16081137)|STATEMENT_EXECUTE|[230]
15:20:18.0 (16148308)|HEAP_ALLOCATE|[230]|Bytes:4
15:20:18.0 (16178867)|VARIABLE_SCOPE_BEGIN|[230]|idMapOrders|Map<Id,Order>|true|false
15:20:18.0 (16186979)|VARIABLE_ASSIGNMENT|[230]|idMapOrders|{}|0x726c00c2
15:20:18.0 (16202809)|STATEMENT_EXECUTE|[232]
15:20:18.0 (16203924)|STATEMENT_EXECUTE|[233]
15:20:18.0 (16708385)|VARIABLE_ASSIGNMENT|[233]|listaParaValidar|[{"LastModifiedDate":"2026-04-06T17:29:11.000Z","DiscountPercentage__c":-0.108670880308931140798083662383386,"IsDeleted":false,"DiscountValue__c":-125464.40,"Quantity":1.00,"FinalPrice__c":1154535.60,"TaxPercentage__c":18.00,"ListPrice":1280000.00,"OrderId":"801g8000007DOjhAAG","AvailableQuantity":1.00,"PriceWithoutMargin__c":1003944.00,"OrderItemNumber":"0000000073","FreightValue__c":800.00,"SystemModstamp":"2026-04-06T17:29:11.000Z","UnitPrice":1154535.60,"Product2Id":"01tg8000001BArWAAW","CreatedById":"005g80000010N45AAE","ProductionCost__c":850000.00,"PricebookEntryId":"01ug8000000XnjVAAS","TotalPrice":1154535.60,"CreatedDate":"2026-04-06T17:29:11.000Z","MarginPercentage__c":15.00,"Id":"802g8000002dfGhAAI","LastModifiedById":"005g80000010N45AAE"}]|0x7260e7a3
15:20:18.0 (16934160)|HEAP_ALLOCATE|[238]|Bytes:5
15:20:18.0 (16983295)|VARIABLE_SCOPE_BEGIN|[238]|ot|OrderItem|true|false
15:20:18.0 (17428896)|VARIABLE_ASSIGNMENT|[238]|ot|{"LastModifiedDate":"2026-04-06T17:29:11.000Z","DiscountPercentage__c":-0.108670880308931140798083662383386,"IsDeleted":false,"DiscountValue__c":-125464.40,"Quantity":1.00,"FinalPrice__c":1154535.60,"TaxPercentage__c":18.00,"ListPrice":1280000.00,"OrderId":"801g8000007DOjhAAG","AvailableQuantity":1.00,"PriceWithoutMargin__c":1003944.00,"OrderItemNumber":"0000000073","FreightValue__c":800.00,"SystemModstamp":"2026-04-06T17:29:11.000Z","UnitPrice":1154535.60,"Product2Id":"01tg8000001BArWAAW","CreatedById":"005g80000010N45AAE","ProductionCost__c":850000.00,"PricebookEntryId":"01ug8000000XnjVAAS","TotalPrice":1154535.60,"CreatedDate":"2026-04-06T17:29:11.000Z","MarginPercentage__c":15.00,"Id":"802g8000002dfGhAAI","LastModifiedById":"005g80000010N45AAE"}|0x31b02c1a
15:20:18.0 (17442891)|STATEMENT_EXECUTE|[238]
15:20:18.0 (17443954)|STATEMENT_EXECUTE|[239]
15:20:18.0 (17505297)|HEAP_ALLOCATE|[EXTERNAL]|Bytes:4
15:20:18.0 (17522699)|HEAP_ALLOCATE|[238]|Bytes:5
15:20:18.0 (17533886)|VARIABLE_ASSIGNMENT|[238]|ot|null|
15:20:18.0 (17537558)|STATEMENT_EXECUTE|[242]
15:20:18.0 (17539824)|HEAP_ALLOCATE|[242]|Bytes:48
15:20:18.0 (17556293)|HEAP_ALLOCATE|[242]|Bytes:4
15:20:18.0 (17564397)|HEAP_ALLOCATE|[242]|Bytes:7
15:20:18.0 (18261659)|SOQL_EXECUTE_BEGIN|[242]|Aggregations:0|SELECT Id, Status FROM Order WHERE Id = :tmpVar1
15:20:18.0 (23600427)|SOQL_EXECUTE_END|[242]|Rows:1
15:20:18.0 (23631417)|HEAP_ALLOCATE|[242]|Bytes:8
15:20:18.0 (23649221)|HEAP_ALLOCATE|[242]|Bytes:44
15:20:18.0 (23710107)|HEAP_ALLOCATE|[242]|Bytes:8
15:20:18.0 (23725046)|VARIABLE_SCOPE_BEGIN|[242]|listOrder|List<Order>|true|false
15:20:18.0 (23808269)|VARIABLE_ASSIGNMENT|[242]|listOrder|[{"Status":"Draft","Id":"801g8000007DOjhAAG"}]|0x354928f1
15:20:18.0 (23984040)|HEAP_ALLOCATE|[247]|Bytes:5
15:20:18.0 (24014307)|HEAP_ALLOCATE|[247]|Bytes:12
15:20:18.0 (24022505)|VARIABLE_SCOPE_BEGIN|[247]|o|Order|true|false
15:20:18.0 (24048287)|VARIABLE_ASSIGNMENT|[247]|o|{"Status":"Draft","Id":"801g8000007DOjhAAG"}|0x3de47c4c
15:20:18.0 (24053050)|STATEMENT_EXECUTE|[247]
15:20:18.0 (24087995)|HEAP_ALLOCATE|[EXTERNAL]|Bytes:-4
15:20:18.0 (24096458)|HEAP_ALLOCATE|[247]|Bytes:5
15:20:18.0 (24103065)|VARIABLE_ASSIGNMENT|[247]|o|null|
15:20:18.0 (24126053)|HEAP_ALLOCATE|[249]|Bytes:5
15:20:18.0 (24134921)|VARIABLE_SCOPE_BEGIN|[249]|ot|OrderItem|true|false
15:20:18.0 (24706213)|VARIABLE_ASSIGNMENT|[249]|ot|{"LastModifiedDate":"2026-04-06T17:29:11.000Z","DiscountPercentage__c":-0.108670880308931140798083662383386,"IsDeleted":false,"DiscountValue__c":-125464.40,"Quantity":1.00,"FinalPrice__c":1154535.60,"TaxPercentage__c":18.00,"ListPrice":1280000.00,"OrderId":"801g8000007DOjhAAG","AvailableQuantity":1.00,"PriceWithoutMargin__c":1003944.00,"OrderItemNumber":"0000000073","FreightValue__c":800.00,"SystemModstamp":"2026-04-06T17:29:11.000Z","UnitPrice":1154535.60,"Product2Id":"01tg8000001BArWAAW","CreatedById":"005g80000010N45AAE","ProductionCost__c":850000.00,"PricebookEntryId":"01ug8000000XnjVAAS","TotalPrice":1154535.60,"CreatedDate":"2026-04-06T17:29:11.000Z","MarginPercentage__c":15.00,"Id":"802g8000002dfGhAAI","LastModifiedById":"005g80000010N45AAE"}|0x31b02c1a
15:20:18.0 (24720645)|STATEMENT_EXECUTE|[249]
15:20:18.0 (24721958)|STATEMENT_EXECUTE|[250]
15:20:18.0 (24775655)|VARIABLE_SCOPE_BEGIN|[250]|pedido|Order|true|false
15:20:18.0 (24807445)|VARIABLE_ASSIGNMENT|[250]|pedido|{"Status":"Draft","Id":"801g8000007DOjhAAG"}|0x3de47c4c
15:20:18.0 (24823574)|HEAP_ALLOCATE|[251]|Bytes:5
15:20:18.0 (24849252)|STATEMENT_EXECUTE|[251]
15:20:18.0 (24860376)|HEAP_ALLOCATE|[249]|Bytes:5
15:20:18.0 (24868238)|VARIABLE_ASSIGNMENT|[249]|ot|null|
15:20:18.0 (24875983)|METHOD_EXIT|[36]|01pg8000001EZwd|OrdemItemHandler.checkActiveOrderItem()
15:20:18.0 (24882449)|METHOD_EXIT|[143]|01pg8000001EZwd|OrdemItemHandler.beforeDelete()
15:20:18.0 (24887426)|STATEMENT_EXECUTE|[158]
15:20:18.0 (24899642)|METHOD_ENTRY|[158]|01pg80000019iSf|TriggerHandler.andFinally()
15:20:18.0 (24914863)|VARIABLE_SCOPE_BEGIN|[746]|this|TriggerHandler|true|false
15:20:18.0 (24949734)|VARIABLE_ASSIGNMENT|[746]|this|{"oldRecords":"0x7260e7a3","oldRecordsMap":"0x6b1dfebb","handlerName":"OrderItemHandler","isTriggerExecuting":true,"triggerEvent":"0x21801794"}|0x2ae8009a
15:20:18.0 (24955413)|STATEMENT_EXECUTE|[746]
15:20:18.0 (24957248)|METHOD_EXIT|[158]|01pg80000019iSf|TriggerHandler.andFinally()
15:20:18.0 (24962062)|STATEMENT_EXECUTE|[160]
15:20:18.0 (24964526)|STATEMENT_EXECUTE|[176]
15:20:18.0 (24967011)|METHOD_EXIT|[2]|01pg80000019iSf|TriggerHandler.run()
15:20:18.24 (24984983)|CUMULATIVE_LIMIT_USAGE
15:20:18.24 (24984983)|LIMIT_USAGE_FOR_NS|(default)|
  Number of SOQL queries: 1 out of 100
  Number of query rows: 1 out of 50000
  Number of SOSL queries: 0 out of 20
  Number of DML statements: 0 out of 150
  Number of Publish Immediate DML: 0 out of 150
  Number of DML rows: 0 out of 10000
  Maximum CPU time: 0 out of 10000
  Maximum heap size: 0 out of 6000000
  Number of callouts: 0 out of 100
  Number of Email Invocations: 0 out of 10
  Number of future calls: 0 out of 50
  Number of queueable jobs added to the queue: 0 out of 50
  Number of Mobile Apex push calls: 0 out of 10

15:20:18.24 (24984983)|CUMULATIVE_LIMIT_USAGE_END

15:20:18.0 (25177342)|CODE_UNIT_FINISHED|OrdemItemTrigger on OrderItem trigger event BeforeDelete|__sfdc_trigger/OrdemItemTrigger
15:20:18.0 (233944316)|CODE_UNIT_STARTED|[EXTERNAL]|01qg8000000GdOn|OrderTrigger on Order trigger event BeforeUpdate|__sfdc_trigger/OrderTrigger
15:20:18.0 (234012751)|HEAP_ALLOCATE|[EXTERNAL]|Bytes:8
15:20:18.0 (234097090)|HEAP_ALLOCATE|[EXTERNAL]|Bytes:8
15:20:18.0 (234255518)|HEAP_ALLOCATE|[EXTERNAL]|Bytes:4
15:20:18.0 (234272512)|VARIABLE_SCOPE_BEGIN|[1]|this|OrderTrigger|true|false
15:20:18.0 (234320016)|VARIABLE_ASSIGNMENT|[1]|this|{}|0x255fefd0
15:20:18.0 (234364968)|HEAP_ALLOCATE|[EXTERNAL]|Bytes:4
15:20:18.0 (234368790)|VARIABLE_SCOPE_BEGIN|[1]|this|OrderTrigger|true|false
15:20:18.0 (234374674)|VARIABLE_ASSIGNMENT|[1]|this|{}|0x255fefd0
15:20:18.0 (234380520)|STATEMENT_EXECUTE|[1]
15:20:18.0 (234381618)|STATEMENT_EXECUTE|[2]
15:20:18.0 (236004694)|HEAP_ALLOCATE|[2]|Bytes:11
15:20:18.0 (236038353)|METHOD_ENTRY|[1]|01pg8000001LXzh|OrderHandler.OrderHandler()
15:20:18.0 (236042966)|STATEMENT_EXECUTE|[1]
15:20:18.0 (236046753)|STATEMENT_EXECUTE|[1]
15:20:18.0 (236053361)|METHOD_EXIT|[1]|OrderHandler
15:20:18.0 (236073526)|HEAP_ALLOCATE|[2]|Bytes:32
15:20:18.0 (236090246)|CONSTRUCTOR_ENTRY|[2]|01pg8000001LXzh|<init>()|OrderHandler
15:20:18.0 (236114331)|VARIABLE_SCOPE_BEGIN|[10]|this|OrderHandler|true|false
15:20:18.0 (236159411)|VARIABLE_ASSIGNMENT|[10]|this|{}|0x1e36226e
15:20:18.0 (236164093)|STATEMENT_EXECUTE|[1]
15:20:18.0 (236164958)|STATEMENT_EXECUTE|[4]
15:20:18.0 (236166238)|STATEMENT_EXECUTE|[5]
15:20:18.0 (236166972)|STATEMENT_EXECUTE|[6]
15:20:18.0 (236167711)|STATEMENT_EXECUTE|[7]
15:20:18.0 (236168420)|STATEMENT_EXECUTE|[11]
15:20:18.0 (236171576)|HEAP_ALLOCATE|[11]|Bytes:12
15:20:18.0 (236178603)|CONSTRUCTOR_ENTRY|[11]|01pg80000019iSf|<init>(String)|TriggerHandler
15:20:18.0 (236199622)|VARIABLE_SCOPE_BEGIN|[107]|this|TriggerHandler|true|false
15:20:18.0 (236208483)|VARIABLE_ASSIGNMENT|[107]|this|{}|0x1e36226e
15:20:18.0 (236211588)|VARIABLE_SCOPE_BEGIN|[107]|handlerName|String|false|false
15:20:18.0 (236222028)|VARIABLE_ASSIGNMENT|[107]|handlerName|"OrderHandler"
15:20:18.0 (236225102)|STATEMENT_EXECUTE|[15]
15:20:18.0 (236225883)|STATEMENT_EXECUTE|[50]
15:20:18.0 (236226938)|STATEMENT_EXECUTE|[57]
15:20:18.0 (236227920)|STATEMENT_EXECUTE|[671]
15:20:18.0 (236249817)|STATEMENT_EXECUTE|[107]
15:20:18.0 (236250860)|STATEMENT_EXECUTE|[108]
15:20:18.0 (236255327)|STATEMENT_EXECUTE|[109]
15:20:18.0 (236263593)|METHOD_ENTRY|[109]|01pg80000019iSf|TriggerHandler.setTriggerContext()
15:20:18.0 (236266988)|VARIABLE_SCOPE_BEGIN|[565]|this|TriggerHandler|true|false
15:20:18.0 (236276471)|VARIABLE_ASSIGNMENT|[565]|this|{"handlerName":"OrderHandler"}|0x1e36226e
15:20:18.0 (236281377)|STATEMENT_EXECUTE|[565]
15:20:18.0 (236282208)|STATEMENT_EXECUTE|[566]
15:20:18.0 (236370806)|HEAP_ALLOCATE|[566]|Bytes:16
15:20:18.0 (236381858)|METHOD_ENTRY|[566]|01pg80000019iSf|TriggerHandler.setTriggerContext(System.TriggerOperation, Boolean)
15:20:18.0 (236385016)|VARIABLE_SCOPE_BEGIN|[582]|this|TriggerHandler|true|false
15:20:18.0 (236393247)|VARIABLE_ASSIGNMENT|[582]|this|{"handlerName":"OrderHandler"}|0x1e36226e
15:20:18.0 (236396138)|VARIABLE_SCOPE_BEGIN|[582]|opType|System.TriggerOperation|true|false
15:20:18.0 (236411823)|VARIABLE_ASSIGNMENT|[582]|opType|"BEFORE_UPDATE"|0x2f556522
15:20:18.0 (236418936)|VARIABLE_SCOPE_BEGIN|[582]|testMode|Boolean|false|false
15:20:18.0 (236425433)|VARIABLE_ASSIGNMENT|[582]|testMode|false
15:20:18.0 (236428478)|STATEMENT_EXECUTE|[582]
15:20:18.0 (236436096)|STATEMENT_EXECUTE|[586]
15:20:18.0 (236436881)|STATEMENT_EXECUTE|[587]
15:20:18.0 (236439302)|HEAP_ALLOCATE|[587]|Bytes:5
15:20:18.0 (236444396)|STATEMENT_EXECUTE|[590]
15:20:18.0 (236445126)|STATEMENT_EXECUTE|[592]
15:20:18.0 (236458871)|HEAP_ALLOCATE|[592]|Bytes:16
15:20:18.0 (236463186)|STATEMENT_EXECUTE|[595]
15:20:18.0 (236470447)|VARIABLE_SCOPE_BEGIN|[595]|context|String|false|false
15:20:18.0 (236477377)|VARIABLE_ASSIGNMENT|[595]|context|"BEFORE_UPDATE"
15:20:18.0 (236479452)|STATEMENT_EXECUTE|[597]
15:20:18.0 (236504837)|STATEMENT_EXECUTE|[601]
15:20:18.0 (236505748)|STATEMENT_EXECUTE|[602]
15:20:18.0 (236514256)|METHOD_EXIT|[566]|01pg80000019iSf|TriggerHandler.setTriggerContext(System.TriggerOperation, Boolean)
15:20:18.0 (236517438)|METHOD_EXIT|[109]|01pg80000019iSf|TriggerHandler.setTriggerContext()
15:20:18.0 (236522147)|CONSTRUCTOR_EXIT|[11]|01pg80000019iSf|<init>(String)|TriggerHandler
15:20:18.0 (236524753)|STATEMENT_EXECUTE|[10]
15:20:18.0 (236525648)|STATEMENT_EXECUTE|[12]
15:20:18.0 (240900231)|VARIABLE_ASSIGNMENT|[12]|this.newRecords|[{"Status":"Draft","LastModifiedDate":"2026-04-06T17:29:11.000Z","Country__c":"a03g8000004x8aeAAA","IsDeleted":false,"AccountId":"001g8000005VaOHAA0","FreightType__c":"FOB","OrderNumber":"00000114","TotalAmount":23777.00,"StatusCode":"Draft","PaymentCondition__c":"a07g8000004MONnAAO","IsReductionOrder":false,"SystemModstamp":"2026-04-06T17:29:11.000Z","City__c":"a05g8000001i8KfAAI","OwnerId":"005g80000010N45AAE","CreatedById":"005g80000010N45AAE","DeliveryDate__c":"2026-04-07T00:00:00.000Z","DistributionCenter__c":"a06g8000000wkLpAAI","CreatedDate":"2026-03-31T12:54:33.000Z","Pricebook2Id":"01sg80000015mKTAAY","Id":"801g8000007DOjhAAG","AccountAddress__c":"a08g8000001Zx1SAAS","LastModifiedById":"005g80000010N45AAE","State__c":"a04g8000000VkhhAAC","EffectiveDate":"2026-03-31T00:00:00.000Z"}]|0x1e36226e
15:20:18.0 (240919195)|STATEMENT_EXECUTE|[13]
15:20:18.0 (241516783)|VARIABLE_ASSIGNMENT|[13]|this.oldRecords|[{"Status":"Draft","LastModifiedDate":"2026-04-06T17:29:11.000Z","Country__c":"a03g8000004x8aeAAA","IsDeleted":false,"AccountId":"001g8000005VaOHAA0","FreightType__c":"FOB","OrderNumber":"00000114","TotalAmount":1178312.60,"StatusCode":"Draft","PaymentCondition__c":"a07g8000004MONnAAO","IsReductionOrder":false,"SystemModstamp":"2026-04-06T17:29:11.000Z","City__c":"a05g8000001i8KfAAI","OwnerId":"005g80000010N45AAE","CreatedById":"005g80000010N45AAE","DeliveryDate__c":"2026-04-07T00:00:00.000Z","DistributionCenter__c":"a06g8000000wkLpAAI","CreatedDate":"2026-03-31T12:54:33.000Z","Pricebook2Id":"01sg80000015mKTAAY","Id":"801g8000007DOjhAAG","AccountAddress__c":"a08g8000001Zx1SAAS","LastModifiedById":"005g80000010N45AAE","State__c":"a04g8000000VkhhAAC","EffectiveDate":"2026-03-31T00:00:00.000Z"}]|0x1e36226e
15:20:18.0 (241526213)|STATEMENT_EXECUTE|[14]
15:20:18.0 (241879533)|VARIABLE_ASSIGNMENT|[14]|this.newRecordsMap|{"801g8000007DOjhAAG":{"Status":"Draft","LastModifiedDate":"2026-04-06T17:29:11.000Z","Country__c":"a03g8000004x8aeAAA","IsDeleted":false,"AccountId":"001g8000005VaOHAA0","FreightType__c":"FOB","OrderNumber":"00000114","TotalAmount":23777.00,"StatusCode":"Draft","PaymentCondition__c":"a07g8000004MONnAAO","IsReductionOrder":false,"SystemModstamp":"2026-04-06T17:29:11.000Z","City__c":"a05g8000001i8KfAAI","OwnerId":"005g80000010N45AAE","CreatedById":"005g80000010N45AAE","DeliveryDate__c":"2026-04-07T00:00:00.000Z","DistributionCenter__c":"a06g8000000wkLpAAI","CreatedDate":"2026-03-31T12:54:33.000Z","Pricebook2Id":"01sg80000015mKTAAY","Id":"801g8000007DOjhAAG","AccountAddress__c":"a08g8000001Zx1SAAS","LastModifiedById":"005g80000010N45AAE","State__c":"a04g8000000VkhhAAC","EffectiveDate":"2026-03-31T00:00:00.000Z"}}|0x1e36226e
15:20:18.0 (241888118)|STATEMENT_EXECUTE|[15]
15:20:18.0 (242214036)|VARIABLE_ASSIGNMENT|[15]|this.oldRecordsMap|{"801g8000007DOjhAAG":{"Status":"Draft","LastModifiedDate":"2026-04-06T17:29:11.000Z","Country__c":"a03g8000004x8aeAAA","IsDeleted":false,"AccountId":"001g8000005VaOHAA0","FreightType__c":"FOB","OrderNumber":"00000114","TotalAmount":1178312.60,"StatusCode":"Draft","PaymentCondition__c":"a07g8000004MONnAAO","IsReductionOrder":false,"SystemModstamp":"2026-04-06T17:29:11.000Z","City__c":"a05g8000001i8KfAAI","OwnerId":"005g80000010N45AAE","CreatedById":"005g80000010N45AAE","DeliveryDate__c":"2026-04-07T00:00:00.000Z","DistributionCenter__c":"a06g8000000wkLpAAI","CreatedDate":"2026-03-31T12:54:33.000Z","Pricebook2Id":"01sg80000015mKTAAY","Id":"801g8000007DOjhAAG","AccountAddress__c":"a08g8000001Zx1SAAS","LastModifiedById":"005g80000010N45AAE","State__c":"a04g8000000VkhhAAC","EffectiveDate":"2026-03-31T00:00:00.000Z"}}|0x1e36226e
15:20:18.0 (242230277)|CONSTRUCTOR_EXIT|[2]|01pg8000001LXzh|<init>()|OrderHandler
15:20:18.0 (242258612)|METHOD_ENTRY|[2]|01pg80000019iSf|TriggerHandler.run()
15:20:18.0 (242264174)|VARIABLE_SCOPE_BEGIN|[120]|this|TriggerHandler|true|false
15:20:18.0 (242302919)|VARIABLE_ASSIGNMENT|[120]|this|{"newRecords":"0x6deb7e95","newRecordsMap":"0x4775a9ba","oldRecords":"0x11b20b67","oldRecordsMap":"0x6304374b","handlerName":"OrderHandler","isTriggerExecuting":true,"triggerEvent":"0x2f556522"}|0x1e36226e
15:20:18.0 (242309013)|STATEMENT_EXECUTE|[120]
15:20:18.0 (242312854)|METHOD_ENTRY|[121]|01pg80000019iSf|TriggerHandler.validateRun()
15:20:18.0 (242315844)|VARIABLE_SCOPE_BEGIN|[661]|this|TriggerHandler|true|false
15:20:18.0 (242326244)|VARIABLE_ASSIGNMENT|[661]|this|{"newRecords":"0x6deb7e95","newRecordsMap":"0x4775a9ba","oldRecords":"0x11b20b67","oldRecordsMap":"0x6304374b","handlerName":"OrderHandler","isTriggerExecuting":true,"triggerEvent":"0x2f556522"}|0x1e36226e
15:20:18.0 (242330385)|STATEMENT_EXECUTE|[661]
15:20:18.0 (242337974)|STATEMENT_EXECUTE|[662]
15:20:18.0 (242338956)|STATEMENT_EXECUTE|[665]
15:20:18.0 (242344222)|METHOD_ENTRY|[665]|01pg80000019iSf|TriggerHandler.getHandlerName()
15:20:18.0 (242347458)|VARIABLE_SCOPE_BEGIN|[680]|this|TriggerHandler|true|false
15:20:18.0 (242356029)|VARIABLE_ASSIGNMENT|[680]|this|{"newRecords":"0x6deb7e95","newRecordsMap":"0x4775a9ba","oldRecords":"0x11b20b67","oldRecordsMap":"0x6304374b","handlerName":"OrderHandler","isTriggerExecuting":true,"triggerEvent":"0x2f556522"}|0x1e36226e
15:20:18.0 (242359834)|STATEMENT_EXECUTE|[680]
15:20:18.0 (242383829)|STATEMENT_EXECUTE|[681]
15:20:18.0 (242384789)|STATEMENT_EXECUTE|[684]
15:20:18.0 (242388857)|METHOD_EXIT|[665]|01pg80000019iSf|TriggerHandler.getHandlerName()
15:20:18.0 (242405428)|METHOD_EXIT|[121]|01pg80000019iSf|TriggerHandler.validateRun()
15:20:18.0 (242408076)|STATEMENT_EXECUTE|[121]
15:20:18.0 (242410929)|METHOD_ENTRY|[126]|01pg80000019iSf|TriggerHandler.incrementCheckLoopCount()
15:20:18.0 (242413762)|VARIABLE_SCOPE_BEGIN|[634]|this|TriggerHandler|true|false
15:20:18.0 (242423796)|VARIABLE_ASSIGNMENT|[634]|this|{"newRecords":"0x6deb7e95","newRecordsMap":"0x4775a9ba","oldRecords":"0x11b20b67","oldRecordsMap":"0x6304374b","handlerName":"OrderHandler","isTriggerExecuting":true,"triggerEvent":"0x2f556522"}|0x1e36226e
15:20:18.0 (242428492)|STATEMENT_EXECUTE|[634]
15:20:18.0 (242429252)|STATEMENT_EXECUTE|[635]
15:20:18.0 (242431272)|METHOD_ENTRY|[635]|01pg80000019iSf|TriggerHandler.getHandlerName()
15:20:18.0 (242433354)|VARIABLE_SCOPE_BEGIN|[680]|this|TriggerHandler|true|false
15:20:18.0 (242441618)|VARIABLE_ASSIGNMENT|[680]|this|{"newRecords":"0x6deb7e95","newRecordsMap":"0x4775a9ba","oldRecords":"0x11b20b67","oldRecordsMap":"0x6304374b","handlerName":"OrderHandler","isTriggerExecuting":true,"triggerEvent":"0x2f556522"}|0x1e36226e
15:20:18.0 (242444923)|STATEMENT_EXECUTE|[680]
15:20:18.0 (242451032)|STATEMENT_EXECUTE|[681]
15:20:18.0 (242451857)|STATEMENT_EXECUTE|[684]
15:20:18.0 (242453342)|METHOD_EXIT|[635]|01pg80000019iSf|TriggerHandler.getHandlerName()
15:20:18.0 (242456795)|VARIABLE_SCOPE_BEGIN|[635]|handlerName|String|false|false
15:20:18.0 (242462244)|VARIABLE_ASSIGNMENT|[635]|handlerName|"OrderHandler"
15:20:18.0 (242472752)|STATEMENT_EXECUTE|[636]
15:20:18.0 (242473894)|STATEMENT_EXECUTE|[649]
15:20:18.0 (242475534)|METHOD_EXIT|[126]|01pg80000019iSf|TriggerHandler.incrementCheckLoopCount()
15:20:18.0 (242478204)|STATEMENT_EXECUTE|[126]
15:20:18.0 (242480940)|STATEMENT_EXECUTE|[130]
15:20:18.0 (242481999)|STATEMENT_EXECUTE|[135]
15:20:18.0 (242529289)|STATEMENT_EXECUTE|[139]
15:20:18.0 (242530384)|STATEMENT_EXECUTE|[140]
15:20:18.0 (242541486)|METHOD_ENTRY|[140]|01pg8000001LXzh|OrderHandler.beforeUpdate()
15:20:18.0 (242564832)|VARIABLE_SCOPE_BEGIN|[19]|this|OrderHandler|true|false
15:20:18.0 (242575433)|VARIABLE_ASSIGNMENT|[19]|this|{"newRecords":"0x6deb7e95","newRecordsMap":"0x4775a9ba","oldRecords":"0x11b20b67","oldRecordsMap":"0x6304374b","handlerName":"OrderHandler","isTriggerExecuting":true,"triggerEvent":"0x2f556522"}|0x1e36226e
15:20:18.0 (242580139)|STATEMENT_EXECUTE|[19]
15:20:18.0 (242580916)|STATEMENT_EXECUTE|[20]
15:20:18.0 (242585440)|METHOD_ENTRY|[20]|01pg8000001LXzh|OrderHandler.checkActiveOrder()
15:20:18.0 (242592120)|VARIABLE_SCOPE_BEGIN|[28]|this|OrderHandler|true|false
15:20:18.0 (242600954)|VARIABLE_ASSIGNMENT|[28]|this|{"newRecords":"0x6deb7e95","newRecordsMap":"0x4775a9ba","oldRecords":"0x11b20b67","oldRecordsMap":"0x6304374b","handlerName":"OrderHandler","isTriggerExecuting":true,"triggerEvent":"0x2f556522"}|0x1e36226e
15:20:18.0 (242605374)|STATEMENT_EXECUTE|[28]
15:20:18.0 (242606161)|STATEMENT_EXECUTE|[29]
15:20:18.0 (242608559)|VARIABLE_SCOPE_BEGIN|[29]|listaParaValidar|List<Order>|true|false
15:20:18.0 (242613322)|VARIABLE_ASSIGNMENT|[29]|listaParaValidar|null|
15:20:18.0 (242622084)|STATEMENT_EXECUTE|[33]
15:20:18.0 (242622852)|STATEMENT_EXECUTE|[34]
15:20:18.0 (243019544)|VARIABLE_ASSIGNMENT|[34]|listaParaValidar|[{"Status":"Draft","LastModifiedDate":"2026-04-06T17:29:11.000Z","Country__c":"a03g8000004x8aeAAA","IsDeleted":false,"AccountId":"001g8000005VaOHAA0","FreightType__c":"FOB","OrderNumber":"00000114","TotalAmount":23777.00,"StatusCode":"Draft","PaymentCondition__c":"a07g8000004MONnAAO","IsReductionOrder":false,"SystemModstamp":"2026-04-06T17:29:11.000Z","City__c":"a05g8000001i8KfAAI","OwnerId":"005g80000010N45AAE","CreatedById":"005g80000010N45AAE","DeliveryDate__c":"2026-04-07T00:00:00.000Z","DistributionCenter__c":"a06g8000000wkLpAAI","CreatedDate":"2026-03-31T12:54:33.000Z","Pricebook2Id":"01sg80000015mKTAAY","Id":"801g8000007DOjhAAG","AccountAddress__c":"a08g8000001Zx1SAAS","LastModifiedById":"005g80000010N45AAE","State__c":"a04g8000000VkhhAAC","EffectiveDate":"2026-03-31T00:00:00.000Z"}]|0x6deb7e95
15:20:18.0 (243070375)|HEAP_ALLOCATE|[38]|Bytes:5
15:20:18.0 (243088130)|HEAP_ALLOCATE|[38]|Bytes:4
15:20:18.0 (243097265)|VARIABLE_SCOPE_BEGIN|[38]|pedido|Order|true|false
15:20:18.0 (243418901)|VARIABLE_ASSIGNMENT|[38]|pedido|{"Status":"Draft","LastModifiedDate":"2026-04-06T17:29:11.000Z","Country__c":"a03g8000004x8aeAAA","IsDeleted":false,"AccountId":"001g8000005VaOHAA0","FreightType__c":"FOB","OrderNumber":"00000114","TotalAmount":23777.00,"StatusCode":"Draft","PaymentCondition__c":"a07g8000004MONnAAO","IsReductionOrder":false,"SystemModstamp":"2026-04-06T17:29:11.000Z","City__c":"a05g8000001i8KfAAI","OwnerId":"005g80000010N45AAE","CreatedById":"005g80000010N45AAE","DeliveryDate__c":"2026-04-07T00:00:00.000Z","DistributionCenter__c":"a06g8000000wkLpAAI","CreatedDate":"2026-03-31T12:54:33.000Z","Pricebook2Id":"01sg80000015mKTAAY","Id":"801g8000007DOjhAAG","AccountAddress__c":"a08g8000001Zx1SAAS","LastModifiedById":"005g80000010N45AAE","State__c":"a04g8000000VkhhAAC","EffectiveDate":"2026-03-31T00:00:00.000Z"}|0x7ceba253
15:20:18.0 (243427482)|STATEMENT_EXECUTE|[38]
15:20:18.0 (243428243)|STATEMENT_EXECUTE|[40]
15:20:18.0 (243467355)|VARIABLE_SCOPE_BEGIN|[40]|pedidoAntigo|Order|true|false
15:20:18.0 (243775821)|VARIABLE_ASSIGNMENT|[40]|pedidoAntigo|{"Status":"Draft","LastModifiedDate":"2026-04-06T17:29:11.000Z","Country__c":"a03g8000004x8aeAAA","IsDeleted":false,"AccountId":"001g8000005VaOHAA0","FreightType__c":"FOB","OrderNumber":"00000114","TotalAmount":1178312.60,"StatusCode":"Draft","PaymentCondition__c":"a07g8000004MONnAAO","IsReductionOrder":false,"SystemModstamp":"2026-04-06T17:29:11.000Z","City__c":"a05g8000001i8KfAAI","OwnerId":"005g80000010N45AAE","CreatedById":"005g80000010N45AAE","DeliveryDate__c":"2026-04-07T00:00:00.000Z","DistributionCenter__c":"a06g8000000wkLpAAI","CreatedDate":"2026-03-31T12:54:33.000Z","Pricebook2Id":"01sg80000015mKTAAY","Id":"801g8000007DOjhAAG","AccountAddress__c":"a08g8000001Zx1SAAS","LastModifiedById":"005g80000010N45AAE","State__c":"a04g8000000VkhhAAC","EffectiveDate":"2026-03-31T00:00:00.000Z"}|0x466fb104
15:20:18.0 (243783678)|STATEMENT_EXECUTE|[43]
15:20:18.0 (243789117)|VARIABLE_SCOPE_BEGIN|[43]|validacaoStatus|String|false|false
15:20:18.0 (243793873)|VARIABLE_ASSIGNMENT|[43]|validacaoStatus|"Draft"
15:20:18.0 (243801223)|HEAP_ALLOCATE|[38]|Bytes:5
15:20:18.0 (243807029)|VARIABLE_ASSIGNMENT|[38]|pedido|null|
15:20:18.0 (243812670)|METHOD_EXIT|[20]|01pg8000001LXzh|OrderHandler.checkActiveOrder()
15:20:18.0 (243816314)|METHOD_EXIT|[140]|01pg8000001LXzh|OrderHandler.beforeUpdate()
15:20:18.0 (243818917)|STATEMENT_EXECUTE|[158]
15:20:18.0 (243822896)|METHOD_ENTRY|[158]|01pg80000019iSf|TriggerHandler.andFinally()
15:20:18.0 (243825866)|VARIABLE_SCOPE_BEGIN|[746]|this|TriggerHandler|true|false
15:20:18.0 (243844901)|VARIABLE_ASSIGNMENT|[746]|this|{"newRecords":"0x6deb7e95","newRecordsMap":"0x4775a9ba","oldRecords":"0x11b20b67","oldRecordsMap":"0x6304374b","handlerName":"OrderHandler","isTriggerExecuting":true,"triggerEvent":"0x2f556522"}|0x1e36226e
15:20:18.0 (243849256)|STATEMENT_EXECUTE|[746]
15:20:18.0 (243850978)|METHOD_EXIT|[158]|01pg80000019iSf|TriggerHandler.andFinally()
15:20:18.0 (243854256)|STATEMENT_EXECUTE|[160]
15:20:18.0 (243855941)|STATEMENT_EXECUTE|[176]
15:20:18.0 (243857884)|METHOD_EXIT|[2]|01pg80000019iSf|TriggerHandler.run()
15:20:18.243 (243865190)|CUMULATIVE_LIMIT_USAGE
15:20:18.243 (243865190)|LIMIT_USAGE_FOR_NS|(default)|
  Number of SOQL queries: 1 out of 100
  Number of query rows: 1 out of 50000
  Number of SOSL queries: 0 out of 20
  Number of DML statements: 0 out of 150
  Number of Publish Immediate DML: 0 out of 150
  Number of DML rows: 0 out of 10000
  Maximum CPU time: 0 out of 10000
  Maximum heap size: 0 out of 6000000
  Number of callouts: 0 out of 100
  Number of Email Invocations: 0 out of 10
  Number of future calls: 0 out of 50
  Number of queueable jobs added to the queue: 0 out of 50
  Number of Mobile Apex push calls: 0 out of 10

15:20:18.243 (243865190)|CUMULATIVE_LIMIT_USAGE_END

15:20:18.0 (244053866)|CODE_UNIT_FINISHED|OrderTrigger on Order trigger event BeforeUpdate|__sfdc_trigger/OrderTrigger
15:20:18.0 (246602723)|CODE_UNIT_STARTED|[EXTERNAL]|Validation:Order:801g8000007DOjh
15:20:18.0 (246627267)|VALIDATION_RULE|03dg8000000aS4D|Bloquear_Alteracao_Conta_Pedido
15:20:18.0 (246841222)|VALIDATION_FORMULA|ISCHANGED(AccountId) && NOT(ISNEW())|AccountId=001g8000005VaOH
15:20:18.0 (246848137)|VALIDATION_PASS
15:20:18.0 (246855079)|CODE_UNIT_FINISHED|Validation:Order:801g8000007DOjh
15:20:18.0 (297916030)|CODE_UNIT_FINISHED|TRIGGERS
15:20:18.0 (297944653)|EXECUTION_FINISHED
