66.0 APEX_CODE,DEBUG;APEX_PROFILING,INFO
Execute Anonymous: Id idProduto = [SELECT Id FROM Product2 WHERE Name = 'Colheitadeira S700' LIMIT 1].Id;
Execute Anonymous: Id idCidade = [SELECT Id FROM City__c WHERE Name = 'São Bernardo Do Campo' LIMIT 1].Id;
Execute Anonymous: 
Execute Anonymous: 
Execute Anonymous: Margem__c margem1 = new Margem__c(Product__c=idProduto, City__c=idCidade, MarginValuePercent__c=10, Status__c='Approved');
Execute Anonymous: insert margem1;
Execute Anonymous: 
Execute Anonymous: try {
Execute Anonymous:     Margem__c margem2 = new Margem__c(Product__c=idProduto, City__c=idCidade, MarginValuePercent__c=20, Status__c='Approved');
Execute Anonymous:     insert margem2;
Execute Anonymous:     System.debug('Criou duplicado');
Execute Anonymous: } catch (Exception e) {
Execute Anonymous:     System.debug('Não teve duplicidade' + e.getMessage());
Execute Anonymous: }
10:26:50.48 (48689818)|USER_INFO|[EXTERNAL]|005g80000010N45|sabrina.jesus@resourceful-moose-fmmd11.com|(GMT-03:00) Brasilia Standard Time (America/Sao_Paulo)|GMT-03:00
10:26:50.48 (48712057)|EXECUTION_STARTED
10:26:50.48 (48727358)|CODE_UNIT_STARTED|[EXTERNAL]|execute_anonymous_apex
10:26:50.48 (207287309)|CODE_UNIT_STARTED|[EXTERNAL]|Flow:01Ig8000000dEr7
10:26:50.48 (286950598)|CODE_UNIT_FINISHED|Flow:01Ig8000000dEr7
10:26:50.48 (303001578)|CODE_UNIT_STARTED|[EXTERNAL]|Validation:Margem:new
10:26:50.48 (303088037)|CODE_UNIT_FINISHED|Validation:Margem:new
10:26:50.48 (309181090)|EXCEPTION_THROWN|[6]|System.DmlException: Insert failed. First exception on row 0; first error: REQUIRED_FIELD_MISSING, Required fields are missing: [DistributionCenter__c]: [DistributionCenter__c]
10:26:50.48 (309730932)|FATAL_ERROR|System.DmlException: Insert failed. First exception on row 0; first error: REQUIRED_FIELD_MISSING, Required fields are missing: [DistributionCenter__c]: [DistributionCenter__c]

AnonymousBlock: line 6, column 1
10:26:50.309 (309746904)|CUMULATIVE_LIMIT_USAGE
10:26:50.309 (309746904)|LIMIT_USAGE_FOR_NS|(default)|
  Number of SOQL queries: 2 out of 100
  Number of query rows: 2 out of 50000
  Number of SOSL queries: 0 out of 20
  Number of DML statements: 1 out of 150
  Number of Publish Immediate DML: 0 out of 150
  Number of DML rows: 1 out of 10000
  Maximum CPU time: 0 out of 10000
  Maximum heap size: 0 out of 6000000
  Number of callouts: 0 out of 100
  Number of Email Invocations: 0 out of 10
  Number of future calls: 0 out of 50
  Number of queueable jobs added to the queue: 0 out of 50
  Number of Mobile Apex push calls: 0 out of 10

10:26:50.309 (309746904)|CUMULATIVE_LIMIT_USAGE_END

10:26:50.48 (309805539)|CODE_UNIT_FINISHED|execute_anonymous_apex
10:26:50.48 (309812589)|EXECUTION_FINISHED
