66.0 APEX_CODE,DEBUG;APEX_PROFILING,INFO
Execute Anonymous: Id idP = [SELECT Id FROM Product2 WHERE Name = 'Colheitadeira S700' LIMIT 1].Id;
Execute Anonymous: Id idC = [SELECT Id FROM City__c WHERE Name = 'São Bernardo Do Campo' LIMIT 1].Id;
Execute Anonymous: Id idE = [SELECT Id FROM State__c WHERE Name = 'São Paulo' LIMIT 1].Id;
Execute Anonymous: Id idD = [SELECT Id FROM DistributionCenter__c LIMIT 1].Id;
Execute Anonymous: 
Execute Anonymous: delete [SELECT Id FROM Freight__c WHERE Product__c = :idP];
Execute Anonymous: 
Execute Anonymous: Freight__c f1 = new Freight__c(Product__c=idP, City__c=idC, State__c=idE, DistributionCenter__c=idD, FreightValue__c=450, Status__c='Approved');
Execute Anonymous: Freight__c f2 = new Freight__c(Product__c=idP, State__c=idE, DistributionCenter__c=idD, FreightValue__c=1200, Status__c='Approved');
Execute Anonymous: insert new List<Freight__c>{f1, f2};
Execute Anonymous: 
Execute Anonymous: // --- TESTE 1: BUSCA ESPECÍFICA ---
Execute Anonymous: Freight__c res1 = [SELECT FreightValue__c FROM Freight__c WHERE Product__c = :idP AND City__c = :idC LIMIT 1];
Execute Anonymous: System.debug('>>> VALOR ENCONTRADO (CIDADE): R$ ' + res1.FreightValue__c);
Execute Anonymous: 
Execute Anonymous: // --- SIMULAÇÃO DE FALLBACK ---
Execute Anonymous: delete f1; 
Execute Anonymous: 
Execute Anonymous: // --- TESTE 2: BUSCA APÓS EXCLUSÃO ---
Execute Anonymous: Freight__c res2 = [SELECT FreightValue__c FROM Freight__c WHERE Product__c = :idP AND State__c = :idE LIMIT 1];
Execute Anonymous: System.debug('>>> VALOR ENCONTRADO (ESTADO): R$ ' + res2.FreightValue__c);
14:44:25.47 (47337550)|USER_INFO|[EXTERNAL]|005g80000010N45|sabrina.jesus@resourceful-moose-fmmd11.com|(GMT-03:00) Brasilia Standard Time (America/Sao_Paulo)|GMT-03:00
14:44:25.47 (47383727)|EXECUTION_STARTED
14:44:25.47 (47408017)|CODE_UNIT_STARTED|[EXTERNAL]|execute_anonymous_apex
14:44:25.47 (139542573)|CODE_UNIT_STARTED|[EXTERNAL]|Flow:01Ig8000000duwn
14:44:25.47 (139575262)|CODE_UNIT_FINISHED|Flow:01Ig8000000duwn
14:44:25.47 (352285054)|CODE_UNIT_STARTED|[EXTERNAL]|Flow:01Ig8000000duwn
14:44:25.47 (370714373)|CODE_UNIT_FINISHED|Flow:01Ig8000000duwn
14:44:25.47 (381184057)|CODE_UNIT_STARTED|[EXTERNAL]|Validation:Freight:new
14:44:25.47 (381264904)|CODE_UNIT_FINISHED|Validation:Freight:new
14:44:25.47 (381275148)|CODE_UNIT_STARTED|[EXTERNAL]|Validation:Freight:new
14:44:25.47 (381298630)|CODE_UNIT_FINISHED|Validation:Freight:new
14:44:25.47 (401570991)|CODE_UNIT_STARTED|[EXTERNAL]|Flow:01Ig8000000duwn
14:44:25.47 (401599618)|CODE_UNIT_FINISHED|Flow:01Ig8000000duwn
14:44:25.47 (401634110)|CODE_UNIT_STARTED|[EXTERNAL]|Flow:01Ig8000000duwn
14:44:25.47 (401638906)|CODE_UNIT_FINISHED|Flow:01Ig8000000duwn
14:44:25.47 (421272312)|USER_DEBUG|[14]|DEBUG|>>> VALOR ENCONTRADO (CIDADE): R$ 450.00
14:44:25.47 (427265602)|CODE_UNIT_STARTED|[EXTERNAL]|Flow:01Ig8000000duwn
14:44:25.47 (427293643)|CODE_UNIT_FINISHED|Flow:01Ig8000000duwn
14:44:25.47 (499231896)|USER_DEBUG|[21]|DEBUG|>>> VALOR ENCONTRADO (ESTADO): R$ 1200.00
14:44:25.572 (572207140)|CUMULATIVE_LIMIT_USAGE
14:44:25.572 (572207140)|LIMIT_USAGE_FOR_NS|(default)|
  Number of SOQL queries: 7 out of 100
  Number of query rows: 7 out of 50000
  Number of SOSL queries: 0 out of 20
  Number of DML statements: 3 out of 150
  Number of Publish Immediate DML: 0 out of 150
  Number of DML rows: 4 out of 10000
  Maximum CPU time: 96 out of 10000
  Maximum heap size: 0 out of 6000000
  Number of callouts: 0 out of 100
  Number of Email Invocations: 0 out of 10
  Number of future calls: 0 out of 50
  Number of queueable jobs added to the queue: 0 out of 50
  Number of Mobile Apex push calls: 0 out of 10

14:44:25.572 (572207140)|CUMULATIVE_LIMIT_USAGE_END

14:44:25.47 (572284259)|CODE_UNIT_FINISHED|execute_anonymous_apex
14:44:25.47 (572310103)|EXECUTION_FINISHED
