66.0 APEX_CODE,DEBUG;APEX_PROFILING,INFO
Execute Anonymous: // 1. Setup de Dados (IDs da sua Org)
Execute Anonymous: Id idProd = [SELECT Id FROM Product2 WHERE Name = 'Colheitadeira S700' LIMIT 1].Id;
Execute Anonymous: Id idHiera = [SELECT Id, ProductHierarchy__c FROM Product2 WHERE Name = 'Colheitadeira S700' LIMIT 1].ProductHierarchy__c;
Execute Anonymous: Id idCid = [SELECT Id FROM City__c WHERE Name = 'São Bernardo Do Campo' LIMIT 1].Id;
Execute Anonymous: Id idEst = [SELECT Id FROM State__c WHERE Name = 'São Paulo' LIMIT 1].Id;
Execute Anonymous: Id idPais = [SELECT Id FROM Country__c WHERE Name = 'Brasil' LIMIT 1].Id;
Execute Anonymous: Id idCD = [SELECT Id FROM DistributionCenter__c LIMIT 1].Id;
Execute Anonymous: 
Execute Anonymous: // Limpeza para o teste ser puro
Execute Anonymous: delete [SELECT Id FROM Freight__c WHERE (Product__c = :idProd OR ProductHierarchy__c = :idHiera) AND Status__c = 'Approved'];
Execute Anonymous: 
Execute Anonymous: List<Freight__c> fretesEscada = new List<Freight__c>();
Execute Anonymous: 
Execute Anonymous: // Nível 1: Produto + Cidade (O CAMPEÃO)
Execute Anonymous: fretesEscada.add(new Freight__c(Product__c=idProd, City__c=idCid, DistributionCenter__c=idCD, FreightValue__c=100, Status__c='Approved'));
Execute Anonymous: // Nível 2: Produto + Estado
Execute Anonymous: fretesEscada.add(new Freight__c(Product__c=idProd, State__c=idEst, DistributionCenter__c=idCD, FreightValue__c=200, Status__c='Approved'));
Execute Anonymous: // Nível 3: Produto + País
Execute Anonymous: fretesEscada.add(new Freight__c(Product__c=idProd, Country__c=idPais, DistributionCenter__c=idCD, FreightValue__c=300, Status__c='Approved'));
Execute Anonymous: // Nível 4: Hierarquia + Cidade
Execute Anonymous: fretesEscada.add(new Freight__c(ProductHierarchy__c=idHiera, City__c=idCid, DistributionCenter__c=idCD, FreightValue__c=400, Status__c='Approved'));
Execute Anonymous: // Nível 5: Hierarquia + Estado
Execute Anonymous: fretesEscada.add(new Freight__c(ProductHierarchy__c=idHiera, State__c=idEst, DistributionCenter__c=idCD, FreightValue__c=500, Status__c='Approved'));
Execute Anonymous: // Nível 6: Hierarquia + País (O MAIS GERAL)
Execute Anonymous: fretesEscada.add(new Freight__c(ProductHierarchy__c=idHiera, Country__c=idPais, DistributionCenter__c=idCD, FreightValue__c=600, Status__c='Approved'));
Execute Anonymous: 
Execute Anonymous: insert fretesEscada;
Execute Anonymous: 
Execute Anonymous: System.debug('🧪 --- TESTE DOS 6 NÍVEIS --- 🧪');
Execute Anonymous: System.debug('O resultado esperado é R$ 100,00 (Nível 1 - Mais específico)');
Execute Anonymous: 
Execute Anonymous: // Simulação da busca (Igual à sua Trigger)
Execute Anonymous: // Aqui você valida se o seu map e seus IFs estão pegando o freteEscada[0]
Execute Anonymous: // Rode e verifique o valor atribuído ao item no final.
14:29:57.140 (140229707)|USER_INFO|[EXTERNAL]|005g80000010N45|sabrina.jesus@resourceful-moose-fmmd11.com|(GMT-03:00) Brasilia Standard Time (America/Sao_Paulo)|GMT-03:00
14:29:57.140 (140260303)|EXECUTION_STARTED
14:29:57.140 (140282950)|CODE_UNIT_STARTED|[EXTERNAL]|execute_anonymous_apex
14:29:57.140 (395841094)|CODE_UNIT_STARTED|[EXTERNAL]|Flow:01Ig8000000duwn
14:29:57.140 (395871193)|CODE_UNIT_FINISHED|Flow:01Ig8000000duwn
14:29:57.140 (1010915474)|CODE_UNIT_STARTED|[EXTERNAL]|Flow:01Ig8000000duwn
14:29:57.140 (1127608867)|CODE_UNIT_FINISHED|Flow:01Ig8000000duwn
14:29:58.145 (1145060988)|CODE_UNIT_STARTED|[EXTERNAL]|Validation:Freight:new
14:29:58.145 (1145164895)|CODE_UNIT_FINISHED|Validation:Freight:new
14:29:58.145 (1145175270)|CODE_UNIT_STARTED|[EXTERNAL]|Validation:Freight:new
14:29:58.145 (1145198460)|CODE_UNIT_FINISHED|Validation:Freight:new
14:29:58.145 (1145202549)|CODE_UNIT_STARTED|[EXTERNAL]|Validation:Freight:new
14:29:58.145 (1145219610)|CODE_UNIT_FINISHED|Validation:Freight:new
14:29:58.145 (1145223763)|CODE_UNIT_STARTED|[EXTERNAL]|Validation:Freight:new
14:29:58.145 (1145239580)|CODE_UNIT_FINISHED|Validation:Freight:new
14:29:58.145 (1145243365)|CODE_UNIT_STARTED|[EXTERNAL]|Validation:Freight:new
14:29:58.145 (1145257305)|CODE_UNIT_FINISHED|Validation:Freight:new
14:29:58.145 (1145260868)|CODE_UNIT_STARTED|[EXTERNAL]|Validation:Freight:new
14:29:58.145 (1145276854)|CODE_UNIT_FINISHED|Validation:Freight:new
14:29:58.145 (1177883951)|CODE_UNIT_STARTED|[EXTERNAL]|Flow:01Ig8000000duwn
14:29:58.145 (1177913577)|CODE_UNIT_FINISHED|Flow:01Ig8000000duwn
14:29:58.145 (1177954209)|CODE_UNIT_STARTED|[EXTERNAL]|Flow:01Ig8000000duwn
14:29:58.145 (1177959394)|CODE_UNIT_FINISHED|Flow:01Ig8000000duwn
14:29:58.145 (1181071603)|EXCEPTION_THROWN|[27]|System.DmlException: Insert failed. First exception on row 0; first error: FIELD_CUSTOM_VALIDATION_EXCEPTION, Erro de Cadastro: Todo frete precisa ter um Centro de Distribuição (Origem) e um Estado (Destino) definidos.: []
14:29:58.145 (1182802989)|FATAL_ERROR|System.DmlException: Insert failed. First exception on row 0; first error: FIELD_CUSTOM_VALIDATION_EXCEPTION, Erro de Cadastro: Todo frete precisa ter um Centro de Distribuição (Origem) e um Estado (Destino) definidos.: []

AnonymousBlock: line 27, column 1
14:29:58.182 (1182831127)|CUMULATIVE_LIMIT_USAGE
14:29:58.182 (1182831127)|LIMIT_USAGE_FOR_NS|(default)|
  Number of SOQL queries: 7 out of 100
  Number of query rows: 7 out of 50000
  Number of SOSL queries: 0 out of 20
  Number of DML statements: 2 out of 150
  Number of Publish Immediate DML: 0 out of 150
  Number of DML rows: 7 out of 10000
  Maximum CPU time: 0 out of 10000
  Maximum heap size: 0 out of 6000000
  Number of callouts: 0 out of 100
  Number of Email Invocations: 0 out of 10
  Number of future calls: 0 out of 50
  Number of queueable jobs added to the queue: 0 out of 50
  Number of Mobile Apex push calls: 0 out of 10

14:29:58.182 (1182831127)|CUMULATIVE_LIMIT_USAGE_END

14:29:58.145 (1182898809)|CODE_UNIT_FINISHED|execute_anonymous_apex
14:29:58.145 (1182910091)|EXECUTION_FINISHED
